npm warn Unknown env config "python". This will stop working in the next major version of npm.

[1m[46m RUN [49m[22m [36mv4.0.3 [39m[90m/home/engine/project[39m

 [32m✓[39m src/lib/__tests__/TributeService.test.ts[2m > [22mTributeService[2m > [22mDraft Creation[2m > [22mshould create a valid draft with required fields[32m 10[2mms[22m[39m
 [32m✓[39m src/lib/__tests__/TributeService.test.ts[2m > [22mTributeService[2m > [22mDraft Creation[2m > [22mshould reject draft with empty honoree name[32m 0[2mms[22m[39m
 [32m✓[39m src/lib/__tests__/TributeService.test.ts[2m > [22mTributeService[2m > [22mDraft Creation[2m > [22mshould reject draft with short message[32m 0[2mms[22m[39m
 [32m✓[39m src/lib/__tests__/TributeService.test.ts[2m > [22mTributeService[2m > [22mDraft Creation[2m > [22mshould reject draft with long message[32m 0[2mms[22m[39m
 [32m✓[39m src/lib/__tests__/TributeService.test.ts[2m > [22mTributeService[2m > [22mDraft Creation[2m > [22mshould reject draft with long honoree name[32m 0[2mms[22m[39m
 [32m✓[39m src/lib/__tests__/TributeService.test.ts[2m > [22mTributeService[2m > [22mDraft Creation[2m > [22mshould compute unique honoree hash[32m 1[2mms[22m[39m
 [32m✓[39m src/lib/__tests__/TributeService.test.ts[2m > [22mTributeService[2m > [22mEd25519 Signature Verification[2m > [22mshould verify valid Ed25519 signature[32m 137[2mms[22m[39m
 [32m✓[39m src/lib/__tests__/TributeService.test.ts[2m > [22mTributeService[2m > [22mEd25519 Signature Verification[2m > [22mshould reject invalid signature[32m 4[2mms[22m[39m
 [32m✓[39m src/lib/__tests__/TributeService.test.ts[2m > [22mTributeService[2m > [22mEd25519 Signature Verification[2m > [22mshould reject signature from wrong private key[32m 144[2mms[22m[39m
 [32m✓[39m src/lib/__tests__/TributeService.test.ts[2m > [22mTributeService[2m > [22mConsensus Threshold[2m > [22mshould require at least 3 cosigners for consensus[32m 64[2mms[22m[39m
 [32m✓[39m src/lib/__tests__/TributeService.test.ts[2m > [22mTributeService[2m > [22mConsensus Threshold[2m > [22mshould not allow duplicate peer signatures[32m 8[2mms[22m[39m
 [32m✓[39m src/lib/__tests__/TributeService.test.ts[2m > [22mTributeService[2m > [22mConsensus Threshold[2m > [22mshould only finalize draft after consensus[32m 26[2mms[22m[39m
 [32m✓[39m src/lib/__tests__/TributeService.test.ts[2m > [22mTributeService[2m > [22mRate Limiting[2m > [22mshould allow first draft for honoree[32m 0[2mms[22m[39m
 [32m✓[39m src/lib/__tests__/TributeService.test.ts[2m > [22mTributeService[2m > [22mRate Limiting[2m > [22mshould block second active draft for same honoree[32m 1[2mms[22m[39m
 [32m✓[39m src/lib/__tests__/TributeService.test.ts[2m > [22mTributeService[2m > [22mRate Limiting[2m > [22mshould allow new draft after archiving previous one[32m 1[2mms[22m[39m
 [32m✓[39m src/lib/__tests__/TributeService.test.ts[2m > [22mTributeService[2m > [22mDuplicate Detection[2m > [22mshould detect case-insensitive duplicates[32m 1[2mms[22m[39m
 [32m✓[39m src/lib/__tests__/TributeService.test.ts[2m > [22mTributeService[2m > [22mDuplicate Detection[2m > [22mshould allow different creators to honor same person[32m 0[2mms[22m[39m
 [32m✓[39m src/lib/__tests__/TributeService.test.ts[2m > [22mTributeService[2m > [22mDuplicate Detection[2m > [22mshould not detect duplicates after archiving[32m 0[2mms[22m[39m
 [32m✓[39m src/lib/__tests__/TributeService.test.ts[2m > [22mTributeService[2m > [22mTimestamp Storage and Expiry[2m > [22mshould store creation and expiry timestamps[32m 1[2mms[22m[39m
 [32m✓[39m src/lib/__tests__/TributeService.test.ts[2m > [22mTributeService[2m > [22mTimestamp Storage and Expiry[2m > [22mshould store cosigner timestamps[32m 5[2mms[22m[39m
 [32m✓[39m src/lib/__tests__/TributeService.test.ts[2m > [22mTributeService[2m > [22mTimestamp Storage and Expiry[2m > [22mshould allow custom expiry scheduling[32m 0[2mms[22m[39m
 [32m✓[39m src/lib/__tests__/TributeService.test.ts[2m > [22mTributeService[2m > [22mTimestamp Storage and Expiry[2m > [22mshould clean up expired drafts[32m 1[2mms[22m[39m
 [32m✓[39m src/lib/__tests__/TributeService.test.ts[2m > [22mTributeService[2m > [22mModerator Actions[2m > [22mshould publish draft after approval[32m 15[2mms[22m[39m
 [32m✓[39m src/lib/__tests__/TributeService.test.ts[2m > [22mTributeService[2m > [22mModerator Actions[2m > [22mshould reject draft with reason[32m 29[2mms[22m[39m
 [32m✓[39m src/lib/__tests__/TributeService.test.ts[2m > [22mTributeService[2m > [22mAudit Trail[2m > [22mshould record all actions in audit trail[32m 6[2mms[22m[39m
 [32m✓[39m src/lib/__tests__/TributeService.test.ts[2m > [22mEnhanced Features (Phase 13 PR #192)[2m > [22mSession-Based Rate Limiting[2m > [22mshould create and manage sessions[32m 0[2mms[22m[39m
 [32m✓[39m src/lib/__tests__/TributeService.test.ts[2m > [22mEnhanced Features (Phase 13 PR #192)[2m > [22mSession-Based Rate Limiting[2m > [22mshould enforce session-based rate limits[32m 1[2mms[22m[39m
 [32m✓[39m src/lib/__tests__/TributeService.test.ts[2m > [22mEnhanced Features (Phase 13 PR #192)[2m > [22mSession-Based Rate Limiting[2m > [22mshould enforce session attempt limits[32m 1[2mms[22m[39m
 [32m✓[39m src/lib/__tests__/TributeService.test.ts[2m > [22mEnhanced Features (Phase 13 PR #192)[2m > [22mDraft Editing with Signature Invalidation[2m > [22mshould allow editing draft content[32m 1[2mms[22m[39m
 [32m✓[39m src/lib/__tests__/TributeService.test.ts[2m > [22mEnhanced Features (Phase 13 PR #192)[2m > [22mDraft Editing with Signature Invalidation[2m > [22mshould invalidate cosigners when content changes[32m 10[2mms[22m[39m
 [32m✓[39m src/lib/__tests__/TributeService.test.ts[2m > [22mEnhanced Features (Phase 13 PR #192)[2m > [22mDraft Editing with Signature Invalidation[2m > [22mshould update honoree hash when honoree name changes[32m 1[2mms[22m[39m
 [32m✓[39m src/lib/__tests__/TributeService.test.ts[2m > [22mEnhanced Features (Phase 13 PR #192)[2m > [22mDraft Editing with Signature Invalidation[2m > [22mshould not invalidate signatures for non-content changes[32m 0[2mms[22m[39m
 [32m✓[39m src/lib/__tests__/TributeService.test.ts[2m > [22mEnhanced Features (Phase 13 PR #192)[2m > [22mEnhanced Cosigner Metadata[2m > [22mshould store enhanced cosigner metadata[32m 4[2mms[22m[39m
 [32m✓[39m src/lib/__tests__/TributeService.test.ts[2m > [22mEnhanced Features (Phase 13 PR #192)[2m > [22mModerator Queue APIs[2m > [22mshould get drafts by status array[32m 18[2mms[22m[39m
 [32m✓[39m src/lib/__tests__/TributeService.test.ts[2m > [22mEnhanced Features (Phase 13 PR #192)[2m > [22mModerator Queue APIs[2m > [22mshould get pending review drafts[32m 27[2mms[22m[39m
 [32m✓[39m src/lib/__tests__/TributeService.test.ts[2m > [22mEnhanced Features (Phase 13 PR #192)[2m > [22mModerator Queue APIs[2m > [22mshould get drafts for specific moderator[32m 25[2mms[22m[39m
 [32m✓[39m src/lib/__tests__/TributeService.test.ts[2m > [22mEnhanced Features (Phase 13 PR #192)[2m > [22mModerator Queue APIs[2m > [22mshould get drafts by creator with options[32m 13[2mms[22m[39m
 [32m✓[39m src/lib/__tests__/TributeService.test.ts[2m > [22mEnhanced Features (Phase 13 PR #192)[2m > [22mModerator Queue APIs[2m > [22mshould get drafts by time range[32m 13[2mms[22m[39m
 [32m✓[39m src/lib/__tests__/TributeService.test.ts[2m > [22mEnhanced Features (Phase 13 PR #192)[2m > [22mModerator Queue APIs[2m > [22mshould get drafts by cosigner count[32m 14[2mms[22m[39m
 [32m✓[39m src/lib/__tests__/TributeService.test.ts[2m > [22mEnhanced Features (Phase 13 PR #192)[2m > [22mModerator Queue APIs[2m > [22mshould get draft statistics[32m 12[2mms[22m[39m
 [32m✓[39m src/lib/__tests__/TributeService.test.ts[2m > [22mEnhanced Features (Phase 13 PR #192)[2m > [22mModerator Queue APIs[2m > [22mshould search drafts by text[32m 15[2mms[22m[39m
 [31m×[39m src/lib/__tests__/communityRewards.test.ts[2m > [22mCommunity rewards - helpful comment thresholds[2m > [22mawards reward when comment reaches 5 helpful votes[33m 3516[2mms[22m[39m
[31m   → rewardEngine.onSubscription is not a function[39m
 [31m×[39m src/lib/__tests__/communityRewards.test.ts[2m > [22mCommunity rewards - helpful comment thresholds[2m > [22mdoes not re-award helpful comment reward after threshold reached[32m 124[2mms[22m[39m
[31m   → rewardEngine.onSubscription is not a function[39m
 [31m×[39m src/lib/__tests__/communityRewards.test.ts[2m > [22mCommunity rewards - helpful comment thresholds[2m > [22mtracks helpful votes before threshold without awarding[32m 174[2mms[22m[39m
[31m   → rewardEngine.onSubscription is not a function[39m
 [31m×[39m src/lib/__tests__/communityRewards.test.ts[2m > [22mCommunity rewards - crisis support[2m > [22mawards crisis response reward when commenting on crisis-flagged post[32m 82[2mms[22m[39m
[31m   → rewardEngine.onSubscription is not a function[39m
 [31m×[39m src/lib/__tests__/communityRewards.test.ts[2m > [22mCommunity rewards - crisis support[2m > [22mdoes not award crisis reward for non-crisis posts[32m 181[2mms[22m[39m
[31m   → rewardEngine.onSubscription is not a function[39m
 [31m×[39m src/lib/__tests__/communityRewards.test.ts[2m > [22mCommunity rewards - crisis support[2m > [22mdoes not re-award crisis response for same comment[32m 96[2mms[22m[39m
[31m   → rewardEngine.onSubscription is not a function[39m
 [31m×[39m src/lib/__tests__/communityRewards.test.ts[2m > [22mCommunity rewards - mentorship (verified advice)[2m > [22mawards verified advice reward when moderator marks comment[32m 135[2mms[22m[39m
[31m   → rewardEngine.onSubscription is not a function[39m
 [31m×[39m src/lib/__tests__/communityRewards.test.ts[2m > [22mCommunity rewards - mentorship (verified advice)[2m > [22mrequires moderator status to mark verified advice[32m 70[2mms[22m[39m
[31m   → rewardEngine.onSubscription is not a function[39m
 [31m×[39m src/lib/__tests__/communityRewards.test.ts[2m > [22mCommunity rewards - mentorship (verified advice)[2m > [22mdoes not re-award verified advice for same comment[32m 130[2mms[22m[39m
[31m   → rewardEngine.onSubscription is not a function[39m
 [31m×[39m src/lib/__tests__/communityRewards.test.ts[2m > [22mCommunity rewards - memorial tributes and candles[2m > [22mawards reward for creating memorial tribute[32m 79[2mms[22m[39m
[31m   → rewardEngine.onSubscription is not a function[39m
 [31m×[39m src/lib/__tests__/communityRewards.test.ts[2m > [22mCommunity rewards - memorial tributes and candles[2m > [22mawards reward for lighting candle on tribute[32m 67[2mms[22m[39m
[31m   → rewardEngine.onSubscription is not a function[39m
 [31m×[39m src/lib/__tests__/communityRewards.test.ts[2m > [22mCommunity rewards - memorial tributes and candles[2m > [22mawards milestone reward when tribute reaches 50 candles[32m 53[2mms[22m[39m
[31m   → rewardEngine.onSubscription is not a function[39m
 [31m×[39m src/lib/__tests__/communityRewards.test.ts[2m > [22mCommunity rewards - memorial tributes and candles[2m > [22mdoes not re-award milestone after 50 candles already reached[32m 65[2mms[22m[39m
[31m   → rewardEngine.onSubscription is not a function[39m
 [31m×[39m src/lib/__tests__/communityRewards.test.ts[2m > [22mCommunity rewards - moderation actions and cooldowns[2m > [22mawards reward for volunteer moderator action[32m 69[2mms[22m[39m
[31m   → rewardEngine.onSubscription is not a function[39m
 [31m×[39m src/lib/__tests__/communityRewards.test.ts[2m > [22mCommunity rewards - moderation actions and cooldowns[2m > [22menforces 5-minute cooldown between moderator rewards[32m 117[2mms[22m[39m
[31m   → rewardEngine.onSubscription is not a function[39m
 [31m×[39m src/lib/__tests__/communityRewards.test.ts[2m > [22mCommunity rewards - moderation actions and cooldowns[2m > [22mallows moderator reward after cooldown expires[32m 56[2mms[22m[39m
[31m   → rewardEngine.onSubscription is not a function[39m
 [31m×[39m src/lib/__tests__/communityRewards.test.ts[2m > [22mCommunity rewards - moderation actions and cooldowns[2m > [22mrequires moderator status for moderation actions[32m 75[2mms[22m[39m
[31m   → rewardEngine.onSubscription is not a function[39m
 [31m×[39m src/lib/__tests__/communityRewards.test.ts[2m > [22mCommunity rewards - moderation actions and cooldowns[2m > [22mawards different moderator actions independently[32m 72[2mms[22m[39m
[31m   → rewardEngine.onSubscription is not a function[39m
 [31m×[39m src/lib/__tests__/communityRewards.test.ts[2m > [22mCommunity rewards - referral bonuses[2m > [22mawards referral join reward when friend joins[32m 61[2mms[22m[39m
[31m   → rewardEngine.onSubscription is not a function[39m
 [31m×[39m src/lib/__tests__/communityRewards.test.ts[2m > [22mCommunity rewards - referral bonuses[2m > [22mawards first post reward when referred friend posts[32m 79[2mms[22m[39m
[31m   → rewardEngine.onSubscription is not a function[39m
 [31m×[39m src/lib/__tests__/communityRewards.test.ts[2m > [22mCommunity rewards - referral bonuses[2m > [22mdoes not re-award first post bonus for same friend[32m 55[2mms[22m[39m
[31m   → rewardEngine.onSubscription is not a function[39m
 [31m×[39m src/lib/__tests__/communityRewards.test.ts[2m > [22mCommunity rewards - referral bonuses[2m > [22mprevents duplicate friend joins with same name and code[32m 101[2mms[22m[39m
[31m   → rewardEngine.onSubscription is not a function[39m
 [31m×[39m src/lib/__tests__/communityRewards.test.ts[2m > [22mCommunity rewards - referral bonuses[2m > [22mtracks referral progression from join to first post[32m 65[2mms[22m[39m
[31m   → rewardEngine.onSubscription is not a function[39m
[90mstdout[2m | src/lib/__tests__/postingPrivacy.integration.test.ts
[22m[39mMigrating wallet data from v1...
Migration complete: { balance: [33m0[39m, pending: [33m0[39m, totalEarned: [33m0[39m, transactionCount: [33m0[39m }

 [32m✓[39m src/lib/__tests__/mentorshipMatching.test.ts[2m > [22mMentorship Matching[2m > [22mnormalizeWeights[2m > [22mshould return default weights if total is zero[32m 2[2mms[22m[39m
 [32m✓[39m src/lib/__tests__/mentorshipMatching.test.ts[2m > [22mMentorship Matching[2m > [22mnormalizeWeights[2m > [22mshould normalize weights to sum to 1[32m 0[2mms[22m[39m
 [32m✓[39m src/lib/__tests__/mentorshipMatching.test.ts[2m > [22mMentorship Matching[2m > [22mnormalizeWeights[2m > [22mshould handle uneven weights[32m 0[2mms[22m[39m
 [32m✓[39m src/lib/__tests__/mentorshipMatching.test.ts[2m > [22mMentorship Matching[2m > [22mfindBestMentorMatch - Topic Overlap Scoring[2m > [22mshould prefer mentor with more topic overlap[32m 2[2mms[22m[39m
 [32m✓[39m src/lib/__tests__/mentorshipMatching.test.ts[2m > [22mMentorship Matching[2m > [22mfindBestMentorMatch - Topic Overlap Scoring[2m > [22mshould score perfect topic match at 100 when weights are topic-only[32m 0[2mms[22m[39m
 [32m✓[39m src/lib/__tests__/mentorshipMatching.test.ts[2m > [22mMentorship Matching[2m > [22mfindBestMentorMatch - Topic Overlap Scoring[2m > [22mshould note limited topic overlap as a consideration[32m 0[2mms[22m[39m
 [32m✓[39m src/lib/__tests__/mentorshipMatching.test.ts[2m > [22mMentorship Matching[2m > [22mfindBestMentorMatch - College Similarity[2m > [22mshould prefer same college when topics are equal[32m 0[2mms[22m[39m
 [32m✓[39m src/lib/__tests__/mentorshipMatching.test.ts[2m > [22mMentorship Matching[2m > [22mfindBestMentorMatch - College Similarity[2m > [22mshould be case insensitive for college matching[32m 0[2mms[22m[39m
 [32m✓[39m src/lib/__tests__/mentorshipMatching.test.ts[2m > [22mMentorship Matching[2m > [22mfindBestMentorMatch - Availability Overlap[2m > [22mshould prefer mentor with better schedule compatibility[32m 0[2mms[22m[39m
 [32m✓[39m src/lib/__tests__/mentorshipMatching.test.ts[2m > [22mMentorship Matching[2m > [22mfindBestMentorMatch - Availability Overlap[2m > [22mshould note scheduling challenges with low overlap[32m 0[2mms[22m[39m
 [32m✓[39m src/lib/__tests__/mentorshipMatching.test.ts[2m > [22mMentorship Matching[2m > [22mfindBestMentorMatch - Availability Overlap[2m > [22mshould handle empty mentee availability gracefully[32m 0[2mms[22m[39m
 [32m✓[39m src/lib/__tests__/mentorshipMatching.test.ts[2m > [22mMentorship Matching[2m > [22mfindBestMentorMatch - Reputation Scoring[2m > [22mshould prefer higher rated mentor when other factors are equal[32m 0[2mms[22m[39m
 [32m✓[39m src/lib/__tests__/mentorshipMatching.test.ts[2m > [22mMentorship Matching[2m > [22mfindBestMentorMatch - Reputation Scoring[2m > [22mshould identify highly experienced mentors[32m 0[2mms[22m[39m
 [32m✓[39m src/lib/__tests__/mentorshipMatching.test.ts[2m > [22mMentorship Matching[2m > [22mfindBestMentorMatch - Reputation Scoring[2m > [22mshould note developing mentor experience[32m 0[2mms[22m[39m
 [32m✓[39m src/lib/__tests__/mentorshipMatching.test.ts[2m > [22mMentorship Matching[2m > [22mfindBestMentorMatch - Tie-Breaking[2m > [22mshould break ties using karma[32m 0[2mms[22m[39m
 [32m✓[39m src/lib/__tests__/mentorshipMatching.test.ts[2m > [22mMentorship Matching[2m > [22mfindBestMentorMatch - Tie-Breaking[2m > [22mshould break ties using rating when karma is equal[32m 0[2mms[22m[39m
 [32m✓[39m src/lib/__tests__/mentorshipMatching.test.ts[2m > [22mMentorship Matching[2m > [22mfindBestMentorMatch - Tie-Breaking[2m > [22mshould break ties using last active timestamp[32m 0[2mms[22m[39m
 [32m✓[39m src/lib/__tests__/mentorshipMatching.test.ts[2m > [22mMentorship Matching[2m > [22mfindBestMentorMatch - Opt-Out and Capacity[2m > [22mshould exclude inactive mentors[32m 0[2mms[22m[39m
 [32m✓[39m src/lib/__tests__/mentorshipMatching.test.ts[2m > [22mMentorship Matching[2m > [22mfindBestMentorMatch - Opt-Out and Capacity[2m > [22mshould exclude mentors at capacity[32m 0[2mms[22m[39m
 [32m✓[39m src/lib/__tests__/mentorshipMatching.test.ts[2m > [22mMentorship Matching[2m > [22mfindBestMentorMatch - Opt-Out and Capacity[2m > [22mshould return null when no eligible mentors[32m 0[2mms[22m[39m
 [32m✓[39m src/lib/__tests__/mentorshipMatching.test.ts[2m > [22mMentorship Matching[2m > [22mfindBestMentorMatch - Opt-Out and Capacity[2m > [22mshould return null when all mentors at capacity[32m 0[2mms[22m[39m
 [32m✓[39m src/lib/__tests__/mentorshipMatching.test.ts[2m > [22mMentorship Matching[2m > [22mfindBestMentorMatch - Custom Weights[2m > [22mshould prioritize topics when weight is high[32m 0[2mms[22m[39m
 [32m✓[39m src/lib/__tests__/mentorshipMatching.test.ts[2m > [22mMentorship Matching[2m > [22mfindBestMentorMatch - Custom Weights[2m > [22mshould prioritize reputation when weight is high[32m 0[2mms[22m[39m
 [32m✓[39m src/lib/__tests__/mentorshipMatching.test.ts[2m > [22mMentorship Matching[2m > [22mbatchMatchMentees[2m > [22mshould prioritize high urgency mentees[32m 1[2mms[22m[39m
 [32m✓[39m src/lib/__tests__/mentorshipMatching.test.ts[2m > [22mMentorship Matching[2m > [22mbatchMatchMentees[2m > [22mshould respect mentor capacity during batch processing[32m 0[2mms[22m[39m
 [32m✓[39m src/lib/__tests__/mentorshipMatching.test.ts[2m > [22mMentorship Matching[2m > [22mbatchMatchMentees[2m > [22mshould distribute mentees across multiple mentors[32m 0[2mms[22m[39m
 [32m✓[39m src/lib/__tests__/mentorshipMatching.test.ts[2m > [22mMentorship Matching[2m > [22mshouldCleanupMatch[2m > [22mshould return false for non-active matches[32m 0[2mms[22m[39m
 [32m✓[39m src/lib/__tests__/mentorshipMatching.test.ts[2m > [22mMentorship Matching[2m > [22mshouldCleanupMatch[2m > [22mshould return true for active matches older than threshold[32m 0[2mms[22m[39m
 [32m✓[39m src/lib/__tests__/mentorshipMatching.test.ts[2m > [22mMentorship Matching[2m > [22mshouldCleanupMatch[2m > [22mshould return false for active matches within threshold[32m 0[2mms[22m[39m
 [32m✓[39m src/lib/__tests__/mentorshipMatching.test.ts[2m > [22mMentorship Matching[2m > [22mshouldCleanupMatch[2m > [22mshould use sessionStartedAt if lastInteractionAt is not set[32m 0[2mms[22m[39m
 [32m✓[39m src/lib/__tests__/mentorshipMatching.test.ts[2m > [22mMentorship Matching[2m > [22mshouldCleanupMatch[2m > [22mshould use matchedAt as fallback[32m 0[2mms[22m[39m
 [32m✓[39m src/lib/__tests__/mentorshipMatching.test.ts[2m > [22mMentorship Matching[2m > [22mMatch Explanation Transparency[2m > [22mshould provide detailed explanation with all components[32m 1[2mms[22m[39m
 [32m✓[39m src/lib/__tests__/mentorshipMatching.test.ts[2m > [22mMentorship Matching[2m > [22mMatch Explanation Transparency[2m > [22mshould list matched topics in explanation[32m 0[2mms[22m[39m
 [32m✓[39m src/lib/__tests__/mentorshipMatching.test.ts[2m > [22mMentorship Matching[2m > [22mEdge Cases[2m > [22mshould handle empty mentor list[32m 0[2mms[22m[39m
 [32m✓[39m src/lib/__tests__/mentorshipMatching.test.ts[2m > [22mMentorship Matching[2m > [22mEdge Cases[2m > [22mshould handle empty topic list for mentee[32m 0[2mms[22m[39m
 [32m✓[39m src/lib/__tests__/mentorshipMatching.test.ts[2m > [22mMentorship Matching[2m > [22mEdge Cases[2m > [22mshould handle zero karma mentor[32m 0[2mms[22m[39m
 [32m✓[39m src/lib/__tests__/mentorshipMatching.test.ts[2m > [22mMentorship Matching[2m > [22mEdge Cases[2m > [22mshould handle mentee with no availability preferences[32m 0[2mms[22m[39m
 [32m✓[39m src/lib/__tests__/mentorshipMatching.test.ts[2m > [22mMentorship Matching[2m > [22mEdge Cases[2m > [22mshould handle mentor at exactly capacity[32m 0[2mms[22m[39m
 [31m×[39m src/components/wallet/__tests__/TransactionHistory.test.tsx[2m > [22mTransactionHistory component[2m > [22mrenders transaction list with all transactions[33m 1128[2mms[22m[39m
[31m   → Unable to find an element with the text: Date Range. This could be because the text is broken up by multiple elements. In this case, you can provide a function for your text matcher to make your matcher more flexible.

Ignored nodes: comments, script, style
[36m<body>[31m
  [36m<div>[31m
    [36m<div[31m
      [33mclass[31m=[32m"space-y-4"[31m
    [36m>[31m
      [36m<div[31m
        [33mclass[31m=[32m"flex flex-wrap items-center justify-between gap-4"[31m
      [36m>[31m
        [36m<div[31m
          [33mclass[31m=[32m"flex items-center space-x-3"[31m
        [36m>[31m
          [36m<svg[31m
            [33maria-hidden[31m=[32m"true"[31m
            [33mclass[31m=[32m"lucide lucide-clock w-6 h-6 text-primary"[31m
            [33mfill[31m=[32m"none"[31m
            [33mheight[31m=[32m"24"[31m
            [33mstroke[31m=[32m"currentColor"[31m
            [33mstroke-linecap[31m=[32m"round"[31m
            [33mstroke-linejoin[31m=[32m"round"[31m
            [33mstroke-width[31m=[32m"2"[31m
            [33mviewBox[31m=[32m"0 0 24 24"[31m
            [33mwidth[31m=[32m"24"[31m
            [33mxmlns[31m=[32m"http://www.w3.org/2000/svg"[31m
          [36m>[31m
            [36m<path[31m
              [33md[31m=[32m"M12 6v6l4 2"[31m
            [36m/>[31m
            [36m<circle[31m
              [33mcx[31m=[32m"12"[31m
              [33mcy[31m=[32m"12"[31m
              [33mr[31m=[32m"10"[31m
            [36m/>[31m
          [36m</svg>[31m
          [36m<div>[31m
            [36m<h2[31m
              [33mclass[31m=[32m"text-xl font-bold text-white"[31m
            [36m>[31m
              [0mTransaction History[0m
            [36m</h2>[31m
            [36m<p[31m
              [33mclass[31m=[32m"text-sm text-gray-400"[31m
            [36m>[31m
              [0mShowing 5 of 5 transactions[0m
            [36m</p>[31m
          [36m</div>[31m
        [36m</div>[31m
        [36m<div[31m
          [33mclass[31m=[32m"flex items-center space-x-2"[31m
        [36m>[31m
          [36m<button[31m
            [33mclass[31m=[32m"flex items-center space-x-2 px-4 py-2 rounded-lg transition-colors bg-surface/50 text-gray-400 hover:bg-surface/70"[31m
          [36m>[31m
            [36m<svg[31m
              [33maria-hidden[31m=[32m"true"[31m
              [33mclass[31m=[32m"lucide lucide-funnel w-4 h-4"[31m
              [33mfill[31m=[32m"none"[31m
              [33mheight[31m=[32m"24"[31m
              [33mstroke[31m=[32m"currentColor"[31m
              [33mstroke-linecap[31m=[32m"round"[31m
              [33mstroke-linejoin[31m=[32m"round"[31m
              [33mstroke-width[31m=[32m"2"[31m
              [33mviewBox[31m=[32m"0 0 24 24"[31m
              [33mwidth[31m=[32m"24"[31m
              [33mxmlns[31m=[32m"http://www.w3.org/2000/svg"[31m
            [36m>[31m
              [36m<path[31m
                [33md[31m=[32m"M10 20a1 1 0 0 0 .553.895l2 1A1 1 0 0 0 14 21v-7a2 2 0 0 1 .517-1.341L21.74 4.67A1 1 0 0 0 21 3H3a1 1 0 0 0-.742 1.67l7.225 7.989A2 2 0 0 1 10 14z"[31m
              [36m/>[31m
            [36m</svg>[31m
            [36m<span>[31m
              [0mFilters[0m
            [36m</span>[31m
          [36m</button>[31m
          [36m<button[31m
            [33mclass[31m=[32m"flex items-center space-x-2 px-4 py-2 bg-gradient-to-r from-purple-600 to-blue-600 text-white rounded-lg font-semibold hover:from-purple-700 hover:to-blue-700 disabled:opacity-50 disabled:cursor-not-allowed transition-all"[31m
          [36m>[31m
            [36m<svg[31m
              [33maria-hidden[31m=[32m"true"[31m
              [33mclass[31m=[32m"lucide lucide-download w-4 h-4"[31m
              [33mfill[31m=[32m"none"[31m
              [33mheight[31m=[32m"24"[31m
              [33mstroke[31m=[32m"currentColor"[31m
              [33mstroke-linecap[31m=[32m"round"[31m
              [33mstroke-linejoin[31m=[32m"round"[31m
              [33mstroke-width[31m=[32m"2"[31m
              [33mviewBox[31m=[32m"0 0 24 24"[31m
              [33mwidth[31m=[32m"24"[31m
              [33mxmlns[31m=[32m"http://www.w3.org/2000/svg"[31m
            [36m>[31m
              [36m<path[31m
                [33md[31m=[32m"M12 15V3"[31m
              [36m/>[31m
              [36m<path[31m
                [33md[31m=[32m"M21 15v4a2 2 0 0 1-2 2H5a2 2 0 0 1-2-2v-4"[31m
              [36m/>[31m
              [36m<path[31m
                [33md[31m=[32m"m7 10 5 5 5-5"[31m
              [36m/>[31m
            [36m</svg>[31m
            [36m<span>[31m
              [0mExport CSV[0m
            [36m</span>[31m
          [36m</button>[31m
        [36m</div>[31m
      [36m</div>[31m
      [36m<div[31m
        [33mclass[31m=[32m"glass overflow-hidden max-h-[600px] overflow-y-auto"[31m
      [36m>[31m
        [36m<div[31m
          [33mclass[31m=[32m"overflow-x-auto"[31m
        [36m>[31m
          [36m<table[31m
            [33mclass[31m=[32m"w-full"[31m
          [36m>[31m
            [36m<thead[31m
              [33mclass[31m=[32m"bg-surface/50 sticky top-0 z-10"[31m
            [36m>[31m
              [36m<tr>[31m
                [36m<th[31m
                  [33mclass[31m=[32m"px-4 py-3 text-left text-xs font-medium text-gray-400 uppercase tracking-wider"[31m
                [36m>[31m
                  [0mDate[0m
                [36m</th>[31m
                [36m<th[31m
                  [33mclass[31m=[32m"px-4 py-3 text-left text-xs font-medium text-gray-400 uppercase tracking-wider"[31m
                [36m>[31m
                  [0mType[0m
                [36m</th>[31m
                [36m<th[31m
                  [33mclass[31m=[32m"px-4 py-3 text-left text-xs font-medium text-gray-400 uppercase tracking-wider"[31m
                [36m>[31m
                  [0mDescription[0m
                [36m</th>[31m
                [36m<th[31m
                  [33mclass[31m=[32m"px-4 py-3 text-right text-xs font-medium text-gray-400 uppercase tracking-wider"[31m
                [36m>[31m
                  [0mAmount[0m
                [36m</th>[31m
                [36m<th[31m
                  [33mclass[31m=[32m"px-4 py-3 text-right text-xs font-medium text-gray-400 uppercase tracking-wider"[31m
                [36m>[31m
                  [0mRunning Balance[0m
                [36m</th>[31m
                [36m<th[31m
                  [33mclass[31m=[32m"px-4 py-3 text-center text-xs font-medium text-gray-400 uppercase tracking-wider"[31m
                [36m>[31m
                  [0mInfo[0m
                [36m</th>[31m
              [36m</tr>[31m
            [36m</thead>[31m
            [36m<tbody[31m
              [33mclass[31m=[32m"divide-y divide-white/5"[31m
            [36m>[31m
              [36m<tr[31m
                [33mclass[31m=[32m"hover:bg-surface/30 transition-colors"[31m
                [33mstyle[31m=[32m"opacity: 0.6292811589737539;"[31m
            ...

Ignored nodes: comments, script, style
[36m<html>[31m
  [36m<head />[31m
  [36m<body>[31m
    [36m<div>[31m
      [36m<div[31m
        [33mclass[31m=[32m"space-y-4"[31m
      [36m>[31m
        [36m<div[31m
          [33mclass[31m=[32m"flex flex-wrap items-center justify-between gap-4"[31m
        [36m>[31m
          [36m<div[31m
            [33mclass[31m=[32m"flex items-center space-x-3"[31m
          [36m>[31m
            [36m<svg[31m
              [33maria-hidden[31m=[32m"true"[31m
              [33mclass[31m=[32m"lucide lucide-clock w-6 h-6 text-primary"[31m
              [33mfill[31m=[32m"none"[31m
              [33mheight[31m=[32m"24"[31m
              [33mstroke[31m=[32m"currentColor"[31m
              [33mstroke-linecap[31m=[32m"round"[31m
              [33mstroke-linejoin[31m=[32m"round"[31m
              [33mstroke-width[31m=[32m"2"[31m
              [33mviewBox[31m=[32m"0 0 24 24"[31m
              [33mwidth[31m=[32m"24"[31m
              [33mxmlns[31m=[32m"http://www.w3.org/2000/svg"[31m
            [36m>[31m
              [36m<path[31m
                [33md[31m=[32m"M12 6v6l4 2"[31m
              [36m/>[31m
              [36m<circle[31m
                [33mcx[31m=[32m"12"[31m
                [33mcy[31m=[32m"12"[31m
                [33mr[31m=[32m"10"[31m
              [36m/>[31m
            [36m</svg>[31m
            [36m<div>[31m
              [36m<h2[31m
                [33mclass[31m=[32m"text-xl font-bold text-white"[31m
              [36m>[31m
                [0mTransaction History[0m
              [36m</h2>[31m
              [36m<p[31m
                [33mclass[31m=[32m"text-sm text-gray-400"[31m
              [36m>[31m
                [0mShowing 5 of 5 transactions[0m
              [36m</p>[31m
            [36m</div>[31m
          [36m</div>[31m
          [36m<div[31m
            [33mclass[31m=[32m"flex items-center space-x-2"[31m
          [36m>[31m
            [36m<button[31m
              [33mclass[31m=[32m"flex items-center space-x-2 px-4 py-2 rounded-lg transition-colors bg-surface/50 text-gray-400 hover:bg-surface/70"[31m
            [36m>[31m
              [36m<svg[31m
                [33maria-hidden[31m=[32m"true"[31m
                [33mclass[31m=[32m"lucide lucide-funnel w-4 h-4"[31m
                [33mfill[31m=[32m"none"[31m
                [33mheight[31m=[32m"24"[31m
                [33mstroke[31m=[32m"currentColor"[31m
                [33mstroke-linecap[31m=[32m"round"[31m
                [33mstroke-linejoin[31m=[32m"round"[31m
                [33mstroke-width[31m=[32m"2"[31m
                [33mviewBox[31m=[32m"0 0 24 24"[31m
                [33mwidth[31m=[32m"24"[31m
                [33mxmlns[31m=[32m"http://www.w3.org/2000/svg"[31m
              [36m>[31m
                [36m<path[31m
                  [33md[31m=[32m"M10 20a1 1 0 0 0 .553.895l2 1A1 1 0 0 0 14 21v-7a2 2 0 0 1 .517-1.341L21.74 4.67A1 1 0 0 0 21 3H3a1 1 0 0 0-.742 1.67l7.225 7.989A2 2 0 0 1 10 14z"[31m
                [36m/>[31m
              [36m</svg>[31m
              [36m<span>[31m
                [0mFilters[0m
              [36m</span>[31m
            [36m</button>[31m
            [36m<button[31m
              [33mclass[31m=[32m"flex items-center space-x-2 px-4 py-2 bg-gradient-to-r from-purple-600 to-blue-600 text-white rounded-lg font-semibold hover:from-purple-700 hover:to-blue-700 disabled:opacity-50 disabled:cursor-not-allowed transition-all"[31m
            [36m>[31m
              [36m<svg[31m
                [33maria-hidden[31m=[32m"true"[31m
                [33mclass[31m=[32m"lucide lucide-download w-4 h-4"[31m
                [33mfill[31m=[32m"none"[31m
                [33mheight[31m=[32m"24"[31m
                [33mstroke[31m=[32m"currentColor"[31m
                [33mstroke-linecap[31m=[32m"round"[31m
                [33mstroke-linejoin[31m=[32m"round"[31m
                [33mstroke-width[31m=[32m"2"[31m
                [33mviewBox[31m=[32m"0 0 24 24"[31m
                [33mwidth[31m=[32m"24"[31m
                [33mxmlns[31m=[32m"http://www.w3.org/2000/svg"[31m
              [36m>[31m
                [36m<path[31m
                  [33md[31m=[32m"M12 15V3"[31m
                [36m/>[31m
                [36m<path[31m
                  [33md[31m=[32m"M21 15v4a2 2 0 0 1-2 2H5a2 2 0 0 1-2-2v-4"[31m
                [36m/>[31m
                [36m<path[31m
                  [33md[31m=[32m"m7 10 5 5 5-5"[31m
                [36m/>[31m
              [36m</svg>[31m
              [36m<span>[31m
                [0mExport CSV[0m
              [36m</span>[31m
            [36m</button>[31m
          [36m</div>[31m
        [36m</div>[31m
        [36m<div[31m
          [33mclass[31m=[32m"glass overflow-hidden max-h-[600px] overflow-y-auto"[31m
        [36m>[31m
          [36m<div[31m
            [33mclass[31m=[32m"overflow-x-auto"[31m
          [36m>[31m
            [36m<table[31m
              [33mclass[31m=[32m"w-full"[31m
            [36m>[31m
              [36m<thead[31m
                [33mclass[31m=[32m"bg-surface/50 sticky top-0 z-10"[31m
              [36m>[31m
                [36m<tr>[31m
                  [36m<th[31m
                    [33mclass[31m=[32m"px-4 py-3 text-left text-xs font-medium text-gray-400 uppercase tracking-wider"[31m
                  [36m>[31m
                    [0mDate[0m
                  [36m</th>[31m
                  [36m<th[31m
                    [33mclass[31m=[32m"px-4 py-3 text-left text-xs font-medium text-gray-400 uppercase tracking-wider"[31m
                  [36m>[31m
                    [0mType[0m
                  [36m</th>[31m
                  [36m<th[31m
                    [33mclass[31m=[32m"px-4 py-3 text-left text-xs font-medium text-gray-400 uppercase tracking-wider"[31m
                  [36m>[31m
                    [0mDescription[0m
                  [36m</th>[31m
                  [36m<th[31m
                    [33mclass[31m=[32m"px-4 py-3 text-right text-xs font-medium text-gray-400 uppercase tracking-wider"[31m
                  [36m>[31m
                    [0mAmount[0m
                  [36m</th>[31m
                  [36m<th[31m
                    [33mclass[31m=[32m"px-4 py-3 text-right text-xs font-medium text-gray-400 uppercase tracking-wider"[31m
                  [36m>[31m
                    [0mRunning Balance[0m
                  [36m</th>[31m
                  [36m<th[31m
                    [33mclass[31m=[32m"px-4 py-3 text-center text-xs font-medium text-gray-400 uppercase tracking-wider"[31m
                  [36m>[31m
                    [0mInfo[0m
                  [36m</th>[31m
                [36m</tr>[31m
         ...[39m
 [31m×[39m src/components/wallet/__tests__/TransactionHistory.test.tsx[2m > [22mTransactionHistory component[2m > [22mdisplays transaction types with correct colors[33m 419[2mms[22m[39m
[31m   → Found multiple elements with the role "button" and name `/Export CSV/i`

Here are the matching elements:

Ignored nodes: comments, script, style
[36m<button[31m
  [33mclass[31m=[32m"flex items-center space-x-2 px-4 py-2 bg-gradient-to-r from-purple-600 to-blue-600 text-white rounded-lg font-semibold hover:from-purple-700 hover:to-blue-700 disabled:opacity-50 disabled:cursor-not-allowed transition-all"[31m
[36m>[31m
  [36m<svg[31m
    [33maria-hidden[31m=[32m"true"[31m
    [33mclass[31m=[32m"lucide lucide-download w-4 h-4"[31m
    [33mfill[31m=[32m"none"[31m
    [33mheight[31m=[32m"24"[31m
    [33mstroke[31m=[32m"currentColor"[31m
    [33mstroke-linecap[31m=[32m"round"[31m
    [33mstroke-linejoin[31m=[32m"round"[31m
    [33mstroke-width[31m=[32m"2"[31m
    [33mviewBox[31m=[32m"0 0 24 24"[31m
    [33mwidth[31m=[32m"24"[31m
    [33mxmlns[31m=[32m"http://www.w3.org/2000/svg"[31m
  [36m>[31m
    [36m<path[31m
      [33md[31m=[32m"M12 15V3"[31m
    [36m/>[31m
    [36m<path[31m
      [33md[31m=[32m"M21 15v4a2 2 0 0 1-2 2H5a2 2 0 0 1-2-2v-4"[31m
    [36m/>[31m
    [36m<path[31m
      [33md[31m=[32m"m7 10 5 5 5-5"[31m
    [36m/>[31m
  [36m</svg>[31m
  [36m<span>[31m
    [0mExport CSV[0m
  [36m</span>[31m
[36m</button>[31m

Ignored nodes: comments, script, style
[36m<button[31m
  [33mclass[31m=[32m"flex items-center space-x-2 px-4 py-2 bg-gradient-to-r from-purple-600 to-blue-600 text-white rounded-lg font-semibold hover:from-purple-700 hover:to-blue-700 disabled:opacity-50 disabled:cursor-not-allowed transition-all"[31m
[36m>[31m
  [36m<svg[31m
    [33maria-hidden[31m=[32m"true"[31m
    [33mclass[31m=[32m"lucide lucide-download w-4 h-4"[31m
    [33mfill[31m=[32m"none"[31m
    [33mheight[31m=[32m"24"[31m
    [33mstroke[31m=[32m"currentColor"[31m
    [33mstroke-linecap[31m=[32m"round"[31m
    [33mstroke-linejoin[31m=[32m"round"[31m
    [33mstroke-width[31m=[32m"2"[31m
    [33mviewBox[31m=[32m"0 0 24 24"[31m
    [33mwidth[31m=[32m"24"[31m
    [33mxmlns[31m=[32m"http://www.w3.org/2000/svg"[31m
  [36m>[31m
    [36m<path[31m
      [33md[31m=[32m"M12 15V3"[31m
    [36m/>[31m
    [36m<path[31m
      [33md[31m=[32m"M21 15v4a2 2 0 0 1-2 2H5a2 2 0 0 1-2-2v-4"[31m
    [36m/>[31m
    [36m<path[31m
      [33md[31m=[32m"m7 10 5 5 5-5"[31m
    [36m/>[31m
  [36m</svg>[31m
  [36m<span>[31m
    [0mExport CSV[0m
  [36m</span>[31m
[36m</button>[31m

(If this is intentional, then use the `*AllBy*` variant of the query (like `queryAllByText`, `getAllByText`, or `findAllByText`)).

Ignored nodes: comments, script, style
[36m<body>[31m
  [36m<div>[31m
    [36m<div[31m
      [33mclass[31m=[32m"space-y-4"[31m
    [36m>[31m
      [36m<div[31m
        [33mclass[31m=[32m"flex flex-wrap items-center justify-between gap-4"[31m
      [36m>[31m
        [36m<div[31m
          [33mclass[31m=[32m"flex items-center space-x-3"[31m
        [36m>[31m
          [36m<svg[31m
            [33maria-hidden[31m=[32m"true"[31m
            [33mclass[31m=[32m"lucide lucide-clock w-6 h-6 text-primary"[31m
            [33mfill[31m=[32m"none"[31m
            [33mheight[31m=[32m"24"[31m
            [33mstroke[31m=[32m"currentColor"[31m
            [33mstroke-linecap[31m=[32m"round"[31m
            [33mstroke-linejoin[31m=[32m"round"[31m
            [33mstroke-width[31m=[32m"2"[31m
            [33mviewBox[31m=[32m"0 0 24 24"[31m
            [33mwidth[31m=[32m"24"[31m
            [33mxmlns[31m=[32m"http://www.w3.org/2000/svg"[31m
          [36m>[31m
            [36m<path[31m
              [33md[31m=[32m"M12 6v6l4 2"[31m
            [36m/>[31m
            [36m<circle[31m
              [33mcx[31m=[32m"12"[31m
              [33mcy[31m=[32m"12"[31m
              [33mr[31m=[32m"10"[31m
            [36m/>[31m
          [36m</svg>[31m
          [36m<div>[31m
            [36m<h2[31m
              [33mclass[31m=[32m"text-xl font-bold text-white"[31m
            [36m>[31m
              [0mTransaction History[0m
            [36m</h2>[31m
            [36m<p[31m
              [33mclass[31m=[32m"text-sm text-gray-400"[31m
            [36m>[31m
              [0mShowing 5 of 5 transactions[0m
            [36m</p>[31m
          [36m</div>[31m
        [36m</div>[31m
        [36m<div[31m
          [33mclass[31m=[32m"flex items-center space-x-2"[31m
        [36m>[31m
          [36m<button[31m
            [33mclass[31m=[32m"flex items-center space-x-2 px-4 py-2 rounded-lg transition-colors bg-surface/50 text-gray-400 hover:bg-surface/70"[31m
          [36m>[31m
            [36m<svg[31m
              [33maria-hidden[31m=[32m"true"[31m
              [33mclass[31m=[32m"lucide lucide-funnel w-4 h-4"[31m
              [33mfill[31m=[32m"none"[31m
              [33mheight[31m=[32m"24"[31m
              [33mstroke[31m=[32m"currentColor"[31m
              [33mstroke-linecap[31m=[32m"round"[31m
              [33mstroke-linejoin[31m=[32m"round"[31m
              [33mstroke-width[31m=[32m"2"[31m
              [33mviewBox[31m=[32m"0 0 24 24"[31m
              [33mwidth[31m=[32m"24"[31m
              [33mxmlns[31m=[32m"http://www.w3.org/2000/svg"[31m
            [36m>[31m
              [36m<path[31m
                [33md[31m=[32m"M10 20a1 1 0 0 0 .553.895l2 1A1 1 0 0 0 14 21v-7a2 2 0 0 1 .517-1.341L21.74 4.67A1 1 0 0 0 21 3H3a1 1 0 0 0-.742 1.67l7.225 7.989A2 2 0 0 1 10 14z"[31m
              [36m/>[31m
            [36m</svg>[31m
            [36m<span>[31m
              [0mFilters[0m
            [36m</span>[31m
          [36m</button>[31m
          [36m<button[31m
            [33mclass[31m=[32m"flex items-center space-x-2 px-4 py-2 bg-gradient-to-r from-purple-600 to-blue-600 text-white rounded-lg font-semibold hover:from-purple-700 hover:to-blue-700 disabled:opacity-50 disabled:cursor-not-allowed transition-all"[31m
          [36m>[31m
            [36m<svg[31m
              [33maria-hidden[31m=[32m"true"[31m
              [33mclass[31m=[32m"lucide lucide-download w-4 h-4"[31m
              [33mfill[31m=[32m"none"[31m
              [33mheight[31m=[32m"24"[31m
              [33mstroke[31m=[32m"currentColor"[31m
              [33mstroke-linecap[31m=[32m"round"[31m
              [33mstroke-linejoin[31m=[32m"round"[31m
              [33mstroke-width[31m=[32m"2"[31m
              [33mviewBox[31m=[32m"0 0 24 24"[31m
              [33mwidth[31m=[32m"24"[31m
              [33mxmlns[31m=[32m"http://www.w3.org/2000/svg"[31m
            [36m>[31m
              [36m<path[31m
                [33md[31m=[32m"M12 15V3"[31m
              [36m/>[31m
              [36m<path[31m
                [33md[31m=[32m"M21 15v4a2 2 0 0 1-2 2H5a2 2 0 0 1-2-2v-4"[31m
              [36m/>[31m
              [36m<path[31m
                [33md[31m=[32m"m7 10 5 5 5-5"[31m
              [36m/>[31m
            [36m</svg>[31m
            [36m<span>[31m
              [0mExport CSV[0m
            [36m</span>[31m
          [36m</button>[31m
        [36m</div>[31m
      [36m</div>[31m
      [36m<div[31m
        [33mclass[31m=[32m"glass overflow-hidden max-h-[600px] overflow-y-auto"[31m
      [36m>[31m
        [36m<div[31m
          [33mclass[31m=[32m"overflow-x-auto"[31m
        [36m>[31m
          [36m<table[31m
            [33mclass[31m=[32m"w-full"[31m
          [36m>[31m
            [36m<thead[31m
              [33mclass[31m=[32m"bg-surface/50 sticky top-0 z-10"[31m
            [36m>[31m
              [36m<tr>[31m
                [36m<th[31m
                  [33mclass[31m=[32m"px-4 py-3 text-left text-xs font-medium text-gray-400 uppercase tracking-wider"[31m
                [36m>[31m
                  [0mDate[0m
                [36m</th>[31m
                [36m<th[31m
                  [33mclass[31m=[32m"px-4 py-3 text-left text-xs font-medium text-gray-400 uppercase tracking-wider"[31m
                [36m>[31m
                  [0mType[0m
                [36m</th>[31m
                [36m<th[31m
                  [33mclass[31m=[32m"px-4 py-3 text-left text-xs font-medium text-gray-400 uppercase tracking-wider"[31m
                [36m>[31m
                  [0mDescription[0m
                [36m</th>[31m
                [36m<th[31m
                  [33mclass[31m=[32m"px-4 py-3 text-right text-xs font-medium text-gray-400 uppercase tracking-wider"[31m
                [36m>[31m
                  [0mAmount[0m
                [36m</th>[31m
                [36m<th[31m
                  [33mclass[31m=[32m"px-4 py-3 text-right text-xs font-medium text-gray-400 uppercase tracking-wider"[31m
                [36m>[31m
                  [0mRunning Balance[0m
                [36m</th>[31m
                [36m<th[31m
                  [33mclass[31m=[32m"px-4 py-3 text-center text-xs font-medium text-gray-400 uppercase tracking-wider"[31m
                [36m>[31m
                  [0mInfo[0m
                [36m</th>[31m
              [36m</tr>[31m
            [36m</thead>[31m
            [36m<tbody[31m
              [33mclass[31m=[32m"divide-y divide-white/5"[31m
            [36m>[31m
              [36m<tr[31m
                [33mclass[31m=[32m"hover:bg-surface/30 transition-colors"[31m
                [33mstyle[31m=[32m"opacity: 0;"[31m
              [36m>[31m
   ...[39m
 [32m✓[39m src/components/wallet/__tests__/TransactionHistory.test.tsx[2m > [22mTransactionHistory component[2m > [22mdisplays formatted running balances for each transaction[32m 31[2mms[22m[39m
 [32m✓[39m src/components/wallet/__tests__/TransactionHistory.test.tsx[2m > [22mTransactionHistory component[2m > [22mdisplays amounts with correct signs[32m 29[2mms[22m[39m
 [32m✓[39m src/components/wallet/__tests__/TransactionHistory.test.tsx[2m > [22mTransactionHistory component[2m > [22mPagination[2m > [22mrenders paginated transactions and supports navigation[33m 378[2mms[22m[39m
[90mstdout[2m | src/lib/__tests__/edgeCasesPersistence.test.ts[2m > [22m[2mEdge Cases & Persistence Layer Tests[2m > [22m[2mlocalStorage Migration Edge Cases[2m > [22m[2mhandles completely missing localStorage keys
[22m[39mMigrating wallet data from v1...
Migration complete: { balance: [33m0[39m, pending: [33m0[39m, totalEarned: [33m0[39m, transactionCount: [33m0[39m }

[90mstdout[2m | src/lib/__tests__/edgeCasesPersistence.test.ts[2m > [22m[2mEdge Cases & Persistence Layer Tests[2m > [22m[2mlocalStorage Migration Edge Cases[2m > [22m[2mhandles corrupted JSON in voice_wallet_snapshot
[22m[39mMigrating wallet data from v1...
Migration complete: { balance: [33m0[39m, pending: [33m0[39m, totalEarned: [33m0[39m, transactionCount: [33m0[39m }

[90mstderr[2m | src/lib/__tests__/edgeCasesPersistence.test.ts[2m > [22m[2mEdge Cases & Persistence Layer Tests[2m > [22m[2mlocalStorage Migration Edge Cases[2m > [22m[2mhandles corrupted JSON in voice_wallet_snapshot
[22m[39mFailed to parse wallet snapshot SyntaxError: Expected property name or '}' in JSON at position 2
    at JSON.parse (<anonymous>)
    at RewardEngine.loadOrMigrateSnapshot [90m(/home/engine/project/[39msrc/lib/tokens/RewardEngine.ts:191:29[90m)[39m
    at new RewardEngine [90m(/home/engine/project/[39msrc/lib/tokens/RewardEngine.ts:125:26[90m)[39m
    at [90m/home/engine/project/[39msrc/lib/__tests__/edgeCasesPersistence.test.ts:84:22
    at [90mfile:///home/engine/project/[39mnode_modules/[4m@vitest/runner[24m/dist/index.js:157:11
    at [90mfile:///home/engine/project/[39mnode_modules/[4m@vitest/runner[24m/dist/index.js:753:26
    at [90mfile:///home/engine/project/[39mnode_modules/[4m@vitest/runner[24m/dist/index.js:1636:20
    at new Promise (<anonymous>)
    at runWithTimeout [90m(file:///home/engine/project/[39mnode_modules/[4m@vitest/runner[24m/dist/index.js:1602:10[90m)[39m
    at runTest [90m(file:///home/engine/project/[39mnode_modules/[4m@vitest/runner[24m/dist/index.js:1309:12[90m)[39m

[90mstdout[2m | src/lib/__tests__/edgeCasesPersistence.test.ts[2m > [22m[2mEdge Cases & Persistence Layer Tests[2m > [22m[2mlocalStorage Migration Edge Cases[2m > [22m[2mhandles corrupted JSON in legacy voiceTransactions
[22m[39mMigrating wallet data from v1...
Migration complete: { balance: [33m0[39m, pending: [33m0[39m, totalEarned: [33m0[39m, transactionCount: [33m0[39m }

[90mstdout[2m | src/lib/__tests__/edgeCasesPersistence.test.ts[2m > [22m[2mEdge Cases & Persistence Layer Tests[2m > [22m[2mlocalStorage Migration Edge Cases[2m > [22m[2mhandles missing keys in migration
[22m[39mMigrating wallet data from v1...
Migration complete: { balance: [33m100[39m, pending: [33m0[39m, totalEarned: [33m100[39m, transactionCount: [33m0[39m }

[90mstdout[2m | src/lib/__tests__/edgeCasesPersistence.test.ts[2m > [22m[2mEdge Cases & Persistence Layer Tests[2m > [22m[2mlocalStorage Migration Edge Cases[2m > [22m[2mhandles invalid numeric values in legacy storage
[22m[39mMigrating wallet data from v1...
Migration complete: { balance: [33m0[39m, pending: [33m0[39m, totalEarned: [33m0[39m, transactionCount: [33m0[39m }

[90mstdout[2m | src/lib/__tests__/edgeCasesPersistence.test.ts[2m > [22m[2mEdge Cases & Persistence Layer Tests[2m > [22m[2mlocalStorage Migration Edge Cases[2m > [22m[2mhandles partial legacy data
[22m[39mMigrating wallet data from v1...
Migration complete: { balance: [33m50[39m, pending: [33m25[39m, totalEarned: [33m75[39m, transactionCount: [33m0[39m }

[90mstdout[2m | src/lib/__tests__/edgeCasesPersistence.test.ts[2m > [22m[2mEdge Cases & Persistence Layer Tests[2m > [22m[2mlocalStorage Migration Edge Cases[2m > [22m[2mhandles negative values in legacy storage
[22m[39mMigrating wallet data from v1...
Migration complete: { balance: [33m-100[39m, pending: [33m0[39m, totalEarned: [33m-100[39m, transactionCount: [33m0[39m }

[90mstdout[2m | src/lib/__tests__/edgeCasesPersistence.test.ts[2m > [22m[2mEdge Cases & Persistence Layer Tests[2m > [22m[2mlocalStorage Migration Edge Cases[2m > [22m[2mhandles very large numbers in legacy storage
[22m[39mMigrating wallet data from v1...
Migration complete: {
  balance: [33m999999999999[39m,
  pending: [33m0[39m,
  totalEarned: [33m999999999999[39m,
  transactionCount: [33m0[39m
}

[90mstdout[2m | src/lib/__tests__/edgeCasesPersistence.test.ts[2m > [22m[2mEdge Cases & Persistence Layer Tests[2m > [22m[2mlocalStorage Migration Edge Cases[2m > [22m[2mhandles NaN in legacy storage
[22m[39mMigrating wallet data from v1...
Migration complete: { balance: [33m0[39m, pending: [33m0[39m, totalEarned: [33m0[39m, transactionCount: [33m0[39m }

[90mstdout[2m | src/lib/__tests__/edgeCasesPersistence.test.ts[2m > [22m[2mEdge Cases & Persistence Layer Tests[2m > [22m[2mlocalStorage Migration Edge Cases[2m > [22m[2mhandles Infinity in legacy storage
[22m[39mMigrating wallet data from v1...
Migration complete: {
  balance: [33mInfinity[39m,
  pending: [33m0[39m,
  totalEarned: [33mInfinity[39m,
  transactionCount: [33m0[39m
}

[90mstdout[2m | src/lib/__tests__/edgeCasesPersistence.test.ts[2m > [22m[2mEdge Cases & Persistence Layer Tests[2m > [22m[2mlocalStorage Migration Edge Cases[2m > [22m[2mmigrates successfully when migration flag is missing
[22m[39mMigrating wallet data from v1...
Migration complete: { balance: [33m100[39m, pending: [33m50[39m, totalEarned: [33m150[39m, transactionCount: [33m0[39m }

[90mstdout[2m | src/lib/__tests__/edgeCasesPersistence.test.ts[2m > [22m[2mEdge Cases & Persistence Layer Tests[2m > [22m[2mlocalStorage Migration Edge Cases[2m > [22m[2mhandles corrupted earnings breakdown in migration
[22m[39mMigrating wallet data from v1...
Migration complete: { balance: [33m0[39m, pending: [33m0[39m, totalEarned: [33m0[39m, transactionCount: [33m0[39m }

[90mstdout[2m | src/lib/__tests__/edgeCasesPersistence.test.ts[2m > [22m[2mEdge Cases & Persistence Layer Tests[2m > [22m[2mlocalStorage Migration Edge Cases[2m > [22m[2mhandles missing transaction balance field in migration
[22m[39mMigrating wallet data from v1...
Migration complete: { balance: [33m100[39m, pending: [33m0[39m, totalEarned: [33m50[39m, transactionCount: [33m1[39m }

[90mstdout[2m | src/lib/__tests__/edgeCasesPersistence.test.ts[2m > [22m[2mEdge Cases & Persistence Layer Tests[2m > [22m[2mlocalStorage Migration Edge Cases[2m > [22m[2mhandles empty string in localStorage
[22m[39mMigrating wallet data from v1...
Migration complete: { balance: [33m0[39m, pending: [33m0[39m, totalEarned: [33m0[39m, transactionCount: [33m0[39m }

[90mstdout[2m | src/lib/__tests__/edgeCasesPersistence.test.ts[2m > [22m[2mEdge Cases & Persistence Layer Tests[2m > [22m[2mlocalStorage Migration Edge Cases[2m > [22m[2mhandles whitespace-only values in localStorage
[22m[39mMigrating wallet data from v1...
Migration complete: { balance: [33m0[39m, pending: [33m0[39m, totalEarned: [33m0[39m, transactionCount: [33m0[39m }

[90mstdout[2m | src/lib/__tests__/edgeCasesPersistence.test.ts[2m > [22m[2mEdge Cases & Persistence Layer Tests[2m > [22m[2mlocalStorage Migration Edge Cases[2m > [22m[2mhandles scientific notation in legacy storage
[22m[39mMigrating wallet data from v1...
Migration complete: {
  balance: [33m10000000000[39m,
  pending: [33m0[39m,
  totalEarned: [33m10000000000[39m,
  transactionCount: [33m0[39m
}

[90mstdout[2m | src/lib/__tests__/edgeCasesPersistence.test.ts[2m > [22m[2mEdge Cases & Persistence Layer Tests[2m > [22m[2mlocalStorage Migration Edge Cases[2m > [22m[2mhandles hexadecimal values in legacy storage
[22m[39mMigrating wallet data from v1...
Migration complete: { balance: [33m0[39m, pending: [33m0[39m, totalEarned: [33m0[39m, transactionCount: [33m0[39m }

[90mstdout[2m | src/lib/__tests__/edgeCasesPersistence.test.ts[2m > [22m[2mEdge Cases & Persistence Layer Tests[2m > [22m[2mConcurrent Token Operations & Race Conditions[2m > [22m[2mprevents concurrent award operations with rate limiting
[22m[39mMigrating wallet data from v1...
Migration complete: { balance: [33m0[39m, pending: [33m0[39m, totalEarned: [33m0[39m, transactionCount: [33m0[39m }

[90mstderr[2m | src/lib/__tests__/edgeCasesPersistence.test.ts[2m > [22m[2mEdge Cases & Persistence Layer Tests[2m > [22m[2mConcurrent Token Operations & Race Conditions[2m > [22m[2mprevents concurrent award operations with rate limiting
[22m[39mRate limit exceeded for token awards
Rate limit exceeded for token awards

[90mstdout[2m | src/lib/__tests__/edgeCasesPersistence.test.ts[2m > [22m[2mEdge Cases & Persistence Layer Tests[2m > [22m[2mConcurrent Token Operations & Race Conditions[2m > [22m[2menforces rate limiting between awards
[22m[39mMigrating wallet data from v1...
Migration complete: { balance: [33m0[39m, pending: [33m0[39m, totalEarned: [33m0[39m, transactionCount: [33m0[39m }

 [32m✓[39m src/lib/__tests__/edgeCasesPersistence.test.ts[2m > [22mEdge Cases & Persistence Layer Tests[2m > [22mlocalStorage Migration Edge Cases[2m > [22mhandles completely missing localStorage keys[32m 12[2mms[22m[39m
 [32m✓[39m src/lib/__tests__/edgeCasesPersistence.test.ts[2m > [22mEdge Cases & Persistence Layer Tests[2m > [22mlocalStorage Migration Edge Cases[2m > [22mhandles corrupted JSON in voice_wallet_snapshot[32m 39[2mms[22m[39m
 [32m✓[39m src/lib/__tests__/edgeCasesPersistence.test.ts[2m > [22mEdge Cases & Persistence Layer Tests[2m > [22mlocalStorage Migration Edge Cases[2m > [22mhandles corrupted JSON in legacy voiceTransactions[32m 1[2mms[22m[39m
 [32m✓[39m src/lib/__tests__/edgeCasesPersistence.test.ts[2m > [22mEdge Cases & Persistence Layer Tests[2m > [22mlocalStorage Migration Edge Cases[2m > [22mhandles missing keys in migration[32m 1[2mms[22m[39m
 [32m✓[39m src/lib/__tests__/edgeCasesPersistence.test.ts[2m > [22mEdge Cases & Persistence Layer Tests[2m > [22mlocalStorage Migration Edge Cases[2m > [22mhandles invalid numeric values in legacy storage[32m 1[2mms[22m[39m
 [32m✓[39m src/lib/__tests__/edgeCasesPersistence.test.ts[2m > [22mEdge Cases & Persistence Layer Tests[2m > [22mlocalStorage Migration Edge Cases[2m > [22mhandles partial legacy data[32m 1[2mms[22m[39m
 [32m✓[39m src/lib/__tests__/edgeCasesPersistence.test.ts[2m > [22mEdge Cases & Persistence Layer Tests[2m > [22mlocalStorage Migration Edge Cases[2m > [22mhandles negative values in legacy storage[32m 6[2mms[22m[39m
 [32m✓[39m src/lib/__tests__/edgeCasesPersistence.test.ts[2m > [22mEdge Cases & Persistence Layer Tests[2m > [22mlocalStorage Migration Edge Cases[2m > [22mhandles very large numbers in legacy storage[32m 1[2mms[22m[39m
 [32m✓[39m src/lib/__tests__/edgeCasesPersistence.test.ts[2m > [22mEdge Cases & Persistence Layer Tests[2m > [22mlocalStorage Migration Edge Cases[2m > [22mhandles NaN in legacy storage[32m 4[2mms[22m[39m
 [32m✓[39m src/lib/__tests__/edgeCasesPersistence.test.ts[2m > [22mEdge Cases & Persistence Layer Tests[2m > [22mlocalStorage Migration Edge Cases[2m > [22mhandles Infinity in legacy storage[32m 1[2mms[22m[39m
 [32m✓[39m src/lib/__tests__/edgeCasesPersistence.test.ts[2m > [22mEdge Cases & Persistence Layer Tests[2m > [22mlocalStorage Migration Edge Cases[2m > [22mhandles null values in snapshot[32m 1[2mms[22m[39m
 [32m✓[39m src/lib/__tests__/edgeCasesPersistence.test.ts[2m > [22mEdge Cases & Persistence Layer Tests[2m > [22mlocalStorage Migration Edge Cases[2m > [22mhandles undefined values in snapshot fields[32m 0[2mms[22m[39m
 [32m✓[39m src/lib/__tests__/edgeCasesPersistence.test.ts[2m > [22mEdge Cases & Persistence Layer Tests[2m > [22mlocalStorage Migration Edge Cases[2m > [22mmigrates successfully when migration flag is missing[32m 1[2mms[22m[39m
 [32m✓[39m src/lib/__tests__/edgeCasesPersistence.test.ts[2m > [22mEdge Cases & Persistence Layer Tests[2m > [22mlocalStorage Migration Edge Cases[2m > [22mdoes not migrate when migration flag is present[32m 0[2mms[22m[39m
 [32m✓[39m src/lib/__tests__/edgeCasesPersistence.test.ts[2m > [22mEdge Cases & Persistence Layer Tests[2m > [22mlocalStorage Migration Edge Cases[2m > [22mhandles corrupted earnings breakdown in migration[32m 1[2mms[22m[39m
 [32m✓[39m src/lib/__tests__/edgeCasesPersistence.test.ts[2m > [22mEdge Cases & Persistence Layer Tests[2m > [22mlocalStorage Migration Edge Cases[2m > [22mhandles missing transaction balance field in migration[32m 1[2mms[22m[39m
 [32m✓[39m src/lib/__tests__/edgeCasesPersistence.test.ts[2m > [22mEdge Cases & Persistence Layer Tests[2m > [22mlocalStorage Migration Edge Cases[2m > [22mhandles empty string in localStorage[32m 1[2mms[22m[39m
 [32m✓[39m src/lib/__tests__/edgeCasesPersistence.test.ts[2m > [22mEdge Cases & Persistence Layer Tests[2m > [22mlocalStorage Migration Edge Cases[2m > [22mhandles whitespace-only values in localStorage[32m 1[2mms[22m[39m
 [32m✓[39m src/lib/__tests__/edgeCasesPersistence.test.ts[2m > [22mEdge Cases & Persistence Layer Tests[2m > [22mlocalStorage Migration Edge Cases[2m > [22mhandles scientific notation in legacy storage[32m 0[2mms[22m[39m
 [32m✓[39m src/lib/__tests__/edgeCasesPersistence.test.ts[2m > [22mEdge Cases & Persistence Layer Tests[2m > [22mlocalStorage Migration Edge Cases[2m > [22mhandles hexadecimal values in legacy storage[32m 1[2mms[22m[39m
 [32m✓[39m src/lib/__tests__/edgeCasesPersistence.test.ts[2m > [22mEdge Cases & Persistence Layer Tests[2m > [22mlocalStorage Migration Edge Cases[2m > [22mhandles missing streak data in snapshot[32m 0[2mms[22m[39m
 [32m✓[39m src/lib/__tests__/edgeCasesPersistence.test.ts[2m > [22mEdge Cases & Persistence Layer Tests[2m > [22mlocalStorage Migration Edge Cases[2m > [22mhandles corrupted subscriptions data[32m 0[2mms[22m[39m
 [32m✓[39m src/lib/__tests__/edgeCasesPersistence.test.ts[2m > [22mEdge Cases & Persistence Layer Tests[2m > [22mConcurrent Token Operations & Race Conditions[2m > [22mprevents concurrent award operations with rate limiting[32m 6[2mms[22m[39m
[90mstderr[2m | src/lib/__tests__/edgeCasesPersistence.test.ts[2m > [22m[2mEdge Cases & Persistence Layer Tests[2m > [22m[2mConcurrent Token Operations & Race Conditions[2m > [22m[2menforces rate limiting between awards
[22m[39mRate limit exceeded for token awards

[90mstdout[2m | src/lib/__tests__/edgeCasesPersistence.test.ts[2m > [22m[2mEdge Cases & Persistence Layer Tests[2m > [22m[2mConcurrent Token Operations & Race Conditions[2m > [22m[2mallows awards after rate limit period
[22m[39mMigrating wallet data from v1...
Migration complete: { balance: [33m0[39m, pending: [33m0[39m, totalEarned: [33m0[39m, transactionCount: [33m0[39m }

 [32m✓[39m src/components/wallet/__tests__/TransactionHistory.test.tsx[2m > [22mTransactionHistory component[2m > [22mPagination[2m > [22mpaginates transactions with default page size[32m 162[2mms[22m[39m
[90mstdout[2m | src/lib/__tests__/edgeCasesPersistence.test.ts[2m > [22m[2mEdge Cases & Persistence Layer Tests[2m > [22m[2mConcurrent Token Operations & Race Conditions[2m > [22m[2mhandles concurrent award and spend operations
[22m[39mMigrating wallet data from v1...
Migration complete: { balance: [33m0[39m, pending: [33m0[39m, totalEarned: [33m0[39m, transactionCount: [33m0[39m }

 [32m✓[39m src/lib/__tests__/edgeCasesPersistence.test.ts[2m > [22mEdge Cases & Persistence Layer Tests[2m > [22mConcurrent Token Operations & Race Conditions[2m > [22menforces rate limiting between awards[32m 52[2mms[22m[39m
 [32m✓[39m src/lib/__tests__/edgeCasesPersistence.test.ts[2m > [22mEdge Cases & Persistence Layer Tests[2m > [22mConcurrent Token Operations & Race Conditions[2m > [22mallows awards after rate limit period[32m 61[2mms[22m[39m
[90mstdout[2m | src/lib/__tests__/edgeCasesPersistence.test.ts[2m > [22m[2mEdge Cases & Persistence Layer Tests[2m > [22m[2mConcurrent Token Operations & Race Conditions[2m > [22m[2mprevents spending more than available balance concurrently
[22m[39mMigrating wallet data from v1...
Migration complete: { balance: [33m0[39m, pending: [33m0[39m, totalEarned: [33m0[39m, transactionCount: [33m0[39m }

[90mstdout[2m | src/lib/__tests__/edgeCasesPersistence.test.ts[2m > [22m[2mEdge Cases & Persistence Layer Tests[2m > [22m[2mConcurrent Token Operations & Race Conditions[2m > [22m[2mhandles rapid sequential operations
[22m[39mMigrating wallet data from v1...
Migration complete: { balance: [33m0[39m, pending: [33m0[39m, totalEarned: [33m0[39m, transactionCount: [33m0[39m }

[90mstdout[2m | src/lib/__tests__/edgeCasesPersistence.test.ts[2m > [22m[2mEdge Cases & Persistence Layer Tests[2m > [22m[2mConcurrent Token Operations & Race Conditions[2m > [22m[2mmaintains transaction order despite concurrent operations
[22m[39mMigrating wallet data from v1...
Migration complete: { balance: [33m0[39m, pending: [33m0[39m, totalEarned: [33m0[39m, transactionCount: [33m0[39m }

[90mstdout[2m | src/lib/__tests__/edgeCasesPersistence.test.ts[2m > [22m[2mEdge Cases & Persistence Layer Tests[2m > [22m[2mBoundary Conditions[2m > [22m[2mhandles zero balance
[22m[39mMigrating wallet data from v1...
Migration complete: { balance: [33m0[39m, pending: [33m0[39m, totalEarned: [33m0[39m, transactionCount: [33m0[39m }

[90mstdout[2m | src/lib/__tests__/edgeCasesPersistence.test.ts[2m > [22m[2mEdge Cases & Persistence Layer Tests[2m > [22m[2mBoundary Conditions[2m > [22m[2mhandles zero amount award
[22m[39mMigrating wallet data from v1...
Migration complete: { balance: [33m0[39m, pending: [33m0[39m, totalEarned: [33m0[39m, transactionCount: [33m0[39m }

[90mstderr[2m | src/lib/__tests__/edgeCasesPersistence.test.ts[2m > [22m[2mEdge Cases & Persistence Layer Tests[2m > [22m[2mBoundary Conditions[2m > [22m[2mhandles zero amount award
[22m[39mAttempted to award non-positive amount: [33m0[39m

[90mstdout[2m | src/lib/__tests__/edgeCasesPersistence.test.ts[2m > [22m[2mEdge Cases & Persistence Layer Tests[2m > [22m[2mBoundary Conditions[2m > [22m[2mhandles zero amount spend
[22m[39mMigrating wallet data from v1...
Migration complete: { balance: [33m0[39m, pending: [33m0[39m, totalEarned: [33m0[39m, transactionCount: [33m0[39m }

[90mstderr[2m | src/lib/__tests__/edgeCasesPersistence.test.ts[2m > [22m[2mEdge Cases & Persistence Layer Tests[2m > [22m[2mBoundary Conditions[2m > [22m[2mhandles zero amount spend
[22m[39mAttempted to spend non-positive amount: [33m0[39m

[90mstdout[2m | src/lib/__tests__/edgeCasesPersistence.test.ts[2m > [22m[2mEdge Cases & Persistence Layer Tests[2m > [22m[2mBoundary Conditions[2m > [22m[2mrejects negative amount award
[22m[39mMigrating wallet data from v1...
Migration complete: { balance: [33m0[39m, pending: [33m0[39m, totalEarned: [33m0[39m, transactionCount: [33m0[39m }

[90mstderr[2m | src/lib/__tests__/edgeCasesPersistence.test.ts[2m > [22m[2mEdge Cases & Persistence Layer Tests[2m > [22m[2mBoundary Conditions[2m > [22m[2mrejects negative amount award
[22m[39mAttempted to award non-positive amount: [33m-10[39m

[90mstdout[2m | src/lib/__tests__/edgeCasesPersistence.test.ts[2m > [22m[2mEdge Cases & Persistence Layer Tests[2m > [22m[2mBoundary Conditions[2m > [22m[2mrejects negative amount spend
[22m[39mMigrating wallet data from v1...
Migration complete: { balance: [33m0[39m, pending: [33m0[39m, totalEarned: [33m0[39m, transactionCount: [33m0[39m }

[90mstderr[2m | src/lib/__tests__/edgeCasesPersistence.test.ts[2m > [22m[2mEdge Cases & Persistence Layer Tests[2m > [22m[2mBoundary Conditions[2m > [22m[2mrejects negative amount spend
[22m[39mAttempted to spend non-positive amount: [33m-10[39m

[90mstdout[2m | src/lib/__tests__/edgeCasesPersistence.test.ts[2m > [22m[2mEdge Cases & Persistence Layer Tests[2m > [22m[2mBoundary Conditions[2m > [22m[2mhandles maximum safe integer balance
[22m[39mMigrating wallet data from v1...
Migration complete: { balance: [33m0[39m, pending: [33m0[39m, totalEarned: [33m0[39m, transactionCount: [33m0[39m }

[90mstdout[2m | src/lib/__tests__/edgeCasesPersistence.test.ts[2m > [22m[2mEdge Cases & Persistence Layer Tests[2m > [22m[2mBoundary Conditions[2m > [22m[2mhandles very small decimal amounts
[22m[39mMigrating wallet data from v1...
Migration complete: { balance: [33m0[39m, pending: [33m0[39m, totalEarned: [33m0[39m, transactionCount: [33m0[39m }

[90mstdout[2m | src/lib/__tests__/edgeCasesPersistence.test.ts[2m > [22m[2mEdge Cases & Persistence Layer Tests[2m > [22m[2mBoundary Conditions[2m > [22m[2mhandles exactly zero after spending entire balance
[22m[39mMigrating wallet data from v1...
Migration complete: { balance: [33m0[39m, pending: [33m0[39m, totalEarned: [33m0[39m, transactionCount: [33m0[39m }

[90mstdout[2m | src/lib/__tests__/edgeCasesPersistence.test.ts[2m > [22m[2mEdge Cases & Persistence Layer Tests[2m > [22m[2mBoundary Conditions[2m > [22m[2mhandles spending exact available balance
[22m[39mMigrating wallet data from v1...
Migration complete: { balance: [33m0[39m, pending: [33m0[39m, totalEarned: [33m0[39m, transactionCount: [33m0[39m }

[90mstdout[2m | src/lib/__tests__/edgeCasesPersistence.test.ts[2m > [22m[2mEdge Cases & Persistence Layer Tests[2m > [22m[2mBoundary Conditions[2m > [22m[2mprevents spending one token more than balance
[22m[39mMigrating wallet data from v1...
Migration complete: { balance: [33m0[39m, pending: [33m0[39m, totalEarned: [33m0[39m, transactionCount: [33m0[39m }

[90mstdout[2m | src/lib/__tests__/edgeCasesPersistence.test.ts[2m > [22m[2mEdge Cases & Persistence Layer Tests[2m > [22m[2mBoundary Conditions[2m > [22m[2mtracks pending balance correctly
[22m[39mMigrating wallet data from v1...
Migration complete: { balance: [33m0[39m, pending: [33m0[39m, totalEarned: [33m0[39m, transactionCount: [33m0[39m }

[90mstdout[2m | src/lib/__tests__/edgeCasesPersistence.test.ts[2m > [22m[2mEdge Cases & Persistence Layer Tests[2m > [22m[2mBoundary Conditions[2m > [22m[2mhandles spending with pending balance
[22m[39mMigrating wallet data from v1...
Migration complete: { balance: [33m0[39m, pending: [33m0[39m, totalEarned: [33m0[39m, transactionCount: [33m0[39m }

[90mstdout[2m | src/lib/__tests__/edgeCasesPersistence.test.ts[2m > [22m[2mEdge Cases & Persistence Layer Tests[2m > [22m[2mBoundary Conditions[2m > [22m[2mhandles float precision in calculations
[22m[39mMigrating wallet data from v1...
Migration complete: { balance: [33m0[39m, pending: [33m0[39m, totalEarned: [33m0[39m, transactionCount: [33m0[39m }

[90mstdout[2m | src/lib/__tests__/edgeCasesPersistence.test.ts[2m > [22m[2mEdge Cases & Persistence Layer Tests[2m > [22m[2mIdempotency Tests[2m > [22m[2mgenerates unique transaction IDs
[22m[39mMigrating wallet data from v1...
Migration complete: { balance: [33m0[39m, pending: [33m0[39m, totalEarned: [33m0[39m, transactionCount: [33m0[39m }

[90mstdout[2m | src/lib/__tests__/edgeCasesPersistence.test.ts[2m > [22m[2mEdge Cases & Persistence Layer Tests[2m > [22m[2mIdempotency Tests[2m > [22m[2mpreserves transaction history across engine restarts
[22m[39mMigrating wallet data from v1...
Migration complete: { balance: [33m0[39m, pending: [33m0[39m, totalEarned: [33m0[39m, transactionCount: [33m0[39m }

[90mstdout[2m | src/lib/__tests__/edgeCasesPersistence.test.ts[2m > [22m[2mEdge Cases & Persistence Layer Tests[2m > [22m[2mIdempotency Tests[2m > [22m[2mdoes not duplicate transaction on persist failure and retry
[22m[39mMigrating wallet data from v1...
Migration complete: { balance: [33m0[39m, pending: [33m0[39m, totalEarned: [33m0[39m, transactionCount: [33m0[39m }

[90mstdout[2m | src/lib/__tests__/edgeCasesPersistence.test.ts[2m > [22m[2mEdge Cases & Persistence Layer Tests[2m > [22m[2mIdempotency Tests[2m > [22m[2mensures same reward reason can be given multiple times with different IDs
[22m[39mMigrating wallet data from v1...
Migration complete: { balance: [33m0[39m, pending: [33m0[39m, totalEarned: [33m0[39m, transactionCount: [33m0[39m }

[90mstdout[2m | src/lib/__tests__/edgeCasesPersistence.test.ts[2m > [22m[2mEdge Cases & Persistence Layer Tests[2m > [22m[2mIdempotency Tests[2m > [22m[2mmaintains consistent balance across multiple persist cycles
[22m[39mMigrating wallet data from v1...
Migration complete: { balance: [33m0[39m, pending: [33m0[39m, totalEarned: [33m0[39m, transactionCount: [33m0[39m }

[90mstdout[2m | src/lib/__tests__/edgeCasesPersistence.test.ts[2m > [22m[2mEdge Cases & Persistence Layer Tests[2m > [22m[2mPersistence Edge Cases[2m > [22m[2mhandles localStorage quota exceeded
[22m[39mMigrating wallet data from v1...
Migration complete: { balance: [33m0[39m, pending: [33m0[39m, totalEarned: [33m0[39m, transactionCount: [33m0[39m }

[90mstderr[2m | src/lib/__tests__/edgeCasesPersistence.test.ts[2m > [22m[2mEdge Cases & Persistence Layer Tests[2m > [22m[2mPersistence Edge Cases[2m > [22m[2mhandles localStorage quota exceeded
[22m[39mFailed to persist wallet snapshot Error: QuotaExceededError
    at Object.<anonymous> [90m(/home/engine/project/[39msrc/lib/__tests__/edgeCasesPersistence.test.ts:616:15[90m)[39m
    at Object.Mock [as setItem] [90m(file:///home/engine/project/[39mnode_modules/[4m@vitest/spy[24m/dist/index.js:274:34[90m)[39m
    at RewardEngine.persist [90m(/home/engine/project/[39msrc/lib/tokens/RewardEngine.ts:416:20[90m)[39m
    at RewardEngine.awardTokens [90m(/home/engine/project/[39msrc/lib/tokens/RewardEngine.ts:589:12[90m)[39m
    at [90m/home/engine/project/[39msrc/lib/__tests__/edgeCasesPersistence.test.ts:619:22
    at [90mfile:///home/engine/project/[39mnode_modules/[4m@vitest/runner[24m/dist/index.js:753:20

[90mstdout[2m | src/lib/__tests__/edgeCasesPersistence.test.ts[2m > [22m[2mEdge Cases & Persistence Layer Tests[2m > [22m[2mPersistence Edge Cases[2m > [22m[2mrecovers from corrupted persistence mid-operation
[22m[39mMigrating wallet data from v1...
Migration complete: { balance: [33m0[39m, pending: [33m0[39m, totalEarned: [33m0[39m, transactionCount: [33m0[39m }

[90mstderr[2m | src/lib/__tests__/edgeCasesPersistence.test.ts[2m > [22m[2mEdge Cases & Persistence Layer Tests[2m > [22m[2mPersistence Edge Cases[2m > [22m[2mrecovers from corrupted persistence mid-operation
[22m[39mFailed to parse wallet snapshot SyntaxError: Unexpected token 'c', "corrupted" is not valid JSON
    at JSON.parse (<anonymous>)
    at RewardEngine.loadOrMigrateSnapshot [90m(/home/engine/project/[39msrc/lib/tokens/RewardEngine.ts:191:29[90m)[39m
    at new RewardEngine [90m(/home/engine/project/[39msrc/lib/tokens/RewardEngine.ts:125:26[90m)[39m
    at [90m/home/engine/project/[39msrc/lib/__tests__/edgeCasesPersistence.test.ts:634:23
    at [90mfile:///home/engine/project/[39mnode_modules/[4m@vitest/runner[24m/dist/index.js:753:20

[90mstdout[2m | src/lib/__tests__/edgeCasesPersistence.test.ts[2m > [22m[2mEdge Cases & Persistence Layer Tests[2m > [22m[2mPersistence Edge Cases[2m > [22m[2mhandles transaction limit overflow
[22m[39mMigrating wallet data from v1...
Migration complete: { balance: [33m0[39m, pending: [33m0[39m, totalEarned: [33m0[39m, transactionCount: [33m0[39m }

[90mstdout[2m | src/lib/__tests__/edgeCasesPersistence.test.ts[2m > [22m[2mEdge Cases & Persistence Layer Tests[2m > [22m[2mPersistence Edge Cases[2m > [22m[2mpreserves earnings breakdown through persistence
[22m[39mMigrating wallet data from v1...
Migration complete: { balance: [33m0[39m, pending: [33m0[39m, totalEarned: [33m0[39m, transactionCount: [33m0[39m }

[90mstdout[2m | src/lib/__tests__/edgeCasesPersistence.test.ts[2m > [22m[2mEdge Cases & Persistence Layer Tests[2m > [22m[2mPersistence Edge Cases[2m > [22m[2mhandles localStorage being cleared mid-session
[22m[39mMigrating wallet data from v1...
Migration complete: { balance: [33m0[39m, pending: [33m0[39m, totalEarned: [33m0[39m, transactionCount: [33m0[39m }

[90mstdout[2m | src/lib/__tests__/edgeCasesPersistence.test.ts[2m > [22m[2mEdge Cases & Persistence Layer Tests[2m > [22m[2mPersistence Edge Cases[2m > [22m[2mhandles concurrent localStorage writes
[22m[39mMigrating wallet data from v1...
Migration complete: { balance: [33m0[39m, pending: [33m0[39m, totalEarned: [33m0[39m, transactionCount: [33m0[39m }

[90mstdout[2m | src/lib/__tests__/edgeCasesPersistence.test.ts[2m > [22m[2mEdge Cases & Persistence Layer Tests[2m > [22m[2mStreak Data Persistence[2m > [22m[2mpersists streak data correctly
[22m[39mMigrating wallet data from v1...
Migration complete: { balance: [33m0[39m, pending: [33m0[39m, totalEarned: [33m0[39m, transactionCount: [33m0[39m }

[90mstdout[2m | src/lib/__tests__/edgeCasesPersistence.test.ts[2m > [22m[2mEdge Cases & Persistence Layer Tests[2m > [22m[2mAchievement Persistence[2m > [22m[2mpersists achievements correctly
[22m[39mMigrating wallet data from v1...
Migration complete: { balance: [33m0[39m, pending: [33m0[39m, totalEarned: [33m0[39m, transactionCount: [33m0[39m }

 [32m✓[39m src/lib/__tests__/edgeCasesPersistence.test.ts[2m > [22mEdge Cases & Persistence Layer Tests[2m > [22mConcurrent Token Operations & Race Conditions[2m > [22mhandles concurrent award and spend operations[32m 12[2mms[22m[39m
 [32m✓[39m src/lib/__tests__/edgeCasesPersistence.test.ts[2m > [22mEdge Cases & Persistence Layer Tests[2m > [22mConcurrent Token Operations & Race Conditions[2m > [22mprevents spending more than available balance concurrently[32m 11[2mms[22m[39m
 [32m✓[39m src/lib/__tests__/edgeCasesPersistence.test.ts[2m > [22mEdge Cases & Persistence Layer Tests[2m > [22mConcurrent Token Operations & Race Conditions[2m > [22mhandles rapid sequential operations[32m 1[2mms[22m[39m
 [32m✓[39m src/lib/__tests__/edgeCasesPersistence.test.ts[2m > [22mEdge Cases & Persistence Layer Tests[2m > [22mConcurrent Token Operations & Race Conditions[2m > [22mmaintains transaction order despite concurrent operations[32m 11[2mms[22m[39m
 [32m✓[39m src/lib/__tests__/edgeCasesPersistence.test.ts[2m > [22mEdge Cases & Persistence Layer Tests[2m > [22mBoundary Conditions[2m > [22mhandles zero balance[32m 1[2mms[22m[39m
 [32m✓[39m src/lib/__tests__/edgeCasesPersistence.test.ts[2m > [22mEdge Cases & Persistence Layer Tests[2m > [22mBoundary Conditions[2m > [22mhandles zero amount award[32m 1[2mms[22m[39m
 [32m✓[39m src/lib/__tests__/edgeCasesPersistence.test.ts[2m > [22mEdge Cases & Persistence Layer Tests[2m > [22mBoundary Conditions[2m > [22mhandles zero amount spend[32m 2[2mms[22m[39m
 [32m✓[39m src/lib/__tests__/edgeCasesPersistence.test.ts[2m > [22mEdge Cases & Persistence Layer Tests[2m > [22mBoundary Conditions[2m > [22mrejects negative amount award[32m 1[2mms[22m[39m
 [32m✓[39m src/lib/__tests__/edgeCasesPersistence.test.ts[2m > [22mEdge Cases & Persistence Layer Tests[2m > [22mBoundary Conditions[2m > [22mrejects negative amount spend[32m 0[2mms[22m[39m
 [32m✓[39m src/lib/__tests__/edgeCasesPersistence.test.ts[2m > [22mEdge Cases & Persistence Layer Tests[2m > [22mBoundary Conditions[2m > [22mhandles maximum safe integer balance[32m 1[2mms[22m[39m
 [32m✓[39m src/lib/__tests__/edgeCasesPersistence.test.ts[2m > [22mEdge Cases & Persistence Layer Tests[2m > [22mBoundary Conditions[2m > [22mhandles very small decimal amounts[32m 4[2mms[22m[39m
 [32m✓[39m src/lib/__tests__/edgeCasesPersistence.test.ts[2m > [22mEdge Cases & Persistence Layer Tests[2m > [22mBoundary Conditions[2m > [22mhandles exactly zero after spending entire balance[32m 1[2mms[22m[39m
 [32m✓[39m src/lib/__tests__/edgeCasesPersistence.test.ts[2m > [22mEdge Cases & Persistence Layer Tests[2m > [22mBoundary Conditions[2m > [22mhandles spending exact available balance[32m 1[2mms[22m[39m
 [32m✓[39m src/lib/__tests__/edgeCasesPersistence.test.ts[2m > [22mEdge Cases & Persistence Layer Tests[2m > [22mBoundary Conditions[2m > [22mprevents spending one token more than balance[32m 1[2mms[22m[39m
 [32m✓[39m src/lib/__tests__/edgeCasesPersistence.test.ts[2m > [22mEdge Cases & Persistence Layer Tests[2m > [22mBoundary Conditions[2m > [22mtracks pending balance correctly[32m 1[2mms[22m[39m
 [32m✓[39m src/lib/__tests__/edgeCasesPersistence.test.ts[2m > [22mEdge Cases & Persistence Layer Tests[2m > [22mBoundary Conditions[2m > [22mhandles spending with pending balance[32m 1[2mms[22m[39m
 [32m✓[39m src/lib/__tests__/edgeCasesPersistence.test.ts[2m > [22mEdge Cases & Persistence Layer Tests[2m > [22mBoundary Conditions[2m > [22mhandles float precision in calculations[32m 1[2mms[22m[39m
 [32m✓[39m src/lib/__tests__/edgeCasesPersistence.test.ts[2m > [22mEdge Cases & Persistence Layer Tests[2m > [22mIdempotency Tests[2m > [22mgenerates unique transaction IDs[32m 1[2mms[22m[39m
 [32m✓[39m src/lib/__tests__/edgeCasesPersistence.test.ts[2m > [22mEdge Cases & Persistence Layer Tests[2m > [22mIdempotency Tests[2m > [22mpreserves transaction history across engine restarts[32m 1[2mms[22m[39m
 [32m✓[39m src/lib/__tests__/edgeCasesPersistence.test.ts[2m > [22mEdge Cases & Persistence Layer Tests[2m > [22mIdempotency Tests[2m > [22mdoes not duplicate transaction on persist failure and retry[32m 0[2mms[22m[39m
 [32m✓[39m src/lib/__tests__/edgeCasesPersistence.test.ts[2m > [22mEdge Cases & Persistence Layer Tests[2m > [22mIdempotency Tests[2m > [22mensures same reward reason can be given multiple times with different IDs[32m 1[2mms[22m[39m
 [32m✓[39m src/lib/__tests__/edgeCasesPersistence.test.ts[2m > [22mEdge Cases & Persistence Layer Tests[2m > [22mIdempotency Tests[2m > [22mmaintains consistent balance across multiple persist cycles[32m 1[2mms[22m[39m
 [32m✓[39m src/lib/__tests__/edgeCasesPersistence.test.ts[2m > [22mEdge Cases & Persistence Layer Tests[2m > [22mPersistence Edge Cases[2m > [22mhandles localStorage quota exceeded[32m 1[2mms[22m[39m
 [32m✓[39m src/lib/__tests__/edgeCasesPersistence.test.ts[2m > [22mEdge Cases & Persistence Layer Tests[2m > [22mPersistence Edge Cases[2m > [22mrecovers from corrupted persistence mid-operation[32m 1[2mms[22m[39m
 [32m✓[39m src/lib/__tests__/edgeCasesPersistence.test.ts[2m > [22mEdge Cases & Persistence Layer Tests[2m > [22mPersistence Edge Cases[2m > [22mhandles transaction limit overflow[32m 22[2mms[22m[39m
 [32m✓[39m src/lib/__tests__/edgeCasesPersistence.test.ts[2m > [22mEdge Cases & Persistence Layer Tests[2m > [22mPersistence Edge Cases[2m > [22mpreserves earnings breakdown through persistence[32m 1[2mms[22m[39m
 [32m✓[39m src/lib/__tests__/edgeCasesPersistence.test.ts[2m > [22mEdge Cases & Persistence Layer Tests[2m > [22mPersistence Edge Cases[2m > [22mhandles localStorage being cleared mid-session[32m 1[2mms[22m[39m
 [32m✓[39m src/lib/__tests__/edgeCasesPersistence.test.ts[2m > [22mEdge Cases & Persistence Layer Tests[2m > [22mPersistence Edge Cases[2m > [22mhandles concurrent localStorage writes[32m 1[2mms[22m[39m
 [32m✓[39m src/lib/__tests__/edgeCasesPersistence.test.ts[2m > [22mEdge Cases & Persistence Layer Tests[2m > [22mStreak Data Persistence[2m > [22mpersists streak data correctly[32m 1[2mms[22m[39m
 [32m✓[39m src/lib/__tests__/edgeCasesPersistence.test.ts[2m > [22mEdge Cases & Persistence Layer Tests[2m > [22mStreak Data Persistence[2m > [22mhandles corrupted streak data[32m 0[2mms[22m[39m
 [32m✓[39m src/lib/__tests__/edgeCasesPersistence.test.ts[2m > [22mEdge Cases & Persistence Layer Tests[2m > [22mStreak Data Persistence[2m > [22mhandles missing streak fields[32m 0[2mms[22m[39m
 [32m✓[39m src/lib/__tests__/edgeCasesPersistence.test.ts[2m > [22mEdge Cases & Persistence Layer Tests[2m > [22mAchievement Persistence[2m > [22mpersists achievements correctly[32m 1[2mms[22m[39m
 [32m✓[39m src/lib/__tests__/edgeCasesPersistence.test.ts[2m > [22mEdge Cases & Persistence Layer Tests[2m > [22mAchievement Persistence[2m > [22mhandles corrupted achievements data[32m 1[2mms[22m[39m
 [32m✓[39m src/components/wallet/__tests__/TransactionHistory.test.tsx[2m > [22mTransactionHistory component[2m > [22mPagination[2m > [22mnavigates to next page[32m 247[2mms[22m[39m
 [32m✓[39m src/components/wallet/__tests__/TransactionHistory.test.tsx[2m > [22mTransactionHistory component[2m > [22mPagination[2m > [22mnavigates to previous page[33m 384[2mms[22m[39m
 [32m✓[39m src/components/wallet/__tests__/TransactionHistory.test.tsx[2m > [22mTransactionHistory component[2m > [22mPagination[2m > [22mdisables previous button on first page[32m 122[2mms[22m[39m
 [32m✓[39m src/components/wallet/__tests__/TransactionHistory.test.tsx[2m > [22mTransactionHistory component[2m > [22mPagination[2m > [22mdisables next button on last page[32m 188[2mms[22m[39m
 [32m✓[39m src/components/wallet/__tests__/TransactionHistory.test.tsx[2m > [22mTransactionHistory component[2m > [22mPagination[2m > [22mdisplays correct page numbers[32m 95[2mms[22m[39m
 [32m✓[39m src/components/wallet/__tests__/TransactionHistory.test.tsx[2m > [22mTransactionHistory component[2m > [22mFiltering[2m > [22mapplies transaction type filters and shows active indicator[32m 169[2mms[22m[39m
 [31m×[39m src/components/wallet/__tests__/TransactionHistory.test.tsx[2m > [22mTransactionHistory component[2m > [22mFiltering[2m > [22mfilters by transaction type - earn[33m 1148[2mms[22m[39m
[31m   → Unable to find role="combobox" and name `/transaction type/i`

Ignored nodes: comments, script, style
[36m<body>[31m
  [36m<div>[31m
    [36m<div[31m
      [33mclass[31m=[32m"space-y-4"[31m
    [36m>[31m
      [36m<div[31m
        [33mclass[31m=[32m"flex flex-wrap items-center justify-between gap-4"[31m
      [36m>[31m
        [36m<div[31m
          [33mclass[31m=[32m"flex items-center space-x-3"[31m
        [36m>[31m
          [36m<svg[31m
            [33maria-hidden[31m=[32m"true"[31m
            [33mclass[31m=[32m"lucide lucide-clock w-6 h-6 text-primary"[31m
            [33mfill[31m=[32m"none"[31m
            [33mheight[31m=[32m"24"[31m
            [33mstroke[31m=[32m"currentColor"[31m
            [33mstroke-linecap[31m=[32m"round"[31m
            [33mstroke-linejoin[31m=[32m"round"[31m
            [33mstroke-width[31m=[32m"2"[31m
            [33mviewBox[31m=[32m"0 0 24 24"[31m
            [33mwidth[31m=[32m"24"[31m
            [33mxmlns[31m=[32m"http://www.w3.org/2000/svg"[31m
          [36m>[31m
            [36m<path[31m
              [33md[31m=[32m"M12 6v6l4 2"[31m
            [36m/>[31m
            [36m<circle[31m
              [33mcx[31m=[32m"12"[31m
              [33mcy[31m=[32m"12"[31m
              [33mr[31m=[32m"10"[31m
            [36m/>[31m
          [36m</svg>[31m
          [36m<div>[31m
            [36m<h2[31m
              [33mclass[31m=[32m"text-xl font-bold text-white"[31m
            [36m>[31m
              [0mTransaction History[0m
            [36m</h2>[31m
            [36m<p[31m
              [33mclass[31m=[32m"text-sm text-gray-400"[31m
            [36m>[31m
              [0mShowing 3 of 3 transactions[0m
            [36m</p>[31m
          [36m</div>[31m
        [36m</div>[31m
        [36m<div[31m
          [33mclass[31m=[32m"flex items-center space-x-2"[31m
        [36m>[31m
          [36m<button[31m
            [33mclass[31m=[32m"flex items-center space-x-2 px-4 py-2 rounded-lg transition-colors bg-surface/50 text-gray-400 hover:bg-surface/70"[31m
          [36m>[31m
            [36m<svg[31m
              [33maria-hidden[31m=[32m"true"[31m
              [33mclass[31m=[32m"lucide lucide-funnel w-4 h-4"[31m
              [33mfill[31m=[32m"none"[31m
              [33mheight[31m=[32m"24"[31m
              [33mstroke[31m=[32m"currentColor"[31m
              [33mstroke-linecap[31m=[32m"round"[31m
              [33mstroke-linejoin[31m=[32m"round"[31m
              [33mstroke-width[31m=[32m"2"[31m
              [33mviewBox[31m=[32m"0 0 24 24"[31m
              [33mwidth[31m=[32m"24"[31m
              [33mxmlns[31m=[32m"http://www.w3.org/2000/svg"[31m
            [36m>[31m
              [36m<path[31m
                [33md[31m=[32m"M10 20a1 1 0 0 0 .553.895l2 1A1 1 0 0 0 14 21v-7a2 2 0 0 1 .517-1.341L21.74 4.67A1 1 0 0 0 21 3H3a1 1 0 0 0-.742 1.67l7.225 7.989A2 2 0 0 1 10 14z"[31m
              [36m/>[31m
            [36m</svg>[31m
            [36m<span>[31m
              [0mFilters[0m
            [36m</span>[31m
          [36m</button>[31m
          [36m<button[31m
            [33mclass[31m=[32m"flex items-center space-x-2 px-4 py-2 bg-gradient-to-r from-purple-600 to-blue-600 text-white rounded-lg font-semibold hover:from-purple-700 hover:to-blue-700 disabled:opacity-50 disabled:cursor-not-allowed transition-all"[31m
          [36m>[31m
            [36m<svg[31m
              [33maria-hidden[31m=[32m"true"[31m
              [33mclass[31m=[32m"lucide lucide-download w-4 h-4"[31m
              [33mfill[31m=[32m"none"[31m
              [33mheight[31m=[32m"24"[31m
              [33mstroke[31m=[32m"currentColor"[31m
              [33mstroke-linecap[31m=[32m"round"[31m
              [33mstroke-linejoin[31m=[32m"round"[31m
              [33mstroke-width[31m=[32m"2"[31m
              [33mviewBox[31m=[32m"0 0 24 24"[31m
              [33mwidth[31m=[32m"24"[31m
              [33mxmlns[31m=[32m"http://www.w3.org/2000/svg"[31m
            [36m>[31m
              [36m<path[31m
                [33md[31m=[32m"M12 15V3"[31m
              [36m/>[31m
              [36m<path[31m
                [33md[31m=[32m"M21 15v4a2 2 0 0 1-2 2H5a2 2 0 0 1-2-2v-4"[31m
              [36m/>[31m
              [36m<path[31m
                [33md[31m=[32m"m7 10 5 5 5-5"[31m
              [36m/>[31m
            [36m</svg>[31m
            [36m<span>[31m
              [0mExport CSV[0m
            [36m</span>[31m
          [36m</button>[31m
        [36m</div>[31m
      [36m</div>[31m
      [36m<div[31m
        [33mclass[31m=[32m"glass p-4 space-y-4"[31m
        [33mstyle[31m=[32m"opacity: 0.4841505494332523; height: auto;"[31m
      [36m>[31m
        [36m<div[31m
          [33mclass[31m=[32m"flex items-center justify-between"[31m
        [36m>[31m
          [36m<h3[31m
            [33mclass[31m=[32m"text-lg font-semibold text-white"[31m
          [36m>[31m
            [0mFilters[0m
          [36m</h3>[31m
        [36m</div>[31m
        [36m<div[31m
          [33mclass[31m=[32m"grid grid-cols-1 md:grid-cols-3 gap-4"[31m
        [36m>[31m
          [36m<div>[31m
            [36m<label[31m
              [33mclass[31m=[32m"block text-sm font-medium text-gray-400 mb-2"[31m
            [36m>[31m
              [0mTransaction Type[0m
            [36m</label>[31m
            [36m<select[31m
              [33mclass[31m=[32m"w-full px-3 py-2 bg-surface/50 border border-white/10 rounded-lg text-white focus:outline-none focus:border-primary transition-colors"[31m
            [36m>[31m
              [36m<option[31m
                [33mvalue[31m=[32m"all"[31m
              [36m>[31m
                [0mAll Types[0m
              [36m</option>[31m
              [36m<option[31m
                [33mvalue[31m=[32m"earn"[31m
              [36m>[31m
                [0mEarn[0m
              [36m</option>[31m
              [36m<option[31m
                [33mvalue[31m=[32m"spend"[31m
              [36m>[31m
                [0mSpend[0m
              [36m</option>[31m
              [36m<option[31m
                [33mvalue[31m=[32m"claim"[31m
              [36m>[31m
                [0mClaim[0m
              [36m</option>[31m
            [36m</select>[31m
          [36m</div>[31m
          [36m<div>[31m
            [36m<label[31m
              [33mclass[31m=[32m"block text-sm font-medium text-gray-400 mb-2"[31m
            [36m>[31m
              [0mDate Range[0m
            [36m</label>[31m
            [36m<select[31m
              [33mclass[31m=[32m"w-full px-3 py-2 bg-surface/50 border border-white/10 rounded-lg text-white focus:outline-none focus:border-primary transition-colors"[31m
            [36m>[31m
              [36m<option[31m
                [33mvalue[31m=[32m"al...

Ignored nodes: comments, script, style
[36m<body>[31m
  [36m<div>[31m
    [36m<div[31m
      [33mclass[31m=[32m"space-y-4"[31m
    [36m>[31m
      [36m<div[31m
        [33mclass[31m=[32m"flex flex-wrap items-center justify-between gap-4"[31m
      [36m>[31m
        [36m<div[31m
          [33mclass[31m=[32m"flex items-center space-x-3"[31m
        [36m>[31m
          [36m<svg[31m
            [33maria-hidden[31m=[32m"true"[31m
            [33mclass[31m=[32m"lucide lucide-clock w-6 h-6 text-primary"[31m
            [33mfill[31m=[32m"none"[31m
            [33mheight[31m=[32m"24"[31m
            [33mstroke[31m=[32m"currentColor"[31m
            [33mstroke-linecap[31m=[32m"round"[31m
            [33mstroke-linejoin[31m=[32m"round"[31m
            [33mstroke-width[31m=[32m"2"[31m
            [33mviewBox[31m=[32m"0 0 24 24"[31m
            [33mwidth[31m=[32m"24"[31m
            [33mxmlns[31m=[32m"http://www.w3.org/2000/svg"[31m
          [36m>[31m
            [36m<path[31m
              [33md[31m=[32m"M12 6v6l4 2"[31m
            [36m/>[31m
            [36m<circle[31m
              [33mcx[31m=[32m"12"[31m
              [33mcy[31m=[32m"12"[31m
              [33mr[31m=[32m"10"[31m
            [36m/>[31m
          [36m</svg>[31m
          [36m<div>[31m
            [36m<h2[31m
              [33mclass[31m=[32m"text-xl font-bold text-white"[31m
            [36m>[31m
              [0mTransaction History[0m
            [36m</h2>[31m
            [36m<p[31m
              [33mclass[31m=[32m"text-sm text-gray-400"[31m
            [36m>[31m
              [0mShowing 3 of 3 transactions[0m
            [36m</p>[31m
          [36m</div>[31m
        [36m</div>[31m
        [36m<div[31m
          [33mclass[31m=[32m"flex items-center space-x-2"[31m
        [36m>[31m
          [36m<button[31m
            [33mclass[31m=[32m"flex items-center space-x-2 px-4 py-2 rounded-lg transition-colors bg-surface/50 text-gray-400 hover:bg-surface/70"[31m
          [36m>[31m
            [36m<svg[31m
              [33maria-hidden[31m=[32m"true"[31m
              [33mclass[31m=[32m"lucide lucide-funnel w-4 h-4"[31m
              [33mfill[31m=[32m"none"[31m
              [33mheight[31m=[32m"24"[31m
              [33mstroke[31m=[32m"currentColor"[31m
              [33mstroke-linecap[31m=[32m"round"[31m
              [33mstroke-linejoin[31m=[32m"round"[31m
              [33mstroke-width[31m=[32m"2"[31m
              [33mviewBox[31m=[32m"0 0 24 24"[31m
              [33mwidth[31m=[32m"24"[31m
              [33mxmlns[31m=[32m"http://www.w3.org/2000/svg"[31m
            [36m>[31m
              [36m<path[31m
                [33md[31m=[32m"M10 20a1 1 0 0 0 .553.895l2 1A1 1 0 0 0 14 21v-7a2 2 0 0 1 .517-1.341L21.74 4.67A1 1 0 0 0 21 3H3a1 1 0 0 0-.742 1.67l7.225 7.989A2 2 0 0 1 10 14z"[31m
              [36m/>[31m
            [36m</svg>[31m
            [36m<span>[31m
              [0mFilters[0m
            [36m</span>[31m
          [36m</button>[31m
          [36m<button[31m
            [33mclass[31m=[32m"flex items-center space-x-2 px-4 py-2 bg-gradient-to-r from-purple-600 to-blue-600 text-white rounded-lg font-semibold hover:from-purple-700 hover:to-blue-700 disabled:opacity-50 disabled:cursor-not-allowed transition-all"[31m
          [36m>[31m
            [36m<svg[31m
              [33maria-hidden[31m=[32m"true"[31m
              [33mclass[31m=[32m"lucide lucide-download w-4 h-4"[31m
              [33mfill[31m=[32m"none"[31m
              [33mheight[31m=[32m"24"[31m
              [33mstroke[31m=[32m"currentColor"[31m
              [33mstroke-linecap[31m=[32m"round"[31m
              [33mstroke-linejoin[31m=[32m"round"[31m
              [33mstroke-width[31m=[32m"2"[31m
              [33mviewBox[31m=[32m"0 0 24 24"[31m
              [33mwidth[31m=[32m"24"[31m
              [33mxmlns[31m=[32m"http://www.w3.org/2000/svg"[31m
            [36m>[31m
              [36m<path[31m
                [33md[31m=[32m"M12 15V3"[31m
              [36m/>[31m
              [36m<path[31m
                [33md[31m=[32m"M21 15v4a2 2 0 0 1-2 2H5a2 2 0 0 1-2-2v-4"[31m
              [36m/>[31m
              [36m<path[31m
                [33md[31m=[32m"m7 10 5 5 5-5"[31m
              [36m/>[31m
            [36m</svg>[31m
            [36m<span>[31m
              [0mExport CSV[0m
            [36m</span>[31m
          [36m</button>[31m
        [36m</div>[31m
      [36m</div>[31m
      [36m<div[31m
        [33mclass[31m=[32m"glass p-4 space-y-4"[31m
        [33mstyle[31m=[32m"opacity: 0.4841505494332523; height: auto;"[31m
      [36m>[31m
        [36m<div[31m
          [33mclass[31m=[32m"flex items-center justify-between"[31m
        [36m>[31m
          [36m<h3[31m
            [33mclass[31m=[32m"text-lg font-semibold text-white"[31m
          [36m>[31m
            [0mFilters[0m
          [36m</h3>[31m
        [36m</div>[31m
        [36m<div[31m
          [33mclass[31m=[32m"grid grid-cols-1 md:grid-cols-3 gap-4"[31m
        [36m>[31m
          [36m<div>[31m
            [36m<label[31m
              [33mclass[31m=[32m"block text-sm font-medium text-gray-400 mb-2"[31m
            [36m>[31m
              [0mTransaction Type[0m
            [36m</label>[31m
            [36m<select[31m
              [33mclass[31m=[32m"w-full px-3 py-2 bg-surface/50 border border-white/10 rounded-lg text-white focus:outline-none focus:border-primary transition-colors"[31m
            [36m>[31m
              [36m<option[31m
                [33mvalue[31m=[32m"all"[31m
              [36m>[31m
                [0mAll Types[0m
              [36m</option>[31m
              [36m<option[31m
                [33mvalue[31m=[32m"earn"[31m
              [36m>[31m
                [0mEarn[0m
              [36m</option>[31m
              [36m<option[31m
                [33mvalue[31m=[32m"spend"[31m
              [36m>[31m
                [0mSpend[0m
              [36m</option>[31m
              [36m<option[31m
                [33mvalue[31m=[32m"claim"[31m
              [36m>[31m
                [0mClaim[0m
              [36m</option>[31m
            [36m</select>[31m
          [36m</div>[31m
          [36m<div>[31m
            [36m<label[31m
              [33mclass[31m=[32m"block text-sm font-medium text-gray-400 mb-2"[31m
            [36m>[31m
              [0mDate Range[0m
            [36m</label>[31m
            [36m<select[31m
              [33mclass[31m=[32m"w-full px-3 py-2 bg-surface/50 border border-white/10 rounded-lg text-white focus:outline-none focus:border-primary transition-colors"[31m
            [36m>[31m
              [36m<option[31m
                [33mvalue[31m=[32m"al...[39m
 [31m×[39m src/components/wallet/__tests__/TransactionHistory.test.tsx[2m > [22mTransactionHistory component[2m > [22mFiltering[2m > [22mfilters by date range - today[33m 1096[2mms[22m[39m
[31m   → Unable to find role="combobox" and name `/date range/i`

Ignored nodes: comments, script, style
[36m<body>[31m
  [36m<div>[31m
    [36m<div[31m
      [33mclass[31m=[32m"space-y-4"[31m
    [36m>[31m
      [36m<div[31m
        [33mclass[31m=[32m"flex flex-wrap items-center justify-between gap-4"[31m
      [36m>[31m
        [36m<div[31m
          [33mclass[31m=[32m"flex items-center space-x-3"[31m
        [36m>[31m
          [36m<svg[31m
            [33maria-hidden[31m=[32m"true"[31m
            [33mclass[31m=[32m"lucide lucide-clock w-6 h-6 text-primary"[31m
            [33mfill[31m=[32m"none"[31m
            [33mheight[31m=[32m"24"[31m
            [33mstroke[31m=[32m"currentColor"[31m
            [33mstroke-linecap[31m=[32m"round"[31m
            [33mstroke-linejoin[31m=[32m"round"[31m
            [33mstroke-width[31m=[32m"2"[31m
            [33mviewBox[31m=[32m"0 0 24 24"[31m
            [33mwidth[31m=[32m"24"[31m
            [33mxmlns[31m=[32m"http://www.w3.org/2000/svg"[31m
          [36m>[31m
            [36m<path[31m
              [33md[31m=[32m"M12 6v6l4 2"[31m
            [36m/>[31m
            [36m<circle[31m
              [33mcx[31m=[32m"12"[31m
              [33mcy[31m=[32m"12"[31m
              [33mr[31m=[32m"10"[31m
            [36m/>[31m
          [36m</svg>[31m
          [36m<div>[31m
            [36m<h2[31m
              [33mclass[31m=[32m"text-xl font-bold text-white"[31m
            [36m>[31m
              [0mTransaction History[0m
            [36m</h2>[31m
            [36m<p[31m
              [33mclass[31m=[32m"text-sm text-gray-400"[31m
            [36m>[31m
              [0mShowing 2 of 2 transactions[0m
            [36m</p>[31m
          [36m</div>[31m
        [36m</div>[31m
        [36m<div[31m
          [33mclass[31m=[32m"flex items-center space-x-2"[31m
        [36m>[31m
          [36m<button[31m
            [33mclass[31m=[32m"flex items-center space-x-2 px-4 py-2 rounded-lg transition-colors bg-surface/50 text-gray-400 hover:bg-surface/70"[31m
          [36m>[31m
            [36m<svg[31m
              [33maria-hidden[31m=[32m"true"[31m
              [33mclass[31m=[32m"lucide lucide-funnel w-4 h-4"[31m
              [33mfill[31m=[32m"none"[31m
              [33mheight[31m=[32m"24"[31m
              [33mstroke[31m=[32m"currentColor"[31m
              [33mstroke-linecap[31m=[32m"round"[31m
              [33mstroke-linejoin[31m=[32m"round"[31m
              [33mstroke-width[31m=[32m"2"[31m
              [33mviewBox[31m=[32m"0 0 24 24"[31m
              [33mwidth[31m=[32m"24"[31m
              [33mxmlns[31m=[32m"http://www.w3.org/2000/svg"[31m
            [36m>[31m
              [36m<path[31m
                [33md[31m=[32m"M10 20a1 1 0 0 0 .553.895l2 1A1 1 0 0 0 14 21v-7a2 2 0 0 1 .517-1.341L21.74 4.67A1 1 0 0 0 21 3H3a1 1 0 0 0-.742 1.67l7.225 7.989A2 2 0 0 1 10 14z"[31m
              [36m/>[31m
            [36m</svg>[31m
            [36m<span>[31m
              [0mFilters[0m
            [36m</span>[31m
          [36m</button>[31m
          [36m<button[31m
            [33mclass[31m=[32m"flex items-center space-x-2 px-4 py-2 bg-gradient-to-r from-purple-600 to-blue-600 text-white rounded-lg font-semibold hover:from-purple-700 hover:to-blue-700 disabled:opacity-50 disabled:cursor-not-allowed transition-all"[31m
          [36m>[31m
            [36m<svg[31m
              [33maria-hidden[31m=[32m"true"[31m
              [33mclass[31m=[32m"lucide lucide-download w-4 h-4"[31m
              [33mfill[31m=[32m"none"[31m
              [33mheight[31m=[32m"24"[31m
              [33mstroke[31m=[32m"currentColor"[31m
              [33mstroke-linecap[31m=[32m"round"[31m
              [33mstroke-linejoin[31m=[32m"round"[31m
              [33mstroke-width[31m=[32m"2"[31m
              [33mviewBox[31m=[32m"0 0 24 24"[31m
              [33mwidth[31m=[32m"24"[31m
              [33mxmlns[31m=[32m"http://www.w3.org/2000/svg"[31m
            [36m>[31m
              [36m<path[31m
                [33md[31m=[32m"M12 15V3"[31m
              [36m/>[31m
              [36m<path[31m
                [33md[31m=[32m"M21 15v4a2 2 0 0 1-2 2H5a2 2 0 0 1-2-2v-4"[31m
              [36m/>[31m
              [36m<path[31m
                [33md[31m=[32m"m7 10 5 5 5-5"[31m
              [36m/>[31m
            [36m</svg>[31m
            [36m<span>[31m
              [0mExport CSV[0m
            [36m</span>[31m
          [36m</button>[31m
        [36m</div>[31m
      [36m</div>[31m
      [36m<div[31m
        [33mclass[31m=[32m"glass p-4 space-y-4"[31m
        [33mstyle[31m=[32m"opacity: 0.4597479375297553; height: auto;"[31m
      [36m>[31m
        [36m<div[31m
          [33mclass[31m=[32m"flex items-center justify-between"[31m
        [36m>[31m
          [36m<h3[31m
            [33mclass[31m=[32m"text-lg font-semibold text-white"[31m
          [36m>[31m
            [0mFilters[0m
          [36m</h3>[31m
        [36m</div>[31m
        [36m<div[31m
          [33mclass[31m=[32m"grid grid-cols-1 md:grid-cols-3 gap-4"[31m
        [36m>[31m
          [36m<div>[31m
            [36m<label[31m
              [33mclass[31m=[32m"block text-sm font-medium text-gray-400 mb-2"[31m
            [36m>[31m
              [0mTransaction Type[0m
            [36m</label>[31m
            [36m<select[31m
              [33mclass[31m=[32m"w-full px-3 py-2 bg-surface/50 border border-white/10 rounded-lg text-white focus:outline-none focus:border-primary transition-colors"[31m
            [36m>[31m
              [36m<option[31m
                [33mvalue[31m=[32m"all"[31m
              [36m>[31m
                [0mAll Types[0m
              [36m</option>[31m
              [36m<option[31m
                [33mvalue[31m=[32m"earn"[31m
              [36m>[31m
                [0mEarn[0m
              [36m</option>[31m
              [36m<option[31m
                [33mvalue[31m=[32m"spend"[31m
              [36m>[31m
                [0mSpend[0m
              [36m</option>[31m
              [36m<option[31m
                [33mvalue[31m=[32m"claim"[31m
              [36m>[31m
                [0mClaim[0m
              [36m</option>[31m
            [36m</select>[31m
          [36m</div>[31m
          [36m<div>[31m
            [36m<label[31m
              [33mclass[31m=[32m"block text-sm font-medium text-gray-400 mb-2"[31m
            [36m>[31m
              [0mDate Range[0m
            [36m</label>[31m
            [36m<select[31m
              [33mclass[31m=[32m"w-full px-3 py-2 bg-surface/50 border border-white/10 rounded-lg text-white focus:outline-none focus:border-primary transition-colors"[31m
            [36m>[31m
              [36m<option[31m
                [33mvalue[31m=[32m"al...

Ignored nodes: comments, script, style
[36m<body>[31m
  [36m<div>[31m
    [36m<div[31m
      [33mclass[31m=[32m"space-y-4"[31m
    [36m>[31m
      [36m<div[31m
        [33mclass[31m=[32m"flex flex-wrap items-center justify-between gap-4"[31m
      [36m>[31m
        [36m<div[31m
          [33mclass[31m=[32m"flex items-center space-x-3"[31m
        [36m>[31m
          [36m<svg[31m
            [33maria-hidden[31m=[32m"true"[31m
            [33mclass[31m=[32m"lucide lucide-clock w-6 h-6 text-primary"[31m
            [33mfill[31m=[32m"none"[31m
            [33mheight[31m=[32m"24"[31m
            [33mstroke[31m=[32m"currentColor"[31m
            [33mstroke-linecap[31m=[32m"round"[31m
            [33mstroke-linejoin[31m=[32m"round"[31m
            [33mstroke-width[31m=[32m"2"[31m
            [33mviewBox[31m=[32m"0 0 24 24"[31m
            [33mwidth[31m=[32m"24"[31m
            [33mxmlns[31m=[32m"http://www.w3.org/2000/svg"[31m
          [36m>[31m
            [36m<path[31m
              [33md[31m=[32m"M12 6v6l4 2"[31m
            [36m/>[31m
            [36m<circle[31m
              [33mcx[31m=[32m"12"[31m
              [33mcy[31m=[32m"12"[31m
              [33mr[31m=[32m"10"[31m
            [36m/>[31m
          [36m</svg>[31m
          [36m<div>[31m
            [36m<h2[31m
              [33mclass[31m=[32m"text-xl font-bold text-white"[31m
            [36m>[31m
              [0mTransaction History[0m
            [36m</h2>[31m
            [36m<p[31m
              [33mclass[31m=[32m"text-sm text-gray-400"[31m
            [36m>[31m
              [0mShowing 2 of 2 transactions[0m
            [36m</p>[31m
          [36m</div>[31m
        [36m</div>[31m
        [36m<div[31m
          [33mclass[31m=[32m"flex items-center space-x-2"[31m
        [36m>[31m
          [36m<button[31m
            [33mclass[31m=[32m"flex items-center space-x-2 px-4 py-2 rounded-lg transition-colors bg-surface/50 text-gray-400 hover:bg-surface/70"[31m
          [36m>[31m
            [36m<svg[31m
              [33maria-hidden[31m=[32m"true"[31m
              [33mclass[31m=[32m"lucide lucide-funnel w-4 h-4"[31m
              [33mfill[31m=[32m"none"[31m
              [33mheight[31m=[32m"24"[31m
              [33mstroke[31m=[32m"currentColor"[31m
              [33mstroke-linecap[31m=[32m"round"[31m
              [33mstroke-linejoin[31m=[32m"round"[31m
              [33mstroke-width[31m=[32m"2"[31m
              [33mviewBox[31m=[32m"0 0 24 24"[31m
              [33mwidth[31m=[32m"24"[31m
              [33mxmlns[31m=[32m"http://www.w3.org/2000/svg"[31m
            [36m>[31m
              [36m<path[31m
                [33md[31m=[32m"M10 20a1 1 0 0 0 .553.895l2 1A1 1 0 0 0 14 21v-7a2 2 0 0 1 .517-1.341L21.74 4.67A1 1 0 0 0 21 3H3a1 1 0 0 0-.742 1.67l7.225 7.989A2 2 0 0 1 10 14z"[31m
              [36m/>[31m
            [36m</svg>[31m
            [36m<span>[31m
              [0mFilters[0m
            [36m</span>[31m
          [36m</button>[31m
          [36m<button[31m
            [33mclass[31m=[32m"flex items-center space-x-2 px-4 py-2 bg-gradient-to-r from-purple-600 to-blue-600 text-white rounded-lg font-semibold hover:from-purple-700 hover:to-blue-700 disabled:opacity-50 disabled:cursor-not-allowed transition-all"[31m
          [36m>[31m
            [36m<svg[31m
              [33maria-hidden[31m=[32m"true"[31m
              [33mclass[31m=[32m"lucide lucide-download w-4 h-4"[31m
              [33mfill[31m=[32m"none"[31m
              [33mheight[31m=[32m"24"[31m
              [33mstroke[31m=[32m"currentColor"[31m
              [33mstroke-linecap[31m=[32m"round"[31m
              [33mstroke-linejoin[31m=[32m"round"[31m
              [33mstroke-width[31m=[32m"2"[31m
              [33mviewBox[31m=[32m"0 0 24 24"[31m
              [33mwidth[31m=[32m"24"[31m
              [33mxmlns[31m=[32m"http://www.w3.org/2000/svg"[31m
            [36m>[31m
              [36m<path[31m
                [33md[31m=[32m"M12 15V3"[31m
              [36m/>[31m
              [36m<path[31m
                [33md[31m=[32m"M21 15v4a2 2 0 0 1-2 2H5a2 2 0 0 1-2-2v-4"[31m
              [36m/>[31m
              [36m<path[31m
                [33md[31m=[32m"m7 10 5 5 5-5"[31m
              [36m/>[31m
            [36m</svg>[31m
            [36m<span>[31m
              [0mExport CSV[0m
            [36m</span>[31m
          [36m</button>[31m
        [36m</div>[31m
      [36m</div>[31m
      [36m<div[31m
        [33mclass[31m=[32m"glass p-4 space-y-4"[31m
        [33mstyle[31m=[32m"opacity: 0.4597479375297553; height: auto;"[31m
      [36m>[31m
        [36m<div[31m
          [33mclass[31m=[32m"flex items-center justify-between"[31m
        [36m>[31m
          [36m<h3[31m
            [33mclass[31m=[32m"text-lg font-semibold text-white"[31m
          [36m>[31m
            [0mFilters[0m
          [36m</h3>[31m
        [36m</div>[31m
        [36m<div[31m
          [33mclass[31m=[32m"grid grid-cols-1 md:grid-cols-3 gap-4"[31m
        [36m>[31m
          [36m<div>[31m
            [36m<label[31m
              [33mclass[31m=[32m"block text-sm font-medium text-gray-400 mb-2"[31m
            [36m>[31m
              [0mTransaction Type[0m
            [36m</label>[31m
            [36m<select[31m
              [33mclass[31m=[32m"w-full px-3 py-2 bg-surface/50 border border-white/10 rounded-lg text-white focus:outline-none focus:border-primary transition-colors"[31m
            [36m>[31m
              [36m<option[31m
                [33mvalue[31m=[32m"all"[31m
              [36m>[31m
                [0mAll Types[0m
              [36m</option>[31m
              [36m<option[31m
                [33mvalue[31m=[32m"earn"[31m
              [36m>[31m
                [0mEarn[0m
              [36m</option>[31m
              [36m<option[31m
                [33mvalue[31m=[32m"spend"[31m
              [36m>[31m
                [0mSpend[0m
              [36m</option>[31m
              [36m<option[31m
                [33mvalue[31m=[32m"claim"[31m
              [36m>[31m
                [0mClaim[0m
              [36m</option>[31m
            [36m</select>[31m
          [36m</div>[31m
          [36m<div>[31m
            [36m<label[31m
              [33mclass[31m=[32m"block text-sm font-medium text-gray-400 mb-2"[31m
            [36m>[31m
              [0mDate Range[0m
            [36m</label>[31m
            [36m<select[31m
              [33mclass[31m=[32m"w-full px-3 py-2 bg-surface/50 border border-white/10 rounded-lg text-white focus:outline-none focus:border-primary transition-colors"[31m
            [36m>[31m
              [36m<option[31m
                [33mvalue[31m=[32m"al...[39m
 [31m×[39m src/lib/__tests__/contentRewards.test.ts[2m > [22mContent rewards - post creation[2m > [22mawards regular post reward for non-first posts[33m 1411[2mms[22m[39m
[31m   → rewardEngine.onSubscription is not a function[39m
 [31m×[39m src/lib/__tests__/contentRewards.test.ts[2m > [22mContent rewards - post creation[2m > [22mawards first post bonus and marks flag[32m 40[2mms[22m[39m
[31m   → rewardEngine.onSubscription is not a function[39m
 [31m×[39m src/lib/__tests__/contentRewards.test.ts[2m > [22mContent rewards - post creation[2m > [22mawards crisis bonus separately with delay[32m 80[2mms[22m[39m
[31m   → rewardEngine.onSubscription is not a function[39m
 [31m×[39m src/lib/__tests__/contentRewards.test.ts[2m > [22mContent rewards - post creation[2m > [22mdoes not re-award first post bonus after first award[32m 45[2mms[22m[39m
[31m   → rewardEngine.onSubscription is not a function[39m
 [31m×[39m src/lib/__tests__/contentRewards.test.ts[2m > [22mContent rewards - viral detection[2m > [22mawards viral reward when threshold is crossed[32m 55[2mms[22m[39m
[31m   → rewardEngine.onSubscription is not a function[39m
 [31m×[39m src/lib/__tests__/contentRewards.test.ts[2m > [22mContent rewards - reactions[2m > [22mawards giver and receiver for reaction and prevents duplicates[32m 39[2mms[22m[39m
[31m   → rewardEngine.onSubscription is not a function[39m
 [31m×[39m src/lib/__tests__/contentRewards.test.ts[2m > [22mContent rewards - reactions[2m > [22mdoes not award receiver for self-reactions[32m 45[2mms[22m[39m
[31m   → rewardEngine.onSubscription is not a function[39m
 [31m×[39m src/lib/__tests__/contentRewards.test.ts[2m > [22mContent rewards - comments and replies[2m > [22mawards author and post owner for top-level comment with idempotency[32m 50[2mms[22m[39m
[31m   → rewardEngine.onSubscription is not a function[39m
 [31m×[39m src/lib/__tests__/contentRewards.test.ts[2m > [22mContent rewards - comments and replies[2m > [22mawards reply author and post owner and prevents duplicates[32m 41[2mms[22m[39m
[31m   → rewardEngine.onSubscription is not a function[39m
 [31m×[39m src/lib/__tests__/contentRewards.test.ts[2m > [22mContent rewards - comments and replies[2m > [22mdoes not award post owner for self-reply[32m 33[2mms[22m[39m
[31m   → rewardEngine.onSubscription is not a function[39m
 [31m×[39m src/components/wallet/__tests__/TransactionHistory.test.tsx[2m > [22mTransactionHistory component[2m > [22mFiltering[2m > [22mfilters by date range - week[33m 1091[2mms[22m[39m
[31m   → Unable to find role="combobox" and name `/date range/i`

Ignored nodes: comments, script, style
[36m<body>[31m
  [36m<div>[31m
    [36m<div[31m
      [33mclass[31m=[32m"space-y-4"[31m
    [36m>[31m
      [36m<div[31m
        [33mclass[31m=[32m"flex flex-wrap items-center justify-between gap-4"[31m
      [36m>[31m
        [36m<div[31m
          [33mclass[31m=[32m"flex items-center space-x-3"[31m
        [36m>[31m
          [36m<svg[31m
            [33maria-hidden[31m=[32m"true"[31m
            [33mclass[31m=[32m"lucide lucide-clock w-6 h-6 text-primary"[31m
            [33mfill[31m=[32m"none"[31m
            [33mheight[31m=[32m"24"[31m
            [33mstroke[31m=[32m"currentColor"[31m
            [33mstroke-linecap[31m=[32m"round"[31m
            [33mstroke-linejoin[31m=[32m"round"[31m
            [33mstroke-width[31m=[32m"2"[31m
            [33mviewBox[31m=[32m"0 0 24 24"[31m
            [33mwidth[31m=[32m"24"[31m
            [33mxmlns[31m=[32m"http://www.w3.org/2000/svg"[31m
          [36m>[31m
            [36m<path[31m
              [33md[31m=[32m"M12 6v6l4 2"[31m
            [36m/>[31m
            [36m<circle[31m
              [33mcx[31m=[32m"12"[31m
              [33mcy[31m=[32m"12"[31m
              [33mr[31m=[32m"10"[31m
            [36m/>[31m
          [36m</svg>[31m
          [36m<div>[31m
            [36m<h2[31m
              [33mclass[31m=[32m"text-xl font-bold text-white"[31m
            [36m>[31m
              [0mTransaction History[0m
            [36m</h2>[31m
            [36m<p[31m
              [33mclass[31m=[32m"text-sm text-gray-400"[31m
            [36m>[31m
              [0mShowing 3 of 3 transactions[0m
            [36m</p>[31m
          [36m</div>[31m
        [36m</div>[31m
        [36m<div[31m
          [33mclass[31m=[32m"flex items-center space-x-2"[31m
        [36m>[31m
          [36m<button[31m
            [33mclass[31m=[32m"flex items-center space-x-2 px-4 py-2 rounded-lg transition-colors bg-surface/50 text-gray-400 hover:bg-surface/70"[31m
          [36m>[31m
            [36m<svg[31m
              [33maria-hidden[31m=[32m"true"[31m
              [33mclass[31m=[32m"lucide lucide-funnel w-4 h-4"[31m
              [33mfill[31m=[32m"none"[31m
              [33mheight[31m=[32m"24"[31m
              [33mstroke[31m=[32m"currentColor"[31m
              [33mstroke-linecap[31m=[32m"round"[31m
              [33mstroke-linejoin[31m=[32m"round"[31m
              [33mstroke-width[31m=[32m"2"[31m
              [33mviewBox[31m=[32m"0 0 24 24"[31m
              [33mwidth[31m=[32m"24"[31m
              [33mxmlns[31m=[32m"http://www.w3.org/2000/svg"[31m
            [36m>[31m
              [36m<path[31m
                [33md[31m=[32m"M10 20a1 1 0 0 0 .553.895l2 1A1 1 0 0 0 14 21v-7a2 2 0 0 1 .517-1.341L21.74 4.67A1 1 0 0 0 21 3H3a1 1 0 0 0-.742 1.67l7.225 7.989A2 2 0 0 1 10 14z"[31m
              [36m/>[31m
            [36m</svg>[31m
            [36m<span>[31m
              [0mFilters[0m
            [36m</span>[31m
          [36m</button>[31m
          [36m<button[31m
            [33mclass[31m=[32m"flex items-center space-x-2 px-4 py-2 bg-gradient-to-r from-purple-600 to-blue-600 text-white rounded-lg font-semibold hover:from-purple-700 hover:to-blue-700 disabled:opacity-50 disabled:cursor-not-allowed transition-all"[31m
          [36m>[31m
            [36m<svg[31m
              [33maria-hidden[31m=[32m"true"[31m
              [33mclass[31m=[32m"lucide lucide-download w-4 h-4"[31m
              [33mfill[31m=[32m"none"[31m
              [33mheight[31m=[32m"24"[31m
              [33mstroke[31m=[32m"currentColor"[31m
              [33mstroke-linecap[31m=[32m"round"[31m
              [33mstroke-linejoin[31m=[32m"round"[31m
              [33mstroke-width[31m=[32m"2"[31m
              [33mviewBox[31m=[32m"0 0 24 24"[31m
              [33mwidth[31m=[32m"24"[31m
              [33mxmlns[31m=[32m"http://www.w3.org/2000/svg"[31m
            [36m>[31m
              [36m<path[31m
                [33md[31m=[32m"M12 15V3"[31m
              [36m/>[31m
              [36m<path[31m
                [33md[31m=[32m"M21 15v4a2 2 0 0 1-2 2H5a2 2 0 0 1-2-2v-4"[31m
              [36m/>[31m
              [36m<path[31m
                [33md[31m=[32m"m7 10 5 5 5-5"[31m
              [36m/>[31m
            [36m</svg>[31m
            [36m<span>[31m
              [0mExport CSV[0m
            [36m</span>[31m
          [36m</button>[31m
        [36m</div>[31m
      [36m</div>[31m
      [36m<div[31m
        [33mclass[31m=[32m"glass p-4 space-y-4"[31m
        [33mstyle[31m=[32m"opacity: 0.3830938076440361; height: auto;"[31m
      [36m>[31m
        [36m<div[31m
          [33mclass[31m=[32m"flex items-center justify-between"[31m
        [36m>[31m
          [36m<h3[31m
            [33mclass[31m=[32m"text-lg font-semibold text-white"[31m
          [36m>[31m
            [0mFilters[0m
          [36m</h3>[31m
        [36m</div>[31m
        [36m<div[31m
          [33mclass[31m=[32m"grid grid-cols-1 md:grid-cols-3 gap-4"[31m
        [36m>[31m
          [36m<div>[31m
            [36m<label[31m
              [33mclass[31m=[32m"block text-sm font-medium text-gray-400 mb-2"[31m
            [36m>[31m
              [0mTransaction Type[0m
            [36m</label>[31m
            [36m<select[31m
              [33mclass[31m=[32m"w-full px-3 py-2 bg-surface/50 border border-white/10 rounded-lg text-white focus:outline-none focus:border-primary transition-colors"[31m
            [36m>[31m
              [36m<option[31m
                [33mvalue[31m=[32m"all"[31m
              [36m>[31m
                [0mAll Types[0m
              [36m</option>[31m
              [36m<option[31m
                [33mvalue[31m=[32m"earn"[31m
              [36m>[31m
                [0mEarn[0m
              [36m</option>[31m
              [36m<option[31m
                [33mvalue[31m=[32m"spend"[31m
              [36m>[31m
                [0mSpend[0m
              [36m</option>[31m
              [36m<option[31m
                [33mvalue[31m=[32m"claim"[31m
              [36m>[31m
                [0mClaim[0m
              [36m</option>[31m
            [36m</select>[31m
          [36m</div>[31m
          [36m<div>[31m
            [36m<label[31m
              [33mclass[31m=[32m"block text-sm font-medium text-gray-400 mb-2"[31m
            [36m>[31m
              [0mDate Range[0m
            [36m</label>[31m
            [36m<select[31m
              [33mclass[31m=[32m"w-full px-3 py-2 bg-surface/50 border border-white/10 rounded-lg text-white focus:outline-none focus:border-primary transition-colors"[31m
            [36m>[31m
              [36m<option[31m
                [33mvalue[31m=[32m"al...

Ignored nodes: comments, script, style
[36m<body>[31m
  [36m<div>[31m
    [36m<div[31m
      [33mclass[31m=[32m"space-y-4"[31m
    [36m>[31m
      [36m<div[31m
        [33mclass[31m=[32m"flex flex-wrap items-center justify-between gap-4"[31m
      [36m>[31m
        [36m<div[31m
          [33mclass[31m=[32m"flex items-center space-x-3"[31m
        [36m>[31m
          [36m<svg[31m
            [33maria-hidden[31m=[32m"true"[31m
            [33mclass[31m=[32m"lucide lucide-clock w-6 h-6 text-primary"[31m
            [33mfill[31m=[32m"none"[31m
            [33mheight[31m=[32m"24"[31m
            [33mstroke[31m=[32m"currentColor"[31m
            [33mstroke-linecap[31m=[32m"round"[31m
            [33mstroke-linejoin[31m=[32m"round"[31m
            [33mstroke-width[31m=[32m"2"[31m
            [33mviewBox[31m=[32m"0 0 24 24"[31m
            [33mwidth[31m=[32m"24"[31m
            [33mxmlns[31m=[32m"http://www.w3.org/2000/svg"[31m
          [36m>[31m
            [36m<path[31m
              [33md[31m=[32m"M12 6v6l4 2"[31m
            [36m/>[31m
            [36m<circle[31m
              [33mcx[31m=[32m"12"[31m
              [33mcy[31m=[32m"12"[31m
              [33mr[31m=[32m"10"[31m
            [36m/>[31m
          [36m</svg>[31m
          [36m<div>[31m
            [36m<h2[31m
              [33mclass[31m=[32m"text-xl font-bold text-white"[31m
            [36m>[31m
              [0mTransaction History[0m
            [36m</h2>[31m
            [36m<p[31m
              [33mclass[31m=[32m"text-sm text-gray-400"[31m
            [36m>[31m
              [0mShowing 3 of 3 transactions[0m
            [36m</p>[31m
          [36m</div>[31m
        [36m</div>[31m
        [36m<div[31m
          [33mclass[31m=[32m"flex items-center space-x-2"[31m
        [36m>[31m
          [36m<button[31m
            [33mclass[31m=[32m"flex items-center space-x-2 px-4 py-2 rounded-lg transition-colors bg-surface/50 text-gray-400 hover:bg-surface/70"[31m
          [36m>[31m
            [36m<svg[31m
              [33maria-hidden[31m=[32m"true"[31m
              [33mclass[31m=[32m"lucide lucide-funnel w-4 h-4"[31m
              [33mfill[31m=[32m"none"[31m
              [33mheight[31m=[32m"24"[31m
              [33mstroke[31m=[32m"currentColor"[31m
              [33mstroke-linecap[31m=[32m"round"[31m
              [33mstroke-linejoin[31m=[32m"round"[31m
              [33mstroke-width[31m=[32m"2"[31m
              [33mviewBox[31m=[32m"0 0 24 24"[31m
              [33mwidth[31m=[32m"24"[31m
              [33mxmlns[31m=[32m"http://www.w3.org/2000/svg"[31m
            [36m>[31m
              [36m<path[31m
                [33md[31m=[32m"M10 20a1 1 0 0 0 .553.895l2 1A1 1 0 0 0 14 21v-7a2 2 0 0 1 .517-1.341L21.74 4.67A1 1 0 0 0 21 3H3a1 1 0 0 0-.742 1.67l7.225 7.989A2 2 0 0 1 10 14z"[31m
              [36m/>[31m
            [36m</svg>[31m
            [36m<span>[31m
              [0mFilters[0m
            [36m</span>[31m
          [36m</button>[31m
          [36m<button[31m
            [33mclass[31m=[32m"flex items-center space-x-2 px-4 py-2 bg-gradient-to-r from-purple-600 to-blue-600 text-white rounded-lg font-semibold hover:from-purple-700 hover:to-blue-700 disabled:opacity-50 disabled:cursor-not-allowed transition-all"[31m
          [36m>[31m
            [36m<svg[31m
              [33maria-hidden[31m=[32m"true"[31m
              [33mclass[31m=[32m"lucide lucide-download w-4 h-4"[31m
              [33mfill[31m=[32m"none"[31m
              [33mheight[31m=[32m"24"[31m
              [33mstroke[31m=[32m"currentColor"[31m
              [33mstroke-linecap[31m=[32m"round"[31m
              [33mstroke-linejoin[31m=[32m"round"[31m
              [33mstroke-width[31m=[32m"2"[31m
              [33mviewBox[31m=[32m"0 0 24 24"[31m
              [33mwidth[31m=[32m"24"[31m
              [33mxmlns[31m=[32m"http://www.w3.org/2000/svg"[31m
            [36m>[31m
              [36m<path[31m
                [33md[31m=[32m"M12 15V3"[31m
              [36m/>[31m
              [36m<path[31m
                [33md[31m=[32m"M21 15v4a2 2 0 0 1-2 2H5a2 2 0 0 1-2-2v-4"[31m
              [36m/>[31m
              [36m<path[31m
                [33md[31m=[32m"m7 10 5 5 5-5"[31m
              [36m/>[31m
            [36m</svg>[31m
            [36m<span>[31m
              [0mExport CSV[0m
            [36m</span>[31m
          [36m</button>[31m
        [36m</div>[31m
      [36m</div>[31m
      [36m<div[31m
        [33mclass[31m=[32m"glass p-4 space-y-4"[31m
        [33mstyle[31m=[32m"opacity: 0.3830938076440361; height: auto;"[31m
      [36m>[31m
        [36m<div[31m
          [33mclass[31m=[32m"flex items-center justify-between"[31m
        [36m>[31m
          [36m<h3[31m
            [33mclass[31m=[32m"text-lg font-semibold text-white"[31m
          [36m>[31m
            [0mFilters[0m
          [36m</h3>[31m
        [36m</div>[31m
        [36m<div[31m
          [33mclass[31m=[32m"grid grid-cols-1 md:grid-cols-3 gap-4"[31m
        [36m>[31m
          [36m<div>[31m
            [36m<label[31m
              [33mclass[31m=[32m"block text-sm font-medium text-gray-400 mb-2"[31m
            [36m>[31m
              [0mTransaction Type[0m
            [36m</label>[31m
            [36m<select[31m
              [33mclass[31m=[32m"w-full px-3 py-2 bg-surface/50 border border-white/10 rounded-lg text-white focus:outline-none focus:border-primary transition-colors"[31m
            [36m>[31m
              [36m<option[31m
                [33mvalue[31m=[32m"all"[31m
              [36m>[31m
                [0mAll Types[0m
              [36m</option>[31m
              [36m<option[31m
                [33mvalue[31m=[32m"earn"[31m
              [36m>[31m
                [0mEarn[0m
              [36m</option>[31m
              [36m<option[31m
                [33mvalue[31m=[32m"spend"[31m
              [36m>[31m
                [0mSpend[0m
              [36m</option>[31m
              [36m<option[31m
                [33mvalue[31m=[32m"claim"[31m
              [36m>[31m
                [0mClaim[0m
              [36m</option>[31m
            [36m</select>[31m
          [36m</div>[31m
          [36m<div>[31m
            [36m<label[31m
              [33mclass[31m=[32m"block text-sm font-medium text-gray-400 mb-2"[31m
            [36m>[31m
              [0mDate Range[0m
            [36m</label>[31m
            [36m<select[31m
              [33mclass[31m=[32m"w-full px-3 py-2 bg-surface/50 border border-white/10 rounded-lg text-white focus:outline-none focus:border-primary transition-colors"[31m
            [36m>[31m
              [36m<option[31m
                [33mvalue[31m=[32m"al...[39m
 [31m×[39m src/components/wallet/__tests__/TransactionHistory.test.tsx[2m > [22mTransactionHistory component[2m > [22mFiltering[2m > [22mfilters by reason category[33m 1084[2mms[22m[39m
[31m   → Unable to find role="combobox" and name `/category/i`

Ignored nodes: comments, script, style
[36m<body>[31m
  [36m<div>[31m
    [36m<div[31m
      [33mclass[31m=[32m"space-y-4"[31m
    [36m>[31m
      [36m<div[31m
        [33mclass[31m=[32m"flex flex-wrap items-center justify-between gap-4"[31m
      [36m>[31m
        [36m<div[31m
          [33mclass[31m=[32m"flex items-center space-x-3"[31m
        [36m>[31m
          [36m<svg[31m
            [33maria-hidden[31m=[32m"true"[31m
            [33mclass[31m=[32m"lucide lucide-clock w-6 h-6 text-primary"[31m
            [33mfill[31m=[32m"none"[31m
            [33mheight[31m=[32m"24"[31m
            [33mstroke[31m=[32m"currentColor"[31m
            [33mstroke-linecap[31m=[32m"round"[31m
            [33mstroke-linejoin[31m=[32m"round"[31m
            [33mstroke-width[31m=[32m"2"[31m
            [33mviewBox[31m=[32m"0 0 24 24"[31m
            [33mwidth[31m=[32m"24"[31m
            [33mxmlns[31m=[32m"http://www.w3.org/2000/svg"[31m
          [36m>[31m
            [36m<path[31m
              [33md[31m=[32m"M12 6v6l4 2"[31m
            [36m/>[31m
            [36m<circle[31m
              [33mcx[31m=[32m"12"[31m
              [33mcy[31m=[32m"12"[31m
              [33mr[31m=[32m"10"[31m
            [36m/>[31m
          [36m</svg>[31m
          [36m<div>[31m
            [36m<h2[31m
              [33mclass[31m=[32m"text-xl font-bold text-white"[31m
            [36m>[31m
              [0mTransaction History[0m
            [36m</h2>[31m
            [36m<p[31m
              [33mclass[31m=[32m"text-sm text-gray-400"[31m
            [36m>[31m
              [0mShowing 3 of 3 transactions[0m
            [36m</p>[31m
          [36m</div>[31m
        [36m</div>[31m
        [36m<div[31m
          [33mclass[31m=[32m"flex items-center space-x-2"[31m
        [36m>[31m
          [36m<button[31m
            [33mclass[31m=[32m"flex items-center space-x-2 px-4 py-2 rounded-lg transition-colors bg-surface/50 text-gray-400 hover:bg-surface/70"[31m
          [36m>[31m
            [36m<svg[31m
              [33maria-hidden[31m=[32m"true"[31m
              [33mclass[31m=[32m"lucide lucide-funnel w-4 h-4"[31m
              [33mfill[31m=[32m"none"[31m
              [33mheight[31m=[32m"24"[31m
              [33mstroke[31m=[32m"currentColor"[31m
              [33mstroke-linecap[31m=[32m"round"[31m
              [33mstroke-linejoin[31m=[32m"round"[31m
              [33mstroke-width[31m=[32m"2"[31m
              [33mviewBox[31m=[32m"0 0 24 24"[31m
              [33mwidth[31m=[32m"24"[31m
              [33mxmlns[31m=[32m"http://www.w3.org/2000/svg"[31m
            [36m>[31m
              [36m<path[31m
                [33md[31m=[32m"M10 20a1 1 0 0 0 .553.895l2 1A1 1 0 0 0 14 21v-7a2 2 0 0 1 .517-1.341L21.74 4.67A1 1 0 0 0 21 3H3a1 1 0 0 0-.742 1.67l7.225 7.989A2 2 0 0 1 10 14z"[31m
              [36m/>[31m
            [36m</svg>[31m
            [36m<span>[31m
              [0mFilters[0m
            [36m</span>[31m
          [36m</button>[31m
          [36m<button[31m
            [33mclass[31m=[32m"flex items-center space-x-2 px-4 py-2 bg-gradient-to-r from-purple-600 to-blue-600 text-white rounded-lg font-semibold hover:from-purple-700 hover:to-blue-700 disabled:opacity-50 disabled:cursor-not-allowed transition-all"[31m
          [36m>[31m
            [36m<svg[31m
              [33maria-hidden[31m=[32m"true"[31m
              [33mclass[31m=[32m"lucide lucide-download w-4 h-4"[31m
              [33mfill[31m=[32m"none"[31m
              [33mheight[31m=[32m"24"[31m
              [33mstroke[31m=[32m"currentColor"[31m
              [33mstroke-linecap[31m=[32m"round"[31m
              [33mstroke-linejoin[31m=[32m"round"[31m
              [33mstroke-width[31m=[32m"2"[31m
              [33mviewBox[31m=[32m"0 0 24 24"[31m
              [33mwidth[31m=[32m"24"[31m
              [33mxmlns[31m=[32m"http://www.w3.org/2000/svg"[31m
            [36m>[31m
              [36m<path[31m
                [33md[31m=[32m"M12 15V3"[31m
              [36m/>[31m
              [36m<path[31m
                [33md[31m=[32m"M21 15v4a2 2 0 0 1-2 2H5a2 2 0 0 1-2-2v-4"[31m
              [36m/>[31m
              [36m<path[31m
                [33md[31m=[32m"m7 10 5 5 5-5"[31m
              [36m/>[31m
            [36m</svg>[31m
            [36m<span>[31m
              [0mExport CSV[0m
            [36m</span>[31m
          [36m</button>[31m
        [36m</div>[31m
      [36m</div>[31m
      [36m<div[31m
        [33mclass[31m=[32m"glass p-4 space-y-4"[31m
        [33mstyle[31m=[32m"opacity: 0.5315832310370752; height: auto;"[31m
      [36m>[31m
        [36m<div[31m
          [33mclass[31m=[32m"flex items-center justify-between"[31m
        [36m>[31m
          [36m<h3[31m
            [33mclass[31m=[32m"text-lg font-semibold text-white"[31m
          [36m>[31m
            [0mFilters[0m
          [36m</h3>[31m
        [36m</div>[31m
        [36m<div[31m
          [33mclass[31m=[32m"grid grid-cols-1 md:grid-cols-3 gap-4"[31m
        [36m>[31m
          [36m<div>[31m
            [36m<label[31m
              [33mclass[31m=[32m"block text-sm font-medium text-gray-400 mb-2"[31m
            [36m>[31m
              [0mTransaction Type[0m
            [36m</label>[31m
            [36m<select[31m
              [33mclass[31m=[32m"w-full px-3 py-2 bg-surface/50 border border-white/10 rounded-lg text-white focus:outline-none focus:border-primary transition-colors"[31m
            [36m>[31m
              [36m<option[31m
                [33mvalue[31m=[32m"all"[31m
              [36m>[31m
                [0mAll Types[0m
              [36m</option>[31m
              [36m<option[31m
                [33mvalue[31m=[32m"earn"[31m
              [36m>[31m
                [0mEarn[0m
              [36m</option>[31m
              [36m<option[31m
                [33mvalue[31m=[32m"spend"[31m
              [36m>[31m
                [0mSpend[0m
              [36m</option>[31m
              [36m<option[31m
                [33mvalue[31m=[32m"claim"[31m
              [36m>[31m
                [0mClaim[0m
              [36m</option>[31m
            [36m</select>[31m
          [36m</div>[31m
          [36m<div>[31m
            [36m<label[31m
              [33mclass[31m=[32m"block text-sm font-medium text-gray-400 mb-2"[31m
            [36m>[31m
              [0mDate Range[0m
            [36m</label>[31m
            [36m<select[31m
              [33mclass[31m=[32m"w-full px-3 py-2 bg-surface/50 border border-white/10 rounded-lg text-white focus:outline-none focus:border-primary transition-colors"[31m
            [36m>[31m
              [36m<option[31m
                [33mvalue[31m=[32m"al...

Ignored nodes: comments, script, style
[36m<body>[31m
  [36m<div>[31m
    [36m<div[31m
      [33mclass[31m=[32m"space-y-4"[31m
    [36m>[31m
      [36m<div[31m
        [33mclass[31m=[32m"flex flex-wrap items-center justify-between gap-4"[31m
      [36m>[31m
        [36m<div[31m
          [33mclass[31m=[32m"flex items-center space-x-3"[31m
        [36m>[31m
          [36m<svg[31m
            [33maria-hidden[31m=[32m"true"[31m
            [33mclass[31m=[32m"lucide lucide-clock w-6 h-6 text-primary"[31m
            [33mfill[31m=[32m"none"[31m
            [33mheight[31m=[32m"24"[31m
            [33mstroke[31m=[32m"currentColor"[31m
            [33mstroke-linecap[31m=[32m"round"[31m
            [33mstroke-linejoin[31m=[32m"round"[31m
            [33mstroke-width[31m=[32m"2"[31m
            [33mviewBox[31m=[32m"0 0 24 24"[31m
            [33mwidth[31m=[32m"24"[31m
            [33mxmlns[31m=[32m"http://www.w3.org/2000/svg"[31m
          [36m>[31m
            [36m<path[31m
              [33md[31m=[32m"M12 6v6l4 2"[31m
            [36m/>[31m
            [36m<circle[31m
              [33mcx[31m=[32m"12"[31m
              [33mcy[31m=[32m"12"[31m
              [33mr[31m=[32m"10"[31m
            [36m/>[31m
          [36m</svg>[31m
          [36m<div>[31m
            [36m<h2[31m
              [33mclass[31m=[32m"text-xl font-bold text-white"[31m
            [36m>[31m
              [0mTransaction History[0m
            [36m</h2>[31m
            [36m<p[31m
              [33mclass[31m=[32m"text-sm text-gray-400"[31m
            [36m>[31m
              [0mShowing 3 of 3 transactions[0m
            [36m</p>[31m
          [36m</div>[31m
        [36m</div>[31m
        [36m<div[31m
          [33mclass[31m=[32m"flex items-center space-x-2"[31m
        [36m>[31m
          [36m<button[31m
            [33mclass[31m=[32m"flex items-center space-x-2 px-4 py-2 rounded-lg transition-colors bg-surface/50 text-gray-400 hover:bg-surface/70"[31m
          [36m>[31m
            [36m<svg[31m
              [33maria-hidden[31m=[32m"true"[31m
              [33mclass[31m=[32m"lucide lucide-funnel w-4 h-4"[31m
              [33mfill[31m=[32m"none"[31m
              [33mheight[31m=[32m"24"[31m
              [33mstroke[31m=[32m"currentColor"[31m
              [33mstroke-linecap[31m=[32m"round"[31m
              [33mstroke-linejoin[31m=[32m"round"[31m
              [33mstroke-width[31m=[32m"2"[31m
              [33mviewBox[31m=[32m"0 0 24 24"[31m
              [33mwidth[31m=[32m"24"[31m
              [33mxmlns[31m=[32m"http://www.w3.org/2000/svg"[31m
            [36m>[31m
              [36m<path[31m
                [33md[31m=[32m"M10 20a1 1 0 0 0 .553.895l2 1A1 1 0 0 0 14 21v-7a2 2 0 0 1 .517-1.341L21.74 4.67A1 1 0 0 0 21 3H3a1 1 0 0 0-.742 1.67l7.225 7.989A2 2 0 0 1 10 14z"[31m
              [36m/>[31m
            [36m</svg>[31m
            [36m<span>[31m
              [0mFilters[0m
            [36m</span>[31m
          [36m</button>[31m
          [36m<button[31m
            [33mclass[31m=[32m"flex items-center space-x-2 px-4 py-2 bg-gradient-to-r from-purple-600 to-blue-600 text-white rounded-lg font-semibold hover:from-purple-700 hover:to-blue-700 disabled:opacity-50 disabled:cursor-not-allowed transition-all"[31m
          [36m>[31m
            [36m<svg[31m
              [33maria-hidden[31m=[32m"true"[31m
              [33mclass[31m=[32m"lucide lucide-download w-4 h-4"[31m
              [33mfill[31m=[32m"none"[31m
              [33mheight[31m=[32m"24"[31m
              [33mstroke[31m=[32m"currentColor"[31m
              [33mstroke-linecap[31m=[32m"round"[31m
              [33mstroke-linejoin[31m=[32m"round"[31m
              [33mstroke-width[31m=[32m"2"[31m
              [33mviewBox[31m=[32m"0 0 24 24"[31m
              [33mwidth[31m=[32m"24"[31m
              [33mxmlns[31m=[32m"http://www.w3.org/2000/svg"[31m
            [36m>[31m
              [36m<path[31m
                [33md[31m=[32m"M12 15V3"[31m
              [36m/>[31m
              [36m<path[31m
                [33md[31m=[32m"M21 15v4a2 2 0 0 1-2 2H5a2 2 0 0 1-2-2v-4"[31m
              [36m/>[31m
              [36m<path[31m
                [33md[31m=[32m"m7 10 5 5 5-5"[31m
              [36m/>[31m
            [36m</svg>[31m
            [36m<span>[31m
              [0mExport CSV[0m
            [36m</span>[31m
          [36m</button>[31m
        [36m</div>[31m
      [36m</div>[31m
      [36m<div[31m
        [33mclass[31m=[32m"glass p-4 space-y-4"[31m
        [33mstyle[31m=[32m"opacity: 0.5315832310370752; height: auto;"[31m
      [36m>[31m
        [36m<div[31m
          [33mclass[31m=[32m"flex items-center justify-between"[31m
        [36m>[31m
          [36m<h3[31m
            [33mclass[31m=[32m"text-lg font-semibold text-white"[31m
          [36m>[31m
            [0mFilters[0m
          [36m</h3>[31m
        [36m</div>[31m
        [36m<div[31m
          [33mclass[31m=[32m"grid grid-cols-1 md:grid-cols-3 gap-4"[31m
        [36m>[31m
          [36m<div>[31m
            [36m<label[31m
              [33mclass[31m=[32m"block text-sm font-medium text-gray-400 mb-2"[31m
            [36m>[31m
              [0mTransaction Type[0m
            [36m</label>[31m
            [36m<select[31m
              [33mclass[31m=[32m"w-full px-3 py-2 bg-surface/50 border border-white/10 rounded-lg text-white focus:outline-none focus:border-primary transition-colors"[31m
            [36m>[31m
              [36m<option[31m
                [33mvalue[31m=[32m"all"[31m
              [36m>[31m
                [0mAll Types[0m
              [36m</option>[31m
              [36m<option[31m
                [33mvalue[31m=[32m"earn"[31m
              [36m>[31m
                [0mEarn[0m
              [36m</option>[31m
              [36m<option[31m
                [33mvalue[31m=[32m"spend"[31m
              [36m>[31m
                [0mSpend[0m
              [36m</option>[31m
              [36m<option[31m
                [33mvalue[31m=[32m"claim"[31m
              [36m>[31m
                [0mClaim[0m
              [36m</option>[31m
            [36m</select>[31m
          [36m</div>[31m
          [36m<div>[31m
            [36m<label[31m
              [33mclass[31m=[32m"block text-sm font-medium text-gray-400 mb-2"[31m
            [36m>[31m
              [0mDate Range[0m
            [36m</label>[31m
            [36m<select[31m
              [33mclass[31m=[32m"w-full px-3 py-2 bg-surface/50 border border-white/10 rounded-lg text-white focus:outline-none focus:border-primary transition-colors"[31m
            [36m>[31m
              [36m<option[31m
                [33mvalue[31m=[32m"al...[39m
 [32m✓[39m src/components/wallet/__tests__/TransactionHistory.test.tsx[2m > [22mTransactionHistory component[2m > [22mFiltering[2m > [22mreveals custom date range inputs when selecting custom date filter[32m 124[2mms[22m[39m
 [31m×[39m src/components/wallet/__tests__/TransactionHistory.test.tsx[2m > [22mTransactionHistory component[2m > [22mFiltering[2m > [22mshows custom date range inputs when selected[33m 1080[2mms[22m[39m
[31m   → Unable to find role="combobox" and name `/date range/i`

Ignored nodes: comments, script, style
[36m<body>[31m
  [36m<div>[31m
    [36m<div[31m
      [33mclass[31m=[32m"space-y-4"[31m
    [36m>[31m
      [36m<div[31m
        [33mclass[31m=[32m"flex flex-wrap items-center justify-between gap-4"[31m
      [36m>[31m
        [36m<div[31m
          [33mclass[31m=[32m"flex items-center space-x-3"[31m
        [36m>[31m
          [36m<svg[31m
            [33maria-hidden[31m=[32m"true"[31m
            [33mclass[31m=[32m"lucide lucide-clock w-6 h-6 text-primary"[31m
            [33mfill[31m=[32m"none"[31m
            [33mheight[31m=[32m"24"[31m
            [33mstroke[31m=[32m"currentColor"[31m
            [33mstroke-linecap[31m=[32m"round"[31m
            [33mstroke-linejoin[31m=[32m"round"[31m
            [33mstroke-width[31m=[32m"2"[31m
            [33mviewBox[31m=[32m"0 0 24 24"[31m
            [33mwidth[31m=[32m"24"[31m
            [33mxmlns[31m=[32m"http://www.w3.org/2000/svg"[31m
          [36m>[31m
            [36m<path[31m
              [33md[31m=[32m"M12 6v6l4 2"[31m
            [36m/>[31m
            [36m<circle[31m
              [33mcx[31m=[32m"12"[31m
              [33mcy[31m=[32m"12"[31m
              [33mr[31m=[32m"10"[31m
            [36m/>[31m
          [36m</svg>[31m
          [36m<div>[31m
            [36m<h2[31m
              [33mclass[31m=[32m"text-xl font-bold text-white"[31m
            [36m>[31m
              [0mTransaction History[0m
            [36m</h2>[31m
            [36m<p[31m
              [33mclass[31m=[32m"text-sm text-gray-400"[31m
            [36m>[31m
              [0mShowing 2 of 2 transactions[0m
            [36m</p>[31m
          [36m</div>[31m
        [36m</div>[31m
        [36m<div[31m
          [33mclass[31m=[32m"flex items-center space-x-2"[31m
        [36m>[31m
          [36m<button[31m
            [33mclass[31m=[32m"flex items-center space-x-2 px-4 py-2 rounded-lg transition-colors bg-surface/50 text-gray-400 hover:bg-surface/70"[31m
          [36m>[31m
            [36m<svg[31m
              [33maria-hidden[31m=[32m"true"[31m
              [33mclass[31m=[32m"lucide lucide-funnel w-4 h-4"[31m
              [33mfill[31m=[32m"none"[31m
              [33mheight[31m=[32m"24"[31m
              [33mstroke[31m=[32m"currentColor"[31m
              [33mstroke-linecap[31m=[32m"round"[31m
              [33mstroke-linejoin[31m=[32m"round"[31m
              [33mstroke-width[31m=[32m"2"[31m
              [33mviewBox[31m=[32m"0 0 24 24"[31m
              [33mwidth[31m=[32m"24"[31m
              [33mxmlns[31m=[32m"http://www.w3.org/2000/svg"[31m
            [36m>[31m
              [36m<path[31m
                [33md[31m=[32m"M10 20a1 1 0 0 0 .553.895l2 1A1 1 0 0 0 14 21v-7a2 2 0 0 1 .517-1.341L21.74 4.67A1 1 0 0 0 21 3H3a1 1 0 0 0-.742 1.67l7.225 7.989A2 2 0 0 1 10 14z"[31m
              [36m/>[31m
            [36m</svg>[31m
            [36m<span>[31m
              [0mFilters[0m
            [36m</span>[31m
          [36m</button>[31m
          [36m<button[31m
            [33mclass[31m=[32m"flex items-center space-x-2 px-4 py-2 bg-gradient-to-r from-purple-600 to-blue-600 text-white rounded-lg font-semibold hover:from-purple-700 hover:to-blue-700 disabled:opacity-50 disabled:cursor-not-allowed transition-all"[31m
          [36m>[31m
            [36m<svg[31m
              [33maria-hidden[31m=[32m"true"[31m
              [33mclass[31m=[32m"lucide lucide-download w-4 h-4"[31m
              [33mfill[31m=[32m"none"[31m
              [33mheight[31m=[32m"24"[31m
              [33mstroke[31m=[32m"currentColor"[31m
              [33mstroke-linecap[31m=[32m"round"[31m
              [33mstroke-linejoin[31m=[32m"round"[31m
              [33mstroke-width[31m=[32m"2"[31m
              [33mviewBox[31m=[32m"0 0 24 24"[31m
              [33mwidth[31m=[32m"24"[31m
              [33mxmlns[31m=[32m"http://www.w3.org/2000/svg"[31m
            [36m>[31m
              [36m<path[31m
                [33md[31m=[32m"M12 15V3"[31m
              [36m/>[31m
              [36m<path[31m
                [33md[31m=[32m"M21 15v4a2 2 0 0 1-2 2H5a2 2 0 0 1-2-2v-4"[31m
              [36m/>[31m
              [36m<path[31m
                [33md[31m=[32m"m7 10 5 5 5-5"[31m
              [36m/>[31m
            [36m</svg>[31m
            [36m<span>[31m
              [0mExport CSV[0m
            [36m</span>[31m
          [36m</button>[31m
        [36m</div>[31m
      [36m</div>[31m
      [36m<div[31m
        [33mclass[31m=[32m"glass p-4 space-y-4"[31m
        [33mstyle[31m=[32m"opacity: 0.5315832310370752; height: auto;"[31m
      [36m>[31m
        [36m<div[31m
          [33mclass[31m=[32m"flex items-center justify-between"[31m
        [36m>[31m
          [36m<h3[31m
            [33mclass[31m=[32m"text-lg font-semibold text-white"[31m
          [36m>[31m
            [0mFilters[0m
          [36m</h3>[31m
        [36m</div>[31m
        [36m<div[31m
          [33mclass[31m=[32m"grid grid-cols-1 md:grid-cols-3 gap-4"[31m
        [36m>[31m
          [36m<div>[31m
            [36m<label[31m
              [33mclass[31m=[32m"block text-sm font-medium text-gray-400 mb-2"[31m
            [36m>[31m
              [0mTransaction Type[0m
            [36m</label>[31m
            [36m<select[31m
              [33mclass[31m=[32m"w-full px-3 py-2 bg-surface/50 border border-white/10 rounded-lg text-white focus:outline-none focus:border-primary transition-colors"[31m
            [36m>[31m
              [36m<option[31m
                [33mvalue[31m=[32m"all"[31m
              [36m>[31m
                [0mAll Types[0m
              [36m</option>[31m
              [36m<option[31m
                [33mvalue[31m=[32m"earn"[31m
              [36m>[31m
                [0mEarn[0m
              [36m</option>[31m
              [36m<option[31m
                [33mvalue[31m=[32m"spend"[31m
              [36m>[31m
                [0mSpend[0m
              [36m</option>[31m
              [36m<option[31m
                [33mvalue[31m=[32m"claim"[31m
              [36m>[31m
                [0mClaim[0m
              [36m</option>[31m
            [36m</select>[31m
          [36m</div>[31m
          [36m<div>[31m
            [36m<label[31m
              [33mclass[31m=[32m"block text-sm font-medium text-gray-400 mb-2"[31m
            [36m>[31m
              [0mDate Range[0m
            [36m</label>[31m
            [36m<select[31m
              [33mclass[31m=[32m"w-full px-3 py-2 bg-surface/50 border border-white/10 rounded-lg text-white focus:outline-none focus:border-primary transition-colors"[31m
            [36m>[31m
              [36m<option[31m
                [33mvalue[31m=[32m"al...

Ignored nodes: comments, script, style
[36m<body>[31m
  [36m<div>[31m
    [36m<div[31m
      [33mclass[31m=[32m"space-y-4"[31m
    [36m>[31m
      [36m<div[31m
        [33mclass[31m=[32m"flex flex-wrap items-center justify-between gap-4"[31m
      [36m>[31m
        [36m<div[31m
          [33mclass[31m=[32m"flex items-center space-x-3"[31m
        [36m>[31m
          [36m<svg[31m
            [33maria-hidden[31m=[32m"true"[31m
            [33mclass[31m=[32m"lucide lucide-clock w-6 h-6 text-primary"[31m
            [33mfill[31m=[32m"none"[31m
            [33mheight[31m=[32m"24"[31m
            [33mstroke[31m=[32m"currentColor"[31m
            [33mstroke-linecap[31m=[32m"round"[31m
            [33mstroke-linejoin[31m=[32m"round"[31m
            [33mstroke-width[31m=[32m"2"[31m
            [33mviewBox[31m=[32m"0 0 24 24"[31m
            [33mwidth[31m=[32m"24"[31m
            [33mxmlns[31m=[32m"http://www.w3.org/2000/svg"[31m
          [36m>[31m
            [36m<path[31m
              [33md[31m=[32m"M12 6v6l4 2"[31m
            [36m/>[31m
            [36m<circle[31m
              [33mcx[31m=[32m"12"[31m
              [33mcy[31m=[32m"12"[31m
              [33mr[31m=[32m"10"[31m
            [36m/>[31m
          [36m</svg>[31m
          [36m<div>[31m
            [36m<h2[31m
              [33mclass[31m=[32m"text-xl font-bold text-white"[31m
            [36m>[31m
              [0mTransaction History[0m
            [36m</h2>[31m
            [36m<p[31m
              [33mclass[31m=[32m"text-sm text-gray-400"[31m
            [36m>[31m
              [0mShowing 2 of 2 transactions[0m
            [36m</p>[31m
          [36m</div>[31m
        [36m</div>[31m
        [36m<div[31m
          [33mclass[31m=[32m"flex items-center space-x-2"[31m
        [36m>[31m
          [36m<button[31m
            [33mclass[31m=[32m"flex items-center space-x-2 px-4 py-2 rounded-lg transition-colors bg-surface/50 text-gray-400 hover:bg-surface/70"[31m
          [36m>[31m
            [36m<svg[31m
              [33maria-hidden[31m=[32m"true"[31m
              [33mclass[31m=[32m"lucide lucide-funnel w-4 h-4"[31m
              [33mfill[31m=[32m"none"[31m
              [33mheight[31m=[32m"24"[31m
              [33mstroke[31m=[32m"currentColor"[31m
              [33mstroke-linecap[31m=[32m"round"[31m
              [33mstroke-linejoin[31m=[32m"round"[31m
              [33mstroke-width[31m=[32m"2"[31m
              [33mviewBox[31m=[32m"0 0 24 24"[31m
              [33mwidth[31m=[32m"24"[31m
              [33mxmlns[31m=[32m"http://www.w3.org/2000/svg"[31m
            [36m>[31m
              [36m<path[31m
                [33md[31m=[32m"M10 20a1 1 0 0 0 .553.895l2 1A1 1 0 0 0 14 21v-7a2 2 0 0 1 .517-1.341L21.74 4.67A1 1 0 0 0 21 3H3a1 1 0 0 0-.742 1.67l7.225 7.989A2 2 0 0 1 10 14z"[31m
              [36m/>[31m
            [36m</svg>[31m
            [36m<span>[31m
              [0mFilters[0m
            [36m</span>[31m
          [36m</button>[31m
          [36m<button[31m
            [33mclass[31m=[32m"flex items-center space-x-2 px-4 py-2 bg-gradient-to-r from-purple-600 to-blue-600 text-white rounded-lg font-semibold hover:from-purple-700 hover:to-blue-700 disabled:opacity-50 disabled:cursor-not-allowed transition-all"[31m
          [36m>[31m
            [36m<svg[31m
              [33maria-hidden[31m=[32m"true"[31m
              [33mclass[31m=[32m"lucide lucide-download w-4 h-4"[31m
              [33mfill[31m=[32m"none"[31m
              [33mheight[31m=[32m"24"[31m
              [33mstroke[31m=[32m"currentColor"[31m
              [33mstroke-linecap[31m=[32m"round"[31m
              [33mstroke-linejoin[31m=[32m"round"[31m
              [33mstroke-width[31m=[32m"2"[31m
              [33mviewBox[31m=[32m"0 0 24 24"[31m
              [33mwidth[31m=[32m"24"[31m
              [33mxmlns[31m=[32m"http://www.w3.org/2000/svg"[31m
            [36m>[31m
              [36m<path[31m
                [33md[31m=[32m"M12 15V3"[31m
              [36m/>[31m
              [36m<path[31m
                [33md[31m=[32m"M21 15v4a2 2 0 0 1-2 2H5a2 2 0 0 1-2-2v-4"[31m
              [36m/>[31m
              [36m<path[31m
                [33md[31m=[32m"m7 10 5 5 5-5"[31m
              [36m/>[31m
            [36m</svg>[31m
            [36m<span>[31m
              [0mExport CSV[0m
            [36m</span>[31m
          [36m</button>[31m
        [36m</div>[31m
      [36m</div>[31m
      [36m<div[31m
        [33mclass[31m=[32m"glass p-4 space-y-4"[31m
        [33mstyle[31m=[32m"opacity: 0.5315832310370752; height: auto;"[31m
      [36m>[31m
        [36m<div[31m
          [33mclass[31m=[32m"flex items-center justify-between"[31m
        [36m>[31m
          [36m<h3[31m
            [33mclass[31m=[32m"text-lg font-semibold text-white"[31m
          [36m>[31m
            [0mFilters[0m
          [36m</h3>[31m
        [36m</div>[31m
        [36m<div[31m
          [33mclass[31m=[32m"grid grid-cols-1 md:grid-cols-3 gap-4"[31m
        [36m>[31m
          [36m<div>[31m
            [36m<label[31m
              [33mclass[31m=[32m"block text-sm font-medium text-gray-400 mb-2"[31m
            [36m>[31m
              [0mTransaction Type[0m
            [36m</label>[31m
            [36m<select[31m
              [33mclass[31m=[32m"w-full px-3 py-2 bg-surface/50 border border-white/10 rounded-lg text-white focus:outline-none focus:border-primary transition-colors"[31m
            [36m>[31m
              [36m<option[31m
                [33mvalue[31m=[32m"all"[31m
              [36m>[31m
                [0mAll Types[0m
              [36m</option>[31m
              [36m<option[31m
                [33mvalue[31m=[32m"earn"[31m
              [36m>[31m
                [0mEarn[0m
              [36m</option>[31m
              [36m<option[31m
                [33mvalue[31m=[32m"spend"[31m
              [36m>[31m
                [0mSpend[0m
              [36m</option>[31m
              [36m<option[31m
                [33mvalue[31m=[32m"claim"[31m
              [36m>[31m
                [0mClaim[0m
              [36m</option>[31m
            [36m</select>[31m
          [36m</div>[31m
          [36m<div>[31m
            [36m<label[31m
              [33mclass[31m=[32m"block text-sm font-medium text-gray-400 mb-2"[31m
            [36m>[31m
              [0mDate Range[0m
            [36m</label>[31m
            [36m<select[31m
              [33mclass[31m=[32m"w-full px-3 py-2 bg-surface/50 border border-white/10 rounded-lg text-white focus:outline-none focus:border-primary transition-colors"[31m
            [36m>[31m
              [36m<option[31m
                [33mvalue[31m=[32m"al...[39m
[90mstdout[2m | src/lib/__tests__/walletNetworks.integration.test.ts
[22m[39mMigrating wallet data from v1...
Migration complete: { balance: [33m0[39m, pending: [33m0[39m, totalEarned: [33m0[39m, transactionCount: [33m0[39m }

 [32m✓[39m src/lib/__tests__/walletNetworks.integration.test.ts[2m > [22mWallet Networks Integration Tests[2m > [22mMulti-Network Wallet Connections[2m > [22mshould connect to mainnet wallet successfully[32m 2[2mms[22m[39m
 [32m✓[39m src/lib/__tests__/walletNetworks.integration.test.ts[2m > [22mWallet Networks Integration Tests[2m > [22mMulti-Network Wallet Connections[2m > [22mshould connect to polygon wallet successfully[32m 2[2mms[22m[39m
 [32m✓[39m src/lib/__tests__/walletNetworks.integration.test.ts[2m > [22mWallet Networks Integration Tests[2m > [22mMulti-Network Wallet Connections[2m > [22mshould connect to base wallet successfully[32m 1[2mms[22m[39m
 [32m✓[39m src/lib/__tests__/walletNetworks.integration.test.ts[2m > [22mWallet Networks Integration Tests[2m > [22mMulti-Network Wallet Connections[2m > [22mshould handle wallet disconnection gracefully[32m 1[2mms[22m[39m
 [32m✓[39m src/lib/__tests__/walletNetworks.integration.test.ts[2m > [22mWallet Networks Integration Tests[2m > [22mNetwork Switching[2m > [22mshould switch from mainnet to polygon and update state[32m 2[2mms[22m[39m
 [32m✓[39m src/lib/__tests__/walletNetworks.integration.test.ts[2m > [22mWallet Networks Integration Tests[2m > [22mNetwork Switching[2m > [22mshould switch from polygon to base and update state[32m 1[2mms[22m[39m
 [32m✓[39m src/lib/__tests__/walletNetworks.integration.test.ts[2m > [22mWallet Networks Integration Tests[2m > [22mNetwork Switching[2m > [22mshould handle network switching errors gracefully[32m 2[2mms[22m[39m
 [32m✓[39m src/lib/__tests__/walletNetworks.integration.test.ts[2m > [22mWallet Networks Integration Tests[2m > [22mNetwork Switching[2m > [22mshould update chain balances when switching networks[32m 1[2mms[22m[39m
 [32m✓[39m src/lib/__tests__/walletNetworks.integration.test.ts[2m > [22mWallet Networks Integration Tests[2m > [22mBridge Queue Operations[2m > [22mshould queue claim transaction on mainnet[32m 2[2mms[22m[39m
 [32m✓[39m src/lib/__tests__/walletNetworks.integration.test.ts[2m > [22mWallet Networks Integration Tests[2m > [22mBridge Queue Operations[2m > [22mshould queue burn transaction on polygon[32m 1[2mms[22m[39m
 [32m✓[39m src/lib/__tests__/walletNetworks.integration.test.ts[2m > [22mWallet Networks Integration Tests[2m > [22mBridge Queue Operations[2m > [22mshould maintain separate transaction queues per network[32m 1[2mms[22m[39m
 [32m✓[39m src/lib/__tests__/walletNetworks.integration.test.ts[2m > [22mWallet Networks Integration Tests[2m > [22mBridge Queue Operations[2m > [22mshould emit transaction events for queue updates[32m 3[2mms[22m[39m
 [32m✓[39m src/lib/__tests__/walletNetworks.integration.test.ts[2m > [22mWallet Networks Integration Tests[2m > [22mTransaction History and Notifications[2m > [22mshould track transaction history across networks[32m 1[2mms[22m[39m
 [32m✓[39m src/lib/__tests__/walletNetworks.integration.test.ts[2m > [22mWallet Networks Integration Tests[2m > [22mTransaction History and Notifications[2m > [22mshould trigger notification logic on successful transactions[32m 1[2mms[22m[39m
 [32m✓[39m src/lib/__tests__/walletNetworks.integration.test.ts[2m > [22mWallet Networks Integration Tests[2m > [22mTransaction History and Notifications[2m > [22mshould handle optimistic updates correctly[32m 1[2mms[22m[39m
 [32m✓[39m src/lib/__tests__/walletNetworks.integration.test.ts[2m > [22mWallet Networks Integration Tests[2m > [22mPrivacy Guardrails[2m > [22mshould handle sensitive addresses securely[32m 1[2mms[22m[39m
 [32m✓[39m src/lib/__tests__/walletNetworks.integration.test.ts[2m > [22mWallet Networks Integration Tests[2m > [22mPrivacy Guardrails[2m > [22mshould not expose full wallet addresses in error messages[32m 1[2mms[22m[39m
 [32m✓[39m src/lib/__tests__/walletNetworks.integration.test.ts[2m > [22mWallet Networks Integration Tests[2m > [22mPrivacy Guardrails[2m > [22mshould handle anonymous wallet operations[32m 0[2mms[22m[39m
 [32m✓[39m src/lib/__tests__/walletNetworks.integration.test.ts[2m > [22mWallet Networks Integration Tests[2m > [22mUnsupported Network Detection[2m > [22mshould detect unsupported networks[32m 0[2mms[22m[39m
 [32m✓[39m src/lib/__tests__/walletNetworks.integration.test.ts[2m > [22mWallet Networks Integration Tests[2m > [22mUnsupported Network Detection[2m > [22mshould fallback to default chain for unsupported networks[32m 0[2mms[22m[39m
 [32m✓[39m src/lib/__tests__/walletNetworks.integration.test.ts[2m > [22mWallet Networks Integration Tests[2m > [22mUnsupported Network Detection[2m > [22mshould show appropriate error for unsupported networks[32m 0[2mms[22m[39m
 [32m✓[39m src/lib/__tests__/walletNetworks.integration.test.ts[2m > [22mWallet Networks Integration Tests[2m > [22mState Cleanup and Restoration[2m > [22mshould clean up mocks between test runs[32m 1[2mms[22m[39m
 [32m✓[39m src/lib/__tests__/walletNetworks.integration.test.ts[2m > [22mWallet Networks Integration Tests[2m > [22mState Cleanup and Restoration[2m > [22mshould restore global state after tests[32m 1[2mms[22m[39m
 [32m✓[39m src/lib/__tests__/walletNetworks.integration.test.ts[2m > [22mWallet Networks Integration Tests[2m > [22mState Cleanup and Restoration[2m > [22mshould handle bridge destruction properly[32m 0[2mms[22m[39m
 [32m✓[39m src/lib/__tests__/walletNetworks.integration.test.ts[2m > [22mWallet Networks Integration Tests[2m > [22mEdge Cases[2m > [22mshould handle rapid network switching[32m 0[2mms[22m[39m
 [32m✓[39m src/lib/__tests__/walletNetworks.integration.test.ts[2m > [22mWallet Networks Integration Tests[2m > [22mEdge Cases[2m > [22mshould handle concurrent transactions on different networks[32m 1[2mms[22m[39m
 [32m✓[39m src/lib/__tests__/walletNetworks.integration.test.ts[2m > [22mWallet Networks Integration Tests[2m > [22mEdge Cases[2m > [22mshould handle wallet reconnection after disconnection[32m 0[2mms[22m[39m
 [31m×[39m src/components/wallet/__tests__/TransactionHistory.test.tsx[2m > [22mTransactionHistory component[2m > [22mFiltering[2m > [22mclears all filters[33m 1081[2mms[22m[39m
[31m   → Unable to find role="combobox" and name `/transaction type/i`

Ignored nodes: comments, script, style
[36m<body>[31m
  [36m<div>[31m
    [36m<div[31m
      [33mclass[31m=[32m"space-y-4"[31m
    [36m>[31m
      [36m<div[31m
        [33mclass[31m=[32m"flex flex-wrap items-center justify-between gap-4"[31m
      [36m>[31m
        [36m<div[31m
          [33mclass[31m=[32m"flex items-center space-x-3"[31m
        [36m>[31m
          [36m<svg[31m
            [33maria-hidden[31m=[32m"true"[31m
            [33mclass[31m=[32m"lucide lucide-clock w-6 h-6 text-primary"[31m
            [33mfill[31m=[32m"none"[31m
            [33mheight[31m=[32m"24"[31m
            [33mstroke[31m=[32m"currentColor"[31m
            [33mstroke-linecap[31m=[32m"round"[31m
            [33mstroke-linejoin[31m=[32m"round"[31m
            [33mstroke-width[31m=[32m"2"[31m
            [33mviewBox[31m=[32m"0 0 24 24"[31m
            [33mwidth[31m=[32m"24"[31m
            [33mxmlns[31m=[32m"http://www.w3.org/2000/svg"[31m
          [36m>[31m
            [36m<path[31m
              [33md[31m=[32m"M12 6v6l4 2"[31m
            [36m/>[31m
            [36m<circle[31m
              [33mcx[31m=[32m"12"[31m
              [33mcy[31m=[32m"12"[31m
              [33mr[31m=[32m"10"[31m
            [36m/>[31m
          [36m</svg>[31m
          [36m<div>[31m
            [36m<h2[31m
              [33mclass[31m=[32m"text-xl font-bold text-white"[31m
            [36m>[31m
              [0mTransaction History[0m
            [36m</h2>[31m
            [36m<p[31m
              [33mclass[31m=[32m"text-sm text-gray-400"[31m
            [36m>[31m
              [0mShowing 2 of 2 transactions[0m
            [36m</p>[31m
          [36m</div>[31m
        [36m</div>[31m
        [36m<div[31m
          [33mclass[31m=[32m"flex items-center space-x-2"[31m
        [36m>[31m
          [36m<button[31m
            [33mclass[31m=[32m"flex items-center space-x-2 px-4 py-2 rounded-lg transition-colors bg-surface/50 text-gray-400 hover:bg-surface/70"[31m
          [36m>[31m
            [36m<svg[31m
              [33maria-hidden[31m=[32m"true"[31m
              [33mclass[31m=[32m"lucide lucide-funnel w-4 h-4"[31m
              [33mfill[31m=[32m"none"[31m
              [33mheight[31m=[32m"24"[31m
              [33mstroke[31m=[32m"currentColor"[31m
              [33mstroke-linecap[31m=[32m"round"[31m
              [33mstroke-linejoin[31m=[32m"round"[31m
              [33mstroke-width[31m=[32m"2"[31m
              [33mviewBox[31m=[32m"0 0 24 24"[31m
              [33mwidth[31m=[32m"24"[31m
              [33mxmlns[31m=[32m"http://www.w3.org/2000/svg"[31m
            [36m>[31m
              [36m<path[31m
                [33md[31m=[32m"M10 20a1 1 0 0 0 .553.895l2 1A1 1 0 0 0 14 21v-7a2 2 0 0 1 .517-1.341L21.74 4.67A1 1 0 0 0 21 3H3a1 1 0 0 0-.742 1.67l7.225 7.989A2 2 0 0 1 10 14z"[31m
              [36m/>[31m
            [36m</svg>[31m
            [36m<span>[31m
              [0mFilters[0m
            [36m</span>[31m
          [36m</button>[31m
          [36m<button[31m
            [33mclass[31m=[32m"flex items-center space-x-2 px-4 py-2 bg-gradient-to-r from-purple-600 to-blue-600 text-white rounded-lg font-semibold hover:from-purple-700 hover:to-blue-700 disabled:opacity-50 disabled:cursor-not-allowed transition-all"[31m
          [36m>[31m
            [36m<svg[31m
              [33maria-hidden[31m=[32m"true"[31m
              [33mclass[31m=[32m"lucide lucide-download w-4 h-4"[31m
              [33mfill[31m=[32m"none"[31m
              [33mheight[31m=[32m"24"[31m
              [33mstroke[31m=[32m"currentColor"[31m
              [33mstroke-linecap[31m=[32m"round"[31m
              [33mstroke-linejoin[31m=[32m"round"[31m
              [33mstroke-width[31m=[32m"2"[31m
              [33mviewBox[31m=[32m"0 0 24 24"[31m
              [33mwidth[31m=[32m"24"[31m
              [33mxmlns[31m=[32m"http://www.w3.org/2000/svg"[31m
            [36m>[31m
              [36m<path[31m
                [33md[31m=[32m"M12 15V3"[31m
              [36m/>[31m
              [36m<path[31m
                [33md[31m=[32m"M21 15v4a2 2 0 0 1-2 2H5a2 2 0 0 1-2-2v-4"[31m
              [36m/>[31m
              [36m<path[31m
                [33md[31m=[32m"m7 10 5 5 5-5"[31m
              [36m/>[31m
            [36m</svg>[31m
            [36m<span>[31m
              [0mExport CSV[0m
            [36m</span>[31m
          [36m</button>[31m
        [36m</div>[31m
      [36m</div>[31m
      [36m<div[31m
        [33mclass[31m=[32m"glass p-4 space-y-4"[31m
        [33mstyle[31m=[32m"opacity: 0.47229174820677144; height: auto;"[31m
      [36m>[31m
        [36m<div[31m
          [33mclass[31m=[32m"flex items-center justify-between"[31m
        [36m>[31m
          [36m<h3[31m
            [33mclass[31m=[32m"text-lg font-semibold text-white"[31m
          [36m>[31m
            [0mFilters[0m
          [36m</h3>[31m
        [36m</div>[31m
        [36m<div[31m
          [33mclass[31m=[32m"grid grid-cols-1 md:grid-cols-3 gap-4"[31m
        [36m>[31m
          [36m<div>[31m
            [36m<label[31m
              [33mclass[31m=[32m"block text-sm font-medium text-gray-400 mb-2"[31m
            [36m>[31m
              [0mTransaction Type[0m
            [36m</label>[31m
            [36m<select[31m
              [33mclass[31m=[32m"w-full px-3 py-2 bg-surface/50 border border-white/10 rounded-lg text-white focus:outline-none focus:border-primary transition-colors"[31m
            [36m>[31m
              [36m<option[31m
                [33mvalue[31m=[32m"all"[31m
              [36m>[31m
                [0mAll Types[0m
              [36m</option>[31m
              [36m<option[31m
                [33mvalue[31m=[32m"earn"[31m
              [36m>[31m
                [0mEarn[0m
              [36m</option>[31m
              [36m<option[31m
                [33mvalue[31m=[32m"spend"[31m
              [36m>[31m
                [0mSpend[0m
              [36m</option>[31m
              [36m<option[31m
                [33mvalue[31m=[32m"claim"[31m
              [36m>[31m
                [0mClaim[0m
              [36m</option>[31m
            [36m</select>[31m
          [36m</div>[31m
          [36m<div>[31m
            [36m<label[31m
              [33mclass[31m=[32m"block text-sm font-medium text-gray-400 mb-2"[31m
            [36m>[31m
              [0mDate Range[0m
            [36m</label>[31m
            [36m<select[31m
              [33mclass[31m=[32m"w-full px-3 py-2 bg-surface/50 border border-white/10 rounded-lg text-white focus:outline-none focus:border-primary transition-colors"[31m
            [36m>[31m
              [36m<option[31m
                [33mvalue[31m=[32m"a...

Ignored nodes: comments, script, style
[36m<body>[31m
  [36m<div>[31m
    [36m<div[31m
      [33mclass[31m=[32m"space-y-4"[31m
    [36m>[31m
      [36m<div[31m
        [33mclass[31m=[32m"flex flex-wrap items-center justify-between gap-4"[31m
      [36m>[31m
        [36m<div[31m
          [33mclass[31m=[32m"flex items-center space-x-3"[31m
        [36m>[31m
          [36m<svg[31m
            [33maria-hidden[31m=[32m"true"[31m
            [33mclass[31m=[32m"lucide lucide-clock w-6 h-6 text-primary"[31m
            [33mfill[31m=[32m"none"[31m
            [33mheight[31m=[32m"24"[31m
            [33mstroke[31m=[32m"currentColor"[31m
            [33mstroke-linecap[31m=[32m"round"[31m
            [33mstroke-linejoin[31m=[32m"round"[31m
            [33mstroke-width[31m=[32m"2"[31m
            [33mviewBox[31m=[32m"0 0 24 24"[31m
            [33mwidth[31m=[32m"24"[31m
            [33mxmlns[31m=[32m"http://www.w3.org/2000/svg"[31m
          [36m>[31m
            [36m<path[31m
              [33md[31m=[32m"M12 6v6l4 2"[31m
            [36m/>[31m
            [36m<circle[31m
              [33mcx[31m=[32m"12"[31m
              [33mcy[31m=[32m"12"[31m
              [33mr[31m=[32m"10"[31m
            [36m/>[31m
          [36m</svg>[31m
          [36m<div>[31m
            [36m<h2[31m
              [33mclass[31m=[32m"text-xl font-bold text-white"[31m
            [36m>[31m
              [0mTransaction History[0m
            [36m</h2>[31m
            [36m<p[31m
              [33mclass[31m=[32m"text-sm text-gray-400"[31m
            [36m>[31m
              [0mShowing 2 of 2 transactions[0m
            [36m</p>[31m
          [36m</div>[31m
        [36m</div>[31m
        [36m<div[31m
          [33mclass[31m=[32m"flex items-center space-x-2"[31m
        [36m>[31m
          [36m<button[31m
            [33mclass[31m=[32m"flex items-center space-x-2 px-4 py-2 rounded-lg transition-colors bg-surface/50 text-gray-400 hover:bg-surface/70"[31m
          [36m>[31m
            [36m<svg[31m
              [33maria-hidden[31m=[32m"true"[31m
              [33mclass[31m=[32m"lucide lucide-funnel w-4 h-4"[31m
              [33mfill[31m=[32m"none"[31m
              [33mheight[31m=[32m"24"[31m
              [33mstroke[31m=[32m"currentColor"[31m
              [33mstroke-linecap[31m=[32m"round"[31m
              [33mstroke-linejoin[31m=[32m"round"[31m
              [33mstroke-width[31m=[32m"2"[31m
              [33mviewBox[31m=[32m"0 0 24 24"[31m
              [33mwidth[31m=[32m"24"[31m
              [33mxmlns[31m=[32m"http://www.w3.org/2000/svg"[31m
            [36m>[31m
              [36m<path[31m
                [33md[31m=[32m"M10 20a1 1 0 0 0 .553.895l2 1A1 1 0 0 0 14 21v-7a2 2 0 0 1 .517-1.341L21.74 4.67A1 1 0 0 0 21 3H3a1 1 0 0 0-.742 1.67l7.225 7.989A2 2 0 0 1 10 14z"[31m
              [36m/>[31m
            [36m</svg>[31m
            [36m<span>[31m
              [0mFilters[0m
            [36m</span>[31m
          [36m</button>[31m
          [36m<button[31m
            [33mclass[31m=[32m"flex items-center space-x-2 px-4 py-2 bg-gradient-to-r from-purple-600 to-blue-600 text-white rounded-lg font-semibold hover:from-purple-700 hover:to-blue-700 disabled:opacity-50 disabled:cursor-not-allowed transition-all"[31m
          [36m>[31m
            [36m<svg[31m
              [33maria-hidden[31m=[32m"true"[31m
              [33mclass[31m=[32m"lucide lucide-download w-4 h-4"[31m
              [33mfill[31m=[32m"none"[31m
              [33mheight[31m=[32m"24"[31m
              [33mstroke[31m=[32m"currentColor"[31m
              [33mstroke-linecap[31m=[32m"round"[31m
              [33mstroke-linejoin[31m=[32m"round"[31m
              [33mstroke-width[31m=[32m"2"[31m
              [33mviewBox[31m=[32m"0 0 24 24"[31m
              [33mwidth[31m=[32m"24"[31m
              [33mxmlns[31m=[32m"http://www.w3.org/2000/svg"[31m
            [36m>[31m
              [36m<path[31m
                [33md[31m=[32m"M12 15V3"[31m
              [36m/>[31m
              [36m<path[31m
                [33md[31m=[32m"M21 15v4a2 2 0 0 1-2 2H5a2 2 0 0 1-2-2v-4"[31m
              [36m/>[31m
              [36m<path[31m
                [33md[31m=[32m"m7 10 5 5 5-5"[31m
              [36m/>[31m
            [36m</svg>[31m
            [36m<span>[31m
              [0mExport CSV[0m
            [36m</span>[31m
          [36m</button>[31m
        [36m</div>[31m
      [36m</div>[31m
      [36m<div[31m
        [33mclass[31m=[32m"glass p-4 space-y-4"[31m
        [33mstyle[31m=[32m"opacity: 0.47229174820677144; height: auto;"[31m
      [36m>[31m
        [36m<div[31m
          [33mclass[31m=[32m"flex items-center justify-between"[31m
        [36m>[31m
          [36m<h3[31m
            [33mclass[31m=[32m"text-lg font-semibold text-white"[31m
          [36m>[31m
            [0mFilters[0m
          [36m</h3>[31m
        [36m</div>[31m
        [36m<div[31m
          [33mclass[31m=[32m"grid grid-cols-1 md:grid-cols-3 gap-4"[31m
        [36m>[31m
          [36m<div>[31m
            [36m<label[31m
              [33mclass[31m=[32m"block text-sm font-medium text-gray-400 mb-2"[31m
            [36m>[31m
              [0mTransaction Type[0m
            [36m</label>[31m
            [36m<select[31m
              [33mclass[31m=[32m"w-full px-3 py-2 bg-surface/50 border border-white/10 rounded-lg text-white focus:outline-none focus:border-primary transition-colors"[31m
            [36m>[31m
              [36m<option[31m
                [33mvalue[31m=[32m"all"[31m
              [36m>[31m
                [0mAll Types[0m
              [36m</option>[31m
              [36m<option[31m
                [33mvalue[31m=[32m"earn"[31m
              [36m>[31m
                [0mEarn[0m
              [36m</option>[31m
              [36m<option[31m
                [33mvalue[31m=[32m"spend"[31m
              [36m>[31m
                [0mSpend[0m
              [36m</option>[31m
              [36m<option[31m
                [33mvalue[31m=[32m"claim"[31m
              [36m>[31m
                [0mClaim[0m
              [36m</option>[31m
            [36m</select>[31m
          [36m</div>[31m
          [36m<div>[31m
            [36m<label[31m
              [33mclass[31m=[32m"block text-sm font-medium text-gray-400 mb-2"[31m
            [36m>[31m
              [0mDate Range[0m
            [36m</label>[31m
            [36m<select[31m
              [33mclass[31m=[32m"w-full px-3 py-2 bg-surface/50 border border-white/10 rounded-lg text-white focus:outline-none focus:border-primary transition-colors"[31m
            [36m>[31m
              [36m<option[31m
                [33mvalue[31m=[32m"a...[39m
 [31m×[39m src/components/wallet/__tests__/TransactionHistory.test.tsx[2m > [22mTransactionHistory component[2m > [22mFiltering[2m > [22mresets to page 1 when filters change[33m 1351[2mms[22m[39m
[31m   → Unable to find role="combobox" and name `/transaction type/i`

Ignored nodes: comments, script, style
[36m<body>[31m
  [36m<div>[31m
    [36m<div[31m
      [33mclass[31m=[32m"space-y-4"[31m
    [36m>[31m
      [36m<div[31m
        [33mclass[31m=[32m"flex flex-wrap items-center justify-between gap-4"[31m
      [36m>[31m
        [36m<div[31m
          [33mclass[31m=[32m"flex items-center space-x-3"[31m
        [36m>[31m
          [36m<svg[31m
            [33maria-hidden[31m=[32m"true"[31m
            [33mclass[31m=[32m"lucide lucide-clock w-6 h-6 text-primary"[31m
            [33mfill[31m=[32m"none"[31m
            [33mheight[31m=[32m"24"[31m
            [33mstroke[31m=[32m"currentColor"[31m
            [33mstroke-linecap[31m=[32m"round"[31m
            [33mstroke-linejoin[31m=[32m"round"[31m
            [33mstroke-width[31m=[32m"2"[31m
            [33mviewBox[31m=[32m"0 0 24 24"[31m
            [33mwidth[31m=[32m"24"[31m
            [33mxmlns[31m=[32m"http://www.w3.org/2000/svg"[31m
          [36m>[31m
            [36m<path[31m
              [33md[31m=[32m"M12 6v6l4 2"[31m
            [36m/>[31m
            [36m<circle[31m
              [33mcx[31m=[32m"12"[31m
              [33mcy[31m=[32m"12"[31m
              [33mr[31m=[32m"10"[31m
            [36m/>[31m
          [36m</svg>[31m
          [36m<div>[31m
            [36m<h2[31m
              [33mclass[31m=[32m"text-xl font-bold text-white"[31m
            [36m>[31m
              [0mTransaction History[0m
            [36m</h2>[31m
            [36m<p[31m
              [33mclass[31m=[32m"text-sm text-gray-400"[31m
            [36m>[31m
              [0mShowing 20 of 50 transactions[0m
            [36m</p>[31m
          [36m</div>[31m
        [36m</div>[31m
        [36m<div[31m
          [33mclass[31m=[32m"flex items-center space-x-2"[31m
        [36m>[31m
          [36m<button[31m
            [33mclass[31m=[32m"flex items-center space-x-2 px-4 py-2 rounded-lg transition-colors bg-surface/50 text-gray-400 hover:bg-surface/70"[31m
          [36m>[31m
            [36m<svg[31m
              [33maria-hidden[31m=[32m"true"[31m
              [33mclass[31m=[32m"lucide lucide-funnel w-4 h-4"[31m
              [33mfill[31m=[32m"none"[31m
              [33mheight[31m=[32m"24"[31m
              [33mstroke[31m=[32m"currentColor"[31m
              [33mstroke-linecap[31m=[32m"round"[31m
              [33mstroke-linejoin[31m=[32m"round"[31m
              [33mstroke-width[31m=[32m"2"[31m
              [33mviewBox[31m=[32m"0 0 24 24"[31m
              [33mwidth[31m=[32m"24"[31m
              [33mxmlns[31m=[32m"http://www.w3.org/2000/svg"[31m
            [36m>[31m
              [36m<path[31m
                [33md[31m=[32m"M10 20a1 1 0 0 0 .553.895l2 1A1 1 0 0 0 14 21v-7a2 2 0 0 1 .517-1.341L21.74 4.67A1 1 0 0 0 21 3H3a1 1 0 0 0-.742 1.67l7.225 7.989A2 2 0 0 1 10 14z"[31m
              [36m/>[31m
            [36m</svg>[31m
            [36m<span>[31m
              [0mFilters[0m
            [36m</span>[31m
          [36m</button>[31m
          [36m<button[31m
            [33mclass[31m=[32m"flex items-center space-x-2 px-4 py-2 bg-gradient-to-r from-purple-600 to-blue-600 text-white rounded-lg font-semibold hover:from-purple-700 hover:to-blue-700 disabled:opacity-50 disabled:cursor-not-allowed transition-all"[31m
          [36m>[31m
            [36m<svg[31m
              [33maria-hidden[31m=[32m"true"[31m
              [33mclass[31m=[32m"lucide lucide-download w-4 h-4"[31m
              [33mfill[31m=[32m"none"[31m
              [33mheight[31m=[32m"24"[31m
              [33mstroke[31m=[32m"currentColor"[31m
              [33mstroke-linecap[31m=[32m"round"[31m
              [33mstroke-linejoin[31m=[32m"round"[31m
              [33mstroke-width[31m=[32m"2"[31m
              [33mviewBox[31m=[32m"0 0 24 24"[31m
              [33mwidth[31m=[32m"24"[31m
              [33mxmlns[31m=[32m"http://www.w3.org/2000/svg"[31m
            [36m>[31m
              [36m<path[31m
                [33md[31m=[32m"M12 15V3"[31m
              [36m/>[31m
              [36m<path[31m
                [33md[31m=[32m"M21 15v4a2 2 0 0 1-2 2H5a2 2 0 0 1-2-2v-4"[31m
              [36m/>[31m
              [36m<path[31m
                [33md[31m=[32m"m7 10 5 5 5-5"[31m
              [36m/>[31m
            [36m</svg>[31m
            [36m<span>[31m
              [0mExport CSV[0m
            [36m</span>[31m
          [36m</button>[31m
        [36m</div>[31m
      [36m</div>[31m
      [36m<div[31m
        [33mclass[31m=[32m"glass p-4 space-y-4"[31m
        [33mstyle[31m=[32m"opacity: 0.2791097285560682; height: auto;"[31m
      [36m>[31m
        [36m<div[31m
          [33mclass[31m=[32m"flex items-center justify-between"[31m
        [36m>[31m
          [36m<h3[31m
            [33mclass[31m=[32m"text-lg font-semibold text-white"[31m
          [36m>[31m
            [0mFilters[0m
          [36m</h3>[31m
        [36m</div>[31m
        [36m<div[31m
          [33mclass[31m=[32m"grid grid-cols-1 md:grid-cols-3 gap-4"[31m
        [36m>[31m
          [36m<div>[31m
            [36m<label[31m
              [33mclass[31m=[32m"block text-sm font-medium text-gray-400 mb-2"[31m
            [36m>[31m
              [0mTransaction Type[0m
            [36m</label>[31m
            [36m<select[31m
              [33mclass[31m=[32m"w-full px-3 py-2 bg-surface/50 border border-white/10 rounded-lg text-white focus:outline-none focus:border-primary transition-colors"[31m
            [36m>[31m
              [36m<option[31m
                [33mvalue[31m=[32m"all"[31m
              [36m>[31m
                [0mAll Types[0m
              [36m</option>[31m
              [36m<option[31m
                [33mvalue[31m=[32m"earn"[31m
              [36m>[31m
                [0mEarn[0m
              [36m</option>[31m
              [36m<option[31m
                [33mvalue[31m=[32m"spend"[31m
              [36m>[31m
                [0mSpend[0m
              [36m</option>[31m
              [36m<option[31m
                [33mvalue[31m=[32m"claim"[31m
              [36m>[31m
                [0mClaim[0m
              [36m</option>[31m
            [36m</select>[31m
          [36m</div>[31m
          [36m<div>[31m
            [36m<label[31m
              [33mclass[31m=[32m"block text-sm font-medium text-gray-400 mb-2"[31m
            [36m>[31m
              [0mDate Range[0m
            [36m</label>[31m
            [36m<select[31m
              [33mclass[31m=[32m"w-full px-3 py-2 bg-surface/50 border border-white/10 rounded-lg text-white focus:outline-none focus:border-primary transition-colors"[31m
            [36m>[31m
              [36m<option[31m
                [33mvalue[31m=[32m"...

Ignored nodes: comments, script, style
[36m<body>[31m
  [36m<div>[31m
    [36m<div[31m
      [33mclass[31m=[32m"space-y-4"[31m
    [36m>[31m
      [36m<div[31m
        [33mclass[31m=[32m"flex flex-wrap items-center justify-between gap-4"[31m
      [36m>[31m
        [36m<div[31m
          [33mclass[31m=[32m"flex items-center space-x-3"[31m
        [36m>[31m
          [36m<svg[31m
            [33maria-hidden[31m=[32m"true"[31m
            [33mclass[31m=[32m"lucide lucide-clock w-6 h-6 text-primary"[31m
            [33mfill[31m=[32m"none"[31m
            [33mheight[31m=[32m"24"[31m
            [33mstroke[31m=[32m"currentColor"[31m
            [33mstroke-linecap[31m=[32m"round"[31m
            [33mstroke-linejoin[31m=[32m"round"[31m
            [33mstroke-width[31m=[32m"2"[31m
            [33mviewBox[31m=[32m"0 0 24 24"[31m
            [33mwidth[31m=[32m"24"[31m
            [33mxmlns[31m=[32m"http://www.w3.org/2000/svg"[31m
          [36m>[31m
            [36m<path[31m
              [33md[31m=[32m"M12 6v6l4 2"[31m
            [36m/>[31m
            [36m<circle[31m
              [33mcx[31m=[32m"12"[31m
              [33mcy[31m=[32m"12"[31m
              [33mr[31m=[32m"10"[31m
            [36m/>[31m
          [36m</svg>[31m
          [36m<div>[31m
            [36m<h2[31m
              [33mclass[31m=[32m"text-xl font-bold text-white"[31m
            [36m>[31m
              [0mTransaction History[0m
            [36m</h2>[31m
            [36m<p[31m
              [33mclass[31m=[32m"text-sm text-gray-400"[31m
            [36m>[31m
              [0mShowing 20 of 50 transactions[0m
            [36m</p>[31m
          [36m</div>[31m
        [36m</div>[31m
        [36m<div[31m
          [33mclass[31m=[32m"flex items-center space-x-2"[31m
        [36m>[31m
          [36m<button[31m
            [33mclass[31m=[32m"flex items-center space-x-2 px-4 py-2 rounded-lg transition-colors bg-surface/50 text-gray-400 hover:bg-surface/70"[31m
          [36m>[31m
            [36m<svg[31m
              [33maria-hidden[31m=[32m"true"[31m
              [33mclass[31m=[32m"lucide lucide-funnel w-4 h-4"[31m
              [33mfill[31m=[32m"none"[31m
              [33mheight[31m=[32m"24"[31m
              [33mstroke[31m=[32m"currentColor"[31m
              [33mstroke-linecap[31m=[32m"round"[31m
              [33mstroke-linejoin[31m=[32m"round"[31m
              [33mstroke-width[31m=[32m"2"[31m
              [33mviewBox[31m=[32m"0 0 24 24"[31m
              [33mwidth[31m=[32m"24"[31m
              [33mxmlns[31m=[32m"http://www.w3.org/2000/svg"[31m
            [36m>[31m
              [36m<path[31m
                [33md[31m=[32m"M10 20a1 1 0 0 0 .553.895l2 1A1 1 0 0 0 14 21v-7a2 2 0 0 1 .517-1.341L21.74 4.67A1 1 0 0 0 21 3H3a1 1 0 0 0-.742 1.67l7.225 7.989A2 2 0 0 1 10 14z"[31m
              [36m/>[31m
            [36m</svg>[31m
            [36m<span>[31m
              [0mFilters[0m
            [36m</span>[31m
          [36m</button>[31m
          [36m<button[31m
            [33mclass[31m=[32m"flex items-center space-x-2 px-4 py-2 bg-gradient-to-r from-purple-600 to-blue-600 text-white rounded-lg font-semibold hover:from-purple-700 hover:to-blue-700 disabled:opacity-50 disabled:cursor-not-allowed transition-all"[31m
          [36m>[31m
            [36m<svg[31m
              [33maria-hidden[31m=[32m"true"[31m
              [33mclass[31m=[32m"lucide lucide-download w-4 h-4"[31m
              [33mfill[31m=[32m"none"[31m
              [33mheight[31m=[32m"24"[31m
              [33mstroke[31m=[32m"currentColor"[31m
              [33mstroke-linecap[31m=[32m"round"[31m
              [33mstroke-linejoin[31m=[32m"round"[31m
              [33mstroke-width[31m=[32m"2"[31m
              [33mviewBox[31m=[32m"0 0 24 24"[31m
              [33mwidth[31m=[32m"24"[31m
              [33mxmlns[31m=[32m"http://www.w3.org/2000/svg"[31m
            [36m>[31m
              [36m<path[31m
                [33md[31m=[32m"M12 15V3"[31m
              [36m/>[31m
              [36m<path[31m
                [33md[31m=[32m"M21 15v4a2 2 0 0 1-2 2H5a2 2 0 0 1-2-2v-4"[31m
              [36m/>[31m
              [36m<path[31m
                [33md[31m=[32m"m7 10 5 5 5-5"[31m
              [36m/>[31m
            [36m</svg>[31m
            [36m<span>[31m
              [0mExport CSV[0m
            [36m</span>[31m
          [36m</button>[31m
        [36m</div>[31m
      [36m</div>[31m
      [36m<div[31m
        [33mclass[31m=[32m"glass p-4 space-y-4"[31m
        [33mstyle[31m=[32m"opacity: 0.2791097285560682; height: auto;"[31m
      [36m>[31m
        [36m<div[31m
          [33mclass[31m=[32m"flex items-center justify-between"[31m
        [36m>[31m
          [36m<h3[31m
            [33mclass[31m=[32m"text-lg font-semibold text-white"[31m
          [36m>[31m
            [0mFilters[0m
          [36m</h3>[31m
        [36m</div>[31m
        [36m<div[31m
          [33mclass[31m=[32m"grid grid-cols-1 md:grid-cols-3 gap-4"[31m
        [36m>[31m
          [36m<div>[31m
            [36m<label[31m
              [33mclass[31m=[32m"block text-sm font-medium text-gray-400 mb-2"[31m
            [36m>[31m
              [0mTransaction Type[0m
            [36m</label>[31m
            [36m<select[31m
              [33mclass[31m=[32m"w-full px-3 py-2 bg-surface/50 border border-white/10 rounded-lg text-white focus:outline-none focus:border-primary transition-colors"[31m
            [36m>[31m
              [36m<option[31m
                [33mvalue[31m=[32m"all"[31m
              [36m>[31m
                [0mAll Types[0m
              [36m</option>[31m
              [36m<option[31m
                [33mvalue[31m=[32m"earn"[31m
              [36m>[31m
                [0mEarn[0m
              [36m</option>[31m
              [36m<option[31m
                [33mvalue[31m=[32m"spend"[31m
              [36m>[31m
                [0mSpend[0m
              [36m</option>[31m
              [36m<option[31m
                [33mvalue[31m=[32m"claim"[31m
              [36m>[31m
                [0mClaim[0m
              [36m</option>[31m
            [36m</select>[31m
          [36m</div>[31m
          [36m<div>[31m
            [36m<label[31m
              [33mclass[31m=[32m"block text-sm font-medium text-gray-400 mb-2"[31m
            [36m>[31m
              [0mDate Range[0m
            [36m</label>[31m
            [36m<select[31m
              [33mclass[31m=[32m"w-full px-3 py-2 bg-surface/50 border border-white/10 rounded-lg text-white focus:outline-none focus:border-primary transition-colors"[31m
            [36m>[31m
              [36m<option[31m
                [33mvalue[31m=[32m"...[39m
 [31m×[39m src/components/wallet/__tests__/TransactionHistory.test.tsx[2m > [22mTransactionHistory component[2m > [22mCSV Export[2m > [22mexports transactions to CSV[32m 35[2mms[22m[39m
[31m   → Maximum call stack size exceeded[39m
 [31m×[39m src/components/wallet/__tests__/TransactionHistory.test.tsx[2m > [22mTransactionHistory component[2m > [22mCSV Export[2m > [22mshows loading state during export[32m 35[2mms[22m[39m
[31m   → Maximum call stack size exceeded[39m
 [31m×[39m src/components/wallet/__tests__/TransactionHistory.test.tsx[2m > [22mTransactionHistory component[2m > [22mCSV Export[2m > [22mexports only filtered transactions[32m 32[2mms[22m[39m
[31m   → Maximum call stack size exceeded[39m
 [31m×[39m src/components/wallet/__tests__/TransactionHistory.test.tsx[2m > [22mTransactionHistory component[2m > [22mCSV Export[2m > [22mdisables export when no transactions[32m 30[2mms[22m[39m
[31m   → Maximum call stack size exceeded[39m
 [31m×[39m src/components/wallet/__tests__/TransactionHistory.test.tsx[2m > [22mTransactionHistory component[2m > [22mEmpty States[2m > [22mshows empty state when no transactions[32m 31[2mms[22m[39m
[31m   → Maximum call stack size exceeded[39m
 [31m×[39m src/components/wallet/__tests__/TransactionHistory.test.tsx[2m > [22mTransactionHistory component[2m > [22mEmpty States[2m > [22mshows filter-specific empty state[32m 30[2mms[22m[39m
[31m   → Maximum call stack size exceeded[39m
 [31m×[39m src/components/wallet/__tests__/TransactionHistory.test.tsx[2m > [22mTransactionHistory component[2m > [22mRunning Balance Calculations[2m > [22mdisplays correct running balance after each transaction[32m 35[2mms[22m[39m
[31m   → Maximum call stack size exceeded[39m
 [31m×[39m src/components/wallet/__tests__/TransactionHistory.test.tsx[2m > [22mTransactionHistory component[2m > [22mMetadata Tooltips[2m > [22mshows info icon for transactions with metadata[32m 37[2mms[22m[39m
[31m   → Maximum call stack size exceeded[39m
 [31m×[39m src/components/wallet/__tests__/TransactionHistory.test.tsx[2m > [22mTransactionHistory component[2m > [22mTransaction Count Display[2m > [22mshows correct transaction count[32m 35[2mms[22m[39m
[31m   → Maximum call stack size exceeded[39m
 [31m×[39m src/components/wallet/__tests__/TransactionHistory.test.tsx[2m > [22mTransactionHistory component[2m > [22mTransaction Count Display[2m > [22mupdates count when filtered[32m 31[2mms[22m[39m
[31m   → Maximum call stack size exceeded[39m
 [31m×[39m src/components/wallet/__tests__/TransactionHistory.test.tsx[2m > [22mTransactionHistory component[2m > [22mComponent Props[2m > [22mrespects showFilters prop[32m 32[2mms[22m[39m
[31m   → Maximum call stack size exceeded[39m
 [31m×[39m src/components/wallet/__tests__/TransactionHistory.test.tsx[2m > [22mTransactionHistory component[2m > [22mComponent Props[2m > [22mrespects showPagination prop[32m 30[2mms[22m[39m
[31m   → Maximum call stack size exceeded[39m
 [31m×[39m src/components/wallet/__tests__/TransactionHistory.test.tsx[2m > [22mTransactionHistory component[2m > [22mComponent Props[2m > [22muses custom pageSize prop[32m 31[2mms[22m[39m
[31m   → Maximum call stack size exceeded[39m
[90mstderr[2m | src/lib/__tests__/crisisQueue.integration.test.ts[2m > [22m[2mCrisis Queue Service Integration[2m > [22m[2mError Handling[2m > [22m[2mshould handle error handler errors gracefully
[22m[39m[vitest] The vi.fn() mock did not use 'function' or 'class' in its implementation, see https://vitest.dev/api/vi#vi-spyon for examples.

 [32m✓[39m src/lib/__tests__/crisisQueue.integration.test.ts[2m > [22mCrisis Queue Service Integration[2m > [22mRequest Creation[2m > [22mshould create request with default TTL[32m 10[2mms[22m[39m
 [32m✓[39m src/lib/__tests__/crisisQueue.integration.test.ts[2m > [22mCrisis Queue Service Integration[2m > [22mRequest Creation[2m > [22mshould create request with custom TTL[32m 3[2mms[22m[39m
 [32m✓[39m src/lib/__tests__/crisisQueue.integration.test.ts[2m > [22mCrisis Queue Service Integration[2m > [22mRequest Creation[2m > [22mshould create request with postId and metadata[32m 2[2mms[22m[39m
 [32m✓[39m src/lib/__tests__/crisisQueue.integration.test.ts[2m > [22mCrisis Queue Service Integration[2m > [22mRequest Creation[2m > [22mshould enforce minimum TTL of 1 minute[32m 1[2mms[22m[39m
 [32m✓[39m src/lib/__tests__/crisisQueue.integration.test.ts[2m > [22mCrisis Queue Service Integration[2m > [22mRequest Creation[2m > [22mshould reject creation without studentId[32m 3[2mms[22m[39m
 [32m✓[39m src/lib/__tests__/crisisQueue.integration.test.ts[2m > [22mCrisis Queue Service Integration[2m > [22mRequest Updates[2m > [22mshould update request status and volunteer[32m 2[2mms[22m[39m
 [32m✓[39m src/lib/__tests__/crisisQueue.integration.test.ts[2m > [22mCrisis Queue Service Integration[2m > [22mRequest Updates[2m > [22mshould merge metadata updates[32m 1[2mms[22m[39m
 [32m✓[39m src/lib/__tests__/crisisQueue.integration.test.ts[2m > [22mCrisis Queue Service Integration[2m > [22mRequest Updates[2m > [22mshould reject update for non-existent request[32m 2[2mms[22m[39m
 [32m✓[39m src/lib/__tests__/crisisQueue.integration.test.ts[2m > [22mCrisis Queue Service Integration[2m > [22mRequest Deletion[2m > [22mshould delete request[32m 2[2mms[22m[39m
 [32m✓[39m src/lib/__tests__/crisisQueue.integration.test.ts[2m > [22mCrisis Queue Service Integration[2m > [22mRequest Deletion[2m > [22mshould reject deletion for non-existent request[32m 1[2mms[22m[39m
 [32m✓[39m src/lib/__tests__/crisisQueue.integration.test.ts[2m > [22mCrisis Queue Service Integration[2m > [22mTTL Expiration[2m > [22mshould expire pending request after TTL[32m 2[2mms[22m[39m
 [32m✓[39m src/lib/__tests__/crisisQueue.integration.test.ts[2m > [22mCrisis Queue Service Integration[2m > [22mTTL Expiration[2m > [22mshould expire assigned request after TTL[32m 1[2mms[22m[39m
 [32m✓[39m src/lib/__tests__/crisisQueue.integration.test.ts[2m > [22mCrisis Queue Service Integration[2m > [22mTTL Expiration[2m > [22mshould not expire resolved requests[32m 1[2mms[22m[39m
 [32m✓[39m src/lib/__tests__/crisisQueue.integration.test.ts[2m > [22mCrisis Queue Service Integration[2m > [22mTTL Expiration[2m > [22mshould handle immediate expiration for past-due requests[32m 1[2mms[22m[39m
 [32m✓[39m src/lib/__tests__/crisisQueue.integration.test.ts[2m > [22mCrisis Queue Service Integration[2m > [22mBroadcastChannel Integration[2m > [22mshould detect BroadcastChannel availability[32m 1[2mms[22m[39m
 [32m✓[39m src/lib/__tests__/crisisQueue.integration.test.ts[2m > [22mCrisis Queue Service Integration[2m > [22mBroadcastChannel Integration[2m > [22mshould handle BroadcastChannel unavailable gracefully[32m 1[2mms[22m[39m
 [32m✓[39m src/lib/__tests__/crisisQueue.integration.test.ts[2m > [22mCrisis Queue Service Integration[2m > [22mBroadcastChannel Integration[2m > [22mshould work with BroadcastChannel disabled by default[32m 1[2mms[22m[39m
 [32m✓[39m src/lib/__tests__/crisisQueue.integration.test.ts[2m > [22mCrisis Queue Service Integration[2m > [22mCrisis Alert Notifications[2m > [22mshould trigger notification when crisis request created and preference enabled[32m 3[2mms[22m[39m
 [32m✓[39m src/lib/__tests__/crisisQueue.integration.test.ts[2m > [22mCrisis Queue Service Integration[2m > [22mCrisis Alert Notifications[2m > [22mshould not trigger notification when crisis alerts preference disabled[32m 1[2mms[22m[39m
 [32m✓[39m src/lib/__tests__/crisisQueue.integration.test.ts[2m > [22mCrisis Queue Service Integration[2m > [22mStorage and Hydration[2m > [22mshould normalize malformed data from storage[32m 1[2mms[22m[39m
 [32m✓[39m src/lib/__tests__/crisisQueue.integration.test.ts[2m > [22mCrisis Queue Service Integration[2m > [22mStorage and Hydration[2m > [22mshould handle storage errors gracefully[32m 1[2mms[22m[39m
 [32m✓[39m src/lib/__tests__/crisisQueue.integration.test.ts[2m > [22mCrisis Queue Service Integration[2m > [22mStorage and Hydration[2m > [22mshould handle emotion analysis and IPFS metadata normalization[32m 1[2mms[22m[39m
 [32m✓[39m src/lib/__tests__/crisisQueue.integration.test.ts[2m > [22mCrisis Queue Service Integration[2m > [22mService Teardown[2m > [22mshould clean up timers on destroy[32m 1[2mms[22m[39m
 [32m✓[39m src/lib/__tests__/crisisQueue.integration.test.ts[2m > [22mCrisis Queue Service Integration[2m > [22mService Teardown[2m > [22mshould clean up subscribers on destroy[32m 1[2mms[22m[39m
 [32m✓[39m src/lib/__tests__/crisisQueue.integration.test.ts[2m > [22mCrisis Queue Service Integration[2m > [22mService Teardown[2m > [22mshould clean up broadcast channel on destroy[32m 1[2mms[22m[39m
 [32m✓[39m src/lib/__tests__/crisisQueue.integration.test.ts[2m > [22mCrisis Queue Service Integration[2m > [22mService Teardown[2m > [22mshould prevent operations after destroy[32m 1[2mms[22m[39m
 [32m✓[39m src/lib/__tests__/crisisQueue.integration.test.ts[2m > [22mCrisis Queue Service Integration[2m > [22mMultiple Request Lifecycle[2m > [22mshould handle concurrent operations[32m 1[2mms[22m[39m
 [32m✓[39m src/lib/__tests__/crisisQueue.integration.test.ts[2m > [22mCrisis Queue Service Integration[2m > [22mMultiple Request Lifecycle[2m > [22mshould maintain event order consistency[32m 2[2mms[22m[39m
 [32m✓[39m src/lib/__tests__/crisisQueue.integration.test.ts[2m > [22mCrisis Queue Service Integration[2m > [22mError Handling[2m > [22mshould handle subscriber errors gracefully[32m 1[2mms[22m[39m
 [32m✓[39m src/lib/__tests__/crisisQueue.integration.test.ts[2m > [22mCrisis Queue Service Integration[2m > [22mError Handling[2m > [22mshould handle error handler errors gracefully[32m 3[2mms[22m[39m
[90mstdout[2m | src/components/wallet/__tests__/WalletSection.test.tsx
[22m[39mMigrating wallet data from v1...
Migration complete: { balance: [33m0[39m, pending: [33m0[39m, totalEarned: [33m0[39m, transactionCount: [33m0[39m }

 [32m✓[39m src/lib/__tests__/privacy.test.ts[2m > [22mPrivacy Audit - Network Calls[2m > [22mshould not make any third-party network calls[32m 2[2mms[22m[39m
 [32m✓[39m src/lib/__tests__/privacy.test.ts[2m > [22mPrivacy Audit - Network Calls[2m > [22mshould have domain allowlist validation logic[32m 1[2mms[22m[39m
 [32m✓[39m src/lib/__tests__/privacy.test.ts[2m > [22mPrivacy Audit - Network Calls[2m > [22mshould not leak data through XMLHttpRequest[32m 0[2mms[22m[39m
 [32m✓[39m src/lib/__tests__/privacy.test.ts[2m > [22mPrivacy Audit - Cookies[2m > [22mshould not set any cookies[32m 12[2mms[22m[39m
 [32m✓[39m src/lib/__tests__/privacy.test.ts[2m > [22mPrivacy Audit - Cookies[2m > [22mshould not use document.cookie API[32m 1[2mms[22m[39m
 [32m✓[39m src/lib/__tests__/privacy.test.ts[2m > [22mPrivacy Audit - Cookies[2m > [22mshould verify localStorage is used instead of cookies[32m 1[2mms[22m[39m
 [32m✓[39m src/lib/__tests__/privacy.test.ts[2m > [22mPrivacy Audit - Cookies[2m > [22mshould not have third-party cookie access[32m 1[2mms[22m[39m
 [32m✓[39m src/lib/__tests__/privacy.test.ts[2m > [22mPrivacy Audit - WebRTC IP Leak Mitigation[2m > [22mshould not expose WebRTC RTCPeerConnection without user consent[32m 0[2mms[22m[39m
 [32m✓[39m src/lib/__tests__/privacy.test.ts[2m > [22mPrivacy Audit - WebRTC IP Leak Mitigation[2m > [22mshould not use getUserMedia without explicit permission[32m 0[2mms[22m[39m
 [32m✓[39m src/lib/__tests__/privacy.test.ts[2m > [22mPrivacy Audit - WebRTC IP Leak Mitigation[2m > [22mshould implement IP leak protection strategies[32m 0[2mms[22m[39m
 [32m✓[39m src/lib/__tests__/privacy.test.ts[2m > [22mPrivacy Audit - WebRTC IP Leak Mitigation[2m > [22mshould not leak local IP addresses[32m 0[2mms[22m[39m
 [31m×[39m src/lib/__tests__/privacy.test.ts[2m > [22mPrivacy Audit - Fingerprint Defenses[2m > [22mshould not use canvas fingerprinting techniques[32m 138[2mms[22m[39m
[31m   → expected [ { …(2) } ] to deeply equal [][39m
 [32m✓[39m src/lib/__tests__/privacy.test.ts[2m > [22mPrivacy Audit - Fingerprint Defenses[2m > [22mshould not collect excessive browser information[32m 9[2mms[22m[39m
 [32m✓[39m src/lib/__tests__/privacy.test.ts[2m > [22mPrivacy Audit - Fingerprint Defenses[2m > [22mshould not track user with device orientation/motion[32m 1[2mms[22m[39m
 [32m✓[39m src/lib/__tests__/privacy.test.ts[2m > [22mPrivacy Audit - Fingerprint Defenses[2m > [22mshould not use AudioContext for fingerprinting[32m 0[2mms[22m[39m
 [32m✓[39m src/lib/__tests__/privacy.test.ts[2m > [22mPrivacy Audit - Fingerprint Defenses[2m > [22mshould use minimal navigator properties[32m 0[2mms[22m[39m
 [32m✓[39m src/lib/__tests__/privacy.test.ts[2m > [22mPrivacy Audit - Local Storage[2m > [22mshould only store anonymous data in localStorage[32m 0[2mms[22m[39m
 [32m✓[39m src/lib/__tests__/privacy.test.ts[2m > [22mPrivacy Audit - Local Storage[2m > [22mshould encrypt sensitive data in localStorage[32m 1[2mms[22m[39m
 [32m✓[39m src/lib/__tests__/privacy.test.ts[2m > [22mPrivacy Audit - Local Storage[2m > [22mshould not store tracking identifiers[32m 0[2mms[22m[39m
 [32m✓[39m src/lib/__tests__/privacy.test.ts[2m > [22mPrivacy Audit - Local Storage[2m > [22mshould implement storage quota limits[32m 0[2mms[22m[39m
 [32m✓[39m src/lib/__tests__/privacy.test.ts[2m > [22mPrivacy Audit - Session Management[2m > [22mshould not use sessionStorage for sensitive data[32m 0[2mms[22m[39m
 [32m✓[39m src/lib/__tests__/privacy.test.ts[2m > [22mPrivacy Audit - Session Management[2m > [22mshould clear session data on tab close[32m 0[2mms[22m[39m
 [32m✓[39m src/lib/__tests__/privacy.test.ts[2m > [22mPrivacy Audit - Referrer Policy[2m > [22mshould have strict referrer policy[32m 1[2mms[22m[39m
 [32m✓[39m src/lib/__tests__/privacy.test.ts[2m > [22mPrivacy Audit - Referrer Policy[2m > [22mshould not leak referrer information[32m 0[2mms[22m[39m
 [32m✓[39m src/lib/__tests__/privacy.test.ts[2m > [22mPrivacy Audit - Timing Attacks[2m > [22mshould not be vulnerable to timing attacks via performance API[32m 0[2mms[22m[39m
 [32m✓[39m src/lib/__tests__/privacy.test.ts[2m > [22mPrivacy Audit - Timing Attacks[2m > [22mshould implement constant-time comparisons for sensitive operations[32m 0[2mms[22m[39m
 [32m✓[39m src/lib/__tests__/privacy.test.ts[2m > [22mPrivacy Audit - Codebase Scan[2m > [22mshould not contain third-party tracking libraries in package.json[32m 1[2mms[22m[39m
 [32m✓[39m src/lib/__tests__/privacy.test.ts[2m > [22mPrivacy Audit - Codebase Scan[2m > [22mshould not have tracking code in source files[32m 183[2mms[22m[39m
[90mstdout[2m | src/lib/__tests__/privacy.test.ts[2m > [22m[2mPrivacy Audit - Summary Report[2m > [22m[2mshould pass all privacy checks
[22m[39m
=== Privacy Audit Summary ===
✓ networkCalls: No third-party network calls detected
✓ cookies: No cookies set
✓ webrtc: WebRTC IP leak mitigation implemented
✓ fingerprinting: Fingerprint defenses active
✓ localStorage: Only anonymous data stored
✓ sessionManagement: Secure session handling
✓ referrerPolicy: Strict referrer policy recommended
✓ timingAttacks: Constant-time operations documented
===========================


 [32m✓[39m src/lib/__tests__/privacy.test.ts[2m > [22mPrivacy Audit - Summary Report[2m > [22mshould pass all privacy checks[32m 3[2mms[22m[39m
[90mstderr[2m | src/lib/__tests__/fingerprintPrivacy.test.ts[2m > [22m[2mFingerprint Privacy Module[2m > [22m[2mcollectFingerprintSignals[2m > [22m[2mcollects all expected signal types
[22m[39mNot implemented: HTMLCanvasElement's getContext() method: without installing the canvas npm package
Not implemented: HTMLCanvasElement's getContext() method: without installing the canvas npm package
Not implemented: HTMLCanvasElement's getContext() method: without installing the canvas npm package

[90mstderr[2m | src/lib/__tests__/fingerprintPrivacy.test.ts[2m > [22m[2mFingerprint Privacy Module[2m > [22m[2mcollectFingerprintSignals[2m > [22m[2mincludes timestamp in each signal
[22m[39mNot implemented: HTMLCanvasElement's getContext() method: without installing the canvas npm package
Not implemented: HTMLCanvasElement's getContext() method: without installing the canvas npm package
Not implemented: HTMLCanvasElement's getContext() method: without installing the canvas npm package

[90mstderr[2m | src/lib/__tests__/fingerprintPrivacy.test.ts[2m > [22m[2mFingerprint Privacy Module[2m > [22m[2mcollectFingerprintSignals[2m > [22m[2mincludes risk scores in signals
[22m[39mNot implemented: HTMLCanvasElement's getContext() method: without installing the canvas npm package
Not implemented: HTMLCanvasElement's getContext() method: without installing the canvas npm package
Not implemented: HTMLCanvasElement's getContext() method: without installing the canvas npm package

[90mstderr[2m | src/lib/__tests__/fingerprintPrivacy.test.ts[2m > [22m[2mFingerprint Privacy Module[2m > [22m[2mcollectFingerprintSignals[2m > [22m[2mmarks signals as stable or unstable appropriately
[22m[39mNot implemented: HTMLCanvasElement's getContext() method: without installing the canvas npm package
Not implemented: HTMLCanvasElement's getContext() method: without installing the canvas npm package
Not implemented: HTMLCanvasElement's getContext() method: without installing the canvas npm package

[90mstderr[2m | src/lib/__tests__/fingerprintPrivacy.test.ts[2m > [22m[2mFingerprint Privacy Module[2m > [22m[2mcollectFingerprintSignals[2m > [22m[2mincludes signal values
[22m[39mNot implemented: HTMLCanvasElement's getContext() method: without installing the canvas npm package
Not implemented: HTMLCanvasElement's getContext() method: without installing the canvas npm package
Not implemented: HTMLCanvasElement's getContext() method: without installing the canvas npm package

[90mstderr[2m | src/lib/__tests__/fingerprintPrivacy.test.ts[2m > [22m[2mFingerprint Privacy Module[2m > [22m[2mcreateFingerprintSnapshot[2m > [22m[2mcreates snapshot with all required fields
[22m[39mNot implemented: HTMLCanvasElement's getContext() method: without installing the canvas npm package
Not implemented: HTMLCanvasElement's getContext() method: without installing the canvas npm package
Not implemented: HTMLCanvasElement's getContext() method: without installing the canvas npm package

[90mstderr[2m | src/lib/__tests__/fingerprintPrivacy.test.ts[2m > [22m[2mFingerprint Privacy Module[2m > [22m[2mcreateFingerprintSnapshot[2m > [22m[2mgenerates unique snapshot IDs
[22m[39mNot implemented: HTMLCanvasElement's getContext() method: without installing the canvas npm package
Not implemented: HTMLCanvasElement's getContext() method: without installing the canvas npm package
Not implemented: HTMLCanvasElement's getContext() method: without installing the canvas npm package

[90mstderr[2m | src/lib/__tests__/fingerprintPrivacy.test.ts[2m > [22m[2mFingerprint Privacy Module[2m > [22m[2mcreateFingerprintSnapshot[2m > [22m[2mincludes all collected signals
[22m[39mNot implemented: HTMLCanvasElement's getContext() method: without installing the canvas npm package
Not implemented: HTMLCanvasElement's getContext() method: without installing the canvas npm package
Not implemented: HTMLCanvasElement's getContext() method: without installing the canvas npm package

[90mstderr[2m | src/lib/__tests__/fingerprintPrivacy.test.ts[2m > [22m[2mFingerprint Privacy Module[2m > [22m[2mcreateFingerprintSnapshot[2m > [22m[2mcalculates average risk score from signals
[22m[39mNot implemented: HTMLCanvasElement's getContext() method: without installing the canvas npm package
Not implemented: HTMLCanvasElement's getContext() method: without installing the canvas npm package
Not implemented: HTMLCanvasElement's getContext() method: without installing the canvas npm package

[90mstderr[2m | src/lib/__tests__/fingerprintPrivacy.test.ts[2m > [22m[2mFingerprint Privacy Module[2m > [22m[2mcreateFingerprintSnapshot[2m > [22m[2mclassifies high-risk fingerprints correctly
[22m[39mNot implemented: HTMLCanvasElement's getContext() method: without installing the canvas npm package
Not implemented: HTMLCanvasElement's getContext() method: without installing the canvas npm package
Not implemented: HTMLCanvasElement's getContext() method: without installing the canvas npm package

[90mstderr[2m | src/lib/__tests__/fingerprintPrivacy.test.ts[2m > [22m[2mFingerprint Privacy Module[2m > [22m[2mcreateFingerprintSnapshot[2m > [22m[2midentifies matched trackers
[22m[39mNot implemented: HTMLCanvasElement's getContext() method: without installing the canvas npm package
Not implemented: HTMLCanvasElement's getContext() method: without installing the canvas npm package
Not implemented: HTMLCanvasElement's getContext() method: without installing the canvas npm package

[90mstderr[2m | src/lib/__tests__/fingerprintPrivacy.test.ts[2m > [22m[2mFingerprint Privacy Module[2m > [22m[2mevaluateFingerprintRisk[2m > [22m[2mreturns risk evaluation with all required fields
[22m[39mNot implemented: HTMLCanvasElement's getContext() method: without installing the canvas npm package
Not implemented: HTMLCanvasElement's getContext() method: without installing the canvas npm package
Not implemented: HTMLCanvasElement's getContext() method: without installing the canvas npm package

[90mstderr[2m | src/lib/__tests__/fingerprintPrivacy.test.ts[2m > [22m[2mFingerprint Privacy Module[2m > [22m[2mevaluateFingerprintRisk[2m > [22m[2mclassifies low risk correctly
[22m[39mNot implemented: HTMLCanvasElement's getContext() method: without installing the canvas npm package
Not implemented: HTMLCanvasElement's getContext() method: without installing the canvas npm package
Not implemented: HTMLCanvasElement's getContext() method: without installing the canvas npm package

[90mstderr[2m | src/lib/__tests__/fingerprintPrivacy.test.ts[2m > [22m[2mFingerprint Privacy Module[2m > [22m[2mevaluateFingerprintRisk[2m > [22m[2mclassifies medium risk correctly
[22m[39mNot implemented: HTMLCanvasElement's getContext() method: without installing the canvas npm package
Not implemented: HTMLCanvasElement's getContext() method: without installing the canvas npm package
Not implemented: HTMLCanvasElement's getContext() method: without installing the canvas npm package

[90mstderr[2m | src/lib/__tests__/fingerprintPrivacy.test.ts[2m > [22m[2mFingerprint Privacy Module[2m > [22m[2mevaluateFingerprintRisk[2m > [22m[2mclassifies high risk correctly
[22m[39mNot implemented: HTMLCanvasElement's getContext() method: without installing the canvas npm package
Not implemented: HTMLCanvasElement's getContext() method: without installing the canvas npm package
Not implemented: HTMLCanvasElement's getContext() method: without installing the canvas npm package

[90mstderr[2m | src/lib/__tests__/fingerprintPrivacy.test.ts[2m > [22m[2mFingerprint Privacy Module[2m > [22m[2mevaluateFingerprintRisk[2m > [22m[2mprovides appropriate recommendations
[22m[39mNot implemented: HTMLCanvasElement's getContext() method: without installing the canvas npm package
Not implemented: HTMLCanvasElement's getContext() method: without installing the canvas npm package
Not implemented: HTMLCanvasElement's getContext() method: without installing the canvas npm package

[90mstderr[2m | src/lib/__tests__/fingerprintPrivacy.test.ts[2m > [22m[2mFingerprint Privacy Module[2m > [22m[2mevaluateFingerprintRisk[2m > [22m[2mincludes matched trackers from snapshot
[22m[39mNot implemented: HTMLCanvasElement's getContext() method: without installing the canvas npm package
Not implemented: HTMLCanvasElement's getContext() method: without installing the canvas npm package
Not implemented: HTMLCanvasElement's getContext() method: without installing the canvas npm package

[90mstderr[2m | src/lib/__tests__/fingerprintPrivacy.test.ts[2m > [22m[2mFingerprint Privacy Module[2m > [22m[2mcreateMitigationPlan[2m > [22m[2mcreates mitigation plan with all required fields
[22m[39mNot implemented: HTMLCanvasElement's getContext() method: without installing the canvas npm package
Not implemented: HTMLCanvasElement's getContext() method: without installing the canvas npm package
Not implemented: HTMLCanvasElement's getContext() method: without installing the canvas npm package

[90mstderr[2m | src/lib/__tests__/fingerprintPrivacy.test.ts[2m > [22m[2mFingerprint Privacy Module[2m > [22m[2mcreateMitigationPlan[2m > [22m[2mcreates mitigations for all signals
[22m[39mNot implemented: HTMLCanvasElement's getContext() method: without installing the canvas npm package
Not implemented: HTMLCanvasElement's getContext() method: without installing the canvas npm package
Not implemented: HTMLCanvasElement's getContext() method: without installing the canvas npm package

[90mstderr[2m | src/lib/__tests__/fingerprintPrivacy.test.ts[2m > [22m[2mFingerprint Privacy Module[2m > [22m[2mcreateMitigationPlan[2m > [22m[2mapplies aggressive strategy correctly
[22m[39mNot implemented: HTMLCanvasElement's getContext() method: without installing the canvas npm package
Not implemented: HTMLCanvasElement's getContext() method: without installing the canvas npm package
Not implemented: HTMLCanvasElement's getContext() method: without installing the canvas npm package

[90mstderr[2m | src/lib/__tests__/fingerprintPrivacy.test.ts[2m > [22m[2mFingerprint Privacy Module[2m > [22m[2mcreateMitigationPlan[2m > [22m[2mapplies balanced strategy correctly
[22m[39mNot implemented: HTMLCanvasElement's getContext() method: without installing the canvas npm package
Not implemented: HTMLCanvasElement's getContext() method: without installing the canvas npm package
Not implemented: HTMLCanvasElement's getContext() method: without installing the canvas npm package

[90mstderr[2m | src/lib/__tests__/fingerprintPrivacy.test.ts[2m > [22m[2mFingerprint Privacy Module[2m > [22m[2mcreateMitigationPlan[2m > [22m[2mapplies conservative strategy correctly
[22m[39mNot implemented: HTMLCanvasElement's getContext() method: without installing the canvas npm package
Not implemented: HTMLCanvasElement's getContext() method: without installing the canvas npm package
Not implemented: HTMLCanvasElement's getContext() method: without installing the canvas npm package

[90mstderr[2m | src/lib/__tests__/fingerprintPrivacy.test.ts[2m > [22m[2mFingerprint Privacy Module[2m > [22m[2mcreateMitigationPlan[2m > [22m[2mcounts successful mitigations
[22m[39mNot implemented: HTMLCanvasElement's getContext() method: without installing the canvas npm package
Not implemented: HTMLCanvasElement's getContext() method: without installing the canvas npm package
Not implemented: HTMLCanvasElement's getContext() method: without installing the canvas npm package

[90mstderr[2m | src/lib/__tests__/fingerprintPrivacy.test.ts[2m > [22m[2mFingerprint Privacy Module[2m > [22m[2mcreateMitigationPlan[2m > [22m[2mtracks mitigation original and new values
[22m[39mNot implemented: HTMLCanvasElement's getContext() method: without installing the canvas npm package
Not implemented: HTMLCanvasElement's getContext() method: without installing the canvas npm package
Not implemented: HTMLCanvasElement's getContext() method: without installing the canvas npm package

 [32m✓[39m src/lib/__tests__/fingerprintPrivacy.test.ts[2m > [22mFingerprint Privacy Module[2m > [22mgenerateSalt[2m > [22mgenerates a valid salt string[32m 3[2mms[22m[39m
 [32m✓[39m src/lib/__tests__/fingerprintPrivacy.test.ts[2m > [22mFingerprint Privacy Module[2m > [22mgenerateSalt[2m > [22mgenerates different salts on each call[32m 1[2mms[22m[39m
 [32m✓[39m src/lib/__tests__/fingerprintPrivacy.test.ts[2m > [22mFingerprint Privacy Module[2m > [22mgenerateSalt[2m > [22mgenerates cryptographically appropriate length salts[32m 0[2mms[22m[39m
 [32m✓[39m src/lib/__tests__/fingerprintPrivacy.test.ts[2m > [22mFingerprint Privacy Module[2m > [22mcollectFingerprintSignals[2m > [22mcollects all expected signal types[32m 7[2mms[22m[39m
 [32m✓[39m src/lib/__tests__/fingerprintPrivacy.test.ts[2m > [22mFingerprint Privacy Module[2m > [22mcollectFingerprintSignals[2m > [22mreturns empty array in non-browser environment[32m 0[2mms[22m[39m
 [32m✓[39m src/lib/__tests__/fingerprintPrivacy.test.ts[2m > [22mFingerprint Privacy Module[2m > [22mcollectFingerprintSignals[2m > [22mincludes timestamp in each signal[32m 1[2mms[22m[39m
 [32m✓[39m src/lib/__tests__/fingerprintPrivacy.test.ts[2m > [22mFingerprint Privacy Module[2m > [22mcollectFingerprintSignals[2m > [22mincludes risk scores in signals[32m 2[2mms[22m[39m
 [32m✓[39m src/lib/__tests__/fingerprintPrivacy.test.ts[2m > [22mFingerprint Privacy Module[2m > [22mcollectFingerprintSignals[2m > [22mmarks signals as stable or unstable appropriately[32m 1[2mms[22m[39m
 [32m✓[39m src/lib/__tests__/fingerprintPrivacy.test.ts[2m > [22mFingerprint Privacy Module[2m > [22mcollectFingerprintSignals[2m > [22mincludes signal values[32m 2[2mms[22m[39m
 [32m✓[39m src/lib/__tests__/fingerprintPrivacy.test.ts[2m > [22mFingerprint Privacy Module[2m > [22mcreateFingerprintSnapshot[2m > [22mcreates snapshot with all required fields[32m 2[2mms[22m[39m
 [32m✓[39m src/lib/__tests__/fingerprintPrivacy.test.ts[2m > [22mFingerprint Privacy Module[2m > [22mcreateFingerprintSnapshot[2m > [22mgenerates unique snapshot IDs[32m 2[2mms[22m[39m
 [32m✓[39m src/lib/__tests__/fingerprintPrivacy.test.ts[2m > [22mFingerprint Privacy Module[2m > [22mcreateFingerprintSnapshot[2m > [22mincludes all collected signals[32m 2[2mms[22m[39m
 [32m✓[39m src/lib/__tests__/fingerprintPrivacy.test.ts[2m > [22mFingerprint Privacy Module[2m > [22mcreateFingerprintSnapshot[2m > [22mcalculates average risk score from signals[32m 1[2mms[22m[39m
 [32m✓[39m src/lib/__tests__/fingerprintPrivacy.test.ts[2m > [22mFingerprint Privacy Module[2m > [22mcreateFingerprintSnapshot[2m > [22mclassifies high-risk fingerprints correctly[32m 1[2mms[22m[39m
 [32m✓[39m src/lib/__tests__/fingerprintPrivacy.test.ts[2m > [22mFingerprint Privacy Module[2m > [22mcreateFingerprintSnapshot[2m > [22midentifies matched trackers[32m 1[2mms[22m[39m
 [32m✓[39m src/lib/__tests__/fingerprintPrivacy.test.ts[2m > [22mFingerprint Privacy Module[2m > [22mevaluateFingerprintRisk[2m > [22mreturns risk evaluation with all required fields[32m 1[2mms[22m[39m
 [32m✓[39m src/lib/__tests__/fingerprintPrivacy.test.ts[2m > [22mFingerprint Privacy Module[2m > [22mevaluateFingerprintRisk[2m > [22mclassifies low risk correctly[32m 1[2mms[22m[39m
 [32m✓[39m src/lib/__tests__/fingerprintPrivacy.test.ts[2m > [22mFingerprint Privacy Module[2m > [22mevaluateFingerprintRisk[2m > [22mclassifies medium risk correctly[32m 1[2mms[22m[39m
 [32m✓[39m src/lib/__tests__/fingerprintPrivacy.test.ts[2m > [22mFingerprint Privacy Module[2m > [22mevaluateFingerprintRisk[2m > [22mclassifies high risk correctly[32m 1[2mms[22m[39m
 [32m✓[39m src/lib/__tests__/fingerprintPrivacy.test.ts[2m > [22mFingerprint Privacy Module[2m > [22mevaluateFingerprintRisk[2m > [22mprovides appropriate recommendations[32m 1[2mms[22m[39m
 [32m✓[39m src/lib/__tests__/fingerprintPrivacy.test.ts[2m > [22mFingerprint Privacy Module[2m > [22mevaluateFingerprintRisk[2m > [22mincludes matched trackers from snapshot[32m 1[2mms[22m[39m
 [32m✓[39m src/lib/__tests__/fingerprintPrivacy.test.ts[2m > [22mFingerprint Privacy Module[2m > [22mcreateMitigationPlan[2m > [22mcreates mitigation plan with all required fields[32m 1[2mms[22m[39m
 [32m✓[39m src/lib/__tests__/fingerprintPrivacy.test.ts[2m > [22mFingerprint Privacy Module[2m > [22mcreateMitigationPlan[2m > [22mcreates mitigations for all signals[32m 1[2mms[22m[39m
 [32m✓[39m src/lib/__tests__/fingerprintPrivacy.test.ts[2m > [22mFingerprint Privacy Module[2m > [22mcreateMitigationPlan[2m > [22mapplies aggressive strategy correctly[32m 1[2mms[22m[39m
 [32m✓[39m src/lib/__tests__/fingerprintPrivacy.test.ts[2m > [22mFingerprint Privacy Module[2m > [22mcreateMitigationPlan[2m > [22mapplies balanced strategy correctly[32m 3[2mms[22m[39m
 [32m✓[39m src/lib/__tests__/fingerprintPrivacy.test.ts[2m > [22mFingerprint Privacy Module[2m > [22mcreateMitigationPlan[2m > [22mapplies conservative strategy correctly[32m 1[2mms[22m[39m
 [32m✓[39m src/lib/__tests__/fingerprintPrivacy.test.ts[2m > [22mFingerprint Privacy Module[2m > [22mcreateMitigationPlan[2m > [22mcounts successful mitigations[32m 1[2mms[22m[39m
 [32m✓[39m src/lib/__tests__/fingerprintPrivacy.test.ts[2m > [22mFingerprint Privacy Module[2m > [22mcreateMitigationPlan[2m > [22mtracks mitigation original and new values[32m 1[2mms[22m[39m
 [32m✓[39m src/lib/__tests__/fingerprintPrivacy.test.ts[2m > [22mFingerprint Privacy Module[2m > [22mobfuscateAPIs[2m > [22mobfuscates canvas APIs without throwing[32m 1[2mms[22m[39m
 [32m✓[39m src/lib/__tests__/fingerprintPrivacy.test.ts[2m > [22mFingerprint Privacy Module[2m > [22mobfuscateAPIs[2m > [22mmodifies canvas toDataURL when available[32m 0[2mms[22m[39m
 [32m✓[39m src/lib/__tests__/fingerprintPrivacy.test.ts[2m > [22mFingerprint Privacy Module[2m > [22mobfuscateAPIs[2m > [22mhandles SSR environment gracefully[32m 0[2mms[22m[39m
 [32m✓[39m src/lib/__tests__/fingerprintPrivacy.test.ts[2m > [22mFingerprint Privacy Module[2m > [22mrestoreAPIs[2m > [22mrestores canvas APIs without throwing[32m 0[2mms[22m[39m
 [32m✓[39m src/lib/__tests__/fingerprintPrivacy.test.ts[2m > [22mFingerprint Privacy Module[2m > [22mrestoreAPIs[2m > [22mhandles SSR environment gracefully[32m 0[2mms[22m[39m
 [32m✓[39m src/lib/__tests__/fingerprintPrivacy.test.ts[2m > [22mFingerprint Privacy Module[2m > [22mrotateSalt[2m > [22mgenerates rotation record with new salt[32m 0[2mms[22m[39m
 [32m✓[39m src/lib/__tests__/fingerprintPrivacy.test.ts[2m > [22mFingerprint Privacy Module[2m > [22mrotateSalt[2m > [22mincludes rotation reason[32m 0[2mms[22m[39m
 [32m✓[39m src/lib/__tests__/fingerprintPrivacy.test.ts[2m > [22mFingerprint Privacy Module[2m > [22mrotateSalt[2m > [22mdefaults to "manual" reason if not provided[32m 0[2mms[22m[39m
 [32m✓[39m src/lib/__tests__/fingerprintPrivacy.test.ts[2m > [22mFingerprint Privacy Module[2m > [22mrotateSalt[2m > [22mgenerates different new salts on sequential rotations[32m 0[2mms[22m[39m
 [32m✓[39m src/lib/__tests__/fingerprintPrivacy.test.ts[2m > [22mFingerprint Privacy Module[2m > [22mSerialization roundtrips[2m > [22mserializes and deserializes snapshot[32m 1[2mms[22m[39m
 [32m✓[39m src/lib/__tests__/fingerprintPrivacy.test.ts[2m > [22mFingerprint Privacy Module[2m > [22mSerialization roundtrips[2m > [22mdeserializes snapshot matches structure[32m 1[2mms[22m[39m
 [32m✓[39m src/lib/__tests__/fingerprintPrivacy.test.ts[2m > [22mFingerprint Privacy Module[2m > [22mSerialization roundtrips[2m > [22mserializes and deserializes mitigation plan[32m 1[2mms[22m[39m
 [32m✓[39m src/lib/__tests__/fingerprintPrivacy.test.ts[2m > [22mFingerprint Privacy Module[2m > [22mSerialization roundtrips[2m > [22mdeserializes plan matches structure[32m 1[2mms[22m[39m
 [32m✓[39m src/lib/__tests__/fingerprintPrivacy.test.ts[2m > [22mFingerprint Privacy Module[2m > [22mSerialization roundtrips[2m > [22mrejects invalid snapshot data[32m 1[2mms[22m[39m
 [32m✓[39m src/lib/__tests__/fingerprintPrivacy.test.ts[2m > [22mFingerprint Privacy Module[2m > [22mSerialization roundtrips[2m > [22mrejects invalid plan data[32m 0[2mms[22m[39m
 [32m✓[39m src/lib/__tests__/fingerprintPrivacy.test.ts[2m > [22mFingerprint Privacy Module[2m > [22mError handling[2m > [22mFingerprintError has correct structure[32m 0[2mms[22m[39m
 [32m✓[39m src/lib/__tests__/fingerprintPrivacy.test.ts[2m > [22mFingerprint Privacy Module[2m > [22mError handling[2m > [22mall error codes are valid[32m 0[2mms[22m[39m
 [32m✓[39m src/lib/__tests__/fingerprintPrivacy.test.ts[2m > [22mFingerprint Privacy Module[2m > [22mConstants and defaults[2m > [22mdefines expected fingerprint constants[32m 0[2mms[22m[39m
 [32m✓[39m src/lib/__tests__/fingerprintPrivacy.test.ts[2m > [22mFingerprint Privacy Module[2m > [22mConstants and defaults[2m > [22mdefines fingerprint vectors with proper structure[32m 1[2mms[22m[39m
 [32m✓[39m src/lib/__tests__/fingerprintPrivacy.test.ts[2m > [22mFingerprint Privacy Module[2m > [22mConstants and defaults[2m > [22mvectors have appropriate risk scores[32m 0[2mms[22m[39m
 [32m✓[39m src/lib/__tests__/fingerprintPrivacy.test.ts[2m > [22mFingerprint Privacy Module[2m > [22mIntegration scenarios[2m > [22mend-to-end fingerprint collection and evaluation[32m 1[2mms[22m[39m
 [32m✓[39m src/lib/__tests__/fingerprintPrivacy.test.ts[2m > [22mFingerprint Privacy Module[2m > [22mIntegration scenarios[2m > [22mend-to-end collection, evaluation, and mitigation[32m 1[2mms[22m[39m
 [32m✓[39m src/lib/__tests__/fingerprintPrivacy.test.ts[2m > [22mFingerprint Privacy Module[2m > [22mIntegration scenarios[2m > [22msalt rotation with fingerprint re-evaluation[32m 1[2mms[22m[39m
 [32m✓[39m src/lib/__tests__/fingerprintPrivacy.test.ts[2m > [22mFingerprint Privacy Module[2m > [22mIntegration scenarios[2m > [22mstores and retrieves fingerprint from simulated storage[32m 1[2mms[22m[39m
 [32m✓[39m src/lib/__tests__/fingerprintPrivacy.test.ts[2m > [22mFingerprint Privacy Module[2m > [22mIntegration scenarios[2m > [22mmultiple sequential fingerprint captures with different salts[32m 1[2mms[22m[39m
 [32m✓[39m src/lib/__tests__/fingerprintPrivacy.test.ts[2m > [22mFingerprint Privacy Module[2m > [22mSSR fallback behavior[2m > [22mcollectFingerprintSignals returns empty array when window is undefined[32m 0[2mms[22m[39m
 [32m✓[39m src/lib/__tests__/fingerprintPrivacy.test.ts[2m > [22mFingerprint Privacy Module[2m > [22mSSR fallback behavior[2m > [22mobfuscateAPIs handles missing window gracefully[32m 0[2mms[22m[39m
 [32m✓[39m src/lib/__tests__/fingerprintPrivacy.test.ts[2m > [22mFingerprint Privacy Module[2m > [22mSSR fallback behavior[2m > [22mrestoreAPIs handles missing window gracefully[32m 0[2mms[22m[39m
[90mstdout[2m | src/lib/tokens/__tests__/RewardEngine.streaks.test.ts[2m > [22m[2mRewardEngine - Daily Bonus and Streaks[2m > [22m[2mDaily Login Bonus[2m > [22m[2mshould award 5 VOICE for daily login
[22m[39mMigrating wallet data from v1...
Migration complete: { balance: [33m0[39m, pending: [33m0[39m, totalEarned: [33m0[39m, transactionCount: [33m0[39m }

[90mstdout[2m | src/lib/tokens/__tests__/RewardEngine.streaks.test.ts[2m > [22m[2mRewardEngine - Daily Bonus and Streaks[2m > [22m[2mDaily Login Bonus[2m > [22m[2mshould initialize streak to 1 on first login
[22m[39mMigrating wallet data from v1...
Migration complete: { balance: [33m0[39m, pending: [33m0[39m, totalEarned: [33m0[39m, transactionCount: [33m0[39m }

[90mstdout[2m | src/lib/tokens/__tests__/RewardEngine.streaks.test.ts[2m > [22m[2mRewardEngine - Daily Bonus and Streaks[2m > [22m[2mDaily Login Bonus[2m > [22m[2mshould not award bonus twice on same day
[22m[39mMigrating wallet data from v1...
Migration complete: { balance: [33m0[39m, pending: [33m0[39m, totalEarned: [33m0[39m, transactionCount: [33m0[39m }

[90mstdout[2m | src/lib/tokens/__tests__/RewardEngine.streaks.test.ts[2m > [22m[2mRewardEngine - Daily Bonus and Streaks[2m > [22m[2mDaily Login Bonus[2m > [22m[2mshould update lastLoginDate after daily bonus
[22m[39mMigrating wallet data from v1...
Migration complete: { balance: [33m0[39m, pending: [33m0[39m, totalEarned: [33m0[39m, transactionCount: [33m0[39m }

[90mstdout[2m | src/lib/tokens/__tests__/RewardEngine.streaks.test.ts[2m > [22m[2mRewardEngine - Daily Bonus and Streaks[2m > [22m[2mDaily Login Bonus[2m > [22m[2mshould create transaction for daily bonus
[22m[39mMigrating wallet data from v1...
Migration complete: { balance: [33m0[39m, pending: [33m0[39m, totalEarned: [33m0[39m, transactionCount: [33m0[39m }

[90mstdout[2m | src/lib/tokens/__tests__/RewardEngine.streaks.test.ts[2m > [22m[2mRewardEngine - Daily Bonus and Streaks[2m > [22m[2mWeekly Streak Bonus (7 days)[2m > [22m[2mshould award weekly streak bonus on 7th consecutive day
[22m[39mMigrating wallet data from v1...
Migration complete: { balance: [33m0[39m, pending: [33m0[39m, totalEarned: [33m0[39m, transactionCount: [33m0[39m }

[90mstderr[2m | src/lib/tokens/__tests__/RewardEngine.streaks.test.ts[2m > [22m[2mRewardEngine - Daily Bonus and Streaks[2m > [22m[2mWeekly Streak Bonus (7 days)[2m > [22m[2mshould award weekly streak bonus on 7th consecutive day
[22m[39mRate limit exceeded for token awards

[90mstdout[2m | src/lib/tokens/__tests__/RewardEngine.streaks.test.ts[2m > [22m[2mRewardEngine - Daily Bonus and Streaks[2m > [22m[2mWeekly Streak Bonus (7 days)[2m > [22m[2mshould award 50 VOICE for 7-day streak via processStreakBonus
[22m[39mMigrating wallet data from v1...
Migration complete: { balance: [33m0[39m, pending: [33m0[39m, totalEarned: [33m0[39m, transactionCount: [33m0[39m }

[90mstdout[2m | src/lib/tokens/__tests__/RewardEngine.streaks.test.ts[2m > [22m[2mRewardEngine - Daily Bonus and Streaks[2m > [22m[2mWeekly Streak Bonus (7 days)[2m > [22m[2mshould create transaction for weekly streak bonus
[22m[39mMigrating wallet data from v1...
Migration complete: { balance: [33m0[39m, pending: [33m0[39m, totalEarned: [33m0[39m, transactionCount: [33m0[39m }

[90mstdout[2m | src/lib/tokens/__tests__/RewardEngine.streaks.test.ts[2m > [22m[2mRewardEngine - Daily Bonus and Streaks[2m > [22m[2mWeekly Streak Bonus (7 days)[2m > [22m[2mshould not award streak bonus for non-multiples of 7
[22m[39mMigrating wallet data from v1...
Migration complete: { balance: [33m0[39m, pending: [33m0[39m, totalEarned: [33m0[39m, transactionCount: [33m0[39m }

[90mstdout[2m | src/lib/tokens/__tests__/RewardEngine.streaks.test.ts[2m > [22m[2mRewardEngine - Daily Bonus and Streaks[2m > [22m[2mMonthly Streak Bonus (30 days)[2m > [22m[2mshould award 300 VOICE for 30-day streak
[22m[39mMigrating wallet data from v1...
Migration complete: { balance: [33m0[39m, pending: [33m0[39m, totalEarned: [33m0[39m, transactionCount: [33m0[39m }

[90mstdout[2m | src/lib/tokens/__tests__/RewardEngine.streaks.test.ts[2m > [22m[2mRewardEngine - Daily Bonus and Streaks[2m > [22m[2mMonthly Streak Bonus (30 days)[2m > [22m[2mshould award monthly streak bonus on 30th consecutive day
[22m[39mMigrating wallet data from v1...
Migration complete: { balance: [33m0[39m, pending: [33m0[39m, totalEarned: [33m0[39m, transactionCount: [33m0[39m }

[90mstderr[2m | src/lib/tokens/__tests__/RewardEngine.streaks.test.ts[2m > [22m[2mRewardEngine - Daily Bonus and Streaks[2m > [22m[2mMonthly Streak Bonus (30 days)[2m > [22m[2mshould award monthly streak bonus on 30th consecutive day
[22m[39mRate limit exceeded for token awards

[90mstdout[2m | src/lib/tokens/__tests__/RewardEngine.streaks.test.ts[2m > [22m[2mRewardEngine - Daily Bonus and Streaks[2m > [22m[2mMonthly Streak Bonus (30 days)[2m > [22m[2mshould prioritize 30-day over 7-day milestone
[22m[39mMigrating wallet data from v1...
Migration complete: { balance: [33m0[39m, pending: [33m0[39m, totalEarned: [33m0[39m, transactionCount: [33m0[39m }

[90mstderr[2m | src/lib/tokens/__tests__/RewardEngine.streaks.test.ts[2m > [22m[2mRewardEngine - Daily Bonus and Streaks[2m > [22m[2mMonthly Streak Bonus (30 days)[2m > [22m[2mshould prioritize 30-day over 7-day milestone
[22m[39mRate limit exceeded for token awards

[90mstdout[2m | src/lib/tokens/__tests__/RewardEngine.streaks.test.ts[2m > [22m[2mRewardEngine - Daily Bonus and Streaks[2m > [22m[2mMonthly Streak Bonus (30 days)[2m > [22m[2mshould create transaction for monthly streak bonus
[22m[39mMigrating wallet data from v1...
Migration complete: { balance: [33m0[39m, pending: [33m0[39m, totalEarned: [33m0[39m, transactionCount: [33m0[39m }

[90mstdout[2m | src/lib/tokens/__tests__/RewardEngine.streaks.test.ts[2m > [22m[2mRewardEngine - Daily Bonus and Streaks[2m > [22m[2mPosting Streak Bonus[2m > [22m[2mshould initialize posting streak to 1 on first post
[22m[39mMigrating wallet data from v1...
Migration complete: { balance: [33m0[39m, pending: [33m0[39m, totalEarned: [33m0[39m, transactionCount: [33m0[39m }

[90mstdout[2m | src/lib/tokens/__tests__/RewardEngine.streaks.test.ts[2m > [22m[2mRewardEngine - Daily Bonus and Streaks[2m > [22m[2mPosting Streak Bonus[2m > [22m[2mshould award 100 VOICE for 7-day posting streak
[22m[39mMigrating wallet data from v1...
Migration complete: { balance: [33m0[39m, pending: [33m0[39m, totalEarned: [33m0[39m, transactionCount: [33m0[39m }

[90mstdout[2m | src/lib/tokens/__tests__/RewardEngine.streaks.test.ts[2m > [22m[2mRewardEngine - Daily Bonus and Streaks[2m > [22m[2mPosting Streak Bonus[2m > [22m[2mshould not award bonus if already posted today
[22m[39mMigrating wallet data from v1...
Migration complete: { balance: [33m0[39m, pending: [33m0[39m, totalEarned: [33m0[39m, transactionCount: [33m0[39m }

[90mstdout[2m | src/lib/tokens/__tests__/RewardEngine.streaks.test.ts[2m > [22m[2mRewardEngine - Daily Bonus and Streaks[2m > [22m[2mPosting Streak Bonus[2m > [22m[2mshould track posting streak separately from login streak
[22m[39mMigrating wallet data from v1...
Migration complete: { balance: [33m0[39m, pending: [33m0[39m, totalEarned: [33m0[39m, transactionCount: [33m0[39m }

[90mstdout[2m | src/lib/tokens/__tests__/RewardEngine.streaks.test.ts[2m > [22m[2mRewardEngine - Daily Bonus and Streaks[2m > [22m[2mPosting Streak Bonus[2m > [22m[2mshould create transaction for posting streak bonus
[22m[39mMigrating wallet data from v1...
Migration complete: { balance: [33m0[39m, pending: [33m0[39m, totalEarned: [33m0[39m, transactionCount: [33m0[39m }

[90mstdout[2m | src/lib/tokens/__tests__/RewardEngine.streaks.test.ts[2m > [22m[2mRewardEngine - Daily Bonus and Streaks[2m > [22m[2mStreak Reset Logic[2m > [22m[2mshould reset login streak to 1 if not consecutive
[22m[39mMigrating wallet data from v1...
Migration complete: { balance: [33m0[39m, pending: [33m0[39m, totalEarned: [33m0[39m, transactionCount: [33m0[39m }

[90mstdout[2m | src/lib/tokens/__tests__/RewardEngine.streaks.test.ts[2m > [22m[2mRewardEngine - Daily Bonus and Streaks[2m > [22m[2mStreak Reset Logic[2m > [22m[2mshould preserve longestStreak even after reset
[22m[39mMigrating wallet data from v1...
Migration complete: { balance: [33m0[39m, pending: [33m0[39m, totalEarned: [33m0[39m, transactionCount: [33m0[39m }

[90mstdout[2m | src/lib/tokens/__tests__/RewardEngine.streaks.test.ts[2m > [22m[2mRewardEngine - Daily Bonus and Streaks[2m > [22m[2mStreak Reset Logic[2m > [22m[2mshould reset posting streak if not consecutive
[22m[39mMigrating wallet data from v1...
Migration complete: { balance: [33m0[39m, pending: [33m0[39m, totalEarned: [33m0[39m, transactionCount: [33m0[39m }

[90mstdout[2m | src/lib/tokens/__tests__/RewardEngine.streaks.test.ts[2m > [22m[2mRewardEngine - Daily Bonus and Streaks[2m > [22m[2mStreak Reset Logic[2m > [22m[2mshould mark streakBroken flag when streak is broken
[22m[39mMigrating wallet data from v1...
Migration complete: { balance: [33m0[39m, pending: [33m0[39m, totalEarned: [33m0[39m, transactionCount: [33m0[39m }

[90mstdout[2m | src/lib/tokens/__tests__/RewardEngine.streaks.test.ts[2m > [22m[2mRewardEngine - Daily Bonus and Streaks[2m > [22m[2mStreak Reset Logic[2m > [22m[2mshould not break streak on consecutive day login
[22m[39mMigrating wallet data from v1...
Migration complete: { balance: [33m0[39m, pending: [33m0[39m, totalEarned: [33m0[39m, transactionCount: [33m0[39m }

[90mstdout[2m | src/lib/tokens/__tests__/RewardEngine.streaks.test.ts[2m > [22m[2mRewardEngine - Daily Bonus and Streaks[2m > [22m[2mConsecutive Day Logic[2m > [22m[2mshould increment streak for consecutive login
[22m[39mMigrating wallet data from v1...
Migration complete: { balance: [33m0[39m, pending: [33m0[39m, totalEarned: [33m0[39m, transactionCount: [33m0[39m }

[90mstdout[2m | src/lib/tokens/__tests__/RewardEngine.streaks.test.ts[2m > [22m[2mRewardEngine - Daily Bonus and Streaks[2m > [22m[2mConsecutive Day Logic[2m > [22m[2mshould update longestStreak when current exceeds it
[22m[39mMigrating wallet data from v1...
Migration complete: { balance: [33m0[39m, pending: [33m0[39m, totalEarned: [33m0[39m, transactionCount: [33m0[39m }

[90mstdout[2m | src/lib/tokens/__tests__/RewardEngine.streaks.test.ts[2m > [22m[2mRewardEngine - Daily Bonus and Streaks[2m > [22m[2mConsecutive Day Logic[2m > [22m[2mshould increment posting streak for consecutive posts
[22m[39mMigrating wallet data from v1...
Migration complete: { balance: [33m0[39m, pending: [33m0[39m, totalEarned: [33m0[39m, transactionCount: [33m0[39m }

[90mstdout[2m | src/lib/tokens/__tests__/RewardEngine.streaks.test.ts[2m > [22m[2mRewardEngine - Daily Bonus and Streaks[2m > [22m[2mConsecutive Day Logic[2m > [22m[2mshould update longestPostStreak when current exceeds it
[22m[39mMigrating wallet data from v1...
Migration complete: { balance: [33m0[39m, pending: [33m0[39m, totalEarned: [33m0[39m, transactionCount: [33m0[39m }

[90mstdout[2m | src/lib/tokens/__tests__/RewardEngine.streaks.test.ts[2m > [22m[2mRewardEngine - Daily Bonus and Streaks[2m > [22m[2mEdge Cases[2m > [22m[2mshould handle multiples of 7 correctly
[22m[39mMigrating wallet data from v1...
Migration complete: { balance: [33m0[39m, pending: [33m0[39m, totalEarned: [33m0[39m, transactionCount: [33m0[39m }

[90mstdout[2m | src/lib/tokens/__tests__/RewardEngine.streaks.test.ts[2m > [22m[2mRewardEngine - Daily Bonus and Streaks[2m > [22m[2mEdge Cases[2m > [22m[2mshould handle multiples of 30 correctly
[22m[39mMigrating wallet data from v1...
Migration complete: { balance: [33m0[39m, pending: [33m0[39m, totalEarned: [33m0[39m, transactionCount: [33m0[39m }

[90mstdout[2m | src/lib/tokens/__tests__/RewardEngine.streaks.test.ts[2m > [22m[2mRewardEngine - Daily Bonus and Streaks[2m > [22m[2mEdge Cases[2m > [22m[2mshould not award for non-milestone streaks
[22m[39mMigrating wallet data from v1...
Migration complete: { balance: [33m0[39m, pending: [33m0[39m, totalEarned: [33m0[39m, transactionCount: [33m0[39m }

[90mstdout[2m | src/lib/tokens/__tests__/RewardEngine.streaks.test.ts[2m > [22m[2mRewardEngine - Daily Bonus and Streaks[2m > [22m[2mEdge Cases[2m > [22m[2mshould handle same day check correctly
[22m[39mMigrating wallet data from v1...
Migration complete: { balance: [33m0[39m, pending: [33m0[39m, totalEarned: [33m0[39m, transactionCount: [33m0[39m }

[90mstdout[2m | src/lib/tokens/__tests__/RewardEngine.streaks.test.ts[2m > [22m[2mRewardEngine - Daily Bonus and Streaks[2m > [22m[2mEdge Cases[2m > [22m[2mshould correctly identify yesterday
[22m[39mMigrating wallet data from v1...
Migration complete: { balance: [33m0[39m, pending: [33m0[39m, totalEarned: [33m0[39m, transactionCount: [33m0[39m }

 [32m✓[39m src/lib/tokens/__tests__/RewardEngine.streaks.test.ts[2m > [22mRewardEngine - Daily Bonus and Streaks[2m > [22mDaily Login Bonus[2m > [22mshould award 5 VOICE for daily login[32m 9[2mms[22m[39m
 [32m✓[39m src/lib/tokens/__tests__/RewardEngine.streaks.test.ts[2m > [22mRewardEngine - Daily Bonus and Streaks[2m > [22mDaily Login Bonus[2m > [22mshould initialize streak to 1 on first login[32m 1[2mms[22m[39m
 [32m✓[39m src/lib/tokens/__tests__/RewardEngine.streaks.test.ts[2m > [22mRewardEngine - Daily Bonus and Streaks[2m > [22mDaily Login Bonus[2m > [22mshould not award bonus twice on same day[32m 1[2mms[22m[39m
 [32m✓[39m src/lib/tokens/__tests__/RewardEngine.streaks.test.ts[2m > [22mRewardEngine - Daily Bonus and Streaks[2m > [22mDaily Login Bonus[2m > [22mshould update lastLoginDate after daily bonus[32m 1[2mms[22m[39m
 [32m✓[39m src/lib/tokens/__tests__/RewardEngine.streaks.test.ts[2m > [22mRewardEngine - Daily Bonus and Streaks[2m > [22mDaily Login Bonus[2m > [22mshould create transaction for daily bonus[32m 1[2mms[22m[39m
 [32m✓[39m src/lib/tokens/__tests__/RewardEngine.streaks.test.ts[2m > [22mRewardEngine - Daily Bonus and Streaks[2m > [22mWeekly Streak Bonus (7 days)[2m > [22mshould award weekly streak bonus on 7th consecutive day[32m 2[2mms[22m[39m
 [32m✓[39m src/lib/tokens/__tests__/RewardEngine.streaks.test.ts[2m > [22mRewardEngine - Daily Bonus and Streaks[2m > [22mWeekly Streak Bonus (7 days)[2m > [22mshould award 50 VOICE for 7-day streak via processStreakBonus[32m 1[2mms[22m[39m
 [32m✓[39m src/lib/tokens/__tests__/RewardEngine.streaks.test.ts[2m > [22mRewardEngine - Daily Bonus and Streaks[2m > [22mWeekly Streak Bonus (7 days)[2m > [22mshould create transaction for weekly streak bonus[32m 2[2mms[22m[39m
 [32m✓[39m src/lib/tokens/__tests__/RewardEngine.streaks.test.ts[2m > [22mRewardEngine - Daily Bonus and Streaks[2m > [22mWeekly Streak Bonus (7 days)[2m > [22mshould not award streak bonus for non-multiples of 7[32m 1[2mms[22m[39m
 [32m✓[39m src/lib/tokens/__tests__/RewardEngine.streaks.test.ts[2m > [22mRewardEngine - Daily Bonus and Streaks[2m > [22mMonthly Streak Bonus (30 days)[2m > [22mshould award 300 VOICE for 30-day streak[32m 1[2mms[22m[39m
 [32m✓[39m src/lib/tokens/__tests__/RewardEngine.streaks.test.ts[2m > [22mRewardEngine - Daily Bonus and Streaks[2m > [22mMonthly Streak Bonus (30 days)[2m > [22mshould award monthly streak bonus on 30th consecutive day[32m 2[2mms[22m[39m
 [32m✓[39m src/lib/tokens/__tests__/RewardEngine.streaks.test.ts[2m > [22mRewardEngine - Daily Bonus and Streaks[2m > [22mMonthly Streak Bonus (30 days)[2m > [22mshould prioritize 30-day over 7-day milestone[32m 1[2mms[22m[39m
 [32m✓[39m src/lib/tokens/__tests__/RewardEngine.streaks.test.ts[2m > [22mRewardEngine - Daily Bonus and Streaks[2m > [22mMonthly Streak Bonus (30 days)[2m > [22mshould create transaction for monthly streak bonus[32m 1[2mms[22m[39m
 [32m✓[39m src/lib/tokens/__tests__/RewardEngine.streaks.test.ts[2m > [22mRewardEngine - Daily Bonus and Streaks[2m > [22mPosting Streak Bonus[2m > [22mshould initialize posting streak to 1 on first post[32m 1[2mms[22m[39m
 [32m✓[39m src/lib/tokens/__tests__/RewardEngine.streaks.test.ts[2m > [22mRewardEngine - Daily Bonus and Streaks[2m > [22mPosting Streak Bonus[2m > [22mshould award 100 VOICE for 7-day posting streak[32m 1[2mms[22m[39m
 [32m✓[39m src/lib/tokens/__tests__/RewardEngine.streaks.test.ts[2m > [22mRewardEngine - Daily Bonus and Streaks[2m > [22mPosting Streak Bonus[2m > [22mshould not award bonus if already posted today[32m 1[2mms[22m[39m
 [32m✓[39m src/lib/tokens/__tests__/RewardEngine.streaks.test.ts[2m > [22mRewardEngine - Daily Bonus and Streaks[2m > [22mPosting Streak Bonus[2m > [22mshould track posting streak separately from login streak[32m 1[2mms[22m[39m
 [32m✓[39m src/lib/tokens/__tests__/RewardEngine.streaks.test.ts[2m > [22mRewardEngine - Daily Bonus and Streaks[2m > [22mPosting Streak Bonus[2m > [22mshould create transaction for posting streak bonus[32m 1[2mms[22m[39m
 [32m✓[39m src/lib/tokens/__tests__/RewardEngine.streaks.test.ts[2m > [22mRewardEngine - Daily Bonus and Streaks[2m > [22mStreak Reset Logic[2m > [22mshould reset login streak to 1 if not consecutive[32m 1[2mms[22m[39m
 [32m✓[39m src/lib/tokens/__tests__/RewardEngine.streaks.test.ts[2m > [22mRewardEngine - Daily Bonus and Streaks[2m > [22mStreak Reset Logic[2m > [22mshould preserve longestStreak even after reset[32m 1[2mms[22m[39m
 [32m✓[39m src/lib/tokens/__tests__/RewardEngine.streaks.test.ts[2m > [22mRewardEngine - Daily Bonus and Streaks[2m > [22mStreak Reset Logic[2m > [22mshould reset posting streak if not consecutive[32m 1[2mms[22m[39m
 [32m✓[39m src/lib/tokens/__tests__/RewardEngine.streaks.test.ts[2m > [22mRewardEngine - Daily Bonus and Streaks[2m > [22mStreak Reset Logic[2m > [22mshould mark streakBroken flag when streak is broken[32m 1[2mms[22m[39m
 [32m✓[39m src/lib/tokens/__tests__/RewardEngine.streaks.test.ts[2m > [22mRewardEngine - Daily Bonus and Streaks[2m > [22mStreak Reset Logic[2m > [22mshould not break streak on consecutive day login[32m 1[2mms[22m[39m
 [32m✓[39m src/lib/tokens/__tests__/RewardEngine.streaks.test.ts[2m > [22mRewardEngine - Daily Bonus and Streaks[2m > [22mConsecutive Day Logic[2m > [22mshould increment streak for consecutive login[32m 1[2mms[22m[39m
 [32m✓[39m src/lib/tokens/__tests__/RewardEngine.streaks.test.ts[2m > [22mRewardEngine - Daily Bonus and Streaks[2m > [22mConsecutive Day Logic[2m > [22mshould update longestStreak when current exceeds it[32m 1[2mms[22m[39m
 [32m✓[39m src/lib/tokens/__tests__/RewardEngine.streaks.test.ts[2m > [22mRewardEngine - Daily Bonus and Streaks[2m > [22mConsecutive Day Logic[2m > [22mshould increment posting streak for consecutive posts[32m 1[2mms[22m[39m
 [32m✓[39m src/lib/tokens/__tests__/RewardEngine.streaks.test.ts[2m > [22mRewardEngine - Daily Bonus and Streaks[2m > [22mConsecutive Day Logic[2m > [22mshould update longestPostStreak when current exceeds it[32m 1[2mms[22m[39m
 [32m✓[39m src/lib/tokens/__tests__/RewardEngine.streaks.test.ts[2m > [22mRewardEngine - Daily Bonus and Streaks[2m > [22mEdge Cases[2m > [22mshould handle multiples of 7 correctly[32m 1[2mms[22m[39m
 [32m✓[39m src/lib/tokens/__tests__/RewardEngine.streaks.test.ts[2m > [22mRewardEngine - Daily Bonus and Streaks[2m > [22mEdge Cases[2m > [22mshould handle multiples of 30 correctly[32m 1[2mms[22m[39m
 [32m✓[39m src/lib/tokens/__tests__/RewardEngine.streaks.test.ts[2m > [22mRewardEngine - Daily Bonus and Streaks[2m > [22mEdge Cases[2m > [22mshould not award for non-milestone streaks[32m 0[2mms[22m[39m
 [32m✓[39m src/lib/tokens/__tests__/RewardEngine.streaks.test.ts[2m > [22mRewardEngine - Daily Bonus and Streaks[2m > [22mEdge Cases[2m > [22mshould handle same day check correctly[32m 0[2mms[22m[39m
 [32m✓[39m src/lib/tokens/__tests__/RewardEngine.streaks.test.ts[2m > [22mRewardEngine - Daily Bonus and Streaks[2m > [22mEdge Cases[2m > [22mshould correctly identify yesterday[32m 0[2mms[22m[39m
[90mstdout[2m | src/lib/__tests__/privacyFingerprintStore.test.ts
[22m[39mMigrating wallet data from v1...
Migration complete: { balance: [33m0[39m, pending: [33m0[39m, totalEarned: [33m0[39m, transactionCount: [33m0[39m }

 [32m✓[39m src/lib/__tests__/emotionAnalysis.test.ts[2m > [22mEmotion Analysis - API Response Parsing[2m > [22mshould parse HuggingFace response and map joy to Happy[32m 11[2mms[22m[39m
 [32m✓[39m src/lib/__tests__/emotionAnalysis.test.ts[2m > [22mEmotion Analysis - API Response Parsing[2m > [22mshould parse HuggingFace response and map sadness to Sad[32m 1[2mms[22m[39m
 [32m✓[39m src/lib/__tests__/emotionAnalysis.test.ts[2m > [22mEmotion Analysis - API Response Parsing[2m > [22mshould parse HuggingFace response and map fear to Anxious[32m 1[2mms[22m[39m
 [32m✓[39m src/lib/__tests__/emotionAnalysis.test.ts[2m > [22mEmotion Analysis - API Response Parsing[2m > [22mshould parse HuggingFace response and map anger to Angry[32m 1[2mms[22m[39m
 [32m✓[39m src/lib/__tests__/emotionAnalysis.test.ts[2m > [22mEmotion Analysis - API Response Parsing[2m > [22mshould handle disgust by mapping to Sad[32m 1[2mms[22m[39m
 [32m✓[39m src/lib/__tests__/emotionAnalysis.test.ts[2m > [22mEmotion Analysis - API Response Parsing[2m > [22mshould handle surprise by mapping to Happy[32m 1[2mms[22m[39m
 [32m✓[39m src/lib/__tests__/emotionAnalysis.test.ts[2m > [22mEmotion Analysis - API Response Parsing[2m > [22mshould handle neutral responses[32m 1[2mms[22m[39m
 [32m✓[39m src/lib/__tests__/emotionAnalysis.test.ts[2m > [22mEmotion Analysis - API Response Parsing[2m > [22mshould handle nested array response format[32m 1[2mms[22m[39m
 [32m✓[39m src/lib/__tests__/emotionAnalysis.test.ts[2m > [22mEmotion Analysis - API Response Parsing[2m > [22mshould handle empty API response[32m 1[2mms[22m[39m
 [32m✓[39m src/lib/__tests__/emotionAnalysis.test.ts[2m > [22mEmotion Analysis - Classification Thresholds[2m > [22mshould classify as Neutral when confidence is below threshold[32m 1[2mms[22m[39m
 [32m✓[39m src/lib/__tests__/emotionAnalysis.test.ts[2m > [22mEmotion Analysis - Classification Thresholds[2m > [22mshould classify correctly when confidence is above threshold[32m 1[2mms[22m[39m
 [32m✓[39m src/lib/__tests__/emotionAnalysis.test.ts[2m > [22mEmotion Analysis - Classification Thresholds[2m > [22mshould aggregate multiple similar emotions[32m 1[2mms[22m[39m
 [32m✓[39m src/lib/__tests__/emotionAnalysis.test.ts[2m > [22mEmotion Analysis - Offline Fallback[2m > [22mshould detect sad emotion from keywords[32m 3[2mms[22m[39m
 [32m✓[39m src/lib/__tests__/emotionAnalysis.test.ts[2m > [22mEmotion Analysis - Offline Fallback[2m > [22mshould detect anxious emotion from keywords[32m 2[2mms[22m[39m
 [32m✓[39m src/lib/__tests__/emotionAnalysis.test.ts[2m > [22mEmotion Analysis - Offline Fallback[2m > [22mshould detect angry emotion from keywords[32m 1[2mms[22m[39m
 [32m✓[39m src/lib/__tests__/emotionAnalysis.test.ts[2m > [22mEmotion Analysis - Offline Fallback[2m > [22mshould detect happy emotion from keywords[32m 1[2mms[22m[39m
 [32m✓[39m src/lib/__tests__/emotionAnalysis.test.ts[2m > [22mEmotion Analysis - Offline Fallback[2m > [22mshould return neutral for text without emotion keywords[32m 0[2mms[22m[39m
 [32m✓[39m src/lib/__tests__/emotionAnalysis.test.ts[2m > [22mEmotion Analysis - Offline Fallback[2m > [22mshould handle negation patterns[32m 1[2mms[22m[39m
 [32m✓[39m src/lib/__tests__/emotionAnalysis.test.ts[2m > [22mEmotion Analysis - Offline Fallback[2m > [22mshould weight repeated keywords higher[32m 0[2mms[22m[39m
 [32m✓[39m src/lib/__tests__/emotionAnalysis.test.ts[2m > [22mEmotion Analysis - Offline Fallback[2m > [22mshould calculate confidence based on keyword density[32m 0[2mms[22m[39m
 [32m✓[39m src/lib/__tests__/emotionAnalysis.test.ts[2m > [22mEmotion Analysis - Offline Fallback[2m > [22mshould fallback to offline when API fails[32m 1[2mms[22m[39m
 [32m✓[39m src/lib/__tests__/emotionAnalysis.test.ts[2m > [22mEmotion Analysis - Offline Fallback[2m > [22mshould fallback to offline when API returns error status[32m 1[2mms[22m[39m
 [32m✓[39m src/lib/__tests__/emotionAnalysis.test.ts[2m > [22mEmotion Analysis - Caching[2m > [22mshould cache results for identical text[32m 1[2mms[22m[39m
 [32m✓[39m src/lib/__tests__/emotionAnalysis.test.ts[2m > [22mEmotion Analysis - Caching[2m > [22mshould normalize text for cache key[32m 1[2mms[22m[39m
 [32m✓[39m src/lib/__tests__/emotionAnalysis.test.ts[2m > [22mEmotion Analysis - Caching[2m > [22mshould return cache statistics[32m 1[2mms[22m[39m
 [32m✓[39m src/lib/__tests__/emotionAnalysis.test.ts[2m > [22mEmotion Analysis - Caching[2m > [22mshould clear cache when requested[32m 1[2mms[22m[39m
 [32m✓[39m src/lib/__tests__/emotionAnalysis.test.ts[2m > [22mEmotion Analysis - Throttling[2m > [22mshould throttle rapid API calls[32m 1[2mms[22m[39m
 [32m✓[39m src/lib/__tests__/emotionAnalysis.test.ts[2m > [22mEmotion Analysis - Manual Override[2m > [22mshould accept manual emotion override[32m 0[2mms[22m[39m
 [32m✓[39m src/lib/__tests__/emotionAnalysis.test.ts[2m > [22mEmotion Analysis - Manual Override[2m > [22mshould prioritize manual override over API[32m 1[2mms[22m[39m
 [32m✓[39m src/lib/__tests__/emotionAnalysis.test.ts[2m > [22mEmotion Analysis - Manual Override[2m > [22mshould accept all emotion types as manual override[32m 0[2mms[22m[39m
 [32m✓[39m src/lib/__tests__/emotionAnalysis.test.ts[2m > [22mEmotion Analysis - Edge Cases[2m > [22mshould return Neutral for empty string[32m 0[2mms[22m[39m
 [32m✓[39m src/lib/__tests__/emotionAnalysis.test.ts[2m > [22mEmotion Analysis - Edge Cases[2m > [22mshould return Neutral for whitespace-only string[32m 0[2mms[22m[39m
 [32m✓[39m src/lib/__tests__/emotionAnalysis.test.ts[2m > [22mEmotion Analysis - Edge Cases[2m > [22mshould return Neutral for very short text[32m 0[2mms[22m[39m
 [32m✓[39m src/lib/__tests__/emotionAnalysis.test.ts[2m > [22mEmotion Analysis - Edge Cases[2m > [22mshould handle very long text[32m 0[2mms[22m[39m
 [32m✓[39m src/lib/__tests__/emotionAnalysis.test.ts[2m > [22mEmotion Analysis - Edge Cases[2m > [22mshould handle text with special characters[32m 1[2mms[22m[39m
 [32m✓[39m src/lib/__tests__/emotionAnalysis.test.ts[2m > [22mEmotion Analysis - Edge Cases[2m > [22mshould handle mixed emotions with predominant emotion[32m 1[2mms[22m[39m
 [32m✓[39m src/lib/__tests__/emotionAnalysis.test.ts[2m > [22mEmotion Analysis - Edge Cases[2m > [22mshould handle malformed JSON from API gracefully[32m 1[2mms[22m[39m
 [32m✓[39m src/lib/__tests__/emotionAnalysis.test.ts[2m > [22mEmotion Analysis - Store Integration[2m > [22mshould provide correct types for store integration[32m 1[2mms[22m[39m
 [32m✓[39m src/lib/__tests__/emotionAnalysis.test.ts[2m > [22mEmotion Analysis - Store Integration[2m > [22mshould format confidence as decimal number[32m 0[2mms[22m[39m
 [32m✓[39m src/lib/__tests__/resources.test.ts[2m > [22mResources Dataset and Helpers[2m > [22mDataset Loading[2m > [22mshould load all resources[32m 7[2mms[22m[39m
 [32m✓[39m src/lib/__tests__/resources.test.ts[2m > [22mResources Dataset and Helpers[2m > [22mDataset Loading[2m > [22mshould include India-specific helplines[32m 2[2mms[22m[39m
 [32m✓[39m src/lib/__tests__/resources.test.ts[2m > [22mResources Dataset and Helpers[2m > [22mDataset Loading[2m > [22mshould include dynamic placeholders[32m 1[2mms[22m[39m
 [32m✓[39m src/lib/__tests__/resources.test.ts[2m > [22mResources Dataset and Helpers[2m > [22mDataset Loading[2m > [22mshould have helplines, exercises, and prompts[32m 1[2mms[22m[39m
 [32m✓[39m src/lib/__tests__/resources.test.ts[2m > [22mResources Dataset and Helpers[2m > [22mFiltering by Emotion[2m > [22mshould filter resources by anxiety category[32m 3[2mms[22m[39m
 [32m✓[39m src/lib/__tests__/resources.test.ts[2m > [22mResources Dataset and Helpers[2m > [22mFiltering by Emotion[2m > [22mshould filter resources by depression category[32m 2[2mms[22m[39m
 [32m✓[39m src/lib/__tests__/resources.test.ts[2m > [22mResources Dataset and Helpers[2m > [22mFiltering by Emotion[2m > [22mshould filter resources by stress category[32m 2[2mms[22m[39m
 [32m✓[39m src/lib/__tests__/resources.test.ts[2m > [22mResources Dataset and Helpers[2m > [22mFiltering by Emotion[2m > [22mshould filter resources by loneliness category[32m 1[2mms[22m[39m
 [32m✓[39m src/lib/__tests__/resources.test.ts[2m > [22mResources Dataset and Helpers[2m > [22mFiltering by Emotion[2m > [22mshould filter resources by anger category[32m 3[2mms[22m[39m
 [32m✓[39m src/lib/__tests__/resources.test.ts[2m > [22mResources Dataset and Helpers[2m > [22mFiltering by Emotion[2m > [22mshould filter resources by grief category[32m 1[2mms[22m[39m
 [32m✓[39m src/lib/__tests__/resources.test.ts[2m > [22mResources Dataset and Helpers[2m > [22mFiltering by Emotion[2m > [22mshould return all general resources[32m 1[2mms[22m[39m
 [32m✓[39m src/lib/__tests__/resources.test.ts[2m > [22mResources Dataset and Helpers[2m > [22mFiltering by Type[2m > [22mshould filter only helplines[32m 1[2mms[22m[39m
 [32m✓[39m src/lib/__tests__/resources.test.ts[2m > [22mResources Dataset and Helpers[2m > [22mFiltering by Type[2m > [22mshould filter only exercises[32m 6[2mms[22m[39m
 [32m✓[39m src/lib/__tests__/resources.test.ts[2m > [22mResources Dataset and Helpers[2m > [22mFiltering by Type[2m > [22mshould filter only prompts[32m 1[2mms[22m[39m
 [32m✓[39m src/lib/__tests__/resources.test.ts[2m > [22mResources Dataset and Helpers[2m > [22mFiltering by Region[2m > [22mshould filter India-specific resources[32m 2[2mms[22m[39m
 [32m✓[39m src/lib/__tests__/resources.test.ts[2m > [22mResources Dataset and Helpers[2m > [22mFiltering by Region[2m > [22mshould filter global resources[32m 2[2mms[22m[39m
 [32m✓[39m src/lib/__tests__/resources.test.ts[2m > [22mResources Dataset and Helpers[2m > [22mMulti-criteria Filtering[2m > [22mshould filter by emotion and type[32m 2[2mms[22m[39m
 [32m✓[39m src/lib/__tests__/resources.test.ts[2m > [22mResources Dataset and Helpers[2m > [22mMulti-criteria Filtering[2m > [22mshould filter by emotion and region[32m 1[2mms[22m[39m
 [32m✓[39m src/lib/__tests__/resources.test.ts[2m > [22mResources Dataset and Helpers[2m > [22mMulti-criteria Filtering[2m > [22mshould filter by type and region[32m 1[2mms[22m[39m
 [32m✓[39m src/lib/__tests__/resources.test.ts[2m > [22mResources Dataset and Helpers[2m > [22mMulti-criteria Filtering[2m > [22mshould filter by emotion, type, and region[32m 4[2mms[22m[39m
 [32m✓[39m src/lib/__tests__/resources.test.ts[2m > [22mResources Dataset and Helpers[2m > [22mMulti-criteria Filtering[2m > [22mshould filter by tags[32m 2[2mms[22m[39m
 [32m✓[39m src/lib/__tests__/resources.test.ts[2m > [22mResources Dataset and Helpers[2m > [22mGet Resource by ID[2m > [22mshould retrieve a specific resource by ID[32m 1[2mms[22m[39m
 [32m✓[39m src/lib/__tests__/resources.test.ts[2m > [22mResources Dataset and Helpers[2m > [22mGet Resource by ID[2m > [22mshould return undefined for non-existent ID[32m 1[2mms[22m[39m
 [32m✓[39m src/lib/__tests__/resources.test.ts[2m > [22mResources Dataset and Helpers[2m > [22mSaving and Removing Resources[2m > [22mshould save a resource[32m 3[2mms[22m[39m
 [32m✓[39m src/lib/__tests__/resources.test.ts[2m > [22mResources Dataset and Helpers[2m > [22mSaving and Removing Resources[2m > [22mshould save multiple resources[32m 3[2mms[22m[39m
 [32m✓[39m src/lib/__tests__/resources.test.ts[2m > [22mResources Dataset and Helpers[2m > [22mSaving and Removing Resources[2m > [22mshould save a resource with notes[32m 2[2mms[22m[39m
 [32m✓[39m src/lib/__tests__/resources.test.ts[2m > [22mResources Dataset and Helpers[2m > [22mSaving and Removing Resources[2m > [22mshould update notes on already saved resource[32m 3[2mms[22m[39m
 [32m✓[39m src/lib/__tests__/resources.test.ts[2m > [22mResources Dataset and Helpers[2m > [22mSaving and Removing Resources[2m > [22mshould not duplicate saved resources[32m 3[2mms[22m[39m
 [32m✓[39m src/lib/__tests__/resources.test.ts[2m > [22mResources Dataset and Helpers[2m > [22mSaving and Removing Resources[2m > [22mshould remove a saved resource[32m 4[2mms[22m[39m
 [32m✓[39m src/lib/__tests__/resources.test.ts[2m > [22mResources Dataset and Helpers[2m > [22mSaving and Removing Resources[2m > [22mshould handle removing non-existent resource[32m 3[2mms[22m[39m
 [32m✓[39m src/lib/__tests__/resources.test.ts[2m > [22mResources Dataset and Helpers[2m > [22mSaving and Removing Resources[2m > [22mshould check if resource is saved[32m 5[2mms[22m[39m
 [32m✓[39m src/lib/__tests__/resources.test.ts[2m > [22mResources Dataset and Helpers[2m > [22mSaving and Removing Resources[2m > [22mshould get saved resources[32m 3[2mms[22m[39m
 [32m✓[39m src/lib/__tests__/resources.test.ts[2m > [22mResources Dataset and Helpers[2m > [22mSaving and Removing Resources[2m > [22mshould get saved resources with full details[32m 3[2mms[22m[39m
 [32m✓[39m src/lib/__tests__/resources.test.ts[2m > [22mResources Dataset and Helpers[2m > [22mSaving and Removing Resources[2m > [22mshould filter out invalid resource IDs from saved details[32m 3[2mms[22m[39m
 [32m✓[39m src/lib/__tests__/resources.test.ts[2m > [22mResources Dataset and Helpers[2m > [22mSaving and Removing Resources[2m > [22mshould clear all saved resources[32m 8[2mms[22m[39m
 [32m✓[39m src/lib/__tests__/resources.test.ts[2m > [22mResources Dataset and Helpers[2m > [22mData Integrity Validation[2m > [22mshould validate a valid helpline resource[32m 2[2mms[22m[39m
 [32m✓[39m src/lib/__tests__/resources.test.ts[2m > [22mResources Dataset and Helpers[2m > [22mData Integrity Validation[2m > [22mshould validate a valid exercise resource[32m 3[2mms[22m[39m
 [32m✓[39m src/lib/__tests__/resources.test.ts[2m > [22mResources Dataset and Helpers[2m > [22mData Integrity Validation[2m > [22mshould validate a valid prompt resource[32m 1[2mms[22m[39m
 [32m✓[39m src/lib/__tests__/resources.test.ts[2m > [22mResources Dataset and Helpers[2m > [22mData Integrity Validation[2m > [22mshould detect missing base required fields[32m 4[2mms[22m[39m
 [32m✓[39m src/lib/__tests__/resources.test.ts[2m > [22mResources Dataset and Helpers[2m > [22mData Integrity Validation[2m > [22mshould detect missing category field[32m 1[2mms[22m[39m
 [32m✓[39m src/lib/__tests__/resources.test.ts[2m > [22mResources Dataset and Helpers[2m > [22mData Integrity Validation[2m > [22mshould detect empty category array[32m 2[2mms[22m[39m
 [32m✓[39m src/lib/__tests__/resources.test.ts[2m > [22mResources Dataset and Helpers[2m > [22mData Integrity Validation[2m > [22mshould detect missing helpline-specific fields[32m 1[2mms[22m[39m
 [32m✓[39m src/lib/__tests__/resources.test.ts[2m > [22mResources Dataset and Helpers[2m > [22mData Integrity Validation[2m > [22mshould detect missing exercise-specific fields[32m 1[2mms[22m[39m
 [32m✓[39m src/lib/__tests__/resources.test.ts[2m > [22mResources Dataset and Helpers[2m > [22mData Integrity Validation[2m > [22mshould detect invalid exercise difficulty[32m 2[2mms[22m[39m
 [32m✓[39m src/lib/__tests__/resources.test.ts[2m > [22mResources Dataset and Helpers[2m > [22mData Integrity Validation[2m > [22mshould detect missing prompt-specific fields[32m 1[2mms[22m[39m
 [32m✓[39m src/lib/__tests__/resources.test.ts[2m > [22mResources Dataset and Helpers[2m > [22mData Integrity Validation[2m > [22mshould detect empty arrays for type-specific fields[32m 1[2mms[22m[39m
 [32m✓[39m src/lib/__tests__/resources.test.ts[2m > [22mResources Dataset and Helpers[2m > [22mData Integrity Validation[2m > [22mshould validate entire dataset[32m 1[2mms[22m[39m
 [32m✓[39m src/lib/__tests__/resources.test.ts[2m > [22mResources Dataset and Helpers[2m > [22mData Integrity Validation[2m > [22mshould report all resources if any are invalid[32m 1[2mms[22m[39m
 [32m✓[39m src/lib/__tests__/resources.test.ts[2m > [22mResources Dataset and Helpers[2m > [22mPersistence and Storage[2m > [22mshould persist saved resources across function calls[32m 5[2mms[22m[39m
 [32m✓[39m src/lib/__tests__/resources.test.ts[2m > [22mResources Dataset and Helpers[2m > [22mPersistence and Storage[2m > [22mshould maintain savedAt timestamp[32m 2[2mms[22m[39m
 [32m✓[39m src/lib/identity/__tests__/peerVouching.test.ts[2m > [22mPeerVouchingService[2m > [22mRequest Creation[2m > [22mshould create a vouch request without network calls[32m 23[2mms[22m[39m
 [32m✓[39m src/lib/identity/__tests__/peerVouching.test.ts[2m > [22mPeerVouchingService[2m > [22mRequest Creation[2m > [22mshould persist request to IndexedDB[32m 5[2mms[22m[39m
 [32m✓[39m src/lib/identity/__tests__/peerVouching.test.ts[2m > [22mPeerVouchingService[2m > [22mRequest Creation[2m > [22mshould include optional metadata[32m 3[2mms[22m[39m
 [32m✓[39m src/lib/identity/__tests__/peerVouching.test.ts[2m > [22mPeerVouchingService[2m > [22mSignature Creation and Verification[2m > [22mshould sign a request with Ed25519[32m 35[2mms[22m[39m
 [32m✓[39m src/lib/identity/__tests__/peerVouching.test.ts[2m > [22mPeerVouchingService[2m > [22mSignature Creation and Verification[2m > [22mshould throw error when signing non-existent request[32m 4[2mms[22m[39m
 [32m✓[39m src/lib/identity/__tests__/peerVouching.test.ts[2m > [22mPeerVouchingService[2m > [22mRecording Signatures[2m > [22mshould record a single peer signature[32m 10[2mms[22m[39m
 [32m✓[39m src/lib/identity/__tests__/peerVouching.test.ts[2m > [22mPeerVouchingService[2m > [22mRecording Signatures[2m > [22mshould reject duplicate signatures from same wallet[32m 6[2mms[22m[39m
 [32m✓[39m src/lib/identity/__tests__/peerVouching.test.ts[2m > [22mPeerVouchingService[2m > [22mStatus Transitions[2m > [22mshould remain pending with only 1 signature[32m 5[2mms[22m[39m
 [32m✓[39m src/lib/identity/__tests__/peerVouching.test.ts[2m > [22mPeerVouchingService[2m > [22mStatus Transitions[2m > [22mshould transition to verified with 2 unique signatures[32m 11[2mms[22m[39m
 [32m✓[39m src/lib/identity/__tests__/peerVouching.test.ts[2m > [22mPeerVouchingService[2m > [22mStatus Transitions[2m > [22mshould remain verified with 3rd signature[32m 10[2mms[22m[39m
 [32m✓[39m src/lib/identity/__tests__/peerVouching.test.ts[2m > [22mPeerVouchingService[2m > [22mStatus Transitions[2m > [22mshould handle 4+ signatures gracefully[32m 14[2mms[22m[39m
 [32m✓[39m src/lib/identity/__tests__/peerVouching.test.ts[2m > [22mPeerVouchingService[2m > [22mVerification Status Queries[2m > [22mshould return false for wallet with no verified requests[32m 2[2mms[22m[39m
 [32m✓[39m src/lib/identity/__tests__/peerVouching.test.ts[2m > [22mPeerVouchingService[2m > [22mVerification Status Queries[2m > [22mshould return false for wallet with only pending requests[32m 2[2mms[22m[39m
 [32m✓[39m src/lib/identity/__tests__/peerVouching.test.ts[2m > [22mPeerVouchingService[2m > [22mVerification Status Queries[2m > [22mshould return true for wallet with verified request[32m 7[2mms[22m[39m
 [32m✓[39m src/lib/identity/__tests__/peerVouching.test.ts[2m > [22mPeerVouchingService[2m > [22mVerification Status Queries[2m > [22mshould return all requests for a wallet[32m 10[2mms[22m[39m
 [32m✓[39m src/lib/identity/__tests__/peerVouching.test.ts[2m > [22mPeerVouchingService[2m > [22mCRDT Serialization and Sync[2m > [22mshould serialize request with signatures[32m 6[2mms[22m[39m
 [32m✓[39m src/lib/identity/__tests__/peerVouching.test.ts[2m > [22mPeerVouchingService[2m > [22mCRDT Serialization and Sync[2m > [22mshould return null for non-existent request[32m 1[2mms[22m[39m
 [32m✓[39m src/lib/identity/__tests__/peerVouching.test.ts[2m > [22mPeerVouchingService[2m > [22mCRDT Serialization and Sync[2m > [22mshould apply remote signatures without duplicates[32m 8[2mms[22m[39m
 [32m✓[39m src/lib/identity/__tests__/peerVouching.test.ts[2m > [22mPeerVouchingService[2m > [22mCRDT Serialization and Sync[2m > [22mshould skip duplicate remote signatures silently[32m 3[2mms[22m[39m
 [32m✓[39m src/lib/identity/__tests__/peerVouching.test.ts[2m > [22mPeerVouchingService[2m > [22mData Persistence[2m > [22mshould persist timestamps correctly[32m 5[2mms[22m[39m
 [32m✓[39m src/lib/identity/__tests__/peerVouching.test.ts[2m > [22mPeerVouchingService[2m > [22mData Persistence[2m > [22mshould persist all signature data to IndexedDB[32m 4[2mms[22m[39m
 [32m✓[39m src/lib/identity/__tests__/peerVouching.test.ts[2m > [22mPeerVouchingService[2m > [22mSingleton Pattern[2m > [22mshould return same instance on multiple calls[32m 1[2mms[22m[39m
 [32m✓[39m src/lib/identity/__tests__/peerVouching.test.ts[2m > [22mPeerVouchingService[2m > [22mSingleton Pattern[2m > [22mshould return new instance after reset[32m 4[2mms[22m[39m
 [32m✓[39m src/lib/identity/__tests__/peerVouching.test.ts[2m > [22mPeerVouchingService[2m > [22mNo Network Dependencies[2m > [22mshould never call fetch during any operation[32m 8[2mms[22m[39m
 [32m✓[39m src/lib/identity/__tests__/studentRegistry.test.ts[2m > [22mStudentRegistry[2m > [22mRegistration[2m > [22mshould register a new student and persist to IndexedDB[32m 241[2mms[22m[39m
 [32m✓[39m src/lib/identity/__tests__/studentRegistry.test.ts[2m > [22mStudentRegistry[2m > [22mRegistration[2m > [22mshould return existing record if already registered[32m 40[2mms[22m[39m
 [32m✓[39m src/lib/identity/__tests__/studentRegistry.test.ts[2m > [22mStudentRegistry[2m > [22mRegistration[2m > [22mshould return null for non-existent records[32m 24[2mms[22m[39m
 [32m✓[39m src/lib/identity/__tests__/studentRegistry.test.ts[2m > [22mStudentRegistry[2m > [22mBiometric Commitments[2m > [22mshould store biometric commitments and enforce limits[32m 62[2mms[22m[39m
 [32m✓[39m src/lib/identity/__tests__/studentRegistry.test.ts[2m > [22mStudentRegistry[2m > [22mBiometric Commitments[2m > [22mshould sync biometric commitments to CRDT[32m 34[2mms[22m[39m
 [32m✓[39m src/lib/identity/__tests__/studentRegistry.test.ts[2m > [22mStudentRegistry[2m > [22mPeer Vouching[2m > [22mshould create peer vouch request[32m 86[2mms[22m[39m
 [32m✓[39m src/lib/identity/__tests__/studentRegistry.test.ts[2m > [22mStudentRegistry[2m > [22mPeer Vouching[2m > [22mshould advance status once ≥2 unique peer signatures exist[32m 95[2mms[22m[39m
 [32m✓[39m src/lib/identity/__tests__/studentRegistry.test.ts[2m > [22mStudentRegistry[2m > [22mSelf-Attestation[2m > [22mshould store self-attestation with 365-day expiry[32m 61[2mms[22m[39m
 [32m✓[39m src/lib/identity/__tests__/studentRegistry.test.ts[2m > [22mStudentRegistry[2m > [22mSelf-Attestation[2m > [22mshould mark isVerified false once attestation expires[32m 52[2mms[22m[39m
 [32m✓[39m src/lib/identity/__tests__/studentRegistry.test.ts[2m > [22mStudentRegistry[2m > [22mSelf-Attestation[2m > [22mshould flag needsReverification within 30-day renewal window[32m 55[2mms[22m[39m
 [32m✓[39m src/lib/identity/__tests__/studentRegistry.test.ts[2m > [22mStudentRegistry[2m > [22mVerification Status[2m > [22mshould compute isVerified = true when all required fields present[32m 89[2mms[22m[39m
 [32m✓[39m src/lib/identity/__tests__/studentRegistry.test.ts[2m > [22mStudentRegistry[2m > [22mVerification Status[2m > [22mshould return all-false status for non-existent record[32m 40[2mms[22m[39m
 [32m✓[39m src/lib/identity/__tests__/studentRegistry.test.ts[2m > [22mStudentRegistry[2m > [22mCRDT Merge and Replay[2m > [22mshould export and ingest changes correctly[32m 73[2mms[22m[39m
 [31m×[39m src/lib/identity/__tests__/studentRegistry.test.ts[2m > [22mStudentRegistry[2m > [22mCRDT Merge and Replay[2m > [22mshould merge concurrent updates from multiple devices[32m 64[2mms[22m[39m
[31m   → expected 0 to be greater than 0[39m
 [32m✓[39m src/lib/identity/__tests__/studentRegistry.test.ts[2m > [22mStudentRegistry[2m > [22mAdmin Delegation[2m > [22mshould mark admin delegation with expiry[32m 54[2mms[22m[39m
 [32m✓[39m src/lib/identity/__tests__/studentRegistry.test.ts[2m > [22mStudentRegistry[2m > [22mAdmin Delegation[2m > [22mshould respect admin delegation expiry in verification status[32m 47[2mms[22m[39m
 [32m✓[39m src/components/verification/__tests__/ApprovalTimeline.test.tsx[2m > [22mApprovalTimeline[2m > [22mRendering[2m > [22mrenders the component with title[32m 33[2mms[22m[39m
 [32m✓[39m src/components/verification/__tests__/ApprovalTimeline.test.tsx[2m > [22mApprovalTimeline[2m > [22mRendering[2m > [22mshows no data message when currentRecord is null[32m 4[2mms[22m[39m
 [32m✓[39m src/components/verification/__tests__/ApprovalTimeline.test.tsx[2m > [22mApprovalTimeline[2m > [22mRendering[2m > [22mshows no data message when studentVerification is null[32m 4[2mms[22m[39m
 [32m✓[39m src/components/verification/__tests__/ApprovalTimeline.test.tsx[2m > [22mApprovalTimeline[2m > [22mRendering[2m > [22mrenders all three timeline steps when data is available[32m 16[2mms[22m[39m
 [32m✓[39m src/components/verification/__tests__/ApprovalTimeline.test.tsx[2m > [22mApprovalTimeline[2m > [22mBiometric Step[2m > [22mshows pending status when no biometric commitments exist[32m 8[2mms[22m[39m
 [32m✓[39m src/components/verification/__tests__/ApprovalTimeline.test.tsx[2m > [22mApprovalTimeline[2m > [22mBiometric Step[2m > [22mshows completed status when biometric commitment exists[32m 39[2mms[22m[39m
 [32m✓[39m src/components/verification/__tests__/ApprovalTimeline.test.tsx[2m > [22mApprovalTimeline[2m > [22mBiometric Step[2m > [22mshows most recent commitment timestamp when multiple exist[32m 7[2mms[22m[39m
 [32m✓[39m src/components/verification/__tests__/ApprovalTimeline.test.tsx[2m > [22mApprovalTimeline[2m > [22mBiometric Step[2m > [22mdisplays device label when available[32m 7[2mms[22m[39m
 [32m✓[39m src/components/verification/__tests__/ApprovalTimeline.test.tsx[2m > [22mApprovalTimeline[2m > [22mPeer Vouching Step[2m > [22mshows pending status when no peer signatures exist[32m 8[2mms[22m[39m
 [32m✓[39m src/components/verification/__tests__/ApprovalTimeline.test.tsx[2m > [22mApprovalTimeline[2m > [22mPeer Vouching Step[2m > [22mshows in-progress status when some peer signatures exist[32m 7[2mms[22m[39m
 [32m✓[39m src/components/verification/__tests__/ApprovalTimeline.test.tsx[2m > [22mApprovalTimeline[2m > [22mPeer Vouching Step[2m > [22mshows completed status when sufficient peer signatures exist[32m 7[2mms[22m[39m
 [32m✓[39m src/components/verification/__tests__/ApprovalTimeline.test.tsx[2m > [22mApprovalTimeline[2m > [22mPeer Vouching Step[2m > [22mshows progress count with total required[32m 8[2mms[22m[39m
 [32m✓[39m src/components/verification/__tests__/ApprovalTimeline.test.tsx[2m > [22mApprovalTimeline[2m > [22mFinal Verification Step[2m > [22mshows pending status when no verification completed[32m 7[2mms[22m[39m
 [32m✓[39m src/components/verification/__tests__/ApprovalTimeline.test.tsx[2m > [22mApprovalTimeline[2m > [22mFinal Verification Step[2m > [22mshows in-progress status when some steps completed[32m 36[2mms[22m[39m
 [32m✓[39m src/components/verification/__tests__/ApprovalTimeline.test.tsx[2m > [22mApprovalTimeline[2m > [22mFinal Verification Step[2m > [22mshows completed status when fully verified[32m 9[2mms[22m[39m
 [32m✓[39m src/components/verification/__tests__/ApprovalTimeline.test.tsx[2m > [22mApprovalTimeline[2m > [22mFinal Verification Step[2m > [22mshows expired status when verification expired[32m 10[2mms[22m[39m
 [32m✓[39m src/components/verification/__tests__/ApprovalTimeline.test.tsx[2m > [22mApprovalTimeline[2m > [22mTimestamps[2m > [22mformats biometric commitment timestamp correctly[32m 9[2mms[22m[39m
 [32m✓[39m src/components/verification/__tests__/ApprovalTimeline.test.tsx[2m > [22mApprovalTimeline[2m > [22mTimestamps[2m > [22mdoes not show timestamps when no data available[32m 8[2mms[22m[39m
 [32m✓[39m src/components/verification/__tests__/ApprovalTimeline.test.tsx[2m > [22mApprovalTimeline[2m > [22mCustom classNames[2m > [22mapplies custom className to container[32m 10[2mms[22m[39m
 [32m✓[39m src/components/verification/__tests__/ApprovalTimeline.test.tsx[2m > [22mApprovalTimeline[2m > [22mCustom classNames[2m > [22mapplies custom className when no data available[32m 2[2mms[22m[39m
 [32m✓[39m src/components/verification/__tests__/ApprovalTimeline.test.tsx[2m > [22mApprovalTimeline[2m > [22mIcons and Visual Elements[2m > [22mrenders correct step icons[32m 6[2mms[22m[39m
 [32m✓[39m src/components/verification/__tests__/ApprovalTimeline.test.tsx[2m > [22mApprovalTimeline[2m > [22mIcons and Visual Elements[2m > [22mchanges status icons based on completion[32m 8[2mms[22m[39m
 [32m✓[39m src/lib/__tests__/useVoiceRecorder.test.ts[2m > [22museVoiceRecorder[2m > [22mstarts and stops recording[32m 37[2mms[22m[39m
 [32m✓[39m src/lib/__tests__/useVoiceRecorder.test.ts[2m > [22museVoiceRecorder[2m > [22mstops when exceeding the maximum recording duration[32m 5[2mms[22m[39m
 [32m✓[39m src/lib/__tests__/useVoiceRecorder.test.ts[2m > [22museVoiceRecorder[2m > [22maggregates partial and final transcripts[32m 6[2mms[22m[39m
 [32m✓[39m src/lib/__tests__/useVoiceRecorder.test.ts[2m > [22museVoiceRecorder[2m > [22msurfaces permission errors from getUserMedia[32m 5[2mms[22m[39m
 [32m✓[39m src/lib/__tests__/useVoiceRecorder.test.ts[2m > [22museVoiceRecorder[2m > [22mhandles speech recognition permission errors[32m 5[2mms[22m[39m
 [32m✓[39m src/lib/__tests__/useVoiceRecorder.test.ts[2m > [22museVoiceRecorder[2m > [22mfalls back when speech recognition is not supported[32m 5[2mms[22m[39m
 [32m✓[39m src/lib/__tests__/useVoiceRecorder.test.ts[2m > [22museVoiceRecorder[2m > [22mpauses and resumes recording[32m 5[2mms[22m[39m
 [32m✓[39m src/lib/__tests__/useVoiceRecorder.test.ts[2m > [22museVoiceRecorder[2m > [22mrestarts speech recognition if it ends unexpectedly[32m 5[2mms[22m[39m
 [32m✓[39m src/lib/__tests__/useVoiceRecorder.test.ts[2m > [22museVoiceRecorder[2m > [22mhandles no speech detected error[32m 5[2mms[22m[39m
 [32m✓[39m src/lib/__tests__/useVoiceRecorder.test.ts[2m > [22museVoiceRecorder[2m > [22mhandles generic speech recognition errors[32m 4[2mms[22m[39m
 [32m✓[39m src/lib/__tests__/useVoiceRecorder.test.ts[2m > [22museVoiceRecorder[2m > [22mhandles fallback transcription error[32m 7[2mms[22m[39m
 [32m✓[39m src/lib/__tests__/useVoiceRecorder.test.ts[2m > [22museVoiceRecorder[2m > [22mcleans up on unmount[32m 10[2mms[22m[39m
 [32m✓[39m src/lib/__tests__/useVoiceRecorder.test.ts[2m > [22museVoiceRecorder[2m > [22mresets all state when reset is called[32m 7[2mms[22m[39m
 [32m✓[39m src/lib/__tests__/useVoiceRecorder.test.ts[2m > [22museVoiceRecorder[2m > [22mlimits waveform samples to the configured limit[32m 4[2mms[22m[39m
 [32m✓[39m src/lib/__tests__/useVoiceRecorder.test.ts[2m > [22museVoiceRecorder[2m > [22maccepts custom language parameter[32m 2[2mms[22m[39m
 [32m✓[39m src/lib/__tests__/useVoiceRecorder.test.ts[2m > [22museVoiceRecorder[2m > [22mdoes not crash when AudioContext is unavailable[32m 3[2mms[22m[39m
 [32m✓[39m src/lib/__tests__/useVoiceRecorder.test.ts[2m > [22museVoiceRecorder[2m > [22msurfaces start errors when recognition fails to initialize[32m 8[2mms[22m[39m
 [32m✓[39m src/lib/__tests__/useVoiceRecorder.test.ts[2m > [22museVoiceRecorder[2m > [22mprevents resume when not recording[32m 7[2mms[22m[39m
 [32m✓[39m src/lib/__tests__/useVoiceRecorder.test.ts[2m > [22museVoiceRecorder[2m > [22mprevents pause when already paused[32m 2[2mms[22m[39m
 [32m✓[39m src/lib/__tests__/useVoiceRecorder.test.ts[2m > [22museVoiceRecorder[2m > [22mhandles permission-denied as a special error code[32m 3[2mms[22m[39m
 [32m✓[39m src/lib/__tests__/useVoiceRecorder.test.ts[2m > [22museVoiceRecorder[2m > [22mhandles missing mediaDevices gracefully[32m 2[2mms[22m[39m
 [32m✓[39m src/lib/__tests__/useVoiceRecorder.test.ts[2m > [22museVoiceRecorder[2m > [22mdoes not restart when recognition ends during pause intent[32m 3[2mms[22m[39m
 [32m✓[39m src/lib/__tests__/useVoiceRecorder.test.ts[2m > [22museVoiceRecorder[2m > [22maborts fallback transcription on stop[32m 5[2mms[22m[39m
 [32m✓[39m src/lib/identity/__tests__/biometricCommitment.test.ts[2m > [22mBiometricCommitmentService[2m > [22mRegistration and Limits[2m > [22mshould register first biometric commitment successfully[32m 37[2mms[22m[39m
 [32m✓[39m src/lib/identity/__tests__/biometricCommitment.test.ts[2m > [22mBiometricCommitmentService[2m > [22mRegistration and Limits[2m > [22mshould register second and third commitments successfully[32m 8[2mms[22m[39m
 [32m✓[39m src/lib/identity/__tests__/biometricCommitment.test.ts[2m > [22mBiometricCommitmentService[2m > [22mRegistration and Limits[2m > [22mshould reject 4th registration with descriptive error before DB write[32m 8[2mms[22m[39m
 [32m✓[39m src/lib/identity/__tests__/biometricCommitment.test.ts[2m > [22mBiometricCommitmentService[2m > [22mRegistration and Limits[2m > [22mshould track remaining slots correctly[32m 5[2mms[22m[39m
 [32m✓[39m src/lib/identity/__tests__/biometricCommitment.test.ts[2m > [22mBiometricCommitmentService[2m > [22mRegistration and Limits[2m > [22mshould report hasReachedLimit correctly[32m 7[2mms[22m[39m
 [32m✓[39m src/lib/identity/__tests__/biometricCommitment.test.ts[2m > [22mBiometricCommitmentService[2m > [22mSalted Hash Generation[2m > [22mshould generate different hashes for different wallet addresses with same credential[32m 5[2mms[22m[39m
 [32m✓[39m src/lib/identity/__tests__/biometricCommitment.test.ts[2m > [22mBiometricCommitmentService[2m > [22mSalted Hash Generation[2m > [22mshould generate different hashes for different credentials on same wallet[32m 4[2mms[22m[39m
 [32m✓[39m src/lib/identity/__tests__/biometricCommitment.test.ts[2m > [22mBiometricCommitmentService[2m > [22mSalted Hash Generation[2m > [22mshould produce consistent hash format (64-char hex for SHA-256)[32m 2[2mms[22m[39m
 [32m✓[39m src/lib/identity/__tests__/biometricCommitment.test.ts[2m > [22mBiometricCommitmentService[2m > [22mNo Remote Calls[2m > [22mshould not make any fetch calls during registration[32m 3[2mms[22m[39m
 [32m✓[39m src/lib/identity/__tests__/biometricCommitment.test.ts[2m > [22mBiometricCommitmentService[2m > [22mNo Remote Calls[2m > [22mshould not make any fetch calls during queries[32m 2[2mms[22m[39m
 [32m✓[39m src/lib/identity/__tests__/biometricCommitment.test.ts[2m > [22mBiometricCommitmentService[2m > [22mNo Remote Calls[2m > [22mshould use only IndexedDB for storage (local-first)[32m 2[2mms[22m[39m
 [32m✓[39m src/lib/identity/__tests__/biometricCommitment.test.ts[2m > [22mBiometricCommitmentService[2m > [22mError Handling[2m > [22mshould throw when credential fetcher returns null[32m 1[2mms[22m[39m
 [32m✓[39m src/lib/identity/__tests__/biometricCommitment.test.ts[2m > [22mBiometricCommitmentService[2m > [22mError Handling[2m > [22mshould provide helpful error when limit exceeded[32m 3[2mms[22m[39m
 [32m✓[39m src/lib/identity/__tests__/biometricCommitment.test.ts[2m > [22mBiometricCommitmentService[2m > [22mError Handling[2m > [22mshould check limit before requesting credential[32m 4[2mms[22m[39m
 [32m✓[39m src/lib/identity/__tests__/biometricCommitment.test.ts[2m > [22mBiometricCommitmentService[2m > [22mExport and CRDT Serialization[2m > [22mshould export all commitments for wallet[32m 4[2mms[22m[39m
 [32m✓[39m src/lib/identity/__tests__/biometricCommitment.test.ts[2m > [22mBiometricCommitmentService[2m > [22mExport and CRDT Serialization[2m > [22mshould return empty array for wallet with no commitments[32m 1[2mms[22m[39m
 [32m✓[39m src/lib/identity/__tests__/biometricCommitment.test.ts[2m > [22mBiometricCommitmentService[2m > [22mExport and CRDT Serialization[2m > [22mshould preserve all commitment metadata in export[32m 3[2mms[22m[39m
 [32m✓[39m src/lib/identity/__tests__/biometricCommitment.test.ts[2m > [22mBiometricCommitmentService[2m > [22mSingleton Pattern[2m > [22mshould return same instance on multiple calls to getBiometricCommitmentService[32m 1[2mms[22m[39m
 [32m✓[39m src/lib/identity/__tests__/biometricCommitment.test.ts[2m > [22mBiometricCommitmentService[2m > [22mSingleton Pattern[2m > [22mshould create new instance after reset[32m 1[2mms[22m[39m
 [32m✓[39m src/lib/identity/__tests__/biometricCommitment.test.ts[2m > [22mBiometricCommitmentService[2m > [22mEdge Cases[2m > [22mshould handle multiple wallets independently[32m 15[2mms[22m[39m
 [32m✓[39m src/lib/identity/__tests__/biometricCommitment.test.ts[2m > [22mBiometricCommitmentService[2m > [22mEdge Cases[2m > [22mshould allow removing commitment and registering new one[32m 5[2mms[22m[39m
 [32m✓[39m src/lib/identity/__tests__/biometricCommitment.test.ts[2m > [22mBiometricCommitmentService[2m > [22mEdge Cases[2m > [22mshould generate unique IDs even for same wallet and timestamp[32m 2[2mms[22m[39m
 [32m✓[39m src/lib/identity/__tests__/biometricCommitment.test.ts[2m > [22mBiometricCommitmentService[2m > [22mDatabase Cleanup[2m > [22mshould clear all commitments[32m 3[2mms[22m[39m
 [32m✓[39m src/components/storage/__tests__/MediaUploader.integration.test.tsx[2m > [22mMediaUploader Integration Tests[2m > [22mLocal Storage Path[2m > [22mshould route small files to local storage and complete upload[32m 202[2mms[22m[39m
 [32m✓[39m src/components/storage/__tests__/MediaUploader.integration.test.tsx[2m > [22mMediaUploader Integration Tests[2m > [22mLocal Storage Path[2m > [22mshould call saveMediaLocally when routing to local storage[32m 2[2mms[22m[39m
 [32m✓[39m src/components/storage/__tests__/MediaUploader.integration.test.tsx[2m > [22mMediaUploader Integration Tests[2m > [22mLocal Storage Path[2m > [22mshould display determinate progress for local uploads[32m 30[2mms[22m[39m
 [32m✓[39m src/components/storage/__tests__/MediaUploader.integration.test.tsx[2m > [22mMediaUploader Integration Tests[2m > [22mIPFS Path[2m > [22mshould route large files to IPFS[32m 65[2mms[22m[39m
 [32m✓[39m src/components/storage/__tests__/MediaUploader.integration.test.tsx[2m > [22mMediaUploader Integration Tests[2m > [22mIPFS Path[2m > [22mshould display indeterminate progress for IPFS uploads[32m 8[2mms[22m[39m
 [32m✓[39m src/components/storage/__tests__/MediaUploader.integration.test.tsx[2m > [22mMediaUploader Integration Tests[2m > [22mIPFS Path[2m > [22mshould call uploadToIPFS when routing to IPFS[32m 1[2mms[22m[39m
 [32m✓[39m src/components/storage/__tests__/MediaUploader.integration.test.tsx[2m > [22mMediaUploader Integration Tests[2m > [22mDrag and Drop Functionality[2m > [22mshould handle drag enter and set dragging state[32m 12[2mms[22m[39m
 [32m✓[39m src/components/storage/__tests__/MediaUploader.integration.test.tsx[2m > [22mMediaUploader Integration Tests[2m > [22mDrag and Drop Functionality[2m > [22mshould handle drop event with files[32m 11[2mms[22m[39m
 [32m✓[39m src/components/storage/__tests__/MediaUploader.integration.test.tsx[2m > [22mMediaUploader Integration Tests[2m > [22mDrag and Drop Functionality[2m > [22mshould prevent drag leave when dragging over dropzone[32m 8[2mms[22m[39m
 [32m✓[39m src/components/storage/__tests__/MediaUploader.integration.test.tsx[2m > [22mMediaUploader Integration Tests[2m > [22mDrag and Drop Functionality[2m > [22mshould handle multiple file drops[32m 9[2mms[22m[39m
 [32m✓[39m src/components/storage/__tests__/MediaUploader.integration.test.tsx[2m > [22mMediaUploader Integration Tests[2m > [22mError Handling[2m > [22mshould handle router errors gracefully[32m 1[2mms[22m[39m
 [32m✓[39m src/components/storage/__tests__/MediaUploader.integration.test.tsx[2m > [22mMediaUploader Integration Tests[2m > [22mError Handling[2m > [22mshould handle save failures for local storage[32m 0[2mms[22m[39m
 [32m✓[39m src/components/storage/__tests__/MediaUploader.integration.test.tsx[2m > [22mMediaUploader Integration Tests[2m > [22mError Handling[2m > [22mshould handle IPFS upload failures[32m 0[2mms[22m[39m
 [32m✓[39m src/components/storage/__tests__/MediaUploader.integration.test.tsx[2m > [22mMediaUploader Integration Tests[2m > [22mError Handling[2m > [22mshould handle initialization errors gracefully[32m 15[2mms[22m[39m
 [32m✓[39m src/components/storage/__tests__/MediaUploader.integration.test.tsx[2m > [22mMediaUploader Integration Tests[2m > [22mUI Interactions[2m > [22mshould render all storage type badges[32m 7[2mms[22m[39m
 [32m✓[39m src/components/storage/__tests__/MediaUploader.integration.test.tsx[2m > [22mMediaUploader Integration Tests[2m > [22mUI Interactions[2m > [22mshould display storage status bar with percentage[32m 7[2mms[22m[39m
 [32m✓[39m src/components/storage/__tests__/MediaUploader.integration.test.tsx[2m > [22mMediaUploader Integration Tests[2m > [22mUI Interactions[2m > [22mshould show file count in storage status[32m 7[2mms[22m[39m
 [32m✓[39m src/components/storage/__tests__/MediaUploader.integration.test.tsx[2m > [22mMediaUploader Integration Tests[2m > [22mUI Interactions[2m > [22mshould display zero cost for local storage[32m 5[2mms[22m[39m
 [32m✓[39m src/components/storage/__tests__/MediaUploader.integration.test.tsx[2m > [22mMediaUploader Integration Tests[2m > [22mUI Interactions[2m > [22mshould handle file input change events[32m 86[2mms[22m[39m
 [32m✓[39m src/components/storage/__tests__/MediaUploader.integration.test.tsx[2m > [22mMediaUploader Integration Tests[2m > [22mAccessibility[2m > [22mshould have proper ARIA labels on dropzone[32m 11[2mms[22m[39m
 [32m✓[39m src/components/storage/__tests__/MediaUploader.integration.test.tsx[2m > [22mMediaUploader Integration Tests[2m > [22mAccessibility[2m > [22mshould have proper tabIndex for keyboard navigation[32m 5[2mms[22m[39m
 [32m✓[39m src/components/storage/__tests__/MediaUploader.integration.test.tsx[2m > [22mMediaUploader Integration Tests[2m > [22mAccessibility[2m > [22mshould handle keyboard activation (Space key)[32m 14[2mms[22m[39m
 [32m✓[39m src/components/storage/__tests__/MediaUploader.integration.test.tsx[2m > [22mMediaUploader Integration Tests[2m > [22mAccessibility[2m > [22mshould handle keyboard activation (Enter key)[32m 10[2mms[22m[39m
 [32m✓[39m src/components/storage/__tests__/MediaUploader.integration.test.tsx[2m > [22mMediaUploader Integration Tests[2m > [22mAccessibility[2m > [22mshould hide file input from screen readers[32m 6[2mms[22m[39m
 [32m✓[39m src/components/storage/__tests__/MediaUploader.integration.test.tsx[2m > [22mMediaUploader Integration Tests[2m > [22mStorage Router Integration[2m > [22mshould call routeUpload on file selection[32m 2[2mms[22m[39m
 [32m✓[39m src/components/storage/__tests__/MediaUploader.integration.test.tsx[2m > [22mMediaUploader Integration Tests[2m > [22mStorage Router Integration[2m > [22mshould respect routeUpload decisions[32m 0[2mms[22m[39m
 [32m✓[39m src/components/storage/__tests__/MediaUploader.integration.test.tsx[2m > [22mMediaUploader Integration Tests[2m > [22mStorage Router Integration[2m > [22mshould handle boundary file sizes correctly[32m 0[2mms[22m[39m
 [32m✓[39m src/components/storage/__tests__/MediaUploader.integration.test.tsx[2m > [22mMediaUploader Integration Tests[2m > [22mStore Integration[2m > [22mshould initialize storage on component mount[32m 4[2mms[22m[39m
 [32m✓[39m src/components/storage/__tests__/MediaUploader.integration.test.tsx[2m > [22mMediaUploader Integration Tests[2m > [22mStore Integration[2m > [22mshould retrieve storage stats from store[32m 5[2mms[22m[39m
 [32m✓[39m src/components/storage/__tests__/MediaUploader.integration.test.tsx[2m > [22mMediaUploader Integration Tests[2m > [22mStore Integration[2m > [22mshould display formatted storage percentages[32m 4[2mms[22m[39m
 [32m✓[39m src/components/storage/__tests__/MediaUploader.integration.test.tsx[2m > [22mMediaUploader Integration Tests[2m > [22mStore Integration[2m > [22mshould handle missing storage stats gracefully[32m 4[2mms[22m[39m
 [32m✓[39m src/components/storage/__tests__/MediaUploader.integration.test.tsx[2m > [22mMediaUploader Integration Tests[2m > [22mMemory and Resource Management[2m > [22mshould not leak file reader instances[32m 3[2mms[22m[39m
 [32m✓[39m src/components/storage/__tests__/MediaUploader.integration.test.tsx[2m > [22mMediaUploader Integration Tests[2m > [22mMemory and Resource Management[2m > [22mshould handle concurrent file uploads[32m 12[2mms[22m[39m
 [32m✓[39m src/components/storage/__tests__/MediaUploader.integration.test.tsx[2m > [22mMediaUploader Integration Tests[2m > [22mMemory and Resource Management[2m > [22mshould prevent memory leaks from blob URLs[32m 4[2mms[22m[39m
 [32m✓[39m src/components/storage/__tests__/MediaUploader.integration.test.tsx[2m > [22mMediaUploader Integration Tests[2m > [22mProps Configuration[2m > [22mshould respect accept prop for file type filtering[32m 4[2mms[22m[39m
 [32m✓[39m src/components/storage/__tests__/MediaUploader.integration.test.tsx[2m > [22mMediaUploader Integration Tests[2m > [22mProps Configuration[2m > [22mshould respect maxSize prop[32m 8[2mms[22m[39m
 [32m✓[39m src/components/storage/__tests__/MediaUploader.integration.test.tsx[2m > [22mMediaUploader Integration Tests[2m > [22mProps Configuration[2m > [22mshould use default accept if not provided[32m 5[2mms[22m[39m
 [32m✓[39m src/components/storage/__tests__/MediaUploader.integration.test.tsx[2m > [22mMediaUploader Integration Tests[2m > [22mProps Configuration[2m > [22mshould use default maxSize if not provided[32m 6[2mms[22m[39m
[90mstdout[2m | src/components/layout/__tests__/BottomNav.test.tsx
[22m[39mMigrating wallet data from v1...
Migration complete: { balance: [33m0[39m, pending: [33m0[39m, totalEarned: [33m0[39m, transactionCount: [33m0[39m }

 [32m✓[39m src/lib/p2p/__tests__/BootstrapRegistry.test.ts[2m > [22mBootstrapRegistry[2m > [22mBootstrap Fallback[2m > [22mshould return bootstrap nodes when registry is empty[32m 3[2mms[22m[39m
 [32m✓[39m src/lib/p2p/__tests__/BootstrapRegistry.test.ts[2m > [22mBootstrapRegistry[2m > [22mBootstrap Fallback[2m > [22mshould fall back to bootstrap when no peers match filter[32m 1[2mms[22m[39m
 [32m✓[39m src/lib/p2p/__tests__/BootstrapRegistry.test.ts[2m > [22mBootstrapRegistry[2m > [22mBootstrap Fallback[2m > [22mshould return registered peers when available[32m 2[2mms[22m[39m
 [32m✓[39m src/lib/p2p/__tests__/BootstrapRegistry.test.ts[2m > [22mBootstrapRegistry[2m > [22mPeer Publishing and Discovery[2m > [22mshould publish peer presence[32m 1[2mms[22m[39m
 [32m✓[39m src/lib/p2p/__tests__/BootstrapRegistry.test.ts[2m > [22mBootstrapRegistry[2m > [22mPeer Publishing and Discovery[2m > [22mshould update existing peer lastSeen on republish[32m 6[2mms[22m[39m
 [32m✓[39m src/lib/p2p/__tests__/BootstrapRegistry.test.ts[2m > [22mBootstrapRegistry[2m > [22mPeer Publishing and Discovery[2m > [22mshould publish with metadata[32m 1[2mms[22m[39m
 [32m✓[39m src/lib/p2p/__tests__/BootstrapRegistry.test.ts[2m > [22mBootstrapRegistry[2m > [22mPeer Publishing and Discovery[2m > [22mshould discover peers with limit[32m 1[2mms[22m[39m
 [32m✓[39m src/lib/p2p/__tests__/BootstrapRegistry.test.ts[2m > [22mBootstrapRegistry[2m > [22mFiltering by College and Topic[2m > [22mshould filter peers by college[32m 1[2mms[22m[39m
 [32m✓[39m src/lib/p2p/__tests__/BootstrapRegistry.test.ts[2m > [22mBootstrapRegistry[2m > [22mFiltering by College and Topic[2m > [22mshould filter peers by topic[32m 1[2mms[22m[39m
 [32m✓[39m src/lib/p2p/__tests__/BootstrapRegistry.test.ts[2m > [22mBootstrapRegistry[2m > [22mFiltering by College and Topic[2m > [22mshould support peers without college affiliation[32m 1[2mms[22m[39m
 [32m✓[39m src/lib/p2p/__tests__/BootstrapRegistry.test.ts[2m > [22mBootstrapRegistry[2m > [22mTTL-Based Peer Pruning[2m > [22mshould prune stale peers after TTL[32m 1[2mms[22m[39m
 [32m✓[39m src/lib/p2p/__tests__/BootstrapRegistry.test.ts[2m > [22mBootstrapRegistry[2m > [22mTTL-Based Peer Pruning[2m > [22mshould keep fresh peers during pruning[32m 1[2mms[22m[39m
 [32m✓[39m src/lib/p2p/__tests__/BootstrapRegistry.test.ts[2m > [22mBootstrapRegistry[2m > [22mTTL-Based Peer Pruning[2m > [22mshould remove empty keys during pruning[32m 1[2mms[22m[39m
 [32m✓[39m src/lib/p2p/__tests__/BootstrapRegistry.test.ts[2m > [22mBootstrapRegistry[2m > [22mTTL-Based Peer Pruning[2m > [22mshould return count of pruned peers[32m 1[2mms[22m[39m
 [32m✓[39m src/lib/p2p/__tests__/BootstrapRegistry.test.ts[2m > [22mBootstrapRegistry[2m > [22mHeartbeat Refresh Logic[2m > [22mshould refresh lastSeen on heartbeat[32m 2[2mms[22m[39m
 [32m✓[39m src/lib/p2p/__tests__/BootstrapRegistry.test.ts[2m > [22mBootstrapRegistry[2m > [22mHeartbeat Refresh Logic[2m > [22mshould handle multiple peer refreshes[32m 1[2mms[22m[39m
 [32m✓[39m src/lib/p2p/__tests__/BootstrapRegistry.test.ts[2m > [22mBootstrapRegistry[2m > [22mHeartbeat Refresh Logic[2m > [22mshould not refresh non-existent peers[32m 0[2mms[22m[39m
 [32m✓[39m src/lib/p2p/__tests__/BootstrapRegistry.test.ts[2m > [22mBootstrapRegistry[2m > [22mRandom Peer Selection[2m > [22mshould get random peers[32m 1[2mms[22m[39m
 [32m✓[39m src/lib/p2p/__tests__/BootstrapRegistry.test.ts[2m > [22mBootstrapRegistry[2m > [22mRandom Peer Selection[2m > [22mshould filter random peers by college[32m 1[2mms[22m[39m
 [32m✓[39m src/lib/p2p/__tests__/BootstrapRegistry.test.ts[2m > [22mBootstrapRegistry[2m > [22mRandom Peer Selection[2m > [22mshould filter random peers by topic[32m 0[2mms[22m[39m
 [32m✓[39m src/lib/p2p/__tests__/BootstrapRegistry.test.ts[2m > [22mBootstrapRegistry[2m > [22mRandom Peer Selection[2m > [22mshould return fewer than requested if not enough peers[32m 0[2mms[22m[39m
 [32m✓[39m src/lib/p2p/__tests__/BootstrapRegistry.test.ts[2m > [22mBootstrapRegistry[2m > [22mRandom Peer Selection[2m > [22mshould return empty array when no matching peers[32m 0[2mms[22m[39m
 [32m✓[39m src/lib/p2p/__tests__/BootstrapRegistry.test.ts[2m > [22mBootstrapRegistry[2m > [22mRegistry Lifecycle[2m > [22mshould start with heartbeat and pruning intervals[32m 1[2mms[22m[39m
 [32m✓[39m src/lib/p2p/__tests__/BootstrapRegistry.test.ts[2m > [22mBootstrapRegistry[2m > [22mRegistry Lifecycle[2m > [22mshould stop intervals[32m 0[2mms[22m[39m
 [32m✓[39m src/lib/p2p/__tests__/BootstrapRegistry.test.ts[2m > [22mBootstrapRegistry[2m > [22mRegistry Lifecycle[2m > [22mshould reset all state[32m 0[2mms[22m[39m
 [32m✓[39m src/lib/p2p/__tests__/BootstrapRegistry.test.ts[2m > [22mBootstrapRegistry[2m > [22mRegistry Lifecycle[2m > [22mshould not create duplicate intervals on multiple starts[32m 0[2mms[22m[39m
 [32m✓[39m src/lib/p2p/__tests__/BootstrapRegistry.test.ts[2m > [22mBootstrapRegistry[2m > [22mlocalStorage Persistence[2m > [22mshould save peers to localStorage[32m 0[2mms[22m[39m
 [32m✓[39m src/lib/p2p/__tests__/BootstrapRegistry.test.ts[2m > [22mBootstrapRegistry[2m > [22mlocalStorage Persistence[2m > [22mshould load peers from localStorage on init[32m 0[2mms[22m[39m
 [32m✓[39m src/lib/p2p/__tests__/BootstrapRegistry.test.ts[2m > [22mBootstrapRegistry[2m > [22mlocalStorage Persistence[2m > [22mshould skip expired peers when loading from storage[32m 0[2mms[22m[39m
 [32m✓[39m src/lib/p2p/__tests__/BootstrapRegistry.test.ts[2m > [22mBootstrapRegistry[2m > [22mPeer Counting[2m > [22mshould count total peers[32m 0[2mms[22m[39m
 [32m✓[39m src/lib/p2p/__tests__/BootstrapRegistry.test.ts[2m > [22mBootstrapRegistry[2m > [22mPeer Counting[2m > [22mshould count peers by key[32m 0[2mms[22m[39m
 [32m✓[39m src/lib/p2p/__tests__/BootstrapRegistry.test.ts[2m > [22mBootstrapRegistry[2m > [22mPeer Counting[2m > [22mshould count fresh peers only[32m 0[2mms[22m[39m
 [32m✓[39m src/lib/p2p/__tests__/BootstrapRegistry.test.ts[2m > [22mBootstrapRegistry[2m > [22mMax Peers Per Key Limit[2m > [22mshould enforce max peers per key[32m 6[2mms[22m[39m
 [32m✓[39m src/lib/p2p/__tests__/BootstrapRegistry.test.ts[2m > [22mBootstrapRegistry[2m > [22mDiscovery Results[2m > [22mshould return discovery result with source[32m 1[2mms[22m[39m
 [32m✓[39m src/components/verification/__tests__/StudentVerificationPanel.test.tsx[2m > [22mStudentVerificationPanel[2m > [22mRendering[2m > [22mrenders the component with title[32m 42[2mms[22m[39m
 [32m✓[39m src/components/verification/__tests__/StudentVerificationPanel.test.tsx[2m > [22mStudentVerificationPanel[2m > [22mRendering[2m > [22mshows no record message when currentRecord is null[32m 10[2mms[22m[39m
 [32m✓[39m src/components/verification/__tests__/StudentVerificationPanel.test.tsx[2m > [22mStudentVerificationPanel[2m > [22mRendering[2m > [22mrenders all child components when data is available[32m 10[2mms[22m[39m
 [32m✓[39m src/components/verification/__tests__/StudentVerificationPanel.test.tsx[2m > [22mStudentVerificationPanel[2m > [22mRendering[2m > [22mapplies custom className[32m 5[2mms[22m[39m
 [32m✓[39m src/components/verification/__tests__/StudentVerificationPanel.test.tsx[2m > [22mStudentVerificationPanel[2m > [22mRendering[2m > [22mhides timeline when showTimeline is false[32m 7[2mms[22m[39m
 [32m✓[39m src/components/verification/__tests__/StudentVerificationPanel.test.tsx[2m > [22mStudentVerificationPanel[2m > [22mInitialization[2m > [22mcalls initStudentRegistry when not initialized and record exists[32m 8[2mms[22m[39m
 [32m✓[39m src/components/verification/__tests__/StudentVerificationPanel.test.tsx[2m > [22mStudentVerificationPanel[2m > [22mInitialization[2m > [22mdoes not call initStudentRegistry when already initialized[32m 4[2mms[22m[39m
 [32m✓[39m src/components/verification/__tests__/StudentVerificationPanel.test.tsx[2m > [22mStudentVerificationPanel[2m > [22mVerification Progress[2m > [22mdisplays verification progress when status is available[32m 8[2mms[22m[39m
 [32m✓[39m src/components/verification/__tests__/StudentVerificationPanel.test.tsx[2m > [22mStudentVerificationPanel[2m > [22mVerification Progress[2m > [22mcalculates progress percentage correctly for fully verified user[32m 10[2mms[22m[39m
 [32m✓[39m src/components/verification/__tests__/StudentVerificationPanel.test.tsx[2m > [22mStudentVerificationPanel[2m > [22mPeer Signatures Display[2m > [22mshows peer signatures section when signatures exist[32m 12[2mms[22m[39m
 [32m✓[39m src/components/verification/__tests__/StudentVerificationPanel.test.tsx[2m > [22mStudentVerificationPanel[2m > [22mPeer Signatures Display[2m > [22mdoes not show peer signatures section when none exist[32m 14[2mms[22m[39m
 [32m✓[39m src/components/verification/__tests__/StudentVerificationPanel.test.tsx[2m > [22mStudentVerificationPanel[2m > [22mPending Peers Display[2m > [22mshows pending peers section when peers exist[32m 13[2mms[22m[39m
 [32m✓[39m src/components/verification/__tests__/StudentVerificationPanel.test.tsx[2m > [22mStudentVerificationPanel[2m > [22mPending Peers Display[2m > [22mdoes not show pending peers section when none exist[32m 3[2mms[22m[39m
 [32m✓[39m src/components/verification/__tests__/StudentVerificationPanel.test.tsx[2m > [22mStudentVerificationPanel[2m > [22mError Handling[2m > [22mshows clear errors button when errors exist[32m 6[2mms[22m[39m
 [32m✓[39m src/components/verification/__tests__/StudentVerificationPanel.test.tsx[2m > [22mStudentVerificationPanel[2m > [22mError Handling[2m > [22mdisplays error messages when present[32m 5[2mms[22m[39m
 [32m✓[39m src/components/verification/__tests__/StudentVerificationPanel.test.tsx[2m > [22mStudentVerificationPanel[2m > [22mError Handling[2m > [22mcalls clearErrors when button is clicked[32m 7[2mms[22m[39m
 [32m✓[39m src/components/verification/__tests__/StudentVerificationPanel.test.tsx[2m > [22mStudentVerificationPanel[2m > [22mAuto-refresh[2m > [22msets up auto-refresh interval for verified users[32m 8[2mms[22m[39m
 [32m✓[39m src/components/verification/__tests__/StudentVerificationPanel.test.tsx[2m > [22mStudentVerificationPanel[2m > [22mAuto-refresh[2m > [22mclears interval on unmount[32m 7[2mms[22m[39m
 [32m✓[39m src/components/verification/__tests__/StudentVerificationPanel.test.tsx[2m > [22mStudentVerificationPanel[2m > [22mMemoization[2m > [22mmemoizes peerSignatures to prevent unnecessary re-renders[32m 9[2mms[22m[39m
 [32m✓[39m src/components/verification/__tests__/StudentVerificationPanel.test.tsx[2m > [22mStudentVerificationPanel[2m > [22mCompact Mode[2m > [22mapplies compact layout classes when compact prop is true[32m 12[2mms[22m[39m
 [32m✓[39m src/components/verification/__tests__/StudentVerificationPanel.test.tsx[2m > [22mStudentVerificationPanel[2m > [22mModal Behavior[2m > [22mrenders inside a dialog when open[32m 86[2mms[22m[39m
 [32m✓[39m src/components/verification/__tests__/StudentVerificationPanel.test.tsx[2m > [22mStudentVerificationPanel[2m > [22mModal Behavior[2m > [22mcalls onClose when clicking the backdrop[32m 29[2mms[22m[39m
 [32m✓[39m src/components/verification/__tests__/StudentVerificationPanel.test.tsx[2m > [22mStudentVerificationPanel[2m > [22mModal Behavior[2m > [22mcalls onClose when clicking the close button[32m 9[2mms[22m[39m
 [32m✓[39m src/lib/__tests__/utilsEdgeCases.test.ts[2m > [22mUtils Edge Cases[2m > [22mTime Formatting Edge Cases[2m > [22mhandles negative timestamp differences[32m 2[2mms[22m[39m
 [32m✓[39m src/lib/__tests__/utilsEdgeCases.test.ts[2m > [22mUtils Edge Cases[2m > [22mTime Formatting Edge Cases[2m > [22mhandles very old timestamps[32m 38[2mms[22m[39m
 [32m✓[39m src/lib/__tests__/utilsEdgeCases.test.ts[2m > [22mUtils Edge Cases[2m > [22mTime Formatting Edge Cases[2m > [22mhandles timestamp at exactly 60 seconds[32m 0[2mms[22m[39m
 [32m✓[39m src/lib/__tests__/utilsEdgeCases.test.ts[2m > [22mUtils Edge Cases[2m > [22mTime Formatting Edge Cases[2m > [22mhandles timestamp at exactly 1 hour[32m 7[2mms[22m[39m
 [32m✓[39m src/lib/__tests__/utilsEdgeCases.test.ts[2m > [22mUtils Edge Cases[2m > [22mTime Formatting Edge Cases[2m > [22mhandles timestamp at exactly 24 hours[32m 0[2mms[22m[39m
 [32m✓[39m src/lib/__tests__/utilsEdgeCases.test.ts[2m > [22mUtils Edge Cases[2m > [22mTime Formatting Edge Cases[2m > [22mhandles timestamp at exactly 7 days[32m 0[2mms[22m[39m
 [32m✓[39m src/lib/__tests__/utilsEdgeCases.test.ts[2m > [22mUtils Edge Cases[2m > [22mTime Formatting Edge Cases[2m > [22mhandles timestamp 0[32m 0[2mms[22m[39m
 [32m✓[39m src/lib/__tests__/utilsEdgeCases.test.ts[2m > [22mUtils Edge Cases[2m > [22mTime Formatting Edge Cases[2m > [22mhandles negative timestamp[32m 0[2mms[22m[39m
 [32m✓[39m src/lib/__tests__/utilsEdgeCases.test.ts[2m > [22mUtils Edge Cases[2m > [22mTime Formatting Edge Cases[2m > [22mhandles timestamp at Number.MAX_SAFE_INTEGER[32m 0[2mms[22m[39m
 [32m✓[39m src/lib/__tests__/utilsEdgeCases.test.ts[2m > [22mUtils Edge Cases[2m > [22mformatTimeAgo Edge Cases[2m > [22mhandles future timestamps[32m 0[2mms[22m[39m
 [32m✓[39m src/lib/__tests__/utilsEdgeCases.test.ts[2m > [22mUtils Edge Cases[2m > [22mformatTimeAgo Edge Cases[2m > [22mhandles exact boundary at 4 weeks[32m 0[2mms[22m[39m
 [32m✓[39m src/lib/__tests__/utilsEdgeCases.test.ts[2m > [22mUtils Edge Cases[2m > [22mformatTimeAgo Edge Cases[2m > [22mhandles exact boundary at 12 months[32m 0[2mms[22m[39m
 [32m✓[39m src/lib/__tests__/utilsEdgeCases.test.ts[2m > [22mUtils Edge Cases[2m > [22mformatTimeAgo Edge Cases[2m > [22mhandles year boundary[32m 0[2mms[22m[39m
 [32m✓[39m src/lib/__tests__/utilsEdgeCases.test.ts[2m > [22mUtils Edge Cases[2m > [22mformatCount Edge Cases[2m > [22mhandles zero[32m 0[2mms[22m[39m
 [32m✓[39m src/lib/__tests__/utilsEdgeCases.test.ts[2m > [22mUtils Edge Cases[2m > [22mformatCount Edge Cases[2m > [22mhandles negative numbers[32m 0[2mms[22m[39m
 [32m✓[39m src/lib/__tests__/utilsEdgeCases.test.ts[2m > [22mUtils Edge Cases[2m > [22mformatCount Edge Cases[2m > [22mhandles exactly 1000[32m 0[2mms[22m[39m
 [32m✓[39m src/lib/__tests__/utilsEdgeCases.test.ts[2m > [22mUtils Edge Cases[2m > [22mformatCount Edge Cases[2m > [22mhandles exactly 1000000[32m 0[2mms[22m[39m
 [32m✓[39m src/lib/__tests__/utilsEdgeCases.test.ts[2m > [22mUtils Edge Cases[2m > [22mformatCount Edge Cases[2m > [22mhandles very large numbers[32m 0[2mms[22m[39m
 [32m✓[39m src/lib/__tests__/utilsEdgeCases.test.ts[2m > [22mUtils Edge Cases[2m > [22mformatCount Edge Cases[2m > [22mhandles decimals in thousands[32m 0[2mms[22m[39m
 [32m✓[39m src/lib/__tests__/utilsEdgeCases.test.ts[2m > [22mUtils Edge Cases[2m > [22mformatCount Edge Cases[2m > [22mhandles decimals in millions[32m 0[2mms[22m[39m
 [32m✓[39m src/lib/__tests__/utilsEdgeCases.test.ts[2m > [22mUtils Edge Cases[2m > [22mformatCount Edge Cases[2m > [22mhandles Number.MAX_SAFE_INTEGER[32m 0[2mms[22m[39m
 [32m✓[39m src/lib/__tests__/utilsEdgeCases.test.ts[2m > [22mUtils Edge Cases[2m > [22msanitizeContent Edge Cases[2m > [22mremoves script tags[32m 1[2mms[22m[39m
 [32m✓[39m src/lib/__tests__/utilsEdgeCases.test.ts[2m > [22mUtils Edge Cases[2m > [22msanitizeContent Edge Cases[2m > [22mremoves multiple script tags[32m 0[2mms[22m[39m
 [32m✓[39m src/lib/__tests__/utilsEdgeCases.test.ts[2m > [22mUtils Edge Cases[2m > [22msanitizeContent Edge Cases[2m > [22mremoves event handlers[32m 0[2mms[22m[39m
 [32m✓[39m src/lib/__tests__/utilsEdgeCases.test.ts[2m > [22mUtils Edge Cases[2m > [22msanitizeContent Edge Cases[2m > [22mremoves various event handlers[32m 0[2mms[22m[39m
 [32m✓[39m src/lib/__tests__/utilsEdgeCases.test.ts[2m > [22mUtils Edge Cases[2m > [22msanitizeContent Edge Cases[2m > [22mhandles empty string[32m 0[2mms[22m[39m
 [32m✓[39m src/lib/__tests__/utilsEdgeCases.test.ts[2m > [22mUtils Edge Cases[2m > [22msanitizeContent Edge Cases[2m > [22mhandles whitespace-only string[32m 0[2mms[22m[39m
 [32m✓[39m src/lib/__tests__/utilsEdgeCases.test.ts[2m > [22mUtils Edge Cases[2m > [22msanitizeContent Edge Cases[2m > [22mhandles normal text without changes[32m 0[2mms[22m[39m
 [32m✓[39m src/lib/__tests__/utilsEdgeCases.test.ts[2m > [22mUtils Edge Cases[2m > [22msanitizeContent Edge Cases[2m > [22mhandles nested script tags[32m 0[2mms[22m[39m
 [32m✓[39m src/lib/__tests__/utilsEdgeCases.test.ts[2m > [22mUtils Edge Cases[2m > [22mdetectUrls Edge Cases[2m > [22mhandles text without URLs[32m 0[2mms[22m[39m
 [32m✓[39m src/lib/__tests__/utilsEdgeCases.test.ts[2m > [22mUtils Edge Cases[2m > [22mdetectUrls Edge Cases[2m > [22mhandles http URLs[32m 0[2mms[22m[39m
 [32m✓[39m src/lib/__tests__/utilsEdgeCases.test.ts[2m > [22mUtils Edge Cases[2m > [22mdetectUrls Edge Cases[2m > [22mhandles https URLs[32m 0[2mms[22m[39m
 [32m✓[39m src/lib/__tests__/utilsEdgeCases.test.ts[2m > [22mUtils Edge Cases[2m > [22mdetectUrls Edge Cases[2m > [22mhandles multiple URLs[32m 0[2mms[22m[39m
 [32m✓[39m src/lib/__tests__/utilsEdgeCases.test.ts[2m > [22mUtils Edge Cases[2m > [22mdetectUrls Edge Cases[2m > [22mhandles URLs with query parameters[32m 0[2mms[22m[39m
 [32m✓[39m src/lib/__tests__/utilsEdgeCases.test.ts[2m > [22mUtils Edge Cases[2m > [22mdetectUrls Edge Cases[2m > [22mhandles URLs with fragments[32m 0[2mms[22m[39m
 [32m✓[39m src/lib/__tests__/utilsEdgeCases.test.ts[2m > [22mUtils Edge Cases[2m > [22mdetectUrls Edge Cases[2m > [22mhandles empty string[32m 0[2mms[22m[39m
 [32m✓[39m src/lib/__tests__/utilsEdgeCases.test.ts[2m > [22mUtils Edge Cases[2m > [22mparseMarkdown Edge Cases[2m > [22mescapes HTML entities[32m 0[2mms[22m[39m
 [32m✓[39m src/lib/__tests__/utilsEdgeCases.test.ts[2m > [22mUtils Edge Cases[2m > [22mparseMarkdown Edge Cases[2m > [22mhandles bold text[32m 0[2mms[22m[39m
 [32m✓[39m src/lib/__tests__/utilsEdgeCases.test.ts[2m > [22mUtils Edge Cases[2m > [22mparseMarkdown Edge Cases[2m > [22mhandles italic text[32m 0[2mms[22m[39m
 [32m✓[39m src/lib/__tests__/utilsEdgeCases.test.ts[2m > [22mUtils Edge Cases[2m > [22mparseMarkdown Edge Cases[2m > [22mdifferentiates between bold and italic[32m 0[2mms[22m[39m
 [32m✓[39m src/lib/__tests__/utilsEdgeCases.test.ts[2m > [22mUtils Edge Cases[2m > [22mparseMarkdown Edge Cases[2m > [22mhandles URLs in markdown[32m 0[2mms[22m[39m
 [32m✓[39m src/lib/__tests__/utilsEdgeCases.test.ts[2m > [22mUtils Edge Cases[2m > [22mparseMarkdown Edge Cases[2m > [22mhandles newlines[32m 0[2mms[22m[39m
 [32m✓[39m src/lib/__tests__/utilsEdgeCases.test.ts[2m > [22mUtils Edge Cases[2m > [22mparseMarkdown Edge Cases[2m > [22mhandles empty string[32m 0[2mms[22m[39m
 [32m✓[39m src/lib/__tests__/utilsEdgeCases.test.ts[2m > [22mUtils Edge Cases[2m > [22mparseMarkdown Edge Cases[2m > [22mhandles special characters[32m 0[2mms[22m[39m
 [32m✓[39m src/lib/__tests__/utilsEdgeCases.test.ts[2m > [22mUtils Edge Cases[2m > [22mparseMarkdown Edge Cases[2m > [22mhandles mixed markdown[32m 0[2mms[22m[39m
 [32m✓[39m src/lib/__tests__/utilsEdgeCases.test.ts[2m > [22mUtils Edge Cases[2m > [22mgeneratePostId Edge Cases[2m > [22mgenerates unique IDs[32m 1[2mms[22m[39m
 [32m✓[39m src/lib/__tests__/utilsEdgeCases.test.ts[2m > [22mUtils Edge Cases[2m > [22mgeneratePostId Edge Cases[2m > [22mgenerates non-empty strings[32m 0[2mms[22m[39m
 [32m✓[39m src/lib/__tests__/utilsEdgeCases.test.ts[2m > [22mUtils Edge Cases[2m > [22mgeneratePostId Edge Cases[2m > [22mgenerates different IDs consecutively[32m 1[2mms[22m[39m
 [32m✓[39m src/lib/__tests__/utilsEdgeCases.test.ts[2m > [22mUtils Edge Cases[2m > [22mgenerateStudentId Edge Cases[2m > [22mgenerates valid format[32m 0[2mms[22m[39m
 [32m✓[39m src/lib/__tests__/utilsEdgeCases.test.ts[2m > [22mUtils Edge Cases[2m > [22mgenerateStudentId Edge Cases[2m > [22mgenerates IDs in valid range[32m 3[2mms[22m[39m
 [32m✓[39m src/lib/__tests__/utilsEdgeCases.test.ts[2m > [22mUtils Edge Cases[2m > [22mgenerateStudentId Edge Cases[2m > [22mgenerates different IDs[32m 0[2mms[22m[39m
 [32m✓[39m src/lib/__tests__/utilsEdgeCases.test.ts[2m > [22mUtils Edge Cases[2m > [22mgetLifetimeDuration Edge Cases[2m > [22mhandles valid durations[32m 0[2mms[22m[39m
 [32m✓[39m src/lib/__tests__/utilsEdgeCases.test.ts[2m > [22mUtils Edge Cases[2m > [22mgetLifetimeDuration Edge Cases[2m > [22mreturns null for invalid duration[32m 0[2mms[22m[39m
 [32m✓[39m src/lib/__tests__/utilsEdgeCases.test.ts[2m > [22mUtils Edge Cases[2m > [22mgetLifetimeDuration Edge Cases[2m > [22mhandles case sensitivity[32m 0[2mms[22m[39m
 [32m✓[39m src/lib/__tests__/utilsEdgeCases.test.ts[2m > [22mUtils Edge Cases[2m > [22mformatTimeRemaining Edge Cases[2m > [22mhandles null expiration[32m 0[2mms[22m[39m
 [32m✓[39m src/lib/__tests__/utilsEdgeCases.test.ts[2m > [22mUtils Edge Cases[2m > [22mformatTimeRemaining Edge Cases[2m > [22mhandles expired timestamps[32m 0[2mms[22m[39m
 [32m✓[39m src/lib/__tests__/utilsEdgeCases.test.ts[2m > [22mUtils Edge Cases[2m > [22mformatTimeRemaining Edge Cases[2m > [22mhandles exactly expired[32m 0[2mms[22m[39m
 [32m✓[39m src/lib/__tests__/utilsEdgeCases.test.ts[2m > [22mUtils Edge Cases[2m > [22mformatTimeRemaining Edge Cases[2m > [22mformats minutes correctly[32m 0[2mms[22m[39m
 [32m✓[39m src/lib/__tests__/utilsEdgeCases.test.ts[2m > [22mUtils Edge Cases[2m > [22mformatTimeRemaining Edge Cases[2m > [22mformats hours correctly[32m 0[2mms[22m[39m
 [32m✓[39m src/lib/__tests__/utilsEdgeCases.test.ts[2m > [22mUtils Edge Cases[2m > [22mformatTimeRemaining Edge Cases[2m > [22mformats days correctly[32m 0[2mms[22m[39m
 [32m✓[39m src/lib/__tests__/utilsEdgeCases.test.ts[2m > [22mUtils Edge Cases[2m > [22mformatTimeRemaining Edge Cases[2m > [22mhandles very long durations[32m 0[2mms[22m[39m
 [32m✓[39m src/lib/__tests__/utilsEdgeCases.test.ts[2m > [22mUtils Edge Cases[2m > [22mTimer Color Functions Edge Cases[2m > [22mgetTimerColor handles null[32m 0[2mms[22m[39m
 [32m✓[39m src/lib/__tests__/utilsEdgeCases.test.ts[2m > [22mUtils Edge Cases[2m > [22mTimer Color Functions Edge Cases[2m > [22mgetTimerColor handles long durations[32m 0[2mms[22m[39m
 [32m✓[39m src/lib/__tests__/utilsEdgeCases.test.ts[2m > [22mUtils Edge Cases[2m > [22mTimer Color Functions Edge Cases[2m > [22mgetTimerColor handles medium durations[32m 0[2mms[22m[39m
 [32m✓[39m src/lib/__tests__/utilsEdgeCases.test.ts[2m > [22mUtils Edge Cases[2m > [22mTimer Color Functions Edge Cases[2m > [22mgetTimerColor handles short durations[32m 0[2mms[22m[39m
 [32m✓[39m src/lib/__tests__/utilsEdgeCases.test.ts[2m > [22mUtils Edge Cases[2m > [22mTimer Color Functions Edge Cases[2m > [22mgetTimerColor handles critical durations[32m 0[2mms[22m[39m
 [32m✓[39m src/lib/__tests__/utilsEdgeCases.test.ts[2m > [22mUtils Edge Cases[2m > [22mTimer Color Functions Edge Cases[2m > [22mgetTimerColor handles very critical durations[32m 0[2mms[22m[39m
 [32m✓[39m src/lib/__tests__/utilsEdgeCases.test.ts[2m > [22mUtils Edge Cases[2m > [22mTimer Color Functions Edge Cases[2m > [22mgetTimerTextColor handles all colors[32m 0[2mms[22m[39m
 [32m✓[39m src/lib/__tests__/utilsEdgeCases.test.ts[2m > [22mUtils Edge Cases[2m > [22mTimer Color Functions Edge Cases[2m > [22mgetTimerTextColor handles unknown color[32m 0[2mms[22m[39m
 [32m✓[39m src/lib/__tests__/utilsEdgeCases.test.ts[2m > [22mUtils Edge Cases[2m > [22mTimer Color Functions Edge Cases[2m > [22mgetTimerBgColor handles all colors[32m 0[2mms[22m[39m
 [32m✓[39m src/lib/__tests__/utilsEdgeCases.test.ts[2m > [22mUtils Edge Cases[2m > [22mTimer Color Functions Edge Cases[2m > [22mgetTimerBgColor handles unknown color[32m 0[2mms[22m[39m
 [32m✓[39m src/lib/__tests__/utilsEdgeCases.test.ts[2m > [22mUtils Edge Cases[2m > [22mgetStudentIdColor Edge Cases[2m > [22mreturns consistent color for same ID[32m 0[2mms[22m[39m
 [32m✓[39m src/lib/__tests__/utilsEdgeCases.test.ts[2m > [22mUtils Edge Cases[2m > [22mgetStudentIdColor Edge Cases[2m > [22mreturns valid color class[32m 0[2mms[22m[39m
 [32m✓[39m src/lib/__tests__/utilsEdgeCases.test.ts[2m > [22mUtils Edge Cases[2m > [22mgetStudentIdColor Edge Cases[2m > [22mhandles empty string[32m 0[2mms[22m[39m
 [32m✓[39m src/lib/__tests__/utilsEdgeCases.test.ts[2m > [22mUtils Edge Cases[2m > [22mgetStudentIdColor Edge Cases[2m > [22mhandles different IDs[32m 0[2mms[22m[39m
 [32m✓[39m src/lib/__tests__/utilsEdgeCases.test.ts[2m > [22mUtils Edge Cases[2m > [22mgetStudentIdColor Edge Cases[2m > [22mhandles special characters[32m 0[2mms[22m[39m
 [32m✓[39m src/lib/__tests__/utilsEdgeCases.test.ts[2m > [22mUtils Edge Cases[2m > [22mDate Filtering Boundary Conditions[2m > [22mhandles timestamp at exact day boundary[32m 0[2mms[22m[39m
 [32m✓[39m src/lib/__tests__/utilsEdgeCases.test.ts[2m > [22mUtils Edge Cases[2m > [22mDate Filtering Boundary Conditions[2m > [22mhandles timestamp at exact week boundary[32m 0[2mms[22m[39m
 [32m✓[39m src/lib/__tests__/utilsEdgeCases.test.ts[2m > [22mUtils Edge Cases[2m > [22mDate Filtering Boundary Conditions[2m > [22mhandles timestamp at exact month boundary[32m 0[2mms[22m[39m
 [32m✓[39m src/lib/__tests__/utilsEdgeCases.test.ts[2m > [22mUtils Edge Cases[2m > [22mDate Filtering Boundary Conditions[2m > [22mhandles custom date range boundaries[32m 0[2mms[22m[39m
 [32m✓[39m src/lib/__tests__/utilsEdgeCases.test.ts[2m > [22mUtils Edge Cases[2m > [22mDate Filtering Boundary Conditions[2m > [22mhandles invalid date strings[32m 0[2mms[22m[39m
 [32m✓[39m src/lib/__tests__/utilsEdgeCases.test.ts[2m > [22mUtils Edge Cases[2m > [22mDate Filtering Boundary Conditions[2m > [22mhandles future dates in custom range[32m 0[2mms[22m[39m
[90mstdout[2m | src/lib/tokens/__tests__/RewardEngine.test.ts[2m > [22m[2mRewardEngine core[2m > [22m[2mcalculatePostReward[2m > [22m[2mapplies base reward
[22m[39mMigrating wallet data from v1...
Migration complete: { balance: [33m0[39m, pending: [33m0[39m, totalEarned: [33m0[39m, transactionCount: [33m0[39m }

[90mstdout[2m | src/lib/tokens/__tests__/RewardEngine.test.ts[2m > [22m[2mRewardEngine core[2m > [22m[2mcalculatePostReward[2m > [22m[2mincludes first post bonus
[22m[39mMigrating wallet data from v1...
Migration complete: { balance: [33m0[39m, pending: [33m0[39m, totalEarned: [33m0[39m, transactionCount: [33m0[39m }

[90mstdout[2m | src/lib/tokens/__tests__/RewardEngine.test.ts[2m > [22m[2mRewardEngine core[2m > [22m[2mcalculatePostReward[2m > [22m[2mincludes image bonus
[22m[39mMigrating wallet data from v1...
Migration complete: { balance: [33m0[39m, pending: [33m0[39m, totalEarned: [33m0[39m, transactionCount: [33m0[39m }

[90mstdout[2m | src/lib/tokens/__tests__/RewardEngine.test.ts[2m > [22m[2mRewardEngine core[2m > [22m[2mcalculatePostReward[2m > [22m[2mapplies reaction tier: 'Engaged (10+ reactions)'
[22m[39mMigrating wallet data from v1...
Migration complete: { balance: [33m0[39m, pending: [33m0[39m, totalEarned: [33m0[39m, transactionCount: [33m0[39m }

[90mstdout[2m | src/lib/tokens/__tests__/RewardEngine.test.ts[2m > [22m[2mRewardEngine core[2m > [22m[2mcalculatePostReward[2m > [22m[2mapplies reaction tier: 'Trending (20+ reactions)'
[22m[39mMigrating wallet data from v1...
Migration complete: { balance: [33m0[39m, pending: [33m0[39m, totalEarned: [33m0[39m, transactionCount: [33m0[39m }

[90mstdout[2m | src/lib/tokens/__tests__/RewardEngine.test.ts[2m > [22m[2mRewardEngine core[2m > [22m[2mcalculatePostReward[2m > [22m[2mapplies reaction tier: 'Popular (50+ reactions)'
[22m[39mMigrating wallet data from v1...
Migration complete: { balance: [33m0[39m, pending: [33m0[39m, totalEarned: [33m0[39m, transactionCount: [33m0[39m }

[90mstdout[2m | src/lib/tokens/__tests__/RewardEngine.test.ts[2m > [22m[2mRewardEngine core[2m > [22m[2mcalculatePostReward[2m > [22m[2mapplies reaction tier: 'Viral (100+ reactions)'
[22m[39mMigrating wallet data from v1...
Migration complete: { balance: [33m0[39m, pending: [33m0[39m, totalEarned: [33m0[39m, transactionCount: [33m0[39m }

[90mstdout[2m | src/lib/tokens/__tests__/RewardEngine.test.ts[2m > [22m[2mRewardEngine core[2m > [22m[2mcalculatePostReward[2m > [22m[2madds helpful bonus
[22m[39mMigrating wallet data from v1...
Migration complete: { balance: [33m0[39m, pending: [33m0[39m, totalEarned: [33m0[39m, transactionCount: [33m0[39m }

[90mstdout[2m | src/lib/tokens/__tests__/RewardEngine.test.ts[2m > [22m[2mRewardEngine core[2m > [22m[2mcalculatePostReward[2m > [22m[2madds crisis bonus
[22m[39mMigrating wallet data from v1...
Migration complete: { balance: [33m0[39m, pending: [33m0[39m, totalEarned: [33m0[39m, transactionCount: [33m0[39m }

[90mstdout[2m | src/lib/tokens/__tests__/RewardEngine.test.ts[2m > [22m[2mRewardEngine core[2m > [22m[2mcalculatePostReward[2m > [22m[2mcombines all bonuses
[22m[39mMigrating wallet data from v1...
Migration complete: { balance: [33m0[39m, pending: [33m0[39m, totalEarned: [33m0[39m, transactionCount: [33m0[39m }

[90mstdout[2m | src/lib/tokens/__tests__/RewardEngine.test.ts[2m > [22m[2mRewardEngine core[2m > [22m[2mawardTokens[2m > [22m[2mupdates balances, pending, and transaction log
[22m[39mMigrating wallet data from v1...
Migration complete: { balance: [33m0[39m, pending: [33m0[39m, totalEarned: [33m0[39m, transactionCount: [33m0[39m }

[90mstdout[2m | src/lib/tokens/__tests__/RewardEngine.test.ts[2m > [22m[2mRewardEngine core[2m > [22m[2mawardTokens[2m > [22m[2mincrements category breakdown
[22m[39mMigrating wallet data from v1...
Migration complete: { balance: [33m0[39m, pending: [33m0[39m, totalEarned: [33m0[39m, transactionCount: [33m0[39m }

[90mstdout[2m | src/lib/tokens/__tests__/RewardEngine.test.ts[2m > [22m[2mRewardEngine core[2m > [22m[2mawardTokens[2m > [22m[2mrecords running balance across multiple awards
[22m[39mMigrating wallet data from v1...
Migration complete: { balance: [33m0[39m, pending: [33m0[39m, totalEarned: [33m0[39m, transactionCount: [33m0[39m }

[90mstdout[2m | src/lib/tokens/__tests__/RewardEngine.test.ts[2m > [22m[2mRewardEngine core[2m > [22m[2mawardTokens[2m > [22m[2mrejects non-positive amounts and logs warning
[22m[39mMigrating wallet data from v1...
Migration complete: { balance: [33m0[39m, pending: [33m0[39m, totalEarned: [33m0[39m, transactionCount: [33m0[39m }

[90mstdout[2m | src/lib/tokens/__tests__/RewardEngine.test.ts[2m > [22m[2mRewardEngine core[2m > [22m[2mawardTokens[2m > [22m[2mhandles persistence errors gracefully
[22m[39mMigrating wallet data from v1...
Migration complete: { balance: [33m0[39m, pending: [33m0[39m, totalEarned: [33m0[39m, transactionCount: [33m0[39m }

[90mstdout[2m | src/lib/tokens/__tests__/RewardEngine.test.ts[2m > [22m[2mRewardEngine core[2m > [22m[2mspendTokens[2m > [22m[2mreduces balance and logs spend transaction
[22m[39mMigrating wallet data from v1...
Migration complete: { balance: [33m0[39m, pending: [33m0[39m, totalEarned: [33m0[39m, transactionCount: [33m0[39m }

[90mstdout[2m | src/lib/tokens/__tests__/RewardEngine.test.ts[2m > [22m[2mRewardEngine core[2m > [22m[2mspendTokens[2m > [22m[2mprevents overspending and displays error toast
[22m[39mMigrating wallet data from v1...
Migration complete: { balance: [33m0[39m, pending: [33m0[39m, totalEarned: [33m0[39m, transactionCount: [33m0[39m }

[90mstdout[2m | src/lib/tokens/__tests__/RewardEngine.test.ts[2m > [22m[2mRewardEngine core[2m > [22m[2mspendTokens[2m > [22m[2mrejects non-positive spend amounts
[22m[39mMigrating wallet data from v1...
Migration complete: { balance: [33m0[39m, pending: [33m0[39m, totalEarned: [33m0[39m, transactionCount: [33m0[39m }

[90mstdout[2m | src/lib/tokens/__tests__/RewardEngine.test.ts[2m > [22m[2mRewardEngine core[2m > [22m[2mtransaction history[2m > [22m[2mmaintains running balance for mixed transactions
[22m[39mMigrating wallet data from v1...
Migration complete: { balance: [33m0[39m, pending: [33m0[39m, totalEarned: [33m0[39m, transactionCount: [33m0[39m }

[90mstdout[2m | src/lib/tokens/__tests__/RewardEngine.test.ts[2m > [22m[2mRewardEngine core[2m > [22m[2mtransaction history[2m > [22m[2mlimits history to most recent 100 entries
[22m[39mMigrating wallet data from v1...
Migration complete: { balance: [33m0[39m, pending: [33m0[39m, totalEarned: [33m0[39m, transactionCount: [33m0[39m }

[90mstdout[2m | src/lib/tokens/__tests__/RewardEngine.test.ts[2m > [22m[2mRewardEngine core[2m > [22m[2mrate limiting[2m > [22m[2mblocks awards within rate window
[22m[39mMigrating wallet data from v1...
Migration complete: { balance: [33m0[39m, pending: [33m0[39m, totalEarned: [33m0[39m, transactionCount: [33m0[39m }

[90mstdout[2m | src/lib/tokens/__tests__/RewardEngine.test.ts[2m > [22m[2mRewardEngine core[2m > [22m[2mrate limiting[2m > [22m[2mallows award after window elapses
[22m[39mMigrating wallet data from v1...
Migration complete: { balance: [33m0[39m, pending: [33m0[39m, totalEarned: [33m0[39m, transactionCount: [33m0[39m }

[90mstdout[2m | src/lib/tokens/__tests__/RewardEngine.test.ts[2m > [22m[2mRewardEngine core[2m > [22m[2mconcurrency[2m > [22m[2mprocesses concurrent awards without data loss
[22m[39mMigrating wallet data from v1...
Migration complete: { balance: [33m0[39m, pending: [33m0[39m, totalEarned: [33m0[39m, transactionCount: [33m0[39m }

[90mstdout[2m | src/lib/tokens/__tests__/RewardEngine.test.ts[2m > [22m[2mRewardEngine core[2m > [22m[2mdaily and streak bonuses[2m > [22m[2mawards daily bonus and updates streak
[22m[39mMigrating wallet data from v1...
Migration complete: { balance: [33m0[39m, pending: [33m0[39m, totalEarned: [33m0[39m, transactionCount: [33m0[39m }

[90mstdout[2m | src/lib/tokens/__tests__/RewardEngine.test.ts[2m > [22m[2mRewardEngine core[2m > [22m[2mdaily and streak bonuses[2m > [22m[2mawards weekly streak milestone on 7th day
[22m[39mMigrating wallet data from v1...
Migration complete: { balance: [33m0[39m, pending: [33m0[39m, totalEarned: [33m0[39m, transactionCount: [33m0[39m }

[90mstdout[2m | src/lib/tokens/__tests__/RewardEngine.test.ts[2m > [22m[2mRewardEngine core[2m > [22m[2mdaily and streak bonuses[2m > [22m[2mawards streak bonus via processStreakBonus
[22m[39mMigrating wallet data from v1...
Migration complete: { balance: [33m0[39m, pending: [33m0[39m, totalEarned: [33m0[39m, transactionCount: [33m0[39m }

[90mstdout[2m | src/lib/tokens/__tests__/RewardEngine.test.ts[2m > [22m[2mRewardEngine core[2m > [22m[2mlocalStorage persistence[2m > [22m[2mpersists wallet snapshot on updates
[22m[39mMigrating wallet data from v1...
Migration complete: { balance: [33m0[39m, pending: [33m0[39m, totalEarned: [33m0[39m, transactionCount: [33m0[39m }

[90mstdout[2m | src/lib/tokens/__tests__/RewardEngine.test.ts[2m > [22m[2mRewardEngine core[2m > [22m[2mlocalStorage persistence[2m > [22m[2mrestores snapshot on new instance
[22m[39mMigrating wallet data from v1...
Migration complete: { balance: [33m0[39m, pending: [33m0[39m, totalEarned: [33m0[39m, transactionCount: [33m0[39m }

[90mstdout[2m | src/lib/tokens/__tests__/RewardEngine.test.ts[2m > [22m[2mRewardEngine core[2m > [22m[2mlocalStorage persistence[2m > [22m[2msetBalance persists and clamps negative values
[22m[39mMigrating wallet data from v1...
Migration complete: { balance: [33m0[39m, pending: [33m0[39m, totalEarned: [33m0[39m, transactionCount: [33m0[39m }

[90mstdout[2m | src/lib/tokens/__tests__/RewardEngine.test.ts[2m > [22m[2mRewardEngine core[2m > [22m[2mlocalStorage persistence[2m > [22m[2mgetWalletSnapshot returns a defensive copy
[22m[39mMigrating wallet data from v1...
Migration complete: { balance: [33m0[39m, pending: [33m0[39m, totalEarned: [33m0[39m, transactionCount: [33m0[39m }

[90mstdout[2m | src/lib/tokens/__tests__/RewardEngine.test.ts[2m > [22m[2mRewardEngine core[2m > [22m[2mlegacy migration[2m > [22m[2mmigrates from legacy storage keys
[22m[39mMigrating wallet data from v1...
Migration complete: { balance: [33m0[39m, pending: [33m0[39m, totalEarned: [33m0[39m, transactionCount: [33m0[39m }

[90mstdout[2m | src/lib/tokens/__tests__/RewardEngine.test.ts[2m > [22m[2mRewardEngine core[2m > [22m[2mlegacy migration[2m > [22m[2mmigrates from legacy storage keys
[22m[39mMigrating wallet data from v1...
Migration complete: { balance: [33m150[39m, pending: [33m25[39m, totalEarned: [33m150[39m, transactionCount: [33m1[39m }

 [32m✓[39m src/lib/tokens/__tests__/RewardEngine.test.ts[2m > [22mRewardEngine core[2m > [22mcalculatePostReward[2m > [22mapplies base reward[32m 6[2mms[22m[39m
 [32m✓[39m src/lib/tokens/__tests__/RewardEngine.test.ts[2m > [22mRewardEngine core[2m > [22mcalculatePostReward[2m > [22mincludes first post bonus[32m 1[2mms[22m[39m
 [32m✓[39m src/lib/tokens/__tests__/RewardEngine.test.ts[2m > [22mRewardEngine core[2m > [22mcalculatePostReward[2m > [22mincludes image bonus[32m 1[2mms[22m[39m
 [32m✓[39m src/lib/tokens/__tests__/RewardEngine.test.ts[2m > [22mRewardEngine core[2m > [22mcalculatePostReward[2m > [22mapplies reaction tier: 'Engaged (10+ reactions)'[32m 1[2mms[22m[39m
 [32m✓[39m src/lib/tokens/__tests__/RewardEngine.test.ts[2m > [22mRewardEngine core[2m > [22mcalculatePostReward[2m > [22mapplies reaction tier: 'Trending (20+ reactions)'[32m 2[2mms[22m[39m
 [32m✓[39m src/lib/tokens/__tests__/RewardEngine.test.ts[2m > [22mRewardEngine core[2m > [22mcalculatePostReward[2m > [22mapplies reaction tier: 'Popular (50+ reactions)'[32m 1[2mms[22m[39m
 [32m✓[39m src/lib/tokens/__tests__/RewardEngine.test.ts[2m > [22mRewardEngine core[2m > [22mcalculatePostReward[2m > [22mapplies reaction tier: 'Viral (100+ reactions)'[32m 1[2mms[22m[39m
 [32m✓[39m src/lib/tokens/__tests__/RewardEngine.test.ts[2m > [22mRewardEngine core[2m > [22mcalculatePostReward[2m > [22madds helpful bonus[32m 1[2mms[22m[39m
 [32m✓[39m src/lib/tokens/__tests__/RewardEngine.test.ts[2m > [22mRewardEngine core[2m > [22mcalculatePostReward[2m > [22madds crisis bonus[32m 1[2mms[22m[39m
 [32m✓[39m src/lib/tokens/__tests__/RewardEngine.test.ts[2m > [22mRewardEngine core[2m > [22mcalculatePostReward[2m > [22mcombines all bonuses[32m 1[2mms[22m[39m
 [32m✓[39m src/lib/tokens/__tests__/RewardEngine.test.ts[2m > [22mRewardEngine core[2m > [22mawardTokens[2m > [22mupdates balances, pending, and transaction log[32m 3[2mms[22m[39m
 [32m✓[39m src/lib/tokens/__tests__/RewardEngine.test.ts[2m > [22mRewardEngine core[2m > [22mawardTokens[2m > [22mincrements category breakdown[32m 1[2mms[22m[39m
 [32m✓[39m src/lib/tokens/__tests__/RewardEngine.test.ts[2m > [22mRewardEngine core[2m > [22mawardTokens[2m > [22mrecords running balance across multiple awards[32m 1[2mms[22m[39m
 [32m✓[39m src/lib/tokens/__tests__/RewardEngine.test.ts[2m > [22mRewardEngine core[2m > [22mawardTokens[2m > [22mrejects non-positive amounts and logs warning[32m 2[2mms[22m[39m
 [32m✓[39m src/lib/tokens/__tests__/RewardEngine.test.ts[2m > [22mRewardEngine core[2m > [22mawardTokens[2m > [22mhandles persistence errors gracefully[32m 2[2mms[22m[39m
 [32m✓[39m src/lib/tokens/__tests__/RewardEngine.test.ts[2m > [22mRewardEngine core[2m > [22mspendTokens[2m > [22mreduces balance and logs spend transaction[32m 1[2mms[22m[39m
 [32m✓[39m src/lib/tokens/__tests__/RewardEngine.test.ts[2m > [22mRewardEngine core[2m > [22mspendTokens[2m > [22mprevents overspending and displays error toast[32m 1[2mms[22m[39m
 [32m✓[39m src/lib/tokens/__tests__/RewardEngine.test.ts[2m > [22mRewardEngine core[2m > [22mspendTokens[2m > [22mrejects non-positive spend amounts[32m 1[2mms[22m[39m
 [32m✓[39m src/lib/tokens/__tests__/RewardEngine.test.ts[2m > [22mRewardEngine core[2m > [22mtransaction history[2m > [22mmaintains running balance for mixed transactions[32m 1[2mms[22m[39m
 [32m✓[39m src/lib/tokens/__tests__/RewardEngine.test.ts[2m > [22mRewardEngine core[2m > [22mtransaction history[2m > [22mlimits history to most recent 100 entries[32m 8[2mms[22m[39m
 [32m✓[39m src/lib/tokens/__tests__/RewardEngine.test.ts[2m > [22mRewardEngine core[2m > [22mrate limiting[2m > [22mblocks awards within rate window[32m 1[2mms[22m[39m
 [32m✓[39m src/lib/tokens/__tests__/RewardEngine.test.ts[2m > [22mRewardEngine core[2m > [22mrate limiting[2m > [22mallows award after window elapses[32m 1[2mms[22m[39m
 [32m✓[39m src/lib/tokens/__tests__/RewardEngine.test.ts[2m > [22mRewardEngine core[2m > [22mconcurrency[2m > [22mprocesses concurrent awards without data loss[32m 12[2mms[22m[39m
 [32m✓[39m src/lib/tokens/__tests__/RewardEngine.test.ts[2m > [22mRewardEngine core[2m > [22mdaily and streak bonuses[2m > [22mawards daily bonus and updates streak[32m 2[2mms[22m[39m
 [32m✓[39m src/lib/tokens/__tests__/RewardEngine.test.ts[2m > [22mRewardEngine core[2m > [22mdaily and streak bonuses[2m > [22mawards weekly streak milestone on 7th day[32m 1[2mms[22m[39m
 [32m✓[39m src/lib/tokens/__tests__/RewardEngine.test.ts[2m > [22mRewardEngine core[2m > [22mdaily and streak bonuses[2m > [22mawards streak bonus via processStreakBonus[32m 1[2mms[22m[39m
 [32m✓[39m src/lib/tokens/__tests__/RewardEngine.test.ts[2m > [22mRewardEngine core[2m > [22mlocalStorage persistence[2m > [22mpersists wallet snapshot on updates[32m 1[2mms[22m[39m
 [32m✓[39m src/lib/tokens/__tests__/RewardEngine.test.ts[2m > [22mRewardEngine core[2m > [22mlocalStorage persistence[2m > [22mrestores snapshot on new instance[32m 1[2mms[22m[39m
 [32m✓[39m src/lib/tokens/__tests__/RewardEngine.test.ts[2m > [22mRewardEngine core[2m > [22mlocalStorage persistence[2m > [22msetBalance persists and clamps negative values[32m 1[2mms[22m[39m
 [32m✓[39m src/lib/tokens/__tests__/RewardEngine.test.ts[2m > [22mRewardEngine core[2m > [22mlocalStorage persistence[2m > [22mgetWalletSnapshot returns a defensive copy[32m 1[2mms[22m[39m
 [32m✓[39m src/lib/tokens/__tests__/RewardEngine.test.ts[2m > [22mRewardEngine core[2m > [22mlegacy migration[2m > [22mmigrates from legacy storage keys[32m 1[2mms[22m[39m
[90mstdout[2m | src/lib/__tests__/zkStoreIntegration.test.ts
[22m[39mMigrating wallet data from v1...
Migration complete: { balance: [33m0[39m, pending: [33m0[39m, totalEarned: [33m0[39m, transactionCount: [33m0[39m }

[90mstderr[2m | src/__tests__/accessibility/aaaAccessibility.test.tsx
[22m[39mTHREE.WARNING: Multiple instances of Three.js being imported.

[90mstdout[2m | src/lib/__tests__/crisisQueueStore.test.ts
[22m[39mMigrating wallet data from v1...
Migration complete: { balance: [33m0[39m, pending: [33m0[39m, totalEarned: [33m0[39m, transactionCount: [33m0[39m }

[90mstderr[2m | src/__tests__/accessibility/aaaAccessibility.test.tsx[2m > [22m[2mAAA accessibility coverage[2m > [22m[2mCrisis workflow[2m > [22m[2mensures crisis alert modal meets dialog accessibility expectations
[22m[39mReact does not recognize the `whileHover` prop on a DOM element. If you intentionally want it to appear in the DOM as a custom attribute, spell it as lowercase `whilehover` instead. If you accidentally passed it from a parent component, remove it from the DOM element.
React does not recognize the `whileTap` prop on a DOM element. If you intentionally want it to appear in the DOM as a custom attribute, spell it as lowercase `whiletap` instead. If you accidentally passed it from a parent component, remove it from the DOM element.
⚠️ React Router Future Flag Warning: React Router will begin wrapping state updates in `React.startTransition` in v7. You can use the `v7_startTransition` future flag to opt-in early. For more information, see https://reactrouter.com/v6/upgrading/future#v7_starttransition.
⚠️ React Router Future Flag Warning: Relative route resolution within Splat routes is changing in v7. You can use the `v7_relativeSplatPath` future flag to opt-in early. For more information, see https://reactrouter.com/v6/upgrading/future#v7_relativesplatpath.

[90mstderr[2m | src/__tests__/accessibility/aaaAccessibility.test.tsx[2m > [22m[2mAAA accessibility coverage[2m > [22m[2mCrisis workflow[2m > [22m[2mensures crisis alert modal meets dialog accessibility expectations
[22m[39m[HelplineRegistry] Failed to fetch manifest: TypeError: Failed to parse URL from /helplines/registry.signed.json
[90m    at node:internal/deps/undici/undici:14900:13[39m
[90m    at processTicksAndRejections (node:internal/process/task_queues:95:5)[39m
    at fetchManifest [90m(/home/engine/project/[39msrc/lib/crisisAI/HelplineRegistry.ts:186:22[90m)[39m
    at forceRefresh [90m(/home/engine/project/[39msrc/lib/crisisAI/HelplineRegistry.ts:230:22[90m)[39m
    at refresh [90m(/home/engine/project/[39msrc/lib/crisisAI/HelplineRegistry.ts:263:7[90m)[39m
    at Module.initialize [90m(/home/engine/project/[39msrc/lib/crisisAI/HelplineRegistry.ts:86:3[90m)[39m
    at initRegistry [90m(/home/engine/project/[39msrc/components/crisis/CrisisAlertModal.tsx:48:9[90m)[39m {
  [cause]: TypeError: Invalid URL
  [90m    at new URL (node:internal/url:806:29)[39m
  [90m    at new Request (node:internal/deps/undici/undici:9776:25)[39m
  [90m    at fetch (node:internal/deps/undici/undici:10505:25)[39m
  [90m    at fetch (node:internal/deps/undici/undici:14898:10)[39m
  [90m    at fetch (node:internal/bootstrap/web/exposed-window-or-worker:72:12)[39m
      at fetchManifest [90m(/home/engine/project/[39msrc/lib/crisisAI/HelplineRegistry.ts:186:28[90m)[39m
      at forceRefresh [90m(/home/engine/project/[39msrc/lib/crisisAI/HelplineRegistry.ts:230:28[90m)[39m
      at refresh [90m(/home/engine/project/[39msrc/lib/crisisAI/HelplineRegistry.ts:263:13[90m)[39m
      at Module.initialize [90m(/home/engine/project/[39msrc/lib/crisisAI/HelplineRegistry.ts:86:9[90m)[39m
      at initRegistry [90m(/home/engine/project/[39msrc/components/crisis/CrisisAlertModal.tsx:48:32[90m)[39m {
    code: [32m'ERR_INVALID_URL'[39m,
    input: [32m'/helplines/registry.signed.json'[39m
  }
}

 [31m×[39m src/__tests__/accessibility/aaaAccessibility.test.tsx[2m > [22mAAA accessibility coverage[2m > [22mApp layout[2m > [22mmeets AAA requirements with focus landmarks in light theme[32m 60[2mms[22m[39m
[31m   → Cannot read properties of undefined (reading 'showInstitutionBadge')[39m
 [31m×[39m src/__tests__/accessibility/aaaAccessibility.test.tsx[2m > [22mAAA accessibility coverage[2m > [22mApp layout[2m > [22mremains accessible when switching to dark theme and dyslexic font[32m 15[2mms[22m[39m
[31m   → Cannot read properties of undefined (reading 'showInstitutionBadge')[39m
 [31m×[39m src/__tests__/accessibility/aaaAccessibility.test.tsx[2m > [22mAAA accessibility coverage[2m > [22mNavbar navigation flow[2m > [22mprovides accessible navigation controls with menus expanded across themes[32m 8[2mms[22m[39m
[31m   → Cannot read properties of undefined (reading 'showInstitutionBadge')[39m
[90mstderr[2m | src/__tests__/accessibility/aaaAccessibility.test.tsx[2m > [22m[2mAAA accessibility coverage[2m > [22m[2mFeed content surface[2m > [22m[2mrenders feed timeline without AAA violations in both theme variants
[22m[39mNot implemented: HTMLCanvasElement's getContext() method: without installing the canvas npm package

[90mstderr[2m | src/__tests__/accessibility/aaaAccessibility.test.tsx[2m > [22m[2mAAA accessibility coverage[2m > [22m[2mFeed content surface[2m > [22m[2mrenders feed timeline without AAA violations in both theme variants
[22m[39mNot implemented: HTMLCanvasElement's getContext() method: without installing the canvas npm package

 [31m×[39m src/__tests__/accessibility/aaaAccessibility.test.tsx[2m > [22mAAA accessibility coverage[2m > [22mCrisis workflow[2m > [22mensures crisis alert modal meets dialog accessibility expectations[33m 1086[2mms[22m[39m
[31m   → Found multiple elements with the role "dialog"

Here are the matching elements:

Ignored nodes: comments, script, style
[36m<div[31m
  [33manimate[31m=[32m"[object Object]"[31m
  [33maria-describedby[31m=[32m"crisis-modal-description"[31m
  [33maria-labelledby[31m=[32m"crisis-modal-title"[31m
  [33maria-modal[31m=[32m"true"[31m
  [33mclass[31m=[32m"fixed inset-0 z-50 flex items-center justify-center p-4"[31m
  [33mexit[31m=[32m"[object Object]"[31m
  [33minitial[31m=[32m"[object Object]"[31m
  [33mrole[31m=[32m"dialog"[31m
[36m>[31m
  [36m<div[31m
    [33maria-describedby[31m=[32m"crisis-alert-description-crisis-1"[31m
    [33maria-labelledby[31m=[32m"crisis-alert-title-crisis-1"[31m
    [33maria-modal[31m=[32m"true"[31m
    [33mclass[31m=[32m"glass max-w-2xl w-full max-h-[90vh] overflow-y-auto rounded-2xl border-2 border-red-500/30"[31m
    [33mrole[31m=[32m"dialog"[31m
  [36m>[31m
    [36m<div[31m
      [33mclass[31m=[32m"sticky top-0 glass p-6 border-b border-white/10 flex items-start justify-between"[31m
    [36m>[31m
      [36m<div[31m
        [33mclass[31m=[32m"flex items-start space-x-3"[31m
      [36m>[31m
        [36m<svg[31m
          [33maria-hidden[31m=[32m"true"[31m
          [33mclass[31m=[32m"lucide lucide-triangle-alert w-6 h-6 text-red-500 flex-shrink-0 mt-1"[31m
          [33mfill[31m=[32m"none"[31m
          [33mheight[31m=[32m"24"[31m
          [33mstroke[31m=[32m"currentColor"[31m
          [33mstroke-linecap[31m=[32m"round"[31m
          [33mstroke-linejoin[31m=[32m"round"[31m
          [33mstroke-width[31m=[32m"2"[31m
          [33mviewBox[31m=[32m"0 0 24 24"[31m
          [33mwidth[31m=[32m"24"[31m
          [33mxmlns[31m=[32m"http://www.w3.org/2000/svg"[31m
        [36m>[31m
          [36m<path[31m
            [33md[31m=[32m"m21.73 18-8-14a2 2 0 0 0-3.48 0l-8 14A2 2 0 0 0 4 21h16a2 2 0 0 0 1.73-3"[31m
          [36m/>[31m
          [36m<path[31m
            [33md[31m=[32m"M12 9v4"[31m
          [36m/>[31m
          [36m<path[31m
            [33md[31m=[32m"M12 17h.01"[31m
          [36m/>[31m
        [36m</svg>[31m
        [36m<div>[31m
          [36m<h2[31m
            [33mclass[31m=[32m"text-2xl font-bold text-white mb-1"[31m
            [33mid[31m=[32m"crisis-modal-title"[31m
          [36m>[31m
            [0m🆘 We're Here to Help[0m
          [36m</h2>[31m
          [36m<p[31m
            [33mclass[31m=[32m"text-gray-300 text-sm"[31m
            [33mid[31m=[32m"crisis-modal-description"[31m
          [36m>[31m
            [0mIf you're thinking about suicide or need immediate support, you're not alone. Help is available 24/7.[0m
          [36m</p>[31m
        [36m</div>[31m
      [36m</div>[31m
    [36m</div>[31m
    [36m<div[31m
      [33mclass[31m=[32m"p-6 space-y-6"[31m
    [36m>[31m
      [36m<div[31m
        [33mclass[31m=[32m"space-y-4"[31m
      [36m>[31m
        [36m<a[31m
          [33mclass[31m=[32m"block glass p-4 rounded-xl border border-white/10 hover:border-primary transition-all group"[31m
          [33mhref[31m=[32m"tel:+91-22-27546669"[31m
          [33mwhilehover[31m=[32m"[object Object]"[31m
          [33mwhiletap[31m=[32m"[object Object]"[31m
        [36m>[31m
          [36m<div[31m
            [33mclass[31m=[32m"flex items-center justify-between"[31m
          [36m>[31m
            [36m<div>[31m
              [36m<div[31m
                [33mclass[31m=[32m"flex items-center space-x-2 mb-1"[31m
              [36m>[31m
                [36m<h3[31m
                  [33mclass[31m=[32m"text-lg font-semibold text-white"[31m
                [36m>[31m
                  [0mAASRA[0m
                [36m</h3>[31m
              [36m</div>[31m
              [36m<p[31m
                [33mclass[31m=[32m"text-2xl font-bold text-primary group-hover:text-purple-300 transition-colors"[31m
              [36m>[31m
                [0m+91-22-27546669[0m
              [36m</p>[31m
              [36m<p[31m
                [33mclass[31m=[32m"text-sm text-gray-400 mt-1"[31m
              [36m>[31m
                [0m24/7[0m
              [36m</p>[31m
            [36m</div>[31m
            [36m<svg[31m
              [33maria-hidden[31m=[32m"true"[31m
              [33mclass[31m=[32m"lucide lucide-phone w-8 h-8 text-primary group-hover:text-purple-300 transition-colors"[31m
              [33mfill[31m=[32m"none"[31m
              [33mheight[31m=[32m"24"[31m
              [33mstroke[31m=[32m"currentColor"[31m
              [33mstroke-linecap[31m=[32m"round"[31m
              [33mstroke-linejoin[31m=[32m"round"[31m
              [33mstroke-width[31m=[32m"2"[31m
              [33mviewBox[31m=[32m"0 0 24 24"[31m
              [33mwidth[31m=[32m"24"[31m
              [33mxmlns[31m=[32m"http://www.w3.org/2000/svg"[31m
            [36m>[31m
              [36m<path[31m
                [33md[31m=[32m"M13.832 16.568a1 1 0 0 0 1.213-.303l.355-.465A2 2 0 0 1 17 15h3a2 2 0 0 1 2 2v3a2 2 0 0 1-2 2A18 18 0 0 1 2 4a2 2 0 0 1 2-2h3a2 2 0 0 1 2 2v3a2 2 0 0 1-.8 1.6l-.468.351a1 1 0 0 0-.292 1.233 14 14 0 0 0 6.392 6.384"[31m
              [36m/>[31m
            [36m</svg>[31m
          [36m</div>[31m
        [36m</a>[31m
        [36m<a[31m
          [33mclass[31m=[32m"block glass p-4 rounded-xl border border-white/10 hover:border-primary transition-all group"[31m
          [33mhref[31m=[32m"tel:1860-2662-345"[31m
          [33mwhilehover[31m=[32m"[object Object]"[31m
          [33mwhiletap[31m=[32m"[object Object]"[31m
        [36m>[31m
          [36m<div[31m
            [33mclass[31m=[32m"flex items-center justify-between"[31m
          [36m>[31m
            [36m<div>[31m
              [36m<div[31m
                [33mclass[31m=[32m"flex items-center space-x-2 mb-1"[31m
              [36m>[31m
                [36m<h3[31m
                  [33mclass[31m=[32m"text-lg font-semibold text-white"[31m
                [36m>[31m
                  [0mVandrevala Foundation[0m
                [36m</h3>[31m
              [36m</div>[31m
              [36m<p[31m
                [33mclass[31m=[32m"text-2xl font-bold text-primary group-hover:text-purple-300 transition-colors"[31m
              [36m>[31m
                [0m1860-2662-345[0m
              [36m</p>[31m
              [36m<p[31m
                [33mclass[31m=[32m"text-sm text-gray-400 mt-1"[31m
              [36m>[31m
                [0m24/7[0m
              [36m</p>[31m
            [36m</div>[31m
            [36m<svg[31m
              [33maria-hidden[31m=[32m"true"[31m
              [33mclass[31m=[32m"lucide lucide-phone w-8 h-8 text-primary group-hover:text-purple-300 transition-colors"[31m
              [33mfill[31m=[32m"none"[31m
              [33mheight[31m=[32m"24"[31m
              [33mstroke[31m=[32m"currentColor"[31m
              [33mstroke-linecap[31m=[32m"round"[31m
              [33mstroke-linejoin[31m=[32m"round"[31m
              [33mstroke-width[31m=[32m"2"[31m
              [33mviewBox[31m=[32m"0 0 24 24"[31m
              [33mwidth[31m=[32m"24"[31m
              [33mxmlns[31m=[32m"http://www.w3.org/2000/svg"[31m
            [36m>[31m
              [36m<path[31m
                [33md[31m=[32m"M13.832 16.568a1 1 0 0 0 1.213-.303l.355-.465A2 2 0 0 1 17 15h3a2 2 0 0 1 2 2v3a2 2 0 0 1-2 2A18 18 0 0 1 2 4a2 2 0 0 1 2-2h3a2 2 0 0 1 2 2v3a2 2 0 0 1-.8 1.6l-.468.351a1 1 0 0 0-.292 1.233 14 14 0 0 0 6.392 6.384"[31m
              [36m/>[31m
            [36m</svg>[31m
          [36m</div>[31m
        [36m</a>[31m
        [36m<a[31m
          [33mclass[31m=[32m"block glass p-4 rounded-xl border border-white/10 hover:border-primary transition-all group"[31m
          [33mhref[31m=[32m"tel:1800-599-0019"[31m
          [33mwhilehover[31m=[32m"[object Object]"[31m
          [33mwhiletap[31m=[32m"[object Object]"[31m
        [36m>[31m
          [36m<div[31m
            [33mclass[31m=[32m"flex items-center justify-between"[31m
          [36m>[31m
            [36m<div>[31m
              [36m<div[31m
                [33mclass[31m=[32m"flex items-center space-x-2 mb-1"[31m
              [36m>[31m
                [36m<h3[31m
                  [33mclass[31m=[32m"text-lg font-semibold text-white"[31m
                [36m>[31m
                  [0mKIRAN (Government of India)[0m
                [36m</h3>[31m
                [36m<span[31m
                  [33mclass[31m=[32m"px-2 py-0.5 bg-blue-500/20 text-blue-300 text-xs rounded-full"[31m
                [36m>[31m
                  [0mGovernment[0m
                [36m</span>[31m
              [36m</div>[31m
              [36m<p[31m
                [33mclass[31m=[32m"text-2xl font-bold text-primary group-hover:text-purple-300 transition-colors"[31m
              [36m>[31m
                [0m1800-599-0019[0m
              [36m</p>[31m
              [36m<p[31m
                [33mclass[31m=[32m"text-sm text-gray-400 mt-1"[31m
              [36m>[31m
                [0m24/7[0m
              [36m</p>[31m
            [36m</div>[31m
            [36m<svg[31m
              [33maria-hidden[31m=[32m"true"[31m
              [33mclass[31m=[32m"lucide lucide-phone w-8 h-8 text-primary group-hover:text-purple-300 transition-colors"[31m
              [33mfill[31m=[32m"none"[31m
              [33mheight[31m=[32m"24"[31m
              [33mstroke[31m=[32m"currentColor"[31m
              [33mstroke-linecap[31m=[32m"round"[31m
              [33mstroke-linejoin[31m=[32m"round"[31m
              [33mstroke-width[31m=[32m"2"[31m
              [33mviewBox[31m=[32m"0 0 24 24"[31m
              [33mwidth[31m=[32m"24"[31m
              [33mxmlns[31m=[32m"http://www.w3.org/2000/svg"[31m
            [36m>[31m
              [36m<path[31m
                [33md[31m=[32m"M13.832 16.568a1 1 0 0 0 1.213-.303l.355-.465A2 2 0 0 1 17 15h3a2 2 0 0 1 2 2v3a2 2 0 0 1-2 2A18 18 0 0 1 2 4a2 2 0 0 1 2-2h3a2 2 0 0 1 2 2v3a2 2 0 0 1-.8 1.6l-.468.351a1 1 0 0 0-.292 1.233 14 14 0 0 0 6.392 6.384"[31m
              [36m/>[31m
            [36m</svg>[31m
          [36m</div>[31m
        [36m</a>[31m
      [36m</div>[31m
      [36m<div[31m
        [33mclass[31m=[32m"border-t border-white/10 pt-6"[31m
      [36m>[31m
        [36m<div[31m
          [33mclass[31m=[32m"mb-4 flex items-center justify-between"[31m
        [36m>[31m
          [36m<h3[31m
            [33mclass[31m=[32m"text-lg font-semibold text-white"[31m
          [36m>[31m
            [0mPrivacy Protection[0m
          [36m</h3>[31m
        [36m</div>[31m
        [36m<div[31m
          [33mrole[31m=[32m"status"[31m
        [36m>[31m
          [0mZK Proof Placeholder[0m
        [36m</div>[31m
      [36m</div>[31m
      [36m<div[31m
        [33mclass[31m=[32m"text-center"[31m
      [36m>[31m
        [36m<a[31m
          [33mclass[31m=[32m"inline-block text-primary hover:text-purple-300 font-medium transition-colors"[31m
          [33mhref[31m=[32m"/helplines"[31m
        [36m>[31m
          [0mView All Helplines →[0m
        [36m</a>[31m
      [36m</div>[31m
      [36m<div[31m
        [33mclass[31m=[32m"border-t border-white/10 pt-6"[31m
      [36m>[31m
        [36m<button[31m
          [33mclass[31m=[32m"w-full py-3 text-gray-400 hover:text-gray-300 text-sm transition-colors"[31m
        [36m>[31m
          [0mI'm okay, continue posting[0m
        [36m</button>[31m
      [36m</div>[31m
      [36m<div[31m
        [33mclass[31m=[32m"bg-red-500/10 border border-red-500/30 rounded-lg p-4"[31m
      [36m>[31m
        [36m<p[31m
          [33mclass[31m=[32m"text-sm text-gray-300 text-center"[31m
        [36m>[31m
          [36m<strong[31m
            [33mclass[31m=[32m"text-red-400"[31m
          [36m>[31m
            [0mEmergency:[0m
          [36m</strong>[31m
          [0m If you are in immediate danger, please call emergency services (100/112) or visit the nearest hospital.[0m
        [36m</p>[31m
      [36m</div>[31m
    [36m</div>[31m
  [36m</div>[31m
[36m</div>[31m

Ignored nodes: comments, script, style
[36m<div[31m
  [33maria-describedby[31m=[32m"crisis-alert-description-crisis-1"[31m
  [33maria-labelledby[31m=[32m"crisis-alert-title-crisis-1"[31m
  [33maria-modal[31m=[32m"true"[31m
  [33mclass[31m=[32m"glass max-w-2xl w-full max-h-[90vh] overflow-y-auto rounded-2xl border-2 border-red-500/30"[31m
  [33mrole[31m=[32m"dialog"[31m
[36m>[31m
  [36m<div[31m
    [33mclass[31m=[32m"sticky top-0 glass p-6 border-b border-white/10 flex items-start justify-between"[31m
  [36m>[31m
    [36m<div[31m
      [33mclass[31m=[32m"flex items-start space-x-3"[31m
    [36m>[31m
      [36m<svg[31m
        [33maria-hidden[31m=[32m"true"[31m
        [33mclass[31m=[32m"lucide lucide-triangle-alert w-6 h-6 text-red-500 flex-shrink-0 mt-1"[31m
        [33mfill[31m=[32m"none"[31m
        [33mheight[31m=[32m"24"[31m
        [33mstroke[31m=[32m"currentColor"[31m
        [33mstroke-linecap[31m=[32m"round"[31m
        [33mstroke-linejoin[31m=[32m"round"[31m
        [33mstroke-width[31m=[32m"2"[31m
        [33mviewBox[31m=[32m"0 0 24 24"[31m
        [33mwidth[31m=[32m"24"[31m
        [33mxmlns[31m=[32m"http://www.w3.org/2000/svg"[31m
      [36m>[31m
        [36m<path[31m
          [33md[31m=[32m"m21.73 18-8-14a2 2 0 0 0-3.48 0l-8 14A2 2 0 0 0 4 21h16a2 2 0 0 0 1.73-3"[31m
        [36m/>[31m
        [36m<path[31m
          [33md[31m=[32m"M12 9v4"[31m
        [36m/>[31m
        [36m<path[31m
          [33md[31m=[32m"M12 17h.01"[31m
        [36m/>[31m
      [36m</svg>[31m
      [36m<div>[31m
        [36m<h2[31m
          [33mclass[31m=[32m"text-2xl font-bold text-white mb-1"[31m
          [33mid[31m=[32m"crisis-modal-title"[31m
        [36m>[31m
          [0m🆘 We're Here to Help[0m
        [36m</h2>[31m
        [36m<p[31m
          [33mclass[31m=[32m"text-gray-300 text-sm"[31m
          [33mid[31m=[32m"crisis-modal-description"[31m
        [36m>[31m
          [0mIf you're thinking about suicide or need immediate support, you're not alone. Help is available 24/7.[0m
        [36m</p>[31m
      [36m</div>[31m
    [36m</div>[31m
  [36m</div>[31m
  [36m<div[31m
    [33mclass[31m=[32m"p-6 space-y-6"[31m
  [36m>[31m
    [36m<div[31m
      [33mclass[31m=[32m"space-y-4"[31m
    [36m>[31m
      [36m<a[31m
        [33mclass[31m=[32m"block glass p-4 rounded-xl border border-white/10 hover:border-primary transition-all group"[31m
        [33mhref[31m=[32m"tel:+91-22-27546669"[31m
        [33mwhilehover[31m=[32m"[object Object]"[31m
        [33mwhiletap[31m=[32m"[object Object]"[31m
      [36m>[31m
        [36m<div[31m
          [33mclass[31m=[32m"flex items-center justify-between"[31m
        [36m>[31m
          [36m<div>[31m
            [36m<div[31m
              [33mclass[31m=[32m"flex items-center space-x-2 mb-1"[31m
            [36m>[31m
              [36m<h3[31m
                [33mclass[31m=[32m"text-lg font-semibold text-white"[31m
              [36m>[31m
                [0mAASRA[0m
              [36m</h3>[31m
            [36m</div>[31m
            [36m<p[31m
              [33mclass[31m=[32m"text-2xl font-bold text-primary group-hover:text-purple-300 transition-colors"[31m
            [36m>[31m
              [0m+91-22-27546669[0m
            [36m</p>[31m
            [36m<p[31m
              [33mclass[31m=[32m"text-sm text-gray-400 mt-1"[31m
            [36m>[31m
              [0m24/7[0m
            [36m</p>[31m
          [36m</div>[31m
          [36m<svg[31m
            [33maria-hidden[31m=[32m"true"[31m
            [33mclass[31m=[32m"lucide lucide-phone w-8 h-8 text-primary group-hover:text-purple-300 transition-colors"[31m
            [33mfill[31m=[32m"none"[31m
            [33mheight[31m=[32m"24"[31m
            [33mstroke[31m=[32m"currentColor"[31m
            [33mstroke-linecap[31m=[32m"round"[31m
            [33mstroke-linejoin[31m=[32m"round"[31m
            [33mstroke-width[31m=[32m"2"[31m
            [33mviewBox[31m=[32m"0 0 24 24"[31m
            [33mwidth[31m=[32m"24"[31m
            [33mxmlns[31m=[32m"http://www.w3.org/2000/svg"[31m
          [36m>[31m
            [36m<path[31m
              [33md[31m=[32m"M13.832 16.568a1 1 0 0 0 1.213-.303l.355-.465A2 2 0 0 1 17 15h3a2 2 0 0 1 2 2v3a2 2 0 0 1-2 2A18 18 0 0 1 2 4a2 2 0 0 1 2-2h3a2 2 0 0 1 2 2v3a2 2 0 0 1-.8 1.6l-.468.351a1 1 0 0 0-.292 1.233 14 14 0 0 0 6.392 6.384"[31m
            [36m/>[31m
          [36m</svg>[31m
        [36m</div>[31m
      [36m</a>[31m
      [36m<a[31m
        [33mclass[31m=[32m"block glass p-4 rounded-xl border border-white/10 hover:border-primary transition-all group"[31m
        [33mhref[31m=[32m"tel:1860-2662-345"[31m
        [33mwhilehover[31m=[32m"[object Object]"[31m
        [33mwhiletap[31m=[32m"[object Object]"[31m
      [36m>[31m
        [36m<div[31m
          [33mclass[31m=[32m"flex items-center justify-between"[31m
        [36m>[31m
          [36m<div>[31m
            [36m<div[31m
              [33mclass[31m=[32m"flex items-center space-x-2 mb-1"[31m
            [36m>[31m
              [36m<h3[31m
                [33mclass[31m=[32m"text-lg font-semibold text-white"[31m
              [36m>[31m
                [0mVandrevala Foundation[0m
              [36m</h3>[31m
            [36m</div>[31m
            [36m<p[31m
              [33mclass[31m=[32m"text-2xl font-bold text-primary group-hover:text-purple-300 transition-colors"[31m
            [36m>[31m
              [0m1860-2662-345[0m
            [36m</p>[31m
            [36m<p[31m
              [33mclass[31m=[32m"text-sm text-gray-400 mt-1"[31m
            [36m>[31m
              [0m24/7[0m
            [36m</p>[31m
          [36m</div>[31m
          [36m<svg[31m
            [33maria-hidden[31m=[32m"true"[31m
            [33mclass[31m=[32m"lucide lucide-phone w-8 h-8 text-primary group-hover:text-purple-300 transition-colors"[31m
            [33mfill[31m=[32m"none"[31m
            [33mheight[31m=[32m"24"[31m
            [33mstroke[31m=[32m"currentColor"[31m
            [33mstroke-linecap[31m=[32m"round"[31m
            [33mstroke-linejoin[31m=[32m"round"[31m
            [33mstroke-width[31m=[32m"2"[31m
            [33mviewBox[31m=[32m"0 0 24 24"[31m
            [33mwidth[31m=[32m"24"[31m
            [33mxmlns[31m=[32m"http://www.w3.org/2000/svg"[31m
          [36m>[31m
            [36m<path[31m
              [33md[31m=[32m"M13.832 16.568a1 1 0 0 0 1.213-.303l.355-.465A2 2 0 0 1 17 15h3a2 2 0 0 1 2 2v3a2 2 0 0 1-2 2A18 18 0 0 1 2 4a2 2 0 0 1 2-2h3a2 2 0 0 1 2 2v3a2 2 0 0 1-.8 1.6l-.468.351a1 1 0 0 0-.292 1.233 14 14 0 0 0 6.392 6.384"[31m
            [36m/>[31m
          [36m</svg>[31m
        [36m</div>[31m
      [36m</a>[31m
      [36m<a[31m
        [33mclass[31m=[32m"block glass p-4 rounded-xl border border-white/10 hover:border-primary transition-all group"[31m
        [33mhref[31m=[32m"tel:1800-599-0019"[31m
        [33mwhilehover[31m=[32m"[object Object]"[31m
        [33mwhiletap[31m=[32m"[object Object]"[31m
      [36m>[31m
        [36m<div[31m
          [33mclass[31m=[32m"flex items-center justify-between"[31m
        [36m>[31m
          [36m<div>[31m
            [36m<div[31m
              [33mclass[31m=[32m"flex items-center space-x-2 mb-1"[31m
            [36m>[31m
              [36m<h3[31m
                [33mclass[31m=[32m"text-lg font-semibold text-white"[31m
              [36m>[31m
                [0mKIRAN (Government of India)[0m
              [36m</h3>[31m
              [36m<span[31m
                [33mclass[31m=[32m"px-2 py-0.5 bg-blue-500/20 text-blue-300 text-xs rounded-full"[31m
              [36m>[31m
                [0mGovernment[0m
              [36m</span>[31m
            [36m</div>[31m
            [36m<p[31m
              [33mclass[31m=[32m"text-2xl font-bold text-primary group-hover:text-purple-300 transition-colors"[31m
            [36m>[31m
              [0m1800-599-0019[0m
            [36m</p>[31m
            [36m<p[31m
              [33mclass[31m=[32m"text-sm text-gray-400 mt-1"[31m
            [36m>[31m
              [0m24/7[0m
            [36m</p>[31m
          [36m</div>[31m
          [36m<svg[31m
            [33maria-hidden[31m=[32m"true"[31m
            [33mclass[31m=[32m"lucide lucide-phone w-8 h-8 text-primary group-hover:text-purple-300 transition-colors"[31m
            [33mfill[31m=[32m"none"[31m
            [33mheight[31m=[32m"24"[31m
            [33mstroke[31m=[32m"currentColor"[31m
            [33mstroke-linecap[31m=[32m"round"[31m
            [33mstroke-linejoin[31m=[32m"round"[31m
            [33mstroke-width[31m=[32m"2"[31m
            [33mviewBox[31m=[32m"0 0 24 24"[31m
            [33mwidth[31m=[32m"24"[31m
            [33mxmlns[31m=[32m"http://www.w3.org/2000/svg"[31m
          [36m>[31m
            [36m<path[31m
              [33md[31m=[32m"M13.832 16.568a1 1 0 0 0 1.213-.303l.355-.465A2 2 0 0 1 17 15h3a2 2 0 0 1 2 2v3a2 2 0 0 1-2 2A18 18 0 0 1 2 4a2 2 0 0 1 2-2h3a2 2 0 0 1 2 2v3a2 2 0 0 1-.8 1.6l-.468.351a1 1 0 0 0-.292 1.233 14 14 0 0 0 6.392 6.384"[31m
            [36m/>[31m
          [36m</svg>[31m
        [36m</div>[31m
      [36m</a>[31m
    [36m</div>[31m
    [36m<div[31m
      [33mclass[31m=[32m"border-t border-white/10 pt-6"[31m
    [36m>[31m
      [36m<div[31m
        [33mclass[31m=[32m"mb-4 flex items-center justify-between"[31m
      [36m>[31m
        [36m<h3[31m
          [33mclass[31m=[32m"text-lg font-semibold text-white"[31m
        [36m>[31m
          [0mPrivacy Protection[0m
        [36m</h3>[31m
      [36m</div>[31m
      [36m<div[31m
        [33mrole[31m=[32m"status"[31m
      [36m>[31m
        [0mZK Proof Placeholder[0m
      [36m</div>[31m
    [36m</div>[31m
    [36m<div[31m
      [33mclass[31m=[32m"text-center"[31m
    [36m>[31m
      [36m<a[31m
        [33mclass[31m=[32m"inline-block text-primary hover:text-purple-300 font-medium transition-colors"[31m
        [33mhref[31m=[32m"/helplines"[31m
      [36m>[31m
        [0mView All Helplines →[0m
      [36m</a>[31m
    [36m</div>[31m
    [36m<div[31m
      [33mclass[31m=[32m"border-t border-white/10 pt-6"[31m
    [36m>[31m
      [36m<button[31m
        [33mclass[31m=[32m"w-full py-3 text-gray-400 hover:text-gray-300 text-sm transition-colors"[31m
      [36m>[31m
        [0mI'm okay, continue posting[0m
      [36m</button>[31m
    [36m</div>[31m
    [36m<div[31m
      [33mclass[31m=[32m"bg-red-500/10 border border-red-500/30 rounded-lg p-4"[31m
    [36m>[31m
      [36m<p[31m
        [33mclass[31m=[32m"text-sm text-gray-300 text-center"[31m
      [36m>[31m
        [36m<strong[31m
          [33mclass[31m=[32m"text-red-400"[31m
        [36m>[31m
          [0mEmergency:[0m
        [36m</strong>[31m
        [0m If you are in immediate danger, please call emergency services (100/112) or visit the nearest hospital.[0m
      [36m</p>[31m
    [36m</div>[31m
  [36m</div>[31m
[36m</div>[31m

(If this is intentional, then use the `*AllBy*` variant of the query (like `queryAllByText`, `getAllByText`, or `findAllByText`)).

Ignored nodes: comments, script, style
[36m<body>[31m
  [36m<div>[31m
    [36m<div[31m
      [33manimate[31m=[32m"[object Object]"[31m
      [33maria-hidden[31m=[32m"true"[31m
      [33mclass[31m=[32m"fixed inset-0 bg-black/80 backdrop-blur-sm z-50"[31m
      [33mexit[31m=[32m"[object Object]"[31m
      [33minitial[31m=[32m"[object Object]"[31m
    [36m/>[31m
    [36m<div[31m
      [33manimate[31m=[32m"[object Object]"[31m
      [33maria-describedby[31m=[32m"crisis-modal-description"[31m
      [33maria-labelledby[31m=[32m"crisis-modal-title"[31m
      [33maria-modal[31m=[32m"true"[31m
      [33mclass[31m=[32m"fixed inset-0 z-50 flex items-center justify-center p-4"[31m
      [33mexit[31m=[32m"[object Object]"[31m
      [33minitial[31m=[32m"[object Object]"[31m
      [33mrole[31m=[32m"dialog"[31m
    [36m>[31m
      [36m<div[31m
        [33maria-describedby[31m=[32m"crisis-alert-description-crisis-1"[31m
        [33maria-labelledby[31m=[32m"crisis-alert-title-crisis-1"[31m
        [33maria-modal[31m=[32m"true"[31m
        [33mclass[31m=[32m"glass max-w-2xl w-full max-h-[90vh] overflow-y-auto rounded-2xl border-2 border-red-500/30"[31m
        [33mrole[31m=[32m"dialog"[31m
      [36m>[31m
        [36m<div[31m
          [33mclass[31m=[32m"sticky top-0 glass p-6 border-b border-white/10 flex items-start justify-between"[31m
        [36m>[31m
          [36m<div[31m
            [33mclass[31m=[32m"flex items-start space-x-3"[31m
          [36m>[31m
            [36m<svg[31m
              [33maria-hidden[31m=[32m"true"[31m
              [33mclass[31m=[32m"lucide lucide-triangle-alert w-6 h-6 text-red-500 flex-shrink-0 mt-1"[31m
              [33mfill[31m=[32m"none"[31m
              [33mheight[31m=[32m"24"[31m
              [33mstroke[31m=[32m"currentColor"[31m
              [33mstroke-linecap[31m=[32m"round"[31m
              [33mstroke-linejoin[31m=[32m"round"[31m
              [33mstroke-width[31m=[32m"2"[31m
              [33mviewBox[31m=[32m"0 0 24 24"[31m
              [33mwidth[31m=[32m"24"[31m
              [33mxmlns[31m=[32m"http://www.w3.org/2000/svg"[31m
            [36m>[31m
              [36m<path[31m
                [33md[31m=[32m"m21.73 18-8-14a2 2 0 0 0-3.48 0l-8 14A2 2 0 0 0 4 21h16a2 2 0 0 0 1.73-3"[31m
              [36m/>[31m
              [36m<path[31m
                [33md[31m=[32m"M12 9v4"[31m
              [36m/>[31m
              [36m<path[31m
                [33md[31m=[32m"M12 17h.01"[31m
              [36m/>[31m
            [36m</svg>[31m
            [36m<div>[31m
              [36m<h2[31m
                [33mclass[31m=[32m"text-2xl font-bold text-white mb-1"[31m
                [33mid[31m=[32m"crisis-modal-title"[31m
              [36m>[31m
                [0m🆘 We're Here to Help[0m
              [36m</h2>[31m
              [36m<p[31m
                [33mclass[31m=[32m"text-gray-300 text-sm"[31m
                [33mid[31m=[32m"crisis-modal-description"[31m
              [36m>[31m
                [0mIf you're thinking about suicide or need immediate support, you're not alone. Help is available 24/7.[0m
              [36m</p>[31m
            [36m</div>[31m
          [36m</div>[31m
        [36m</div>[31m
        [36m<div[31m
          [33mclass[31m=[32m"p-6 space-y-6"[31m
        [36m>[31m
          [36m<div[31m
            [33mclass[31m=[32m"space-y-4"[31m
          [36m>[31m
            [36m<a[31m
              [33mclass[31m=[32m"block glass p-4 rounded-xl border border-white/10 hover:border-primary transition-all group"[31m
              [33mhref[31m=[32m"tel:+91-22-27546669"[31m
              [33mwhilehover[31m=[32m"[object Object]"[31m
              [33mwhiletap[31m=[32m"[object Object]"[31m
            [36m>[31m
              [36m<div[31m
                [33mclass[31m=[32m"flex items-center justify-between"[31m
              [36m>[31m
                [36m<div>[31m
                  [36m<div[31m
                    [33mclass[31m=[32m"flex items-center space-x-2 mb-1"[31m
                  [36m>[31m
                    [36m<h3[31m
                      [33mclass[31m=[32m"text-lg font-semibold text-white"[31m
                    [36m>[31m
                      [0mAASRA[0m
                    [36m</h3>[31m
                  [36m</div>[31m
                  [36m<p[31m
                    [33mclass[31m=[32m"text-2xl font-bold text-primary group-hover:text-purple-300 transition-colors"[31m
                  [36m>[31m
                    [0m+91-22-27546669[0m
                  [36m</p>[31m
                  [36m<p[31m
                    [33mclass[31m=[32m"text-sm text-gray-400 mt-1"[31m
                  [36m>[31m
                    [0m24/7[0m
                  [36m</p>[31m
                [36m</div>[31m
                [36m<svg[31m
                  [33maria-hidden[31m=[32m"true"[31m
                  [33mclass[31m=[32m"lucide lucide-phone w-8 h-8 text-primary group-hover:text-purple-300 transition-colors"[31m
                  [33mfill[31m=[32m"none"[31m
                  [33mheight[31m=[32m"24"[31m
                  [33mstroke[31m=[32m"currentColor"[31m
                  [33mstroke-linecap[31m=[32m"round"[31m
                  [33mstroke-linejoin[31m=[32m"round"[31m
                  [33mstroke-width[31m=[32m"2"[31m
                  [33mviewBox[31m=[32m"0 0 24 24"[31m
                  [33mwidth[31m=[32m"24"[31m
                  [33mxmlns[31m=[32m"http://www.w3.org/2000/svg"[31m
                [36m>[31m
                  [36m<path[31m
                    [33md[31m=[32m"M13.832 16.568a1 1 0 0 0 1.213-.303l.355-.465A2 2 0 0 1 17 15h3a2 2 0 0 1 2 2v3a2 2 0 0 1-2 2A18 18 0 0 1 2 4a2 2 0 0 1 2-2h3a2 2 0 0 1 2 2v3a2 2 0 0 1-.8 1.6l-.468.351a1 1 0 0 0-.292 1.233 14 14 0 0 0 6.392 6.384"[31m
                  [36m/>[31m
                [36m</svg>[31m
              [36m</div>[31m
            [36m</a>[31m
            [36m<a[31m
              [33mclass[31m=[32m"block glass p-4 rounded-xl border border-white/10 hover:border-primary transition-all group"[31m
              [33mhref[31m=[32m"tel:1860-2662-345"[31m
              [33mwhilehover[31m=[32m"[object Object]"[31m
              [33mwhiletap[31m=[32m"[object Object]"[31m
            [36m>[31m
              [36m<div[31m
                [33mclass[31m=[32m"flex items-center justify-between"[31m
              [36m>[31m
                [36m<div>[31m
                  [36m<div[31m
                    [33mclass[31m=[32m"flex items-center space-x-2 mb-1"[31m
                  [36m>[31m
                    [36m<h3[31m
                      [33mclass[31m=[32m"text-lg font-semibold text-white"[31m
                    [36m>[31m
                      [0mVandrevala Foundation[0m
                    [36m</h3>[31m
                  [36m</div>[31m
                  [36m<p[31m
                    [33mclass[31m=[32m"text-2xl font-bold text-primary group-hover:text-purple-300 transition-colors"[31m
                  [36m>[31m
                    [0m1860-2662-345[0m
                  [36m</p>[31m
                  [36m<p[31m
                    [33mclass[31m=[32m"text-sm text-gray-400 mt-1"[31m
                  [36m>[31m
                    [0m24/7[0m
                  [36m</p>[31m
                [36m</div>[31m
                [36m<svg[31m
                  [33maria-hidden[31m=[32m"true"[31m
                  [33mclass[31m=[32m"lucide lucide-phone w-8 h-8 text-primary group-hover:text-purple-300 transition-colors"[31m
                  [33mfill[31m=[32m"none"[31m
                  [33mheight[31m=[32m"24"[31m
                  [33mstroke[31m=[32m"currentColor"[31m
                  [33mstroke-linecap[31m=[32m"round"[31m
                  [33mstroke-linejoin[31m=[32m"round"[31m
                  [33mstroke-width[31m=[32m"2"[31m
                  [33mviewBox[31m=[32m"0 0 24 24"[31m
                  [33mwidth[31m=[32m"24"[31m
                  [33mxmlns[31m=[32m"http://www.w3.org/2000/svg"[31m
                [36m>[31m
                  [36m<path[31m
                    [33md[31m=[32m"M13.832 16.568a1 1 0 0 0 1.213-.303l.355-.465A2 2 0 0 1 17 15h3a2 2 0 0 1 2 2v3a2 2 0 0 1-2 2A18 18 0 0 1 2 4a2 2 0 0 1 2-2h3a2 2 0 0 1 2 2v3a2 2 0 0 1-.8 1.6l-.468.351a1 1 0 0 0-.292 1.233 14 14 0 0 0 6.392 6.384"[31m
                  [36m/>[31m
                [36m</svg>[31m
              [36m</div>[31m
            [36m</a>[31m
            [36m<a[31m
              [33mclass[31m=[32m"block glass p-4 rounded-xl border border-white/10 hover:border-primary transition-all group"[31m
              [33mhref[31m=[32m"tel:1800-599-0019"[31m
              [33mwhilehover[31m=[32m"[object Object]"[31m
              [33mwhiletap[31m=[32m"[object Object]"[31m
            [36m>[31m
              [36m<div[31m
                [33mclass[31m=[32m"flex items-center justify-between"[31m
              [36m>[31m
                [36m<div>[31m
                  [36m<div[31m
                    [33mclass[31m=[32m"flex items-center space-x-2 mb-1"[31m
                  [36m>[31m
                    [36m<h3[31m
                      [33mclass[31m=[32m"text-lg font-semibold text-white"[31m
                    [36m>[31m
                      [0mKIRAN (Government of India)[0m
                    [36m</h3>[31m
                    [36m<span[31m
                      [33mclass[31m=[32m"px-2 py-0.5 bg-blue-500/20 text-blue-300 text-xs rounded-full"[31m
                    [36m>[31m
                      [0mGovernment[0m
                    [36m</span>[31m
                  [36m</div>[31m
                  [36m<p[31m
                    [33mclass[31m=[32m"text-2xl font-bold text-primary group-hover:text-purple-300 transition-colors"[31m
                  [36m>[31m
                    [0m1800-599-0019[0m
                  [36m</p>[31m
                  [36m<p[31m
                    [33mclass[31m=[32m"text-sm text-gray-400 mt-1"[31m
                  [36m>[31m
                    [0m24/7[0m
                  [36m</p>[31m
                [36m</div>[31m
                [36m<svg[31m
                  [33maria-hidden[31m=[32m"true"[31m
                  [33mclass[31m=[32m"lucide lucide-phone w-8 h-8 text-primary group-hover:text-purple-300 transition-colors"[31m
                  [33mfill[31m=[32m"none"[31m
                  [33mheight[31m=[32m"24"[31m
                  [33mstroke[31m=[32m"currentColor"[31m
                  [33mstroke-linecap[31m=[32m"round"[31m
                  [33mstroke-linejoin[31m=[32m"round"[31m
                  [33mstroke-width[31m=[32m"2"[31m
                  [33mviewBox[31m=[32m"0 0 24 24"[31m
                  [33mwidth[31m=[32m"24"[31m
                  [33mxmlns[31m=[32m"http://www.w3.org/2000/svg"[31m
                [36m>[31m
                  [36m<path[31m
                    [33md[31m=[32m"M13.832 16.568a1 1 0 0 0 1.213-.303l.355-.465A2 2 0 0 1 17 15h3a2 2 0 0 1 2 2v3a2 2 0 0 1-2 2A18 18 0 0 1 2 4a2 2 0 0 1 2-2h3a2 2 0 0 1 2 2v3a2 2 0 0 1-.8 1.6l-.468.351a1 1 0 0 0-.292 1.233 14 14 0 0 0 6.392 6.384"[31m
                  [36m/>[31m
                [36m</svg>[31m
              [36m</div>[31m
            [36m</a>[31m
          [36m</div>[31m
          [36m<div[31m
            [33mclass[31m=[32m"border-t border-white/10 pt-6"[31m
          [36m>[31m
            [36m<div[31m
              [33mclass[31m=[32m"mb-4 flex items-center justify-between"[31m
            [36m>[31m
              [36m<h3[31m
                [33mclass[31m=[32m"text-lg font-semibold text-white"[31m
              [36m>[31m
                [0mPrivacy Protection[0m
              [36m</h3>[31m
            [36m</div>[31m
            [36m<div[31m
              [33mrole[31m=[32m"status"[31m
            [36m>[31m
              [0mZK Proof Placeholder[0m
            [36m</div>[31m
          [36m</div>[31m
          [36m<div[31m
            [33mclass[31m=[32m"text-center"[31m
          [36m>[31m
            [36m<a[31m
              [33mclass[31m=[32m"inline-block text-primary hover:text-purple-300 font-medium transition-colors"[31m
              [33mhref[31m=[32m"/helplines"[31m
            [36m>[31m
              [0mView All Helplines →[0m
            [36m</a>[31m
          [36m</div>[31m
          [36m<div[31m
            [33mclass[31m=[32m"border-t border-white/10 pt-6"[31m
          [36m>[31m
            [36m<button[31m
              [33mclass[31m=[32m"w-full py-3 text-gray-400 hover:text-gray-300 text-sm transition-colors"[31m
            [36m>[31m
              [0mI'm okay, continue posting[0m
            [36m</button>[31m
          [36m</div>[31m
          [36m<div[31m
            [33mclass[31m=[32m"bg-red-500/10 border border-red-500/30 rounded-lg p-4"[31m
          [36m>[31m
            [36m<p[31m
              [33mclass[31m=[32m"text-sm text-gray-300 text-center"[31m
            [36m>[31m
              [36m<strong[31m
                [33mclass[31m=[32m"text-red-400"[31m
              [36m>[31m
                [0mEmergency:[0m
              [36m</strong>[31m
              [0m If you are in immediate danger, please call emergency services (100/112) or visit the nearest hospital.[0m
            [36m</p>[31m
          [36m</div>[31m
        [36m</div>[31m
      [36m</div>[31m
    [36m</div>[31m
  [36m</div>[31m
[36m</body>[31m

Ignored nodes: comments, script, style
[36m<body>[31m
  [36m<div>[31m
    [36m<div[31m
      [33manimate[31m=[32m"[object Object]"[31m
      [33maria-hidden[31m=[32m"true"[31m
      [33mclass[31m=[32m"fixed inset-0 bg-black/80 backdrop-blur-sm z-50"[31m
      [33mexit[31m=[32m"[object Object]"[31m
      [33minitial[31m=[32m"[object Object]"[31m
    [36m/>[31m
    [36m<div[31m
      [33manimate[31m=[32m"[object Object]"[31m
      [33maria-describedby[31m=[32m"crisis-modal-description"[31m
      [33maria-labelledby[31m=[32m"crisis-modal-title"[31m
      [33maria-modal[31m=[32m"true"[31m
      [33mclass[31m=[32m"fixed inset-0 z-50 flex items-center justify-center p-4"[31m
      [33mexit[31m=[32m"[object Object]"[31m
      [33minitial[31m=[32m"[object Object]"[31m
      [33mrole[31m=[32m"dialog"[31m
    [36m>[31m
      [36m<div[31m
        [33maria-describedby[31m=[32m"crisis-alert-description-crisis-1"[31m
        [33maria-labelledby[31m=[32m"crisis-alert-title-crisis-1"[31m
        [33maria-modal[31m=[32m"true"[31m
        [33mclass[31m=[32m"glass max-w-2xl w-full max-h-[90vh] overflow-y-auto rounded-2xl border-2 border-red-500/30"[31m
        [33mrole[31m=[32m"dialog"[31m
      [36m>[31m
        [36m<div[31m
          [33mclass[31m=[32m"sticky top-0 glass p-6 border-b border-white/10 flex items-start justify-between"[31m
        [36m>[31m
          [36m<div[31m
            [33mclass[31m=[32m"flex items-start space-x-3"[31m
          [36m>[31m
            [36m<svg[31m
              [33maria-hidden[31m=[32m"true"[31m
              [33mclass[31m=[32m"lucide lucide-triangle-alert w-6 h-6 text-red-500 flex-shrink-0 mt-1"[31m
              [33mfill[31m=[32m"none"[31m
              [33mheight[31m=[32m"24"[31m
              [33mstroke[31m=[32m"currentColor"[31m
              [33mstroke-linecap[31m=[32m"round"[31m
              [33mstroke-linejoin[31m=[32m"round"[31m
              [33mstroke-width[31m=[32m"2"[31m
              [33mviewBox[31m=[32m"0 0 24 24"[31m
              [33mwidth[31m=[32m"24"[31m
              [33mxmlns[31m=[32m"http://www.w3.org/2000/svg"[31m
            [36m>[31m
              [36m<path[31m
                [33md[31m=[32m"m21.73 18-8-14a2 2 0 0 0-3.48 0l-8 14A2 2 0 0 0 4 21h16a2 2 0 0 0 1.73-3"[31m
              [36m/>[31m
              [36m<path[31m
                [33md[31m=[32m"M12 9v4"[31m
              [36m/>[31m
              [36m<path[31m
                [33md[31m=[32m"M12 17h.01"[31m
              [36m/>[31m
            [36m</svg>[31m
            [36m<div>[31m
              [36m<h2[31m
                [33mclass[31m=[32m"text-2xl font-bold text-white mb-1"[31m
                [33mid[31m=[32m"crisis-modal-title"[31m
              [36m>[31m
                [0m🆘 We're Here to Help[0m
              [36m</h2>[31m
              [36m<p[31m
                [33mclass[31m=[32m"text-gray-300 text-sm"[31m
                [33mid[31m=[32m"crisis-modal-description"[31m
              [36m>[31m
                [0mIf you're thinking about suicide or need immediate support, you're not alone. Help is available 24/7.[0m
              [36m</p>[31m
            [36m</div>[31m
          [36m</div>[31m
        [36m</div>[31m
        [36m<div[31m
          [33mclass[31m=[32m"p-6 space-y-6"[31m
        [36m>[31m
          [36m<div[31m
            [33mclass[31m=[32m"space-y-4"[31m
          [36m>[31m
            [36m<a[31m
              [33mclass[31m=[32m"block glass p-4 rounded-xl border border-white/10 hover:border-primary transition-all group"[31m
              [33mhref[31m=[32m"tel:+91-22-27546669"[31m
              [33mwhilehover[31m=[32m"[object Object]"[31m
              [33mwhiletap[31m=[32m"[object Object]"[31m
            [36m>[31m
              [36m<div[31m
                [33mclass[31m=[32m"flex items-center justify-between"[31m
              [36m>[31m
                [36m<div>[31m
                  [36m<div[31m
                    [33mclass[31m=[32m"flex items-center space-x-2 mb-1"[31m
                  [36m>[31m
                    [36m<h3[31m
                      [33mclass[31m=[32m"text-lg font-semibold text-white"[31m
                    [36m>[31m
                      [0mAASRA[0m
                    [36m</h3>[31m
                  [36m</div>[31m
                  [36m<p[31m
                    [33mclass[31m=[32m"text-2xl font-bold text-primary group-hover:text-purple-300 transition-colors"[31m
                  [36m>[31m
                    [0m+91-22-27546669[0m
                  [36m</p>[31m
                  [36m<p[31m
                    [33mclass[31m=[32m"text-sm text-gray-400 mt-1"[31m
                  [36m>[31m
                    [0m24/7[0m
                  [36m</p>[31m
                [36m</div>[31m
                [36m<svg[31m
                  [33maria-hidden[31m=[32m"true"[31m
                  [33mclass[31m=[32m"lucide lucide-phone w-8 h-8 text-primary group-hover:text-purple-300 transition-colors"[31m
                  [33mfill[31m=[32m"none"[31m
                  [33mheight[31m=[32m"24"[31m
                  [33mstroke[31m=[32m"currentColor"[31m
                  [33mstroke-linecap[31m=[32m"round"[31m
                  [33mstroke-linejoin[31m=[32m"round"[31m
                  [33mstroke-width[31m=[32m"2"[31m
                  [33mviewBox[31m=[32m"0 0 24 24"[31m
                  [33mwidth[31m=[32m"24"[31m
                  [33mxmlns[31m=[32m"http://www.w3.org/2000/svg"[31m
                [36m>[31m
                  [36m<path[31m
                    [33md[31m=[32m"M13.832 16.568a1 1 0 0 0 1.213-.303l.355-.465A2 2 0 0 1 17 15h3a2 2 0 0 1 2 2v3a2 2 0 0 1-2 2A18 18 0 0 1 2 4a2 2 0 0 1 2-2h3a2 2 0 0 1 2 2v3a2 2 0 0 1-.8 1.6l-.468.351a1 1 0 0 0-.292 1.233 14 14 0 0 0 6.392 6.384"[31m
                  [36m/>[31m
                [36m</svg>[31m
              [36m</div>[31m
            [36m</a>[31m
            [36m<a[31m
              [33mclass[31m=[32m"block glass p-4 rounded-xl border border-white/10 hover:border-primary transition-all group"[31m
              [33mhref[31m=[32m"tel:1860-2662-345"[31m
              [33mwhilehover[31m=[32m"[object Object]"[31m
              [33mwhiletap[31m=[32m"[object Object]"[31m
            [36m>[31m
              [36m<div[31m
                [33mclass[31m=[32m"flex items-center justify-between"[31m
              [36m>[31m
                [36m<div>[31m
                  [36m<div[31m
                    [33mclass[31m=[32m"flex items-center space-x-2 mb-1"[31m
                  [36m>[31m
                    [36m<h3[31m
                      [33mclass[31m=[32m"text-lg font-semibold text-white"[31m
                    [36m>[31m
                      [0mVandrevala Foundation[0m
                    [36m</h3>[31m
                  [36m</div>[31m
                  [36m<p[31m
                    [33mclass[31m=[32m"text-2xl font-bold text-primary group-hover:text-purple-300 transition-colors"[31m
                  [36m>[31m
                    [0m1860-2662-345[0m
                  [36m</p>[31m
                  [36m<p[31m
                    [33mclass[31m=[32m"text-sm text-gray-400 mt-1"[31m
                  [36m>[31m
                    [0m24/7[0m
                  [36m</p>[31m
                [36m</div>[31m
                [36m<svg[31m
                  [33maria-hidden[31m=[32m"true"[31m
                  [33mclass[31m=[32m"lucide lucide-phone w-8 h-8 text-primary group-hover:text-purple-300 transition-colors"[31m
                  [33mfill[31m=[32m"none"[31m
                  [33mheight[31m=[32m"24"[31m
                  [33mstroke[31m=[32m"currentColor"[31m
                  [33mstroke-linecap[31m=[32m"round"[31m
                  [33mstroke-linejoin[31m=[32m"round"[31m
                  [33mstroke-width[31m=[32m"2"[31m
                  [33mviewBox[31m=[32m"0 0 24 24"[31m
                  [33mwidth[31m=[32m"24"[31m
                  [33mxmlns[31m=[32m"http://www.w3.org/2000/svg"[31m
                [36m>[31m
                  [36m<path[31m
                    [33md[31m=[32m"M13.832 16.568a1 1 0 0 0 1.213-.303l.355-.465A2 2 0 0 1 17 15h3a2 2 0 0 1 2 2v3a2 2 0 0 1-2 2A18 18 0 0 1 2 4a2 2 0 0 1 2-2h3a2 2 0 0 1 2 2v3a2 2 0 0 1-.8 1.6l-.468.351a1 1 0 0 0-.292 1.233 14 14 0 0 0 6.392 6.384"[31m
                  [36m/>[31m
                [36m</svg>[31m
              [36m</div>[31m
            [36m</a>[31m
            [36m<a[31m
              [33mclass[31m=[32m"block glass p-4 rounded-xl border border-white/10 hover:border-primary transition-all group"[31m
              [33mhref[31m=[32m"tel:1800-599-0019"[31m
              [33mwhilehover[31m=[32m"[object Object]"[31m
              [33mwhiletap[31m=[32m"[object Object]"[31m
            [36m>[31m
              [36m<div[31m
                [33mclass[31m=[32m"flex items-center justify-between"[31m
              [36m>[31m
                [36m<div>[31m
                  [36m<div[31m
                    [33mclass[31m=[32m"flex items-center space-x-2 mb-1"[31m
                  [36m>[31m
                    [36m<h3[31m
                      [33mclass[31m=[32m"text-lg font-semibold text-white"[31m
                    [36m>[31m
                      [0mKIRAN (Government of India)[0m
                    [36m</h3>[31m
                    [36m<span[31m
                      [33mclass[31m=[32m"px-2 py-0.5 bg-blue-500/20 text-blue-300 text-xs rounded-full"[31m
                    [36m>[31m
                      [0mGovernment[0m
                    [36m</span>[31m
                  [36m</div>[31m
                  [36m<p[31m
                    [33mclass[31m=[32m"text-2xl font-bold text-primary group-hover:text-purple-300 transition-colors"[31m
                  [36m>[31m
                    [0m1800-599-0019[0m
                  [36m</p>[31m
                  [36m<p[31m
                    [33mclass[31m=[32m"text-sm text-gray-400 mt-1"[31m
                  [36m>[31m
                    [0m24/7[0m
                  [36m</p>[31m
                [36m</div>[31m
                [36m<svg[31m
                  [33maria-hidden[31m=[32m"true"[31m
                  [33mclass[31m=[32m"lucide lucide-phone w-8 h-8 text-primary group-hover:text-purple-300 transition-colors"[31m
                  [33mfill[31m=[32m"none"[31m
                  [33mheight[31m=[32m"24"[31m
                  [33mstroke[31m=[32m"currentColor"[31m
                  [33mstroke-linecap[31m=[32m"round"[31m
                  [33mstroke-linejoin[31m=[32m"round"[31m
                  [33mstroke-width[31m=[32m"2"[31m
                  [33mviewBox[31m=[32m"0 0 24 24"[31m
                  [33mwidth[31m=[32m"24"[31m
                  [33mxmlns[31m=[32m"http://www.w3.org/2000/svg"[31m
                [36m>[31m
                  [36m<path[31m
                    [33md[31m=[32m"M13.832 16.568a1 1 0 0 0 1.213-.303l.355-.465A2 2 0 0 1 17 15h3a2 2 0 0 1 2 2v3a2 2 0 0 1-2 2A18 18 0 0 1 2 4a2 2 0 0 1 2-2h3a2 2 0 0 1 2 2v3a2 2 0 0 1-.8 1.6l-.468.351a1 1 0 0 0-.292 1.233 14 14 0 0 0 6.392 6.384"[31m
                  [36m/>[31m
                [36m</svg>[31m
              [36m</div>[31m
            [36m</a>[31m
          [36m</div>[31m
          [36m<div[31m
            [33mclass[31m=[32m"border-t border-white/10 pt-6"[31m
          [36m>[31m
            [36m<div[31m
              [33mclass[31m=[32m"mb-4 flex items-center justify-between"[31m
            [36m>[31m
              [36m<h3[31m
                [33mclass[31m=[32m"text-lg font-semibold text-white"[31m
              [36m>[31m
                [0mPrivacy Protection[0m
              [36m</h3>[31m
            [36m</div>[31m
            [36m<div[31m
              [33mrole[31m=[32m"status"[31m
            [36m>[31m
              [0mZK Proof Placeholder[0m
            [36m</div>[31m
          [36m</div>[31m
          [36m<div[31m
            [33mclass[31m=[32m"text-center"[31m
          [36m>[31m
            [36m<a[31m
              [33mclass[31m=[32m"inline-block text-primary hover:text-purple-300 font-medium transition-colors"[31m
              [33mhref[31m=[32m"/helplines"[31m
            [36m>[31m
              [0mView All Helplines →[0m
            [36m</a>[31m
          [36m</div>[31m
          [36m<div[31m
            [33mclass[31m=[32m"border-t border-white/10 pt-6"[31m
          [36m>[31m
            [36m<button[31m
              [33mclass[31m=[32m"w-full py-3 text-gray-400 hover:text-gray-300 text-sm transition-colors"[31m
            [36m>[31m
              [0mI'm okay, continue posting[0m
            [36m</button>[31m
          [36m</div>[31m
          [36m<div[31m
            [33mclass[31m=[32m"bg-red-500/10 border border-red-500/30 rounded-lg p-4"[31m
          [36m>[31m
            [36m<p[31m
              [33mclass[31m=[32m"text-sm text-gray-300 text-center"[31m
            [36m>[31m
              [36m<strong[31m
                [33mclass[31m=[32m"text-red-400"[31m
              [36m>[31m
                [0mEmergency:[0m
              [36m</strong>[31m
              [0m If you are in immediate danger, please call emergency services (100/112) or visit the nearest hospital.[0m
            [36m</p>[31m
          [36m</div>[31m
        [36m</div>[31m
      [36m</div>[31m
    [36m</div>[31m
  [36m</div>[31m
[36m</body>[31m[39m
 [32m✓[39m src/__tests__/accessibility/aaaAccessibility.test.tsx[2m > [22mAAA accessibility coverage[2m > [22mFeed content surface[2m > [22mrenders feed timeline without AAA violations in both theme variants[33m 543[2mms[22m[39m
[90mstderr[2m | src/lib/web3/__tests__/bridge.test.ts[2m > [22m[2mWeb3Bridge[2m > [22m[2mclaimRewards[2m > [22m[2mshould handle transaction submission error
[22m[39mFailed to claim rewards: Error: Transaction failed
    at [90m/home/engine/project/[39msrc/lib/web3/__tests__/bridge.test.ts:158:55
    at [90mfile:///home/engine/project/[39mnode_modules/[4m@vitest/runner[24m/dist/index.js:157:11
    at [90mfile:///home/engine/project/[39mnode_modules/[4m@vitest/runner[24m/dist/index.js:753:26
    at [90mfile:///home/engine/project/[39mnode_modules/[4m@vitest/runner[24m/dist/index.js:1636:20
    at new Promise (<anonymous>)
    at runWithTimeout [90m(file:///home/engine/project/[39mnode_modules/[4m@vitest/runner[24m/dist/index.js:1602:10[90m)[39m
    at runTest [90m(file:///home/engine/project/[39mnode_modules/[4m@vitest/runner[24m/dist/index.js:1309:12[90m)[39m
[90m    at processTicksAndRejections (node:internal/process/task_queues:95:5)[39m
    at runSuite [90m(file:///home/engine/project/[39mnode_modules/[4m@vitest/runner[24m/dist/index.js:1468:8[90m)[39m
    at runSuite [90m(file:///home/engine/project/[39mnode_modules/[4m@vitest/runner[24m/dist/index.js:1468:8[90m)[39m

 [32m✓[39m src/lib/web3/__tests__/bridge.test.ts[2m > [22mWeb3Bridge[2m > [22minitialization[2m > [22mshould initialize with correct config[32m 3[2mms[22m[39m
 [32m✓[39m src/lib/web3/__tests__/bridge.test.ts[2m > [22mWeb3Bridge[2m > [22minitialization[2m > [22mshould load transaction queue from storage[32m 1[2mms[22m[39m
 [32m✓[39m src/lib/web3/__tests__/bridge.test.ts[2m > [22mWeb3Bridge[2m > [22mstatus[2m > [22mshould return correct status[32m 1[2mms[22m[39m
 [32m✓[39m src/lib/web3/__tests__/bridge.test.ts[2m > [22mWeb3Bridge[2m > [22mstatus[2m > [22mshould report web3 disabled when config disabled[32m 0[2mms[22m[39m
 [32m✓[39m src/lib/web3/__tests__/bridge.test.ts[2m > [22mWeb3Bridge[2m > [22mclaimRewards[2m > [22mshould fail when web3 disabled[32m 1[2mms[22m[39m
 [32m✓[39m src/lib/web3/__tests__/bridge.test.ts[2m > [22mWeb3Bridge[2m > [22mclaimRewards[2m > [22mshould fail when wallet not connected[32m 1[2mms[22m[39m
 [32m✓[39m src/lib/web3/__tests__/bridge.test.ts[2m > [22mWeb3Bridge[2m > [22mclaimRewards[2m > [22mshould queue transaction and submit to blockchain[32m 2[2mms[22m[39m
 [32m✓[39m src/lib/web3/__tests__/bridge.test.ts[2m > [22mWeb3Bridge[2m > [22mclaimRewards[2m > [22mshould handle transaction submission error[32m 12[2mms[22m[39m
 [32m✓[39m src/lib/web3/__tests__/bridge.test.ts[2m > [22mWeb3Bridge[2m > [22mburnTokens[2m > [22mshould queue burn transaction[32m 1[2mms[22m[39m
 [32m✓[39m src/lib/web3/__tests__/bridge.test.ts[2m > [22mWeb3Bridge[2m > [22mstakeTokens[2m > [22mshould stake tokens with lock period[32m 1[2mms[22m[39m
 [32m✓[39m src/lib/web3/__tests__/bridge.test.ts[2m > [22mWeb3Bridge[2m > [22mstakeTokens[2m > [22mshould fail when staking contract not configured[32m 0[2mms[22m[39m
 [32m✓[39m src/lib/web3/__tests__/bridge.test.ts[2m > [22mWeb3Bridge[2m > [22munstakeTokens[2m > [22mshould unstake tokens[32m 3[2mms[22m[39m
 [32m✓[39m src/lib/web3/__tests__/bridge.test.ts[2m > [22mWeb3Bridge[2m > [22mmintAchievementNFT[2m > [22mshould mint achievement NFT[32m 1[2mms[22m[39m
 [32m✓[39m src/lib/web3/__tests__/bridge.test.ts[2m > [22mWeb3Bridge[2m > [22mmintAchievementNFT[2m > [22mshould fail when NFT contract not configured[32m 1[2mms[22m[39m
 [32m✓[39m src/lib/web3/__tests__/bridge.test.ts[2m > [22mWeb3Bridge[2m > [22msubmitVote[2m > [22mshould submit governance vote[32m 1[2mms[22m[39m
 [32m✓[39m src/lib/web3/__tests__/bridge.test.ts[2m > [22mWeb3Bridge[2m > [22msubmitVote[2m > [22mshould submit vote without reason[32m 1[2mms[22m[39m
 [32m✓[39m src/lib/web3/__tests__/bridge.test.ts[2m > [22mWeb3Bridge[2m > [22mtransaction queue[2m > [22mshould persist queue to storage[32m 1[2mms[22m[39m
 [32m✓[39m src/lib/web3/__tests__/bridge.test.ts[2m > [22mWeb3Bridge[2m > [22mtransaction queue[2m > [22mshould get transaction by ID[32m 1[2mms[22m[39m
 [32m✓[39m src/lib/web3/__tests__/bridge.test.ts[2m > [22mWeb3Bridge[2m > [22mtransaction queue[2m > [22mshould clear queue[32m 1[2mms[22m[39m
 [32m✓[39m src/lib/web3/__tests__/bridge.test.ts[2m > [22mWeb3Bridge[2m > [22mreconciliation[2m > [22mshould reconcile with on-chain balance[32m 1[2mms[22m[39m
 [32m✓[39m src/lib/web3/__tests__/bridge.test.ts[2m > [22mWeb3Bridge[2m > [22mreconciliation[2m > [22mshould use provided on-chain balance[32m 0[2mms[22m[39m
 [32m✓[39m src/lib/web3/__tests__/bridge.test.ts[2m > [22mWeb3Bridge[2m > [22mevent listeners[2m > [22mshould emit status events[32m 1[2mms[22m[39m
 [32m✓[39m src/lib/web3/__tests__/bridge.test.ts[2m > [22mWeb3Bridge[2m > [22mevent listeners[2m > [22mshould remove event listeners[32m 0[2mms[22m[39m
 [32m✓[39m src/lib/web3/__tests__/bridge.test.ts[2m > [22mWeb3Bridge[2m > [22mpolling and confirmation[2m > [22mshould check pending transactions[33m 1102[2mms[22m[39m
 [32m✓[39m src/lib/analytics/__tests__/aggregation.test.ts[2m > [22mAnalytics Aggregation[2m > [22maggregateDailyMetrics[2m > [22mshould return empty array for no events[32m 7[2mms[22m[39m
 [32m✓[39m src/lib/analytics/__tests__/aggregation.test.ts[2m > [22mAnalytics Aggregation[2m > [22maggregateDailyMetrics[2m > [22mshould aggregate events by day[32m 5[2mms[22m[39m
 [32m✓[39m src/lib/analytics/__tests__/aggregation.test.ts[2m > [22mAnalytics Aggregation[2m > [22maggregateDailyMetrics[2m > [22mshould count posts correctly[32m 2[2mms[22m[39m
 [32m✓[39m src/lib/analytics/__tests__/aggregation.test.ts[2m > [22mAnalytics Aggregation[2m > [22maggregateDailyMetrics[2m > [22mshould count comments correctly[32m 1[2mms[22m[39m
 [32m✓[39m src/lib/analytics/__tests__/aggregation.test.ts[2m > [22mAnalytics Aggregation[2m > [22maggregateDailyMetrics[2m > [22mshould count reactions correctly[32m 0[2mms[22m[39m
 [32m✓[39m src/lib/analytics/__tests__/aggregation.test.ts[2m > [22mAnalytics Aggregation[2m > [22maggregateDailyMetrics[2m > [22mshould calculate average session duration[32m 0[2mms[22m[39m
 [32m✓[39m src/lib/analytics/__tests__/aggregation.test.ts[2m > [22mAnalytics Aggregation[2m > [22mcalculateFeatureAdoption[2m > [22mshould return empty array for no events[32m 0[2mms[22m[39m
 [32m✓[39m src/lib/analytics/__tests__/aggregation.test.ts[2m > [22mAnalytics Aggregation[2m > [22mcalculateFeatureAdoption[2m > [22mshould calculate feature usage[32m 1[2mms[22m[39m
 [32m✓[39m src/lib/analytics/__tests__/aggregation.test.ts[2m > [22mAnalytics Aggregation[2m > [22mcalculateFeatureAdoption[2m > [22mshould track unique users per feature[32m 1[2mms[22m[39m
 [32m✓[39m src/lib/analytics/__tests__/aggregation.test.ts[2m > [22mAnalytics Aggregation[2m > [22mcalculateFeatureAdoption[2m > [22mshould calculate adoption rate[32m 1[2mms[22m[39m
 [32m✓[39m src/lib/analytics/__tests__/aggregation.test.ts[2m > [22mAnalytics Aggregation[2m > [22mcalculateCommunityHealth[2m > [22mshould calculate community health metrics[32m 1[2mms[22m[39m
 [32m✓[39m src/lib/analytics/__tests__/aggregation.test.ts[2m > [22mAnalytics Aggregation[2m > [22mcalculateCommunityHealth[2m > [22mshould count posts, comments, and reactions[32m 0[2mms[22m[39m
 [32m✓[39m src/lib/analytics/__tests__/aggregation.test.ts[2m > [22mAnalytics Aggregation[2m > [22mcalculateCommunityHealth[2m > [22mshould calculate engagement rate[32m 0[2mms[22m[39m
 [32m✓[39m src/lib/analytics/__tests__/aggregation.test.ts[2m > [22mAnalytics Aggregation[2m > [22mgenerateAggregationReport[2m > [22mshould generate complete report[32m 5[2mms[22m[39m
 [32m✓[39m src/lib/analytics/__tests__/aggregation.test.ts[2m > [22mAnalytics Aggregation[2m > [22mgenerateAggregationReport[2m > [22mshould have correct total event count[32m 1[2mms[22m[39m
 [32m✓[39m src/lib/analytics/__tests__/aggregation.test.ts[2m > [22mAnalytics Aggregation[2m > [22mgenerateAggregationReport[2m > [22mshould have correct session count[32m 3[2mms[22m[39m
 [32m✓[39m src/lib/analytics/__tests__/aggregation.test.ts[2m > [22mAnalytics Aggregation[2m > [22mcalculateMAU[2m > [22mshould calculate monthly active users[32m 1[2mms[22m[39m
 [32m✓[39m src/lib/analytics/__tests__/aggregation.test.ts[2m > [22mAnalytics Aggregation[2m > [22mcalculateMAU[2m > [22mshould count unique users only[32m 0[2mms[22m[39m
 [32m✓[39m src/lib/analytics/__tests__/aggregation.test.ts[2m > [22mAnalytics Aggregation[2m > [22mcalculateDAU[2m > [22mshould calculate daily active users[32m 0[2mms[22m[39m
 [32m✓[39m src/lib/analytics/__tests__/aggregation.test.ts[2m > [22mAnalytics Aggregation[2m > [22mcalculateAvgSessionDuration[2m > [22mshould calculate average session duration[32m 3[2mms[22m[39m
 [32m✓[39m src/lib/analytics/__tests__/aggregation.test.ts[2m > [22mAnalytics Aggregation[2m > [22mcalculateAvgSessionDuration[2m > [22mshould return 0 for no session end events[32m 0[2mms[22m[39m
 [32m✓[39m src/lib/analytics/__tests__/aggregation.test.ts[2m > [22mAnalytics Aggregation[2m > [22mgetTimeSeriesData[2m > [22mshould return time series data[32m 1[2mms[22m[39m
 [32m✓[39m src/lib/analytics/__tests__/aggregation.test.ts[2m > [22mAnalytics Aggregation[2m > [22mgetTimeSeriesData[2m > [22mshould aggregate posts over time[32m 0[2mms[22m[39m
 [32m✓[39m src/lib/analytics/__tests__/aggregation.test.ts[2m > [22mAnalytics Aggregation[2m > [22mcalculateRetentionCohorts[2m > [22mshould calculate retention cohorts correctly[32m 1[2mms[22m[39m
 [32m✓[39m src/lib/analytics/__tests__/aggregation.test.ts[2m > [22mAnalytics Aggregation[2m > [22mcalculateRetentionCohorts[2m > [22mshould return empty retention for no events[32m 0[2mms[22m[39m
 [32m✓[39m src/lib/analytics/__tests__/aggregation.test.ts[2m > [22mAnalytics Aggregation[2m > [22mcalculateStickiness[2m > [22mshould calculate DAU/MAU ratio correctly[32m 1[2mms[22m[39m
 [32m✓[39m src/lib/analytics/__tests__/aggregation.test.ts[2m > [22mAnalytics Aggregation[2m > [22mcalculateStickiness[2m > [22mshould return 0 for no MAU[32m 0[2mms[22m[39m
 [32m✓[39m src/lib/analytics/__tests__/aggregation.test.ts[2m > [22mAnalytics Aggregation[2m > [22mcalculateEngagementTrends[2m > [22mshould calculate engagement trends[32m 0[2mms[22m[39m
 [32m✓[39m src/lib/analytics/__tests__/aggregation.test.ts[2m > [22mAnalytics Aggregation[2m > [22mcalculateEngagementTrends[2m > [22mshould return empty array for no events[32m 0[2mms[22m[39m
 [32m✓[39m src/lib/analytics/__tests__/aggregation.test.ts[2m > [22mAnalytics Aggregation[2m > [22mbuildFeatureHeatmap[2m > [22mshould build feature usage heatmap[32m 16[2mms[22m[39m
 [32m✓[39m src/lib/analytics/__tests__/aggregation.test.ts[2m > [22mAnalytics Aggregation[2m > [22mbuildFeatureHeatmap[2m > [22mshould return empty array for no feature events[32m 0[2mms[22m[39m
 [32m✓[39m src/lib/analytics/__tests__/aggregation.test.ts[2m > [22mAnalytics Aggregation[2m > [22mbuildFeatureHeatmap[2m > [22mshould normalize intensity correctly[32m 0[2mms[22m[39m
[90mstdout[2m | src/components/feed/__tests__/PostMediaGallery.test.tsx
[22m[39mMigrating wallet data from v1...
Migration complete: { balance: [33m0[39m, pending: [33m0[39m, totalEarned: [33m0[39m, transactionCount: [33m0[39m }

[90mstdout[2m | src/lib/__tests__/privacyMiddleware.test.ts
[22m[39m[Privacy] Initializing privacy protections...
[Privacy] RTCPeerConnection not available, skipping WebRTC shim
[Privacy] Cookie blocking installed
[Privacy] Global fetch middleware installed
[Privacy] Privacy protections initialized successfully

[90mstderr[2m | src/lib/__tests__/privacyMiddleware.test.ts[2m > [22m[2mPrivacy Middleware - privacyFetch[2m > [22m[2mshould block requests to non-allowed domains
[22m[39m[Privacy] Blocked request to non-allowed domain: https://tracking.example.com/pixel

[90mstderr[2m | src/lib/__tests__/privacyMiddleware.test.ts[2m > [22m[2mPrivacy Middleware - privacyFetch[2m > [22m[2mshould enforce HTTPS in production
[22m[39m[Privacy] Redirecting HTTP to HTTPS: http://safevoice009.github.io/api -> https://safevoice009.github.io/api

[90mstdout[2m | src/lib/__tests__/privacyMiddleware.test.ts[2m > [22m[2mPrivacy Middleware - localStorage Whitelist[2m > [22m[2mshould remove non-whitelisted keys during sanitization
[22m[39m[Privacy] Sanitized 3 localStorage keys

[90mstderr[2m | src/lib/__tests__/privacyMiddleware.test.ts[2m > [22m[2mPrivacy Middleware - Cookie Blocking[2m > [22m[2mshould not set any cookies (production behavior)
[22m[39m[Privacy] Attempted to read cookies (blocked)

[90mstderr[2m | src/lib/__tests__/privacyMiddleware.test.ts[2m > [22m[2mPrivacy Middleware - Cookie Blocking[2m > [22m[2mshould handle cookie read attempts gracefully
[22m[39m[Privacy] Attempted to read cookies (blocked)

[90mstderr[2m | src/lib/__tests__/privacyMiddleware.test.ts[2m > [22m[2mPrivacy Middleware - Privacy Status[2m > [22m[2mshould report privacy status correctly
[22m[39m[Privacy] Attempted to read cookies (blocked)

[90mstderr[2m | src/lib/__tests__/privacyMiddleware.test.ts[2m > [22m[2mPrivacy Middleware - Privacy Status[2m > [22m[2mshould report cookie blocking status
[22m[39m[Privacy] Attempted to read cookies (blocked)

[90mstderr[2m | src/lib/__tests__/privacyMiddleware.test.ts[2m > [22m[2mPrivacy Middleware - Privacy Status[2m > [22m[2mshould list allowed domains
[22m[39m[Privacy] Attempted to read cookies (blocked)

[90mstderr[2m | src/lib/__tests__/privacyMiddleware.test.ts[2m > [22m[2mPrivacy Middleware - Privacy Status[2m > [22m[2mshould list allowed storage keys
[22m[39m[Privacy] Attempted to read cookies (blocked)

 [32m✓[39m src/lib/__tests__/privacyMiddleware.test.ts[2m > [22mPrivacy Middleware - CSP Meta Tags[2m > [22mshould have Content-Security-Policy meta tag in production[32m 7[2mms[22m[39m
 [32m✓[39m src/lib/__tests__/privacyMiddleware.test.ts[2m > [22mPrivacy Middleware - CSP Meta Tags[2m > [22mshould have Referrer-Policy meta tag in production[32m 1[2mms[22m[39m
 [32m✓[39m src/lib/__tests__/privacyMiddleware.test.ts[2m > [22mPrivacy Middleware - CSP Meta Tags[2m > [22mshould have X-Content-Type-Options meta tag in production[32m 1[2mms[22m[39m
 [32m✓[39m src/lib/__tests__/privacyMiddleware.test.ts[2m > [22mPrivacy Middleware - CSP Meta Tags[2m > [22mshould have X-Frame-Options meta tag in production[32m 1[2mms[22m[39m
 [32m✓[39m src/lib/__tests__/privacyMiddleware.test.ts[2m > [22mPrivacy Middleware - CSP Meta Tags[2m > [22mshould have Permissions-Policy meta tag[32m 1[2mms[22m[39m
 [32m✓[39m src/lib/__tests__/privacyMiddleware.test.ts[2m > [22mPrivacy Middleware - URL Allowlist[2m > [22mshould allow localhost URLs[32m 0[2mms[22m[39m
 [32m✓[39m src/lib/__tests__/privacyMiddleware.test.ts[2m > [22mPrivacy Middleware - URL Allowlist[2m > [22mshould allow safevoice domain[32m 0[2mms[22m[39m
 [32m✓[39m src/lib/__tests__/privacyMiddleware.test.ts[2m > [22mPrivacy Middleware - URL Allowlist[2m > [22mshould allow blockchain RPC endpoints[32m 1[2mms[22m[39m
 [32m✓[39m src/lib/__tests__/privacyMiddleware.test.ts[2m > [22mPrivacy Middleware - URL Allowlist[2m > [22mshould block third-party tracking domains[32m 1[2mms[22m[39m
 [32m✓[39m src/lib/__tests__/privacyMiddleware.test.ts[2m > [22mPrivacy Middleware - URL Allowlist[2m > [22mshould allow relative URLs[32m 0[2mms[22m[39m
 [32m✓[39m src/lib/__tests__/privacyMiddleware.test.ts[2m > [22mPrivacy Middleware - privacyFetch[2m > [22mshould strip cookies from requests[32m 5[2mms[22m[39m
 [32m✓[39m src/lib/__tests__/privacyMiddleware.test.ts[2m > [22mPrivacy Middleware - privacyFetch[2m > [22mshould set credentials to omit[32m 1[2mms[22m[39m
 [32m✓[39m src/lib/__tests__/privacyMiddleware.test.ts[2m > [22mPrivacy Middleware - privacyFetch[2m > [22mshould block requests to non-allowed domains[32m 3[2mms[22m[39m
 [32m✓[39m src/lib/__tests__/privacyMiddleware.test.ts[2m > [22mPrivacy Middleware - privacyFetch[2m > [22mshould enforce HTTPS in production[32m 1[2mms[22m[39m
 [32m✓[39m src/lib/__tests__/privacyMiddleware.test.ts[2m > [22mPrivacy Middleware - privacyFetch[2m > [22mshould allow HTTP for localhost in production[32m 1[2mms[22m[39m
 [32m✓[39m src/lib/__tests__/privacyMiddleware.test.ts[2m > [22mPrivacy Middleware - localStorage Whitelist[2m > [22mshould have defined storage key whitelist[32m 1[2mms[22m[39m
 [32m✓[39m src/lib/__tests__/privacyMiddleware.test.ts[2m > [22mPrivacy Middleware - localStorage Whitelist[2m > [22mshould include essential SafeVoice keys in whitelist[32m 0[2mms[22m[39m
 [32m✓[39m src/lib/__tests__/privacyMiddleware.test.ts[2m > [22mPrivacy Middleware - localStorage Whitelist[2m > [22mshould preserve whitelisted keys during sanitization[32m 1[2mms[22m[39m
 [32m✓[39m src/lib/__tests__/privacyMiddleware.test.ts[2m > [22mPrivacy Middleware - localStorage Whitelist[2m > [22mshould remove non-whitelisted keys during sanitization[32m 2[2mms[22m[39m
 [32m✓[39m src/lib/__tests__/privacyMiddleware.test.ts[2m > [22mPrivacy Middleware - localStorage Whitelist[2m > [22mshould not store PII in localStorage keys[32m 1[2mms[22m[39m
 [32m✓[39m src/lib/__tests__/privacyMiddleware.test.ts[2m > [22mPrivacy Middleware - Cookie Blocking[2m > [22mshould not set any cookies (production behavior)[32m 1[2mms[22m[39m
 [32m✓[39m src/lib/__tests__/privacyMiddleware.test.ts[2m > [22mPrivacy Middleware - Cookie Blocking[2m > [22mshould have cookie blocking logic[32m 0[2mms[22m[39m
 [32m✓[39m src/lib/__tests__/privacyMiddleware.test.ts[2m > [22mPrivacy Middleware - Cookie Blocking[2m > [22mshould handle cookie read attempts gracefully[32m 1[2mms[22m[39m
 [32m✓[39m src/lib/__tests__/privacyMiddleware.test.ts[2m > [22mPrivacy Middleware - WebRTC IP Leak Protection[2m > [22mshould have RTCPeerConnection available or be intentionally disabled[32m 0[2mms[22m[39m
 [32m✓[39m src/lib/__tests__/privacyMiddleware.test.ts[2m > [22mPrivacy Middleware - WebRTC IP Leak Protection[2m > [22mshould create RTCPeerConnection with relay-only policy when available[32m 0[2mms[22m[39m
 [32m✓[39m src/lib/__tests__/privacyMiddleware.test.ts[2m > [22mPrivacy Middleware - WebRTC IP Leak Protection[2m > [22mshould log WebRTC usage for auditing[32m 0[2mms[22m[39m
 [32m✓[39m src/lib/__tests__/privacyMiddleware.test.ts[2m > [22mPrivacy Middleware - Privacy Status[2m > [22mshould report privacy status correctly[32m 1[2mms[22m[39m
 [32m✓[39m src/lib/__tests__/privacyMiddleware.test.ts[2m > [22mPrivacy Middleware - Privacy Status[2m > [22mshould report cookie blocking status[32m 0[2mms[22m[39m
 [32m✓[39m src/lib/__tests__/privacyMiddleware.test.ts[2m > [22mPrivacy Middleware - Privacy Status[2m > [22mshould list allowed domains[32m 1[2mms[22m[39m
 [32m✓[39m src/lib/__tests__/privacyMiddleware.test.ts[2m > [22mPrivacy Middleware - Privacy Status[2m > [22mshould list allowed storage keys[32m 1[2mms[22m[39m
 [32m✓[39m src/lib/__tests__/privacyMiddleware.test.ts[2m > [22mPrivacy Middleware - No Third-Party Scripts[2m > [22mshould not load Google Analytics[32m 8[2mms[22m[39m
 [32m✓[39m src/lib/__tests__/privacyMiddleware.test.ts[2m > [22mPrivacy Middleware - No Third-Party Scripts[2m > [22mshould not load Facebook Pixel[32m 1[2mms[22m[39m
 [32m✓[39m src/lib/__tests__/privacyMiddleware.test.ts[2m > [22mPrivacy Middleware - No Third-Party Scripts[2m > [22mshould not load any tracking libraries[32m 0[2mms[22m[39m
 [32m✓[39m src/lib/__tests__/privacyMiddleware.test.ts[2m > [22mPrivacy Middleware - No Third-Party Scripts[2m > [22mshould only load scripts from allowed origins[32m 2[2mms[22m[39m
 [32m✓[39m src/components/wallet/__tests__/TransactionHistoryEdgeCases.test.tsx[2m > [22mTransactionHistory Edge Cases & CSV Export[2m > [22mCSV Export Edge Cases[2m > [22mhandles empty transaction list[32m 212[2mms[22m[39m
[90mstderr[2m | src/components/wallet/__tests__/TransactionHistoryEdgeCases.test.tsx[2m > [22m[2mTransactionHistory Edge Cases & CSV Export[2m > [22m[2mCSV Export Edge Cases[2m > [22m[2mhandles transactions with special characters in reason
[22m[39mNot implemented: navigation to another Document

[90mstderr[2m | src/components/wallet/__tests__/TransactionHistoryEdgeCases.test.tsx[2m > [22m[2mTransactionHistory Edge Cases & CSV Export[2m > [22m[2mCSV Export Edge Cases[2m > [22m[2mhandles transactions with undefined reasonCode
[22m[39mNot implemented: navigation to another Document

 [32m✓[39m src/components/wallet/__tests__/TransactionHistoryEdgeCases.test.tsx[2m > [22mTransactionHistory Edge Cases & CSV Export[2m > [22mCSV Export Edge Cases[2m > [22mhandles transactions with special characters in reason[32m 238[2mms[22m[39m
[90mstderr[2m | src/components/wallet/__tests__/TransactionHistoryEdgeCases.test.tsx[2m > [22m[2mTransactionHistory Edge Cases & CSV Export[2m > [22m[2mCSV Export Edge Cases[2m > [22m[2mhandles transactions with null metadata fields
[22m[39mNot implemented: navigation to another Document

 [32m✓[39m src/components/wallet/__tests__/TransactionHistoryEdgeCases.test.tsx[2m > [22mTransactionHistory Edge Cases & CSV Export[2m > [22mCSV Export Edge Cases[2m > [22mhandles transactions with undefined reasonCode[32m 112[2mms[22m[39m
 [32m✓[39m src/components/wallet/__tests__/TransactionHistoryEdgeCases.test.tsx[2m > [22mTransactionHistory Edge Cases & CSV Export[2m > [22mCSV Export Edge Cases[2m > [22mhandles transactions with null metadata fields[32m 84[2mms[22m[39m
[90mstderr[2m | src/components/wallet/__tests__/TransactionHistoryEdgeCases.test.tsx[2m > [22m[2mTransactionHistory Edge Cases & CSV Export[2m > [22m[2mCSV Export Edge Cases[2m > [22m[2mhandles very large transaction lists
[22m[39mNot implemented: navigation to another Document

[90mstderr[2m | src/components/wallet/__tests__/TransactionHistoryEdgeCases.test.tsx[2m > [22m[2mTransactionHistory Edge Cases & CSV Export[2m > [22m[2mCSV Export Edge Cases[2m > [22m[2mhandles transactions with very large amounts
[22m[39mNot implemented: navigation to another Document

 [32m✓[39m src/components/wallet/__tests__/TransactionHistoryEdgeCases.test.tsx[2m > [22mTransactionHistory Edge Cases & CSV Export[2m > [22mCSV Export Edge Cases[2m > [22mhandles very large transaction lists[32m 234[2mms[22m[39m
 [32m✓[39m src/components/wallet/__tests__/TransactionHistoryEdgeCases.test.tsx[2m > [22mTransactionHistory Edge Cases & CSV Export[2m > [22mCSV Export Edge Cases[2m > [22mhandles transactions with very large amounts[32m 79[2mms[22m[39m
[90mstderr[2m | src/components/wallet/__tests__/TransactionHistoryEdgeCases.test.tsx[2m > [22m[2mTransactionHistory Edge Cases & CSV Export[2m > [22m[2mCSV Export Edge Cases[2m > [22m[2mhandles transactions with negative amounts
[22m[39mNot implemented: navigation to another Document

[90mstderr[2m | src/components/wallet/__tests__/TransactionHistoryEdgeCases.test.tsx[2m > [22m[2mTransactionHistory Edge Cases & CSV Export[2m > [22m[2mCSV Export Edge Cases[2m > [22m[2mhandles transactions with zero amounts
[22m[39mNot implemented: navigation to another Document

 [32m✓[39m src/components/wallet/__tests__/TransactionHistoryEdgeCases.test.tsx[2m > [22mTransactionHistory Edge Cases & CSV Export[2m > [22mCSV Export Edge Cases[2m > [22mhandles transactions with negative amounts[32m 80[2mms[22m[39m
 [32m✓[39m src/components/wallet/__tests__/TransactionHistoryEdgeCases.test.tsx[2m > [22mTransactionHistory Edge Cases & CSV Export[2m > [22mCSV Export Edge Cases[2m > [22mhandles transactions with zero amounts[32m 98[2mms[22m[39m
[90mstderr[2m | src/components/wallet/__tests__/TransactionHistoryEdgeCases.test.tsx[2m > [22m[2mTransactionHistory Edge Cases & CSV Export[2m > [22m[2mCSV Export Edge Cases[2m > [22m[2mhandles claim transactions with claimedAmount in metadata
[22m[39mNot implemented: navigation to another Document

 [32m✓[39m src/components/wallet/__tests__/TransactionHistoryEdgeCases.test.tsx[2m > [22mTransactionHistory Edge Cases & CSV Export[2m > [22mCSV Export Edge Cases[2m > [22mhandles claim transactions with claimedAmount in metadata[32m 118[2mms[22m[39m
[90mstderr[2m | src/components/wallet/__tests__/TransactionHistoryEdgeCases.test.tsx[2m > [22m[2mTransactionHistory Edge Cases & CSV Export[2m > [22m[2mCSV Export Edge Cases[2m > [22m[2mhandles CSV export with unicode characters
[22m[39mNot implemented: navigation to another Document

 [32m✓[39m src/components/wallet/__tests__/TransactionHistoryEdgeCases.test.tsx[2m > [22mTransactionHistory Edge Cases & CSV Export[2m > [22mCSV Export Edge Cases[2m > [22mhandles CSV export with unicode characters[32m 105[2mms[22m[39m
 [32m✓[39m src/components/wallet/__tests__/TransactionHistoryEdgeCases.test.tsx[2m > [22mTransactionHistory Edge Cases & CSV Export[2m > [22mDate Filtering Edge Cases[2m > [22mrenders without crashing when filters are visible[32m 35[2mms[22m[39m
 [32m✓[39m src/components/wallet/__tests__/TransactionHistoryEdgeCases.test.tsx[2m > [22mTransactionHistory Edge Cases & CSV Export[2m > [22mDisplay Edge Cases[2m > [22mhandles transaction with very long reason text[32m 15[2mms[22m[39m
 [32m✓[39m src/components/wallet/__tests__/TransactionHistoryEdgeCases.test.tsx[2m > [22mTransactionHistory Edge Cases & CSV Export[2m > [22mDisplay Edge Cases[2m > [22mhandles transaction with empty reason[32m 33[2mms[22m[39m
 [32m✓[39m src/components/wallet/__tests__/TransactionHistoryEdgeCases.test.tsx[2m > [22mTransactionHistory Edge Cases & CSV Export[2m > [22mDisplay Edge Cases[2m > [22mhandles zero balance transactions[32m 12[2mms[22m[39m
 [32m✓[39m src/components/wallet/__tests__/TransactionHistoryEdgeCases.test.tsx[2m > [22mTransactionHistory Edge Cases & CSV Export[2m > [22mDisplay Edge Cases[2m > [22mhandles negative balance[32m 11[2mms[22m[39m
 [32m✓[39m src/components/wallet/__tests__/TransactionHistoryEdgeCases.test.tsx[2m > [22mTransactionHistory Edge Cases & CSV Export[2m > [22mDisplay Edge Cases[2m > [22mhandles custom date range with valid dates[32m 20[2mms[22m[39m
 [32m✓[39m src/components/wallet/__tests__/TransactionHistoryEdgeCases.test.tsx[2m > [22mTransactionHistory Edge Cases & CSV Export[2m > [22mDisplay Edge Cases[2m > [22mhandles empty custom date range[32m 24[2mms[22m[39m
 [32m✓[39m src/components/wallet/__tests__/TransactionHistoryEdgeCases.test.tsx[2m > [22mTransactionHistory Edge Cases & CSV Export[2m > [22mDisplay Edge Cases[2m > [22mhandles date at end of day boundary (23:59:59)[32m 38[2mms[22m[39m
 [32m✓[39m src/components/wallet/__tests__/TransactionHistoryEdgeCases.test.tsx[2m > [22mTransactionHistory Edge Cases & CSV Export[2m > [22mDisplay Edge Cases[2m > [22mdisplays correct stats for empty transaction list[32m 6[2mms[22m[39m
 [32m✓[39m src/components/wallet/__tests__/TransactionHistoryEdgeCases.test.tsx[2m > [22mTransactionHistory Edge Cases & CSV Export[2m > [22mDisplay Edge Cases[2m > [22mhandles visibleCount prop correctly[32m 43[2mms[22m[39m
 [32m✓[39m src/components/wallet/__tests__/TransactionHistoryEdgeCases.test.tsx[2m > [22mTransactionHistory Edge Cases & CSV Export[2m > [22mTransaction Sorting Edge Cases[2m > [22msorts transactions by timestamp descending[32m 30[2mms[22m[39m
 [32m✓[39m src/components/wallet/__tests__/TransactionHistoryEdgeCases.test.tsx[2m > [22mTransactionHistory Edge Cases & CSV Export[2m > [22mTransaction Sorting Edge Cases[2m > [22mhandles transactions with same timestamp[32m 23[2mms[22m[39m
 [32m✓[39m src/components/wallet/__tests__/TransactionHistoryEdgeCases.test.tsx[2m > [22mTransactionHistory Edge Cases & CSV Export[2m > [22mFilter Panel Edge Cases[2m > [22mrenders transactions with various types and categories[32m 31[2mms[22m[39m
 [32m✓[39m src/components/wallet/__tests__/TransactionHistoryEdgeCases.test.tsx[2m > [22mTransactionHistory Edge Cases & CSV Export[2m > [22mFilter Panel Edge Cases[2m > [22mdisplays transactions with different timestamps correctly[32m 30[2mms[22m[39m
 [32m✓[39m src/components/wallet/__tests__/TransactionHistoryEdgeCases.test.tsx[2m > [22mTransactionHistory Edge Cases & CSV Export[2m > [22mFilter Panel Edge Cases[2m > [22mhandles pagination with many transactions[32m 77[2mms[22m[39m
[90mstderr[2m | src/pages/__tests__/AdminPanel.test.tsx[2m > [22m[2mAdminPanel[2m > [22m[2mAccess Control[2m > [22m[2mshould show access denied message for non-moderators
[22m[39m⚠️ React Router Future Flag Warning: React Router will begin wrapping state updates in `React.startTransition` in v7. You can use the `v7_startTransition` future flag to opt-in early. For more information, see https://reactrouter.com/v6/upgrading/future#v7_starttransition.
⚠️ React Router Future Flag Warning: Relative route resolution within Splat routes is changing in v7. You can use the `v7_relativeSplatPath` future flag to opt-in early. For more information, see https://reactrouter.com/v6/upgrading/future#v7_relativesplatpath.

 [32m✓[39m src/pages/__tests__/AdminPanel.test.tsx[2m > [22mAdminPanel[2m > [22mAccess Control[2m > [22mshould show access denied message for non-moderators[32m 62[2mms[22m[39m
 [32m✓[39m src/pages/__tests__/AdminPanel.test.tsx[2m > [22mAdminPanel[2m > [22mAccess Control[2m > [22mshould render admin panel for moderators[32m 35[2mms[22m[39m
 [32m✓[39m src/pages/__tests__/AdminPanel.test.tsx[2m > [22mAdminPanel[2m > [22mTab Navigation[2m > [22mshould display all tab options[32m 25[2mms[22m[39m
 [32m✓[39m src/pages/__tests__/AdminPanel.test.tsx[2m > [22mAdminPanel[2m > [22mTab Navigation[2m > [22mshould switch to Members tab when clicked[32m 39[2mms[22m[39m
 [32m✓[39m src/pages/__tests__/AdminPanel.test.tsx[2m > [22mAdminPanel[2m > [22mTab Navigation[2m > [22mshould switch to Crisis Ops tab when clicked[32m 85[2mms[22m[39m
 [32m✓[39m src/pages/__tests__/AdminPanel.test.tsx[2m > [22mAdminPanel[2m > [22mTab Navigation[2m > [22mshould switch to Reporting tab when clicked[32m 53[2mms[22m[39m
 [32m✓[39m src/pages/__tests__/AdminPanel.test.tsx[2m > [22mAdminPanel[2m > [22mMember Management[2m > [22mshould display member statistics[32m 65[2mms[22m[39m
 [32m✓[39m src/pages/__tests__/AdminPanel.test.tsx[2m > [22mAdminPanel[2m > [22mMember Management[2m > [22mshould display banned members[32m 53[2mms[22m[39m
 [32m✓[39m src/pages/__tests__/AdminPanel.test.tsx[2m > [22mAdminPanel[2m > [22mMember Management[2m > [22mshould call unbanCommunityMember when unban button clicked[32m 42[2mms[22m[39m
 [32m✓[39m src/pages/__tests__/AdminPanel.test.tsx[2m > [22mAdminPanel[2m > [22mMember Management[2m > [22mshould display warned members[32m 42[2mms[22m[39m
 [32m✓[39m src/pages/__tests__/AdminPanel.test.tsx[2m > [22mAdminPanel[2m > [22mModeration Queue[2m > [22mshould display moderation section[32m 13[2mms[22m[39m
 [32m✓[39m src/pages/__tests__/AdminPanel.test.tsx[2m > [22mAdminPanel[2m > [22mModeration Queue[2m > [22mshould render moderation tab content[32m 26[2mms[22m[39m
 [32m✓[39m src/pages/__tests__/AdminPanel.test.tsx[2m > [22mAdminPanel[2m > [22mCrisis Analytics[2m > [22mshould render crisis analytics when Crisis Ops tab is selected[32m 74[2mms[22m[39m
 [32m✓[39m src/pages/__tests__/AdminPanel.test.tsx[2m > [22mAdminPanel[2m > [22mCrisis Analytics[2m > [22mshould display crisis metrics[32m 119[2mms[22m[39m
 [32m✓[39m src/pages/__tests__/AdminPanel.test.tsx[2m > [22mAdminPanel[2m > [22mReporting and Export[2m > [22mshould render export options when Reporting tab is selected[32m 74[2mms[22m[39m
 [32m✓[39m src/pages/__tests__/AdminPanel.test.tsx[2m > [22mAdminPanel[2m > [22mReporting and Export[2m > [22mshould display export configuration options[32m 36[2mms[22m[39m
 [32m✓[39m src/components/memorial/__tests__/MemorialWall.test.tsx[2m > [22mMemorialWall[2m > [22mInitial Render[2m > [22mshould render memorial wall title[32m 95[2mms[22m[39m
 [32m✓[39m src/components/memorial/__tests__/MemorialWall.test.tsx[2m > [22mMemorialWall[2m > [22mInitial Render[2m > [22mshould display create tribute button[33m 325[2mms[22m[39m
 [32m✓[39m src/components/memorial/__tests__/MemorialWall.test.tsx[2m > [22mMemorialWall[2m > [22mInitial Render[2m > [22mshould call loadMemorialData on mount[32m 30[2mms[22m[39m
 [32m✓[39m src/components/memorial/__tests__/MemorialWall.test.tsx[2m > [22mMemorialWall[2m > [22mInitial Render[2m > [22mshould show welcome message on first visit[32m 41[2mms[22m[39m
 [32m✓[39m src/components/memorial/__tests__/MemorialWall.test.tsx[2m > [22mMemorialWall[2m > [22mInitial Render[2m > [22mshould not show welcome message on subsequent visits[32m 13[2mms[22m[39m
 [32m✓[39m src/components/memorial/__tests__/MemorialWall.test.tsx[2m > [22mMemorialWall[2m > [22mEmpty State[2m > [22mshould display empty state when no tributes exist[32m 22[2mms[22m[39m
 [32m✓[39m src/components/memorial/__tests__/MemorialWall.test.tsx[2m > [22mMemorialWall[2m > [22mView Modes[2m > [22mshould default to grid view[32m 78[2mms[22m[39m
 [32m✓[39m src/components/memorial/__tests__/MemorialWall.test.tsx[2m > [22mMemorialWall[2m > [22mView Modes[2m > [22mshould switch to timeline view when clicked[32m 126[2mms[22m[39m
 [32m✓[39m src/lib/__tests__/zkProof.test.ts[2m > [22mzkProof utilities[2m > [22mprepareWitness[2m > [22maccepts string witness[32m 1[2mms[22m[39m
 [32m✓[39m src/lib/__tests__/zkProof.test.ts[2m > [22mzkProof utilities[2m > [22mprepareWitness[2m > [22maccepts Uint8Array witness[32m 1[2mms[22m[39m
 [32m✓[39m src/lib/__tests__/zkProof.test.ts[2m > [22mzkProof utilities[2m > [22mprepareWitness[2m > [22mrejects empty string[32m 1[2mms[22m[39m
 [32m✓[39m src/lib/__tests__/zkProof.test.ts[2m > [22mzkProof utilities[2m > [22mprepareWitness[2m > [22mrejects whitespace-only string[32m 0[2mms[22m[39m
 [32m✓[39m src/lib/__tests__/zkProof.test.ts[2m > [22mzkProof utilities[2m > [22mprepareWitness[2m > [22mrejects empty Uint8Array[32m 0[2mms[22m[39m
 [32m✓[39m src/lib/__tests__/zkProof.test.ts[2m > [22mzkProof utilities[2m > [22mprepareWitness[2m > [22mrejects invalid types[32m 0[2mms[22m[39m
 [32m✓[39m src/lib/__tests__/zkProof.test.ts[2m > [22mzkProof utilities[2m > [22mgenerateZKProof[2m > [22mgenerates proof for string witness[32m 3[2mms[22m[39m
 [32m✓[39m src/lib/__tests__/zkProof.test.ts[2m > [22mzkProof utilities[2m > [22mgenerateZKProof[2m > [22mgenerates proof for Uint8Array witness[32m 1[2mms[22m[39m
 [32m✓[39m src/lib/__tests__/zkProof.test.ts[2m > [22mzkProof utilities[2m > [22mgenerateZKProof[2m > [22mincludes additional data in proof[32m 1[2mms[22m[39m
 [32m✓[39m src/lib/__tests__/zkProof.test.ts[2m > [22mzkProof utilities[2m > [22mgenerateZKProof[2m > [22muses provided curve[32m 1[2mms[22m[39m
 [32m✓[39m src/lib/__tests__/zkProof.test.ts[2m > [22mzkProof utilities[2m > [22mgenerateZKProof[2m > [22mgenerates different proofs for different witnesses[32m 1[2mms[22m[39m
 [32m✓[39m src/lib/__tests__/zkProof.test.ts[2m > [22mzkProof utilities[2m > [22mgenerateZKProof[2m > [22mrejects invalid input[32m 0[2mms[22m[39m
 [32m✓[39m src/lib/__tests__/zkProof.test.ts[2m > [22mzkProof utilities[2m > [22mgenerateZKProof[2m > [22mincludes metadata with duration and timestamp[32m 2[2mms[22m[39m
 [32m✓[39m src/lib/__tests__/zkProof.test.ts[2m > [22mzkProof utilities[2m > [22mgenerateZKProof[2m > [22mhandles timeout gracefully[32m 1[2mms[22m[39m
 [32m✓[39m src/lib/__tests__/zkProof.test.ts[2m > [22mzkProof utilities[2m > [22mverifyZKProof[2m > [22mverifies valid proof[32m 6[2mms[22m[39m
 [32m✓[39m src/lib/__tests__/zkProof.test.ts[2m > [22mzkProof utilities[2m > [22mverifyZKProof[2m > [22mrejects proof with wrong witness[32m 1[2mms[22m[39m
 [32m✓[39m src/lib/__tests__/zkProof.test.ts[2m > [22mzkProof utilities[2m > [22mverifyZKProof[2m > [22mrejects invalid artifacts[32m 5[2mms[22m[39m
 [32m✓[39m src/lib/__tests__/zkProof.test.ts[2m > [22mzkProof utilities[2m > [22mverifyZKProof[2m > [22mrejects malformed proof data[32m 1[2mms[22m[39m
 [32m✓[39m src/lib/__tests__/zkProof.test.ts[2m > [22mzkProof utilities[2m > [22mverifyZKProof[2m > [22mincludes metadata with proof size[32m 3[2mms[22m[39m
 [32m✓[39m src/lib/__tests__/zkProof.test.ts[2m > [22mzkProof utilities[2m > [22mverifyZKProof[2m > [22mreturns different verification results for different witnesses[32m 5[2mms[22m[39m
 [32m✓[39m src/lib/__tests__/zkProof.test.ts[2m > [22mzkProof utilities[2m > [22mSerialization roundtrips[2m > [22mserializes and deserializes proof artifacts[32m 1[2mms[22m[39m
 [32m✓[39m src/lib/__tests__/zkProof.test.ts[2m > [22mzkProof utilities[2m > [22mSerialization roundtrips[2m > [22mdeserializes matches original artifacts structure[32m 1[2mms[22m[39m
 [32m✓[39m src/lib/__tests__/zkProof.test.ts[2m > [22mzkProof utilities[2m > [22mSerialization roundtrips[2m > [22mverification works after deserialization[32m 3[2mms[22m[39m
 [32m✓[39m src/lib/__tests__/zkProof.test.ts[2m > [22mzkProof utilities[2m > [22mSerialization roundtrips[2m > [22mrejects invalid serialized data[32m 0[2mms[22m[39m
 [32m✓[39m src/lib/__tests__/zkProof.test.ts[2m > [22mzkProof utilities[2m > [22mSerialization roundtrips[2m > [22mthrows on serialization error for invalid artifacts[32m 0[2mms[22m[39m
 [32m✓[39m src/lib/__tests__/zkProof.test.ts[2m > [22mzkProof utilities[2m > [22mError handling[2m > [22mZKProofError has correct structure[32m 0[2mms[22m[39m
 [32m✓[39m src/lib/__tests__/zkProof.test.ts[2m > [22mzkProof utilities[2m > [22mError handling[2m > [22mall error codes are used in implementation[32m 0[2mms[22m[39m
 [32m✓[39m src/lib/__tests__/zkProof.test.ts[2m > [22mzkProof utilities[2m > [22mConstants and defaults[2m > [22mdefines expected default constants[32m 0[2mms[22m[39m
 [32m✓[39m src/lib/__tests__/zkProof.test.ts[2m > [22mzkProof utilities[2m > [22mConstants and defaults[2m > [22mdefault curve is supported[32m 1[2mms[22m[39m
 [32m✓[39m src/lib/__tests__/zkProof.test.ts[2m > [22mzkProof utilities[2m > [22mIntegration scenarios[2m > [22mgenerates and verifies proof end-to-end[32m 5[2mms[22m[39m
 [32m✓[39m src/lib/__tests__/zkProof.test.ts[2m > [22mzkProof utilities[2m > [22mIntegration scenarios[2m > [22mhandles multiple sequential proofs[32m 1[2mms[22m[39m
 [32m✓[39m src/lib/__tests__/zkProof.test.ts[2m > [22mzkProof utilities[2m > [22mIntegration scenarios[2m > [22mstores and retrieves proof from simulated storage[32m 1[2mms[22m[39m
 [32m✓[39m src/components/memorial/__tests__/MemorialWall.test.tsx[2m > [22mMemorialWall[2m > [22mSearch Functionality[2m > [22mshould filter tributes by person name[32m 186[2mms[22m[39m
 [32m✓[39m src/components/memorial/__tests__/MemorialWall.test.tsx[2m > [22mMemorialWall[2m > [22mSearch Functionality[2m > [22mshould filter tributes by message content[32m 274[2mms[22m[39m
 [32m✓[39m src/components/memorial/__tests__/MemorialWall.test.tsx[2m > [22mMemorialWall[2m > [22mSearch Functionality[2m > [22mshould show no results message when search returns empty[32m 224[2mms[22m[39m
 [32m✓[39m src/components/memorial/__tests__/MemorialWall.test.tsx[2m > [22mMemorialWall[2m > [22mCollege Filter[2m > [22mshould show filter button[32m 222[2mms[22m[39m
 [31m×[39m src/components/memorial/__tests__/MemorialWall.test.tsx[2m > [22mMemorialWall[2m > [22mCollege Filter[2m > [22mshould expand filters when clicked[33m 1307[2mms[22m[39m
[31m   → Found a label with the text of: /College/i, however no form control was found associated to that label. Make sure you're using the "for" attribute or "aria-labelledby" attribute correctly.

Ignored nodes: comments, script, style
[36m<body>[31m
  [36m<div>[31m
    [36m<section[31m
      [33mclass[31m=[32m"min-h-screen px-4 py-8 max-w-6xl mx-auto"[31m
      [33mstyle[31m=[32m"opacity: 1;"[31m
    [36m>[31m
      [36m<div[31m
        [33mclass[31m=[32m"space-y-6"[31m
      [36m>[31m
        [36m<div[31m
          [33mclass[31m=[32m"glass p-8 text-center space-y-4"[31m
          [33mstyle[31m=[32m"opacity: 1; transform: none;"[31m
        [36m>[31m
          [36m<div[31m
            [33mclass[31m=[32m"flex justify-center"[31m
          [36m>[31m
            [36m<svg[31m
              [33maria-hidden[31m=[32m"true"[31m
              [33mclass[31m=[32m"lucide lucide-flame w-12 h-12 text-primary"[31m
              [33mfill[31m=[32m"none"[31m
              [33mheight[31m=[32m"24"[31m
              [33mstroke[31m=[32m"currentColor"[31m
              [33mstroke-linecap[31m=[32m"round"[31m
              [33mstroke-linejoin[31m=[32m"round"[31m
              [33mstroke-width[31m=[32m"2"[31m
              [33mviewBox[31m=[32m"0 0 24 24"[31m
              [33mwidth[31m=[32m"24"[31m
              [33mxmlns[31m=[32m"http://www.w3.org/2000/svg"[31m
            [36m>[31m
              [36m<path[31m
                [33md[31m=[32m"M12 3q1 4 4 6.5t3 5.5a1 1 0 0 1-14 0 5 5 0 0 1 1-3 1 1 0 0 0 5 0c0-2-1.5-3-1.5-5q0-2 2.5-4"[31m
              [36m/>[31m
            [36m</svg>[31m
          [36m</div>[31m
          [36m<h1[31m
            [33mclass[31m=[32m"text-3xl font-bold text-white"[31m
          [36m>[31m
            [0mMemorial Wall[0m
          [36m</h1>[31m
          [36m<p[31m
            [33mclass[31m=[32m"text-gray-300 max-w-2xl mx-auto"[31m
          [36m>[31m
            [0mA sacred space to honor and remember loved ones. Share tributes, light candles, and keep their memories alive.[0m
          [36m</p>[31m
          [36m<button[31m
            [33mclass[31m=[32m"inline-flex items-center space-x-2 px-6 py-3 bg-primary text-white rounded-lg hover:shadow-glow transition-all"[31m
            [33mtabindex[31m=[32m"0"[31m
          [36m>[31m
            [36m<svg[31m
              [33maria-hidden[31m=[32m"true"[31m
              [33mclass[31m=[32m"lucide lucide-plus w-5 h-5"[31m
              [33mfill[31m=[32m"none"[31m
              [33mheight[31m=[32m"24"[31m
              [33mstroke[31m=[32m"currentColor"[31m
              [33mstroke-linecap[31m=[32m"round"[31m
              [33mstroke-linejoin[31m=[32m"round"[31m
              [33mstroke-width[31m=[32m"2"[31m
              [33mviewBox[31m=[32m"0 0 24 24"[31m
              [33mwidth[31m=[32m"24"[31m
              [33mxmlns[31m=[32m"http://www.w3.org/2000/svg"[31m
            [36m>[31m
              [36m<path[31m
                [33md[31m=[32m"M5 12h14"[31m
              [36m/>[31m
              [36m<path[31m
                [33md[31m=[32m"M12 5v14"[31m
              [36m/>[31m
            [36m</svg>[31m
            [36m<span>[31m
              [0mCreate Tribute[0m
            [36m</span>[31m
          [36m</button>[31m
        [36m</div>[31m
        [36m<div[31m
          [33mclass[31m=[32m"glass p-6"[31m
          [33mstyle[31m=[32m"opacity: 1; transform: none;"[31m
        [36m>[31m
          [36m<div[31m
            [33mclass[31m=[32m"flex items-start gap-4"[31m
          [36m>[31m
            [36m<svg[31m
              [33maria-hidden[31m=[32m"true"[31m
              [33mclass[31m=[32m"lucide lucide-info w-6 h-6 text-primary flex-shrink-0 mt-1"[31m
              [33mfill[31m=[32m"none"[31m
              [33mheight[31m=[32m"24"[31m
              [33mstroke[31m=[32m"currentColor"[31m
              [33mstroke-linecap[31m=[32m"round"[31m
              [33mstroke-linejoin[31m=[32m"round"[31m
              [33mstroke-width[31m=[32m"2"[31m
              [33mviewBox[31m=[32m"0 0 24 24"[31m
              [33mwidth[31m=[32m"24"[31m
              [33mxmlns[31m=[32m"http://www.w3.org/2000/svg"[31m
            [36m>[31m
              [36m<circle[31m
                [33mcx[31m=[32m"12"[31m
                [33mcy[31m=[32m"12"[31m
                [33mr[31m=[32m"10"[31m
              [36m/>[31m
              [36m<path[31m
                [33md[31m=[32m"M12 16v-4"[31m
              [36m/>[31m
              [36m<path[31m
                [33md[31m=[32m"M12 8h.01"[31m
              [36m/>[31m
            [36m</svg>[31m
            [36m<div[31m
              [33mclass[31m=[32m"flex-1"[31m
            [36m>[31m
              [36m<h3[31m
                [33mclass[31m=[32m"text-lg font-semibold text-white mb-2"[31m
              [36m>[31m
                [0mWelcome to the Memorial Wall[0m
              [36m</h3>[31m
              [36m<p[31m
                [33mclass[31m=[32m"text-gray-300 text-sm mb-3"[31m
              [36m>[31m
                [0mThis is a privacy-safe space where you can honor loved ones with peer-verified tributes. Each tribute requires [0m
                [36m<strong>[31m
                  [0m3 cosigner signatures[0m
                [36m</strong>[31m
                [0m from the community before publication, ensuring authenticity and respect.[0m
              [36m</p>[31m
              [36m<ul[31m
                [33mclass[31m=[32m"text-gray-400 text-sm space-y-1 list-disc list-inside mb-3"[31m
              [36m>[31m
                [36m<li>[31m
                  [0mCreate tributes with optional dates and college affiliations[0m
                [36m</li>[31m
                [36m<li>[31m
                  [0mLight candles to show support (+2 VOICE per candle)[0m
                [36m</li>[31m
                [36m<li>[31m
                  [0mCosign tributes to help reach consensus[0m
                [36m</li>[31m
                [36m<li>[31m
                  [0mTrack audit trails for transparency[0m
                [36m</li>[31m
              [36m</ul>[31m
            [36m</div>[31m
            [36m<button[31m
              [33mclass[31m=[32m"p-1 hover:bg-white/10 rounded transition-colors"[31m
            [36m>[31m
              [36m<svg[31m
                [33maria-hidden[31m=[32m"true"[31m
                [33mclass[31m=[32m"lucide lucide-x w-5 h-5 text-gray-400"[31m
                [33mfill[31m=[32m"none"[31m
                [33mheight[31m=[32m"24"[31m
                [33mstroke[31m=[32m"currentColor"[31m
                [33mstroke-linecap[31m=[32m"round"[31m
                [33mstroke-linejoin[31m=[32m"round"[31m
                [33mstroke-width[31m=[32m"2"[31m
                [33mviewBox[31m=[32m"0 0 24 24"[31m
                [33mwidth[31m=[32m"24"[31m
                [33mxmlns[31m=[32m"http://www.w3.org/2000/s...

Ignored nodes: comments, script, style
[36m<html>[31m
  [36m<head />[31m
  [36m<body>[31m
    [36m<div>[31m
      [36m<section[31m
        [33mclass[31m=[32m"min-h-screen px-4 py-8 max-w-6xl mx-auto"[31m
        [33mstyle[31m=[32m"opacity: 1;"[31m
      [36m>[31m
        [36m<div[31m
          [33mclass[31m=[32m"space-y-6"[31m
        [36m>[31m
          [36m<div[31m
            [33mclass[31m=[32m"glass p-8 text-center space-y-4"[31m
            [33mstyle[31m=[32m"opacity: 1; transform: none;"[31m
          [36m>[31m
            [36m<div[31m
              [33mclass[31m=[32m"flex justify-center"[31m
            [36m>[31m
              [36m<svg[31m
                [33maria-hidden[31m=[32m"true"[31m
                [33mclass[31m=[32m"lucide lucide-flame w-12 h-12 text-primary"[31m
                [33mfill[31m=[32m"none"[31m
                [33mheight[31m=[32m"24"[31m
                [33mstroke[31m=[32m"currentColor"[31m
                [33mstroke-linecap[31m=[32m"round"[31m
                [33mstroke-linejoin[31m=[32m"round"[31m
                [33mstroke-width[31m=[32m"2"[31m
                [33mviewBox[31m=[32m"0 0 24 24"[31m
                [33mwidth[31m=[32m"24"[31m
                [33mxmlns[31m=[32m"http://www.w3.org/2000/svg"[31m
              [36m>[31m
                [36m<path[31m
                  [33md[31m=[32m"M12 3q1 4 4 6.5t3 5.5a1 1 0 0 1-14 0 5 5 0 0 1 1-3 1 1 0 0 0 5 0c0-2-1.5-3-1.5-5q0-2 2.5-4"[31m
                [36m/>[31m
              [36m</svg>[31m
            [36m</div>[31m
            [36m<h1[31m
              [33mclass[31m=[32m"text-3xl font-bold text-white"[31m
            [36m>[31m
              [0mMemorial Wall[0m
            [36m</h1>[31m
            [36m<p[31m
              [33mclass[31m=[32m"text-gray-300 max-w-2xl mx-auto"[31m
            [36m>[31m
              [0mA sacred space to honor and remember loved ones. Share tributes, light candles, and keep their memories alive.[0m
            [36m</p>[31m
            [36m<button[31m
              [33mclass[31m=[32m"inline-flex items-center space-x-2 px-6 py-3 bg-primary text-white rounded-lg hover:shadow-glow transition-all"[31m
              [33mtabindex[31m=[32m"0"[31m
            [36m>[31m
              [36m<svg[31m
                [33maria-hidden[31m=[32m"true"[31m
                [33mclass[31m=[32m"lucide lucide-plus w-5 h-5"[31m
                [33mfill[31m=[32m"none"[31m
                [33mheight[31m=[32m"24"[31m
                [33mstroke[31m=[32m"currentColor"[31m
                [33mstroke-linecap[31m=[32m"round"[31m
                [33mstroke-linejoin[31m=[32m"round"[31m
                [33mstroke-width[31m=[32m"2"[31m
                [33mviewBox[31m=[32m"0 0 24 24"[31m
                [33mwidth[31m=[32m"24"[31m
                [33mxmlns[31m=[32m"http://www.w3.org/2000/svg"[31m
              [36m>[31m
                [36m<path[31m
                  [33md[31m=[32m"M5 12h14"[31m
                [36m/>[31m
                [36m<path[31m
                  [33md[31m=[32m"M12 5v14"[31m
                [36m/>[31m
              [36m</svg>[31m
              [36m<span>[31m
                [0mCreate Tribute[0m
              [36m</span>[31m
            [36m</button>[31m
          [36m</div>[31m
          [36m<div[31m
            [33mclass[31m=[32m"glass p-6"[31m
            [33mstyle[31m=[32m"opacity: 1; transform: none;"[31m
          [36m>[31m
            [36m<div[31m
              [33mclass[31m=[32m"flex items-start gap-4"[31m
            [36m>[31m
              [36m<svg[31m
                [33maria-hidden[31m=[32m"true"[31m
                [33mclass[31m=[32m"lucide lucide-info w-6 h-6 text-primary flex-shrink-0 mt-1"[31m
                [33mfill[31m=[32m"none"[31m
                [33mheight[31m=[32m"24"[31m
                [33mstroke[31m=[32m"currentColor"[31m
                [33mstroke-linecap[31m=[32m"round"[31m
                [33mstroke-linejoin[31m=[32m"round"[31m
                [33mstroke-width[31m=[32m"2"[31m
                [33mviewBox[31m=[32m"0 0 24 24"[31m
                [33mwidth[31m=[32m"24"[31m
                [33mxmlns[31m=[32m"http://www.w3.org/2000/svg"[31m
              [36m>[31m
                [36m<circle[31m
                  [33mcx[31m=[32m"12"[31m
                  [33mcy[31m=[32m"12"[31m
                  [33mr[31m=[32m"10"[31m
                [36m/>[31m
                [36m<path[31m
                  [33md[31m=[32m"M12 16v-4"[31m
                [36m/>[31m
                [36m<path[31m
                  [33md[31m=[32m"M12 8h.01"[31m
                [36m/>[31m
              [36m</svg>[31m
              [36m<div[31m
                [33mclass[31m=[32m"flex-1"[31m
              [36m>[31m
                [36m<h3[31m
                  [33mclass[31m=[32m"text-lg font-semibold text-white mb-2"[31m
                [36m>[31m
                  [0mWelcome to the Memorial Wall[0m
                [36m</h3>[31m
                [36m<p[31m
                  [33mclass[31m=[32m"text-gray-300 text-sm mb-3"[31m
                [36m>[31m
                  [0mThis is a privacy-safe space where you can honor loved ones with peer-verified tributes. Each tribute requires [0m
                  [36m<strong>[31m
                    [0m3 cosigner signatures[0m
                  [36m</strong>[31m
                  [0m from the community before publication, ensuring authenticity and respect.[0m
                [36m</p>[31m
                [36m<ul[31m
                  [33mclass[31m=[32m"text-gray-400 text-sm space-y-1 list-disc list-inside mb-3"[31m
                [36m>[31m
                  [36m<li>[31m
                    [0mCreate tributes with optional dates and college affiliations[0m
                  [36m</li>[31m
                  [36m<li>[31m
                    [0mLight candles to show support (+2 VOICE per candle)[0m
                  [36m</li>[31m
                  [36m<li>[31m
                    [0mCosign tributes to help reach consensus[0m
                  [36m</li>[31m
                  [36m<li>[31m
                    [0mTrack audit trails for transparency[0m
                  [36m</li>[31m
                [36m</ul>[31m
              [36m</div>[31m
              [36m<button[31m
                [33mclass[31m=[32m"p-1 hover:bg-white/10 rounded transition-colors"[31m
              [36m>[31m
                [36m<svg[31m
                  [33maria-hidden[31m=[32m"true"[31m
                  [33mclass[31m=[32m"lucide lucide-x w-5 h-5 text-gray-400"[31m
                  [33mfill[31m=[32m"none"[31m
                  [33mheight[31m=[32m"24"[31m
                  [33mstroke[31m=[32m"currentColor"[31m
   ...[39m
 [31m×[39m src/components/memorial/__tests__/MemorialWall.test.tsx[2m > [22mMemorialWall[2m > [22mCollege Filter[2m > [22mshould list available colleges in filter dropdown[33m 1256[2mms[22m[39m
[31m   → Found a label with the text of: /College/i, however no form control was found associated to that label. Make sure you're using the "for" attribute or "aria-labelledby" attribute correctly.

Ignored nodes: comments, script, style
[36m<body>[31m
  [36m<div>[31m
    [36m<section[31m
      [33mclass[31m=[32m"min-h-screen px-4 py-8 max-w-6xl mx-auto"[31m
      [33mstyle[31m=[32m"opacity: 1;"[31m
    [36m>[31m
      [36m<div[31m
        [33mclass[31m=[32m"space-y-6"[31m
      [36m>[31m
        [36m<div[31m
          [33mclass[31m=[32m"glass p-8 text-center space-y-4"[31m
          [33mstyle[31m=[32m"opacity: 1; transform: none;"[31m
        [36m>[31m
          [36m<div[31m
            [33mclass[31m=[32m"flex justify-center"[31m
          [36m>[31m
            [36m<svg[31m
              [33maria-hidden[31m=[32m"true"[31m
              [33mclass[31m=[32m"lucide lucide-flame w-12 h-12 text-primary"[31m
              [33mfill[31m=[32m"none"[31m
              [33mheight[31m=[32m"24"[31m
              [33mstroke[31m=[32m"currentColor"[31m
              [33mstroke-linecap[31m=[32m"round"[31m
              [33mstroke-linejoin[31m=[32m"round"[31m
              [33mstroke-width[31m=[32m"2"[31m
              [33mviewBox[31m=[32m"0 0 24 24"[31m
              [33mwidth[31m=[32m"24"[31m
              [33mxmlns[31m=[32m"http://www.w3.org/2000/svg"[31m
            [36m>[31m
              [36m<path[31m
                [33md[31m=[32m"M12 3q1 4 4 6.5t3 5.5a1 1 0 0 1-14 0 5 5 0 0 1 1-3 1 1 0 0 0 5 0c0-2-1.5-3-1.5-5q0-2 2.5-4"[31m
              [36m/>[31m
            [36m</svg>[31m
          [36m</div>[31m
          [36m<h1[31m
            [33mclass[31m=[32m"text-3xl font-bold text-white"[31m
          [36m>[31m
            [0mMemorial Wall[0m
          [36m</h1>[31m
          [36m<p[31m
            [33mclass[31m=[32m"text-gray-300 max-w-2xl mx-auto"[31m
          [36m>[31m
            [0mA sacred space to honor and remember loved ones. Share tributes, light candles, and keep their memories alive.[0m
          [36m</p>[31m
          [36m<button[31m
            [33mclass[31m=[32m"inline-flex items-center space-x-2 px-6 py-3 bg-primary text-white rounded-lg hover:shadow-glow transition-all"[31m
            [33mtabindex[31m=[32m"0"[31m
          [36m>[31m
            [36m<svg[31m
              [33maria-hidden[31m=[32m"true"[31m
              [33mclass[31m=[32m"lucide lucide-plus w-5 h-5"[31m
              [33mfill[31m=[32m"none"[31m
              [33mheight[31m=[32m"24"[31m
              [33mstroke[31m=[32m"currentColor"[31m
              [33mstroke-linecap[31m=[32m"round"[31m
              [33mstroke-linejoin[31m=[32m"round"[31m
              [33mstroke-width[31m=[32m"2"[31m
              [33mviewBox[31m=[32m"0 0 24 24"[31m
              [33mwidth[31m=[32m"24"[31m
              [33mxmlns[31m=[32m"http://www.w3.org/2000/svg"[31m
            [36m>[31m
              [36m<path[31m
                [33md[31m=[32m"M5 12h14"[31m
              [36m/>[31m
              [36m<path[31m
                [33md[31m=[32m"M12 5v14"[31m
              [36m/>[31m
            [36m</svg>[31m
            [36m<span>[31m
              [0mCreate Tribute[0m
            [36m</span>[31m
          [36m</button>[31m
        [36m</div>[31m
        [36m<div[31m
          [33mclass[31m=[32m"glass p-6"[31m
          [33mstyle[31m=[32m"opacity: 1; transform: none;"[31m
        [36m>[31m
          [36m<div[31m
            [33mclass[31m=[32m"flex items-start gap-4"[31m
          [36m>[31m
            [36m<svg[31m
              [33maria-hidden[31m=[32m"true"[31m
              [33mclass[31m=[32m"lucide lucide-info w-6 h-6 text-primary flex-shrink-0 mt-1"[31m
              [33mfill[31m=[32m"none"[31m
              [33mheight[31m=[32m"24"[31m
              [33mstroke[31m=[32m"currentColor"[31m
              [33mstroke-linecap[31m=[32m"round"[31m
              [33mstroke-linejoin[31m=[32m"round"[31m
              [33mstroke-width[31m=[32m"2"[31m
              [33mviewBox[31m=[32m"0 0 24 24"[31m
              [33mwidth[31m=[32m"24"[31m
              [33mxmlns[31m=[32m"http://www.w3.org/2000/svg"[31m
            [36m>[31m
              [36m<circle[31m
                [33mcx[31m=[32m"12"[31m
                [33mcy[31m=[32m"12"[31m
                [33mr[31m=[32m"10"[31m
              [36m/>[31m
              [36m<path[31m
                [33md[31m=[32m"M12 16v-4"[31m
              [36m/>[31m
              [36m<path[31m
                [33md[31m=[32m"M12 8h.01"[31m
              [36m/>[31m
            [36m</svg>[31m
            [36m<div[31m
              [33mclass[31m=[32m"flex-1"[31m
            [36m>[31m
              [36m<h3[31m
                [33mclass[31m=[32m"text-lg font-semibold text-white mb-2"[31m
              [36m>[31m
                [0mWelcome to the Memorial Wall[0m
              [36m</h3>[31m
              [36m<p[31m
                [33mclass[31m=[32m"text-gray-300 text-sm mb-3"[31m
              [36m>[31m
                [0mThis is a privacy-safe space where you can honor loved ones with peer-verified tributes. Each tribute requires [0m
                [36m<strong>[31m
                  [0m3 cosigner signatures[0m
                [36m</strong>[31m
                [0m from the community before publication, ensuring authenticity and respect.[0m
              [36m</p>[31m
              [36m<ul[31m
                [33mclass[31m=[32m"text-gray-400 text-sm space-y-1 list-disc list-inside mb-3"[31m
              [36m>[31m
                [36m<li>[31m
                  [0mCreate tributes with optional dates and college affiliations[0m
                [36m</li>[31m
                [36m<li>[31m
                  [0mLight candles to show support (+2 VOICE per candle)[0m
                [36m</li>[31m
                [36m<li>[31m
                  [0mCosign tributes to help reach consensus[0m
                [36m</li>[31m
                [36m<li>[31m
                  [0mTrack audit trails for transparency[0m
                [36m</li>[31m
              [36m</ul>[31m
            [36m</div>[31m
            [36m<button[31m
              [33mclass[31m=[32m"p-1 hover:bg-white/10 rounded transition-colors"[31m
            [36m>[31m
              [36m<svg[31m
                [33maria-hidden[31m=[32m"true"[31m
                [33mclass[31m=[32m"lucide lucide-x w-5 h-5 text-gray-400"[31m
                [33mfill[31m=[32m"none"[31m
                [33mheight[31m=[32m"24"[31m
                [33mstroke[31m=[32m"currentColor"[31m
                [33mstroke-linecap[31m=[32m"round"[31m
                [33mstroke-linejoin[31m=[32m"round"[31m
                [33mstroke-width[31m=[32m"2"[31m
                [33mviewBox[31m=[32m"0 0 24 24"[31m
                [33mwidth[31m=[32m"24"[31m
                [33mxmlns[31m=[32m"http://www.w3.org/2000/s...

Ignored nodes: comments, script, style
[36m<html>[31m
  [36m<head />[31m
  [36m<body>[31m
    [36m<div>[31m
      [36m<section[31m
        [33mclass[31m=[32m"min-h-screen px-4 py-8 max-w-6xl mx-auto"[31m
        [33mstyle[31m=[32m"opacity: 1;"[31m
      [36m>[31m
        [36m<div[31m
          [33mclass[31m=[32m"space-y-6"[31m
        [36m>[31m
          [36m<div[31m
            [33mclass[31m=[32m"glass p-8 text-center space-y-4"[31m
            [33mstyle[31m=[32m"opacity: 1; transform: none;"[31m
          [36m>[31m
            [36m<div[31m
              [33mclass[31m=[32m"flex justify-center"[31m
            [36m>[31m
              [36m<svg[31m
                [33maria-hidden[31m=[32m"true"[31m
                [33mclass[31m=[32m"lucide lucide-flame w-12 h-12 text-primary"[31m
                [33mfill[31m=[32m"none"[31m
                [33mheight[31m=[32m"24"[31m
                [33mstroke[31m=[32m"currentColor"[31m
                [33mstroke-linecap[31m=[32m"round"[31m
                [33mstroke-linejoin[31m=[32m"round"[31m
                [33mstroke-width[31m=[32m"2"[31m
                [33mviewBox[31m=[32m"0 0 24 24"[31m
                [33mwidth[31m=[32m"24"[31m
                [33mxmlns[31m=[32m"http://www.w3.org/2000/svg"[31m
              [36m>[31m
                [36m<path[31m
                  [33md[31m=[32m"M12 3q1 4 4 6.5t3 5.5a1 1 0 0 1-14 0 5 5 0 0 1 1-3 1 1 0 0 0 5 0c0-2-1.5-3-1.5-5q0-2 2.5-4"[31m
                [36m/>[31m
              [36m</svg>[31m
            [36m</div>[31m
            [36m<h1[31m
              [33mclass[31m=[32m"text-3xl font-bold text-white"[31m
            [36m>[31m
              [0mMemorial Wall[0m
            [36m</h1>[31m
            [36m<p[31m
              [33mclass[31m=[32m"text-gray-300 max-w-2xl mx-auto"[31m
            [36m>[31m
              [0mA sacred space to honor and remember loved ones. Share tributes, light candles, and keep their memories alive.[0m
            [36m</p>[31m
            [36m<button[31m
              [33mclass[31m=[32m"inline-flex items-center space-x-2 px-6 py-3 bg-primary text-white rounded-lg hover:shadow-glow transition-all"[31m
              [33mtabindex[31m=[32m"0"[31m
            [36m>[31m
              [36m<svg[31m
                [33maria-hidden[31m=[32m"true"[31m
                [33mclass[31m=[32m"lucide lucide-plus w-5 h-5"[31m
                [33mfill[31m=[32m"none"[31m
                [33mheight[31m=[32m"24"[31m
                [33mstroke[31m=[32m"currentColor"[31m
                [33mstroke-linecap[31m=[32m"round"[31m
                [33mstroke-linejoin[31m=[32m"round"[31m
                [33mstroke-width[31m=[32m"2"[31m
                [33mviewBox[31m=[32m"0 0 24 24"[31m
                [33mwidth[31m=[32m"24"[31m
                [33mxmlns[31m=[32m"http://www.w3.org/2000/svg"[31m
              [36m>[31m
                [36m<path[31m
                  [33md[31m=[32m"M5 12h14"[31m
                [36m/>[31m
                [36m<path[31m
                  [33md[31m=[32m"M12 5v14"[31m
                [36m/>[31m
              [36m</svg>[31m
              [36m<span>[31m
                [0mCreate Tribute[0m
              [36m</span>[31m
            [36m</button>[31m
          [36m</div>[31m
          [36m<div[31m
            [33mclass[31m=[32m"glass p-6"[31m
            [33mstyle[31m=[32m"opacity: 1; transform: none;"[31m
          [36m>[31m
            [36m<div[31m
              [33mclass[31m=[32m"flex items-start gap-4"[31m
            [36m>[31m
              [36m<svg[31m
                [33maria-hidden[31m=[32m"true"[31m
                [33mclass[31m=[32m"lucide lucide-info w-6 h-6 text-primary flex-shrink-0 mt-1"[31m
                [33mfill[31m=[32m"none"[31m
                [33mheight[31m=[32m"24"[31m
                [33mstroke[31m=[32m"currentColor"[31m
                [33mstroke-linecap[31m=[32m"round"[31m
                [33mstroke-linejoin[31m=[32m"round"[31m
                [33mstroke-width[31m=[32m"2"[31m
                [33mviewBox[31m=[32m"0 0 24 24"[31m
                [33mwidth[31m=[32m"24"[31m
                [33mxmlns[31m=[32m"http://www.w3.org/2000/svg"[31m
              [36m>[31m
                [36m<circle[31m
                  [33mcx[31m=[32m"12"[31m
                  [33mcy[31m=[32m"12"[31m
                  [33mr[31m=[32m"10"[31m
                [36m/>[31m
                [36m<path[31m
                  [33md[31m=[32m"M12 16v-4"[31m
                [36m/>[31m
                [36m<path[31m
                  [33md[31m=[32m"M12 8h.01"[31m
                [36m/>[31m
              [36m</svg>[31m
              [36m<div[31m
                [33mclass[31m=[32m"flex-1"[31m
              [36m>[31m
                [36m<h3[31m
                  [33mclass[31m=[32m"text-lg font-semibold text-white mb-2"[31m
                [36m>[31m
                  [0mWelcome to the Memorial Wall[0m
                [36m</h3>[31m
                [36m<p[31m
                  [33mclass[31m=[32m"text-gray-300 text-sm mb-3"[31m
                [36m>[31m
                  [0mThis is a privacy-safe space where you can honor loved ones with peer-verified tributes. Each tribute requires [0m
                  [36m<strong>[31m
                    [0m3 cosigner signatures[0m
                  [36m</strong>[31m
                  [0m from the community before publication, ensuring authenticity and respect.[0m
                [36m</p>[31m
                [36m<ul[31m
                  [33mclass[31m=[32m"text-gray-400 text-sm space-y-1 list-disc list-inside mb-3"[31m
                [36m>[31m
                  [36m<li>[31m
                    [0mCreate tributes with optional dates and college affiliations[0m
                  [36m</li>[31m
                  [36m<li>[31m
                    [0mLight candles to show support (+2 VOICE per candle)[0m
                  [36m</li>[31m
                  [36m<li>[31m
                    [0mCosign tributes to help reach consensus[0m
                  [36m</li>[31m
                  [36m<li>[31m
                    [0mTrack audit trails for transparency[0m
                  [36m</li>[31m
                [36m</ul>[31m
              [36m</div>[31m
              [36m<button[31m
                [33mclass[31m=[32m"p-1 hover:bg-white/10 rounded transition-colors"[31m
              [36m>[31m
                [36m<svg[31m
                  [33maria-hidden[31m=[32m"true"[31m
                  [33mclass[31m=[32m"lucide lucide-x w-5 h-5 text-gray-400"[31m
                  [33mfill[31m=[32m"none"[31m
                  [33mheight[31m=[32m"24"[31m
                  [33mstroke[31m=[32m"currentColor"[31m
   ...[39m
 [31m×[39m src/components/memorial/__tests__/MemorialWall.test.tsx[2m > [22mMemorialWall[2m > [22mCollege Filter[2m > [22mshould filter tributes by selected college[33m 1232[2mms[22m[39m
[31m   → Found a label with the text of: /College/i, however no form control was found associated to that label. Make sure you're using the "for" attribute or "aria-labelledby" attribute correctly.

Ignored nodes: comments, script, style
[36m<body>[31m
  [36m<div>[31m
    [36m<section[31m
      [33mclass[31m=[32m"min-h-screen px-4 py-8 max-w-6xl mx-auto"[31m
      [33mstyle[31m=[32m"opacity: 1;"[31m
    [36m>[31m
      [36m<div[31m
        [33mclass[31m=[32m"space-y-6"[31m
      [36m>[31m
        [36m<div[31m
          [33mclass[31m=[32m"glass p-8 text-center space-y-4"[31m
          [33mstyle[31m=[32m"opacity: 1; transform: none;"[31m
        [36m>[31m
          [36m<div[31m
            [33mclass[31m=[32m"flex justify-center"[31m
          [36m>[31m
            [36m<svg[31m
              [33maria-hidden[31m=[32m"true"[31m
              [33mclass[31m=[32m"lucide lucide-flame w-12 h-12 text-primary"[31m
              [33mfill[31m=[32m"none"[31m
              [33mheight[31m=[32m"24"[31m
              [33mstroke[31m=[32m"currentColor"[31m
              [33mstroke-linecap[31m=[32m"round"[31m
              [33mstroke-linejoin[31m=[32m"round"[31m
              [33mstroke-width[31m=[32m"2"[31m
              [33mviewBox[31m=[32m"0 0 24 24"[31m
              [33mwidth[31m=[32m"24"[31m
              [33mxmlns[31m=[32m"http://www.w3.org/2000/svg"[31m
            [36m>[31m
              [36m<path[31m
                [33md[31m=[32m"M12 3q1 4 4 6.5t3 5.5a1 1 0 0 1-14 0 5 5 0 0 1 1-3 1 1 0 0 0 5 0c0-2-1.5-3-1.5-5q0-2 2.5-4"[31m
              [36m/>[31m
            [36m</svg>[31m
          [36m</div>[31m
          [36m<h1[31m
            [33mclass[31m=[32m"text-3xl font-bold text-white"[31m
          [36m>[31m
            [0mMemorial Wall[0m
          [36m</h1>[31m
          [36m<p[31m
            [33mclass[31m=[32m"text-gray-300 max-w-2xl mx-auto"[31m
          [36m>[31m
            [0mA sacred space to honor and remember loved ones. Share tributes, light candles, and keep their memories alive.[0m
          [36m</p>[31m
          [36m<button[31m
            [33mclass[31m=[32m"inline-flex items-center space-x-2 px-6 py-3 bg-primary text-white rounded-lg hover:shadow-glow transition-all"[31m
            [33mtabindex[31m=[32m"0"[31m
          [36m>[31m
            [36m<svg[31m
              [33maria-hidden[31m=[32m"true"[31m
              [33mclass[31m=[32m"lucide lucide-plus w-5 h-5"[31m
              [33mfill[31m=[32m"none"[31m
              [33mheight[31m=[32m"24"[31m
              [33mstroke[31m=[32m"currentColor"[31m
              [33mstroke-linecap[31m=[32m"round"[31m
              [33mstroke-linejoin[31m=[32m"round"[31m
              [33mstroke-width[31m=[32m"2"[31m
              [33mviewBox[31m=[32m"0 0 24 24"[31m
              [33mwidth[31m=[32m"24"[31m
              [33mxmlns[31m=[32m"http://www.w3.org/2000/svg"[31m
            [36m>[31m
              [36m<path[31m
                [33md[31m=[32m"M5 12h14"[31m
              [36m/>[31m
              [36m<path[31m
                [33md[31m=[32m"M12 5v14"[31m
              [36m/>[31m
            [36m</svg>[31m
            [36m<span>[31m
              [0mCreate Tribute[0m
            [36m</span>[31m
          [36m</button>[31m
        [36m</div>[31m
        [36m<div[31m
          [33mclass[31m=[32m"glass p-6"[31m
          [33mstyle[31m=[32m"opacity: 1; transform: none;"[31m
        [36m>[31m
          [36m<div[31m
            [33mclass[31m=[32m"flex items-start gap-4"[31m
          [36m>[31m
            [36m<svg[31m
              [33maria-hidden[31m=[32m"true"[31m
              [33mclass[31m=[32m"lucide lucide-info w-6 h-6 text-primary flex-shrink-0 mt-1"[31m
              [33mfill[31m=[32m"none"[31m
              [33mheight[31m=[32m"24"[31m
              [33mstroke[31m=[32m"currentColor"[31m
              [33mstroke-linecap[31m=[32m"round"[31m
              [33mstroke-linejoin[31m=[32m"round"[31m
              [33mstroke-width[31m=[32m"2"[31m
              [33mviewBox[31m=[32m"0 0 24 24"[31m
              [33mwidth[31m=[32m"24"[31m
              [33mxmlns[31m=[32m"http://www.w3.org/2000/svg"[31m
            [36m>[31m
              [36m<circle[31m
                [33mcx[31m=[32m"12"[31m
                [33mcy[31m=[32m"12"[31m
                [33mr[31m=[32m"10"[31m
              [36m/>[31m
              [36m<path[31m
                [33md[31m=[32m"M12 16v-4"[31m
              [36m/>[31m
              [36m<path[31m
                [33md[31m=[32m"M12 8h.01"[31m
              [36m/>[31m
            [36m</svg>[31m
            [36m<div[31m
              [33mclass[31m=[32m"flex-1"[31m
            [36m>[31m
              [36m<h3[31m
                [33mclass[31m=[32m"text-lg font-semibold text-white mb-2"[31m
              [36m>[31m
                [0mWelcome to the Memorial Wall[0m
              [36m</h3>[31m
              [36m<p[31m
                [33mclass[31m=[32m"text-gray-300 text-sm mb-3"[31m
              [36m>[31m
                [0mThis is a privacy-safe space where you can honor loved ones with peer-verified tributes. Each tribute requires [0m
                [36m<strong>[31m
                  [0m3 cosigner signatures[0m
                [36m</strong>[31m
                [0m from the community before publication, ensuring authenticity and respect.[0m
              [36m</p>[31m
              [36m<ul[31m
                [33mclass[31m=[32m"text-gray-400 text-sm space-y-1 list-disc list-inside mb-3"[31m
              [36m>[31m
                [36m<li>[31m
                  [0mCreate tributes with optional dates and college affiliations[0m
                [36m</li>[31m
                [36m<li>[31m
                  [0mLight candles to show support (+2 VOICE per candle)[0m
                [36m</li>[31m
                [36m<li>[31m
                  [0mCosign tributes to help reach consensus[0m
                [36m</li>[31m
                [36m<li>[31m
                  [0mTrack audit trails for transparency[0m
                [36m</li>[31m
              [36m</ul>[31m
            [36m</div>[31m
            [36m<button[31m
              [33mclass[31m=[32m"p-1 hover:bg-white/10 rounded transition-colors"[31m
            [36m>[31m
              [36m<svg[31m
                [33maria-hidden[31m=[32m"true"[31m
                [33mclass[31m=[32m"lucide lucide-x w-5 h-5 text-gray-400"[31m
                [33mfill[31m=[32m"none"[31m
                [33mheight[31m=[32m"24"[31m
                [33mstroke[31m=[32m"currentColor"[31m
                [33mstroke-linecap[31m=[32m"round"[31m
                [33mstroke-linejoin[31m=[32m"round"[31m
                [33mstroke-width[31m=[32m"2"[31m
                [33mviewBox[31m=[32m"0 0 24 24"[31m
                [33mwidth[31m=[32m"24"[31m
                [33mxmlns[31m=[32m"http://www.w3.org/2000/s...

Ignored nodes: comments, script, style
[36m<html>[31m
  [36m<head />[31m
  [36m<body>[31m
    [36m<div>[31m
      [36m<section[31m
        [33mclass[31m=[32m"min-h-screen px-4 py-8 max-w-6xl mx-auto"[31m
        [33mstyle[31m=[32m"opacity: 1;"[31m
      [36m>[31m
        [36m<div[31m
          [33mclass[31m=[32m"space-y-6"[31m
        [36m>[31m
          [36m<div[31m
            [33mclass[31m=[32m"glass p-8 text-center space-y-4"[31m
            [33mstyle[31m=[32m"opacity: 1; transform: none;"[31m
          [36m>[31m
            [36m<div[31m
              [33mclass[31m=[32m"flex justify-center"[31m
            [36m>[31m
              [36m<svg[31m
                [33maria-hidden[31m=[32m"true"[31m
                [33mclass[31m=[32m"lucide lucide-flame w-12 h-12 text-primary"[31m
                [33mfill[31m=[32m"none"[31m
                [33mheight[31m=[32m"24"[31m
                [33mstroke[31m=[32m"currentColor"[31m
                [33mstroke-linecap[31m=[32m"round"[31m
                [33mstroke-linejoin[31m=[32m"round"[31m
                [33mstroke-width[31m=[32m"2"[31m
                [33mviewBox[31m=[32m"0 0 24 24"[31m
                [33mwidth[31m=[32m"24"[31m
                [33mxmlns[31m=[32m"http://www.w3.org/2000/svg"[31m
              [36m>[31m
                [36m<path[31m
                  [33md[31m=[32m"M12 3q1 4 4 6.5t3 5.5a1 1 0 0 1-14 0 5 5 0 0 1 1-3 1 1 0 0 0 5 0c0-2-1.5-3-1.5-5q0-2 2.5-4"[31m
                [36m/>[31m
              [36m</svg>[31m
            [36m</div>[31m
            [36m<h1[31m
              [33mclass[31m=[32m"text-3xl font-bold text-white"[31m
            [36m>[31m
              [0mMemorial Wall[0m
            [36m</h1>[31m
            [36m<p[31m
              [33mclass[31m=[32m"text-gray-300 max-w-2xl mx-auto"[31m
            [36m>[31m
              [0mA sacred space to honor and remember loved ones. Share tributes, light candles, and keep their memories alive.[0m
            [36m</p>[31m
            [36m<button[31m
              [33mclass[31m=[32m"inline-flex items-center space-x-2 px-6 py-3 bg-primary text-white rounded-lg hover:shadow-glow transition-all"[31m
              [33mtabindex[31m=[32m"0"[31m
            [36m>[31m
              [36m<svg[31m
                [33maria-hidden[31m=[32m"true"[31m
                [33mclass[31m=[32m"lucide lucide-plus w-5 h-5"[31m
                [33mfill[31m=[32m"none"[31m
                [33mheight[31m=[32m"24"[31m
                [33mstroke[31m=[32m"currentColor"[31m
                [33mstroke-linecap[31m=[32m"round"[31m
                [33mstroke-linejoin[31m=[32m"round"[31m
                [33mstroke-width[31m=[32m"2"[31m
                [33mviewBox[31m=[32m"0 0 24 24"[31m
                [33mwidth[31m=[32m"24"[31m
                [33mxmlns[31m=[32m"http://www.w3.org/2000/svg"[31m
              [36m>[31m
                [36m<path[31m
                  [33md[31m=[32m"M5 12h14"[31m
                [36m/>[31m
                [36m<path[31m
                  [33md[31m=[32m"M12 5v14"[31m
                [36m/>[31m
              [36m</svg>[31m
              [36m<span>[31m
                [0mCreate Tribute[0m
              [36m</span>[31m
            [36m</button>[31m
          [36m</div>[31m
          [36m<div[31m
            [33mclass[31m=[32m"glass p-6"[31m
            [33mstyle[31m=[32m"opacity: 1; transform: none;"[31m
          [36m>[31m
            [36m<div[31m
              [33mclass[31m=[32m"flex items-start gap-4"[31m
            [36m>[31m
              [36m<svg[31m
                [33maria-hidden[31m=[32m"true"[31m
                [33mclass[31m=[32m"lucide lucide-info w-6 h-6 text-primary flex-shrink-0 mt-1"[31m
                [33mfill[31m=[32m"none"[31m
                [33mheight[31m=[32m"24"[31m
                [33mstroke[31m=[32m"currentColor"[31m
                [33mstroke-linecap[31m=[32m"round"[31m
                [33mstroke-linejoin[31m=[32m"round"[31m
                [33mstroke-width[31m=[32m"2"[31m
                [33mviewBox[31m=[32m"0 0 24 24"[31m
                [33mwidth[31m=[32m"24"[31m
                [33mxmlns[31m=[32m"http://www.w3.org/2000/svg"[31m
              [36m>[31m
                [36m<circle[31m
                  [33mcx[31m=[32m"12"[31m
                  [33mcy[31m=[32m"12"[31m
                  [33mr[31m=[32m"10"[31m
                [36m/>[31m
                [36m<path[31m
                  [33md[31m=[32m"M12 16v-4"[31m
                [36m/>[31m
                [36m<path[31m
                  [33md[31m=[32m"M12 8h.01"[31m
                [36m/>[31m
              [36m</svg>[31m
              [36m<div[31m
                [33mclass[31m=[32m"flex-1"[31m
              [36m>[31m
                [36m<h3[31m
                  [33mclass[31m=[32m"text-lg font-semibold text-white mb-2"[31m
                [36m>[31m
                  [0mWelcome to the Memorial Wall[0m
                [36m</h3>[31m
                [36m<p[31m
                  [33mclass[31m=[32m"text-gray-300 text-sm mb-3"[31m
                [36m>[31m
                  [0mThis is a privacy-safe space where you can honor loved ones with peer-verified tributes. Each tribute requires [0m
                  [36m<strong>[31m
                    [0m3 cosigner signatures[0m
                  [36m</strong>[31m
                  [0m from the community before publication, ensuring authenticity and respect.[0m
                [36m</p>[31m
                [36m<ul[31m
                  [33mclass[31m=[32m"text-gray-400 text-sm space-y-1 list-disc list-inside mb-3"[31m
                [36m>[31m
                  [36m<li>[31m
                    [0mCreate tributes with optional dates and college affiliations[0m
                  [36m</li>[31m
                  [36m<li>[31m
                    [0mLight candles to show support (+2 VOICE per candle)[0m
                  [36m</li>[31m
                  [36m<li>[31m
                    [0mCosign tributes to help reach consensus[0m
                  [36m</li>[31m
                  [36m<li>[31m
                    [0mTrack audit trails for transparency[0m
                  [36m</li>[31m
                [36m</ul>[31m
              [36m</div>[31m
              [36m<button[31m
                [33mclass[31m=[32m"p-1 hover:bg-white/10 rounded transition-colors"[31m
              [36m>[31m
                [36m<svg[31m
                  [33maria-hidden[31m=[32m"true"[31m
                  [33mclass[31m=[32m"lucide lucide-x w-5 h-5 text-gray-400"[31m
                  [33mfill[31m=[32m"none"[31m
                  [33mheight[31m=[32m"24"[31m
                  [33mstroke[31m=[32m"currentColor"[31m
   ...[39m
[90mstdout[2m | src/pages/__tests__/TokenMarketplace.test.tsx
[22m[39mMigrating wallet data from v1...
Migration complete: { balance: [33m0[39m, pending: [33m0[39m, totalEarned: [33m0[39m, transactionCount: [33m0[39m }

 [31m×[39m src/components/memorial/__tests__/MemorialWall.test.tsx[2m > [22mMemorialWall[2m > [22mCollege Filter[2m > [22mshould show active filter indicator[33m 1224[2mms[22m[39m
[31m   → Found a label with the text of: /College/i, however no form control was found associated to that label. Make sure you're using the "for" attribute or "aria-labelledby" attribute correctly.

Ignored nodes: comments, script, style
[36m<body>[31m
  [36m<div>[31m
    [36m<section[31m
      [33mclass[31m=[32m"min-h-screen px-4 py-8 max-w-6xl mx-auto"[31m
      [33mstyle[31m=[32m"opacity: 1;"[31m
    [36m>[31m
      [36m<div[31m
        [33mclass[31m=[32m"space-y-6"[31m
      [36m>[31m
        [36m<div[31m
          [33mclass[31m=[32m"glass p-8 text-center space-y-4"[31m
          [33mstyle[31m=[32m"opacity: 1; transform: none;"[31m
        [36m>[31m
          [36m<div[31m
            [33mclass[31m=[32m"flex justify-center"[31m
          [36m>[31m
            [36m<svg[31m
              [33maria-hidden[31m=[32m"true"[31m
              [33mclass[31m=[32m"lucide lucide-flame w-12 h-12 text-primary"[31m
              [33mfill[31m=[32m"none"[31m
              [33mheight[31m=[32m"24"[31m
              [33mstroke[31m=[32m"currentColor"[31m
              [33mstroke-linecap[31m=[32m"round"[31m
              [33mstroke-linejoin[31m=[32m"round"[31m
              [33mstroke-width[31m=[32m"2"[31m
              [33mviewBox[31m=[32m"0 0 24 24"[31m
              [33mwidth[31m=[32m"24"[31m
              [33mxmlns[31m=[32m"http://www.w3.org/2000/svg"[31m
            [36m>[31m
              [36m<path[31m
                [33md[31m=[32m"M12 3q1 4 4 6.5t3 5.5a1 1 0 0 1-14 0 5 5 0 0 1 1-3 1 1 0 0 0 5 0c0-2-1.5-3-1.5-5q0-2 2.5-4"[31m
              [36m/>[31m
            [36m</svg>[31m
          [36m</div>[31m
          [36m<h1[31m
            [33mclass[31m=[32m"text-3xl font-bold text-white"[31m
          [36m>[31m
            [0mMemorial Wall[0m
          [36m</h1>[31m
          [36m<p[31m
            [33mclass[31m=[32m"text-gray-300 max-w-2xl mx-auto"[31m
          [36m>[31m
            [0mA sacred space to honor and remember loved ones. Share tributes, light candles, and keep their memories alive.[0m
          [36m</p>[31m
          [36m<button[31m
            [33mclass[31m=[32m"inline-flex items-center space-x-2 px-6 py-3 bg-primary text-white rounded-lg hover:shadow-glow transition-all"[31m
            [33mtabindex[31m=[32m"0"[31m
          [36m>[31m
            [36m<svg[31m
              [33maria-hidden[31m=[32m"true"[31m
              [33mclass[31m=[32m"lucide lucide-plus w-5 h-5"[31m
              [33mfill[31m=[32m"none"[31m
              [33mheight[31m=[32m"24"[31m
              [33mstroke[31m=[32m"currentColor"[31m
              [33mstroke-linecap[31m=[32m"round"[31m
              [33mstroke-linejoin[31m=[32m"round"[31m
              [33mstroke-width[31m=[32m"2"[31m
              [33mviewBox[31m=[32m"0 0 24 24"[31m
              [33mwidth[31m=[32m"24"[31m
              [33mxmlns[31m=[32m"http://www.w3.org/2000/svg"[31m
            [36m>[31m
              [36m<path[31m
                [33md[31m=[32m"M5 12h14"[31m
              [36m/>[31m
              [36m<path[31m
                [33md[31m=[32m"M12 5v14"[31m
              [36m/>[31m
            [36m</svg>[31m
            [36m<span>[31m
              [0mCreate Tribute[0m
            [36m</span>[31m
          [36m</button>[31m
        [36m</div>[31m
        [36m<div[31m
          [33mclass[31m=[32m"glass p-6"[31m
          [33mstyle[31m=[32m"opacity: 1; transform: none;"[31m
        [36m>[31m
          [36m<div[31m
            [33mclass[31m=[32m"flex items-start gap-4"[31m
          [36m>[31m
            [36m<svg[31m
              [33maria-hidden[31m=[32m"true"[31m
              [33mclass[31m=[32m"lucide lucide-info w-6 h-6 text-primary flex-shrink-0 mt-1"[31m
              [33mfill[31m=[32m"none"[31m
              [33mheight[31m=[32m"24"[31m
              [33mstroke[31m=[32m"currentColor"[31m
              [33mstroke-linecap[31m=[32m"round"[31m
              [33mstroke-linejoin[31m=[32m"round"[31m
              [33mstroke-width[31m=[32m"2"[31m
              [33mviewBox[31m=[32m"0 0 24 24"[31m
              [33mwidth[31m=[32m"24"[31m
              [33mxmlns[31m=[32m"http://www.w3.org/2000/svg"[31m
            [36m>[31m
              [36m<circle[31m
                [33mcx[31m=[32m"12"[31m
                [33mcy[31m=[32m"12"[31m
                [33mr[31m=[32m"10"[31m
              [36m/>[31m
              [36m<path[31m
                [33md[31m=[32m"M12 16v-4"[31m
              [36m/>[31m
              [36m<path[31m
                [33md[31m=[32m"M12 8h.01"[31m
              [36m/>[31m
            [36m</svg>[31m
            [36m<div[31m
              [33mclass[31m=[32m"flex-1"[31m
            [36m>[31m
              [36m<h3[31m
                [33mclass[31m=[32m"text-lg font-semibold text-white mb-2"[31m
              [36m>[31m
                [0mWelcome to the Memorial Wall[0m
              [36m</h3>[31m
              [36m<p[31m
                [33mclass[31m=[32m"text-gray-300 text-sm mb-3"[31m
              [36m>[31m
                [0mThis is a privacy-safe space where you can honor loved ones with peer-verified tributes. Each tribute requires [0m
                [36m<strong>[31m
                  [0m3 cosigner signatures[0m
                [36m</strong>[31m
                [0m from the community before publication, ensuring authenticity and respect.[0m
              [36m</p>[31m
              [36m<ul[31m
                [33mclass[31m=[32m"text-gray-400 text-sm space-y-1 list-disc list-inside mb-3"[31m
              [36m>[31m
                [36m<li>[31m
                  [0mCreate tributes with optional dates and college affiliations[0m
                [36m</li>[31m
                [36m<li>[31m
                  [0mLight candles to show support (+2 VOICE per candle)[0m
                [36m</li>[31m
                [36m<li>[31m
                  [0mCosign tributes to help reach consensus[0m
                [36m</li>[31m
                [36m<li>[31m
                  [0mTrack audit trails for transparency[0m
                [36m</li>[31m
              [36m</ul>[31m
            [36m</div>[31m
            [36m<button[31m
              [33mclass[31m=[32m"p-1 hover:bg-white/10 rounded transition-colors"[31m
            [36m>[31m
              [36m<svg[31m
                [33maria-hidden[31m=[32m"true"[31m
                [33mclass[31m=[32m"lucide lucide-x w-5 h-5 text-gray-400"[31m
                [33mfill[31m=[32m"none"[31m
                [33mheight[31m=[32m"24"[31m
                [33mstroke[31m=[32m"currentColor"[31m
                [33mstroke-linecap[31m=[32m"round"[31m
                [33mstroke-linejoin[31m=[32m"round"[31m
                [33mstroke-width[31m=[32m"2"[31m
                [33mviewBox[31m=[32m"0 0 24 24"[31m
                [33mwidth[31m=[32m"24"[31m
                [33mxmlns[31m=[32m"http://www.w3.org/2000/s...

Ignored nodes: comments, script, style
[36m<html>[31m
  [36m<head />[31m
  [36m<body>[31m
    [36m<div>[31m
      [36m<section[31m
        [33mclass[31m=[32m"min-h-screen px-4 py-8 max-w-6xl mx-auto"[31m
        [33mstyle[31m=[32m"opacity: 1;"[31m
      [36m>[31m
        [36m<div[31m
          [33mclass[31m=[32m"space-y-6"[31m
        [36m>[31m
          [36m<div[31m
            [33mclass[31m=[32m"glass p-8 text-center space-y-4"[31m
            [33mstyle[31m=[32m"opacity: 1; transform: none;"[31m
          [36m>[31m
            [36m<div[31m
              [33mclass[31m=[32m"flex justify-center"[31m
            [36m>[31m
              [36m<svg[31m
                [33maria-hidden[31m=[32m"true"[31m
                [33mclass[31m=[32m"lucide lucide-flame w-12 h-12 text-primary"[31m
                [33mfill[31m=[32m"none"[31m
                [33mheight[31m=[32m"24"[31m
                [33mstroke[31m=[32m"currentColor"[31m
                [33mstroke-linecap[31m=[32m"round"[31m
                [33mstroke-linejoin[31m=[32m"round"[31m
                [33mstroke-width[31m=[32m"2"[31m
                [33mviewBox[31m=[32m"0 0 24 24"[31m
                [33mwidth[31m=[32m"24"[31m
                [33mxmlns[31m=[32m"http://www.w3.org/2000/svg"[31m
              [36m>[31m
                [36m<path[31m
                  [33md[31m=[32m"M12 3q1 4 4 6.5t3 5.5a1 1 0 0 1-14 0 5 5 0 0 1 1-3 1 1 0 0 0 5 0c0-2-1.5-3-1.5-5q0-2 2.5-4"[31m
                [36m/>[31m
              [36m</svg>[31m
            [36m</div>[31m
            [36m<h1[31m
              [33mclass[31m=[32m"text-3xl font-bold text-white"[31m
            [36m>[31m
              [0mMemorial Wall[0m
            [36m</h1>[31m
            [36m<p[31m
              [33mclass[31m=[32m"text-gray-300 max-w-2xl mx-auto"[31m
            [36m>[31m
              [0mA sacred space to honor and remember loved ones. Share tributes, light candles, and keep their memories alive.[0m
            [36m</p>[31m
            [36m<button[31m
              [33mclass[31m=[32m"inline-flex items-center space-x-2 px-6 py-3 bg-primary text-white rounded-lg hover:shadow-glow transition-all"[31m
              [33mtabindex[31m=[32m"0"[31m
            [36m>[31m
              [36m<svg[31m
                [33maria-hidden[31m=[32m"true"[31m
                [33mclass[31m=[32m"lucide lucide-plus w-5 h-5"[31m
                [33mfill[31m=[32m"none"[31m
                [33mheight[31m=[32m"24"[31m
                [33mstroke[31m=[32m"currentColor"[31m
                [33mstroke-linecap[31m=[32m"round"[31m
                [33mstroke-linejoin[31m=[32m"round"[31m
                [33mstroke-width[31m=[32m"2"[31m
                [33mviewBox[31m=[32m"0 0 24 24"[31m
                [33mwidth[31m=[32m"24"[31m
                [33mxmlns[31m=[32m"http://www.w3.org/2000/svg"[31m
              [36m>[31m
                [36m<path[31m
                  [33md[31m=[32m"M5 12h14"[31m
                [36m/>[31m
                [36m<path[31m
                  [33md[31m=[32m"M12 5v14"[31m
                [36m/>[31m
              [36m</svg>[31m
              [36m<span>[31m
                [0mCreate Tribute[0m
              [36m</span>[31m
            [36m</button>[31m
          [36m</div>[31m
          [36m<div[31m
            [33mclass[31m=[32m"glass p-6"[31m
            [33mstyle[31m=[32m"opacity: 1; transform: none;"[31m
          [36m>[31m
            [36m<div[31m
              [33mclass[31m=[32m"flex items-start gap-4"[31m
            [36m>[31m
              [36m<svg[31m
                [33maria-hidden[31m=[32m"true"[31m
                [33mclass[31m=[32m"lucide lucide-info w-6 h-6 text-primary flex-shrink-0 mt-1"[31m
                [33mfill[31m=[32m"none"[31m
                [33mheight[31m=[32m"24"[31m
                [33mstroke[31m=[32m"currentColor"[31m
                [33mstroke-linecap[31m=[32m"round"[31m
                [33mstroke-linejoin[31m=[32m"round"[31m
                [33mstroke-width[31m=[32m"2"[31m
                [33mviewBox[31m=[32m"0 0 24 24"[31m
                [33mwidth[31m=[32m"24"[31m
                [33mxmlns[31m=[32m"http://www.w3.org/2000/svg"[31m
              [36m>[31m
                [36m<circle[31m
                  [33mcx[31m=[32m"12"[31m
                  [33mcy[31m=[32m"12"[31m
                  [33mr[31m=[32m"10"[31m
                [36m/>[31m
                [36m<path[31m
                  [33md[31m=[32m"M12 16v-4"[31m
                [36m/>[31m
                [36m<path[31m
                  [33md[31m=[32m"M12 8h.01"[31m
                [36m/>[31m
              [36m</svg>[31m
              [36m<div[31m
                [33mclass[31m=[32m"flex-1"[31m
              [36m>[31m
                [36m<h3[31m
                  [33mclass[31m=[32m"text-lg font-semibold text-white mb-2"[31m
                [36m>[31m
                  [0mWelcome to the Memorial Wall[0m
                [36m</h3>[31m
                [36m<p[31m
                  [33mclass[31m=[32m"text-gray-300 text-sm mb-3"[31m
                [36m>[31m
                  [0mThis is a privacy-safe space where you can honor loved ones with peer-verified tributes. Each tribute requires [0m
                  [36m<strong>[31m
                    [0m3 cosigner signatures[0m
                  [36m</strong>[31m
                  [0m from the community before publication, ensuring authenticity and respect.[0m
                [36m</p>[31m
                [36m<ul[31m
                  [33mclass[31m=[32m"text-gray-400 text-sm space-y-1 list-disc list-inside mb-3"[31m
                [36m>[31m
                  [36m<li>[31m
                    [0mCreate tributes with optional dates and college affiliations[0m
                  [36m</li>[31m
                  [36m<li>[31m
                    [0mLight candles to show support (+2 VOICE per candle)[0m
                  [36m</li>[31m
                  [36m<li>[31m
                    [0mCosign tributes to help reach consensus[0m
                  [36m</li>[31m
                  [36m<li>[31m
                    [0mTrack audit trails for transparency[0m
                  [36m</li>[31m
                [36m</ul>[31m
              [36m</div>[31m
              [36m<button[31m
                [33mclass[31m=[32m"p-1 hover:bg-white/10 rounded transition-colors"[31m
              [36m>[31m
                [36m<svg[31m
                  [33maria-hidden[31m=[32m"true"[31m
                  [33mclass[31m=[32m"lucide lucide-x w-5 h-5 text-gray-400"[31m
                  [33mfill[31m=[32m"none"[31m
                  [33mheight[31m=[32m"24"[31m
                  [33mstroke[31m=[32m"currentColor"[31m
   ...[39m
 [31m×[39m src/components/memorial/__tests__/MemorialWall.test.tsx[2m > [22mMemorialWall[2m > [22mCollege Filter[2m > [22mshould show result count when filters are active[33m 1205[2mms[22m[39m
[31m   → Found a label with the text of: /College/i, however no form control was found associated to that label. Make sure you're using the "for" attribute or "aria-labelledby" attribute correctly.

Ignored nodes: comments, script, style
[36m<body>[31m
  [36m<div>[31m
    [36m<section[31m
      [33mclass[31m=[32m"min-h-screen px-4 py-8 max-w-6xl mx-auto"[31m
      [33mstyle[31m=[32m"opacity: 1;"[31m
    [36m>[31m
      [36m<div[31m
        [33mclass[31m=[32m"space-y-6"[31m
      [36m>[31m
        [36m<div[31m
          [33mclass[31m=[32m"glass p-8 text-center space-y-4"[31m
          [33mstyle[31m=[32m"opacity: 1; transform: none;"[31m
        [36m>[31m
          [36m<div[31m
            [33mclass[31m=[32m"flex justify-center"[31m
          [36m>[31m
            [36m<svg[31m
              [33maria-hidden[31m=[32m"true"[31m
              [33mclass[31m=[32m"lucide lucide-flame w-12 h-12 text-primary"[31m
              [33mfill[31m=[32m"none"[31m
              [33mheight[31m=[32m"24"[31m
              [33mstroke[31m=[32m"currentColor"[31m
              [33mstroke-linecap[31m=[32m"round"[31m
              [33mstroke-linejoin[31m=[32m"round"[31m
              [33mstroke-width[31m=[32m"2"[31m
              [33mviewBox[31m=[32m"0 0 24 24"[31m
              [33mwidth[31m=[32m"24"[31m
              [33mxmlns[31m=[32m"http://www.w3.org/2000/svg"[31m
            [36m>[31m
              [36m<path[31m
                [33md[31m=[32m"M12 3q1 4 4 6.5t3 5.5a1 1 0 0 1-14 0 5 5 0 0 1 1-3 1 1 0 0 0 5 0c0-2-1.5-3-1.5-5q0-2 2.5-4"[31m
              [36m/>[31m
            [36m</svg>[31m
          [36m</div>[31m
          [36m<h1[31m
            [33mclass[31m=[32m"text-3xl font-bold text-white"[31m
          [36m>[31m
            [0mMemorial Wall[0m
          [36m</h1>[31m
          [36m<p[31m
            [33mclass[31m=[32m"text-gray-300 max-w-2xl mx-auto"[31m
          [36m>[31m
            [0mA sacred space to honor and remember loved ones. Share tributes, light candles, and keep their memories alive.[0m
          [36m</p>[31m
          [36m<button[31m
            [33mclass[31m=[32m"inline-flex items-center space-x-2 px-6 py-3 bg-primary text-white rounded-lg hover:shadow-glow transition-all"[31m
            [33mtabindex[31m=[32m"0"[31m
          [36m>[31m
            [36m<svg[31m
              [33maria-hidden[31m=[32m"true"[31m
              [33mclass[31m=[32m"lucide lucide-plus w-5 h-5"[31m
              [33mfill[31m=[32m"none"[31m
              [33mheight[31m=[32m"24"[31m
              [33mstroke[31m=[32m"currentColor"[31m
              [33mstroke-linecap[31m=[32m"round"[31m
              [33mstroke-linejoin[31m=[32m"round"[31m
              [33mstroke-width[31m=[32m"2"[31m
              [33mviewBox[31m=[32m"0 0 24 24"[31m
              [33mwidth[31m=[32m"24"[31m
              [33mxmlns[31m=[32m"http://www.w3.org/2000/svg"[31m
            [36m>[31m
              [36m<path[31m
                [33md[31m=[32m"M5 12h14"[31m
              [36m/>[31m
              [36m<path[31m
                [33md[31m=[32m"M12 5v14"[31m
              [36m/>[31m
            [36m</svg>[31m
            [36m<span>[31m
              [0mCreate Tribute[0m
            [36m</span>[31m
          [36m</button>[31m
        [36m</div>[31m
        [36m<div[31m
          [33mclass[31m=[32m"glass p-6"[31m
          [33mstyle[31m=[32m"opacity: 1; transform: none;"[31m
        [36m>[31m
          [36m<div[31m
            [33mclass[31m=[32m"flex items-start gap-4"[31m
          [36m>[31m
            [36m<svg[31m
              [33maria-hidden[31m=[32m"true"[31m
              [33mclass[31m=[32m"lucide lucide-info w-6 h-6 text-primary flex-shrink-0 mt-1"[31m
              [33mfill[31m=[32m"none"[31m
              [33mheight[31m=[32m"24"[31m
              [33mstroke[31m=[32m"currentColor"[31m
              [33mstroke-linecap[31m=[32m"round"[31m
              [33mstroke-linejoin[31m=[32m"round"[31m
              [33mstroke-width[31m=[32m"2"[31m
              [33mviewBox[31m=[32m"0 0 24 24"[31m
              [33mwidth[31m=[32m"24"[31m
              [33mxmlns[31m=[32m"http://www.w3.org/2000/svg"[31m
            [36m>[31m
              [36m<circle[31m
                [33mcx[31m=[32m"12"[31m
                [33mcy[31m=[32m"12"[31m
                [33mr[31m=[32m"10"[31m
              [36m/>[31m
              [36m<path[31m
                [33md[31m=[32m"M12 16v-4"[31m
              [36m/>[31m
              [36m<path[31m
                [33md[31m=[32m"M12 8h.01"[31m
              [36m/>[31m
            [36m</svg>[31m
            [36m<div[31m
              [33mclass[31m=[32m"flex-1"[31m
            [36m>[31m
              [36m<h3[31m
                [33mclass[31m=[32m"text-lg font-semibold text-white mb-2"[31m
              [36m>[31m
                [0mWelcome to the Memorial Wall[0m
              [36m</h3>[31m
              [36m<p[31m
                [33mclass[31m=[32m"text-gray-300 text-sm mb-3"[31m
              [36m>[31m
                [0mThis is a privacy-safe space where you can honor loved ones with peer-verified tributes. Each tribute requires [0m
                [36m<strong>[31m
                  [0m3 cosigner signatures[0m
                [36m</strong>[31m
                [0m from the community before publication, ensuring authenticity and respect.[0m
              [36m</p>[31m
              [36m<ul[31m
                [33mclass[31m=[32m"text-gray-400 text-sm space-y-1 list-disc list-inside mb-3"[31m
              [36m>[31m
                [36m<li>[31m
                  [0mCreate tributes with optional dates and college affiliations[0m
                [36m</li>[31m
                [36m<li>[31m
                  [0mLight candles to show support (+2 VOICE per candle)[0m
                [36m</li>[31m
                [36m<li>[31m
                  [0mCosign tributes to help reach consensus[0m
                [36m</li>[31m
                [36m<li>[31m
                  [0mTrack audit trails for transparency[0m
                [36m</li>[31m
              [36m</ul>[31m
            [36m</div>[31m
            [36m<button[31m
              [33mclass[31m=[32m"p-1 hover:bg-white/10 rounded transition-colors"[31m
            [36m>[31m
              [36m<svg[31m
                [33maria-hidden[31m=[32m"true"[31m
                [33mclass[31m=[32m"lucide lucide-x w-5 h-5 text-gray-400"[31m
                [33mfill[31m=[32m"none"[31m
                [33mheight[31m=[32m"24"[31m
                [33mstroke[31m=[32m"currentColor"[31m
                [33mstroke-linecap[31m=[32m"round"[31m
                [33mstroke-linejoin[31m=[32m"round"[31m
                [33mstroke-width[31m=[32m"2"[31m
                [33mviewBox[31m=[32m"0 0 24 24"[31m
                [33mwidth[31m=[32m"24"[31m
                [33mxmlns[31m=[32m"http://www.w3.org/2000/s...

Ignored nodes: comments, script, style
[36m<html>[31m
  [36m<head />[31m
  [36m<body>[31m
    [36m<div>[31m
      [36m<section[31m
        [33mclass[31m=[32m"min-h-screen px-4 py-8 max-w-6xl mx-auto"[31m
        [33mstyle[31m=[32m"opacity: 1;"[31m
      [36m>[31m
        [36m<div[31m
          [33mclass[31m=[32m"space-y-6"[31m
        [36m>[31m
          [36m<div[31m
            [33mclass[31m=[32m"glass p-8 text-center space-y-4"[31m
            [33mstyle[31m=[32m"opacity: 1; transform: none;"[31m
          [36m>[31m
            [36m<div[31m
              [33mclass[31m=[32m"flex justify-center"[31m
            [36m>[31m
              [36m<svg[31m
                [33maria-hidden[31m=[32m"true"[31m
                [33mclass[31m=[32m"lucide lucide-flame w-12 h-12 text-primary"[31m
                [33mfill[31m=[32m"none"[31m
                [33mheight[31m=[32m"24"[31m
                [33mstroke[31m=[32m"currentColor"[31m
                [33mstroke-linecap[31m=[32m"round"[31m
                [33mstroke-linejoin[31m=[32m"round"[31m
                [33mstroke-width[31m=[32m"2"[31m
                [33mviewBox[31m=[32m"0 0 24 24"[31m
                [33mwidth[31m=[32m"24"[31m
                [33mxmlns[31m=[32m"http://www.w3.org/2000/svg"[31m
              [36m>[31m
                [36m<path[31m
                  [33md[31m=[32m"M12 3q1 4 4 6.5t3 5.5a1 1 0 0 1-14 0 5 5 0 0 1 1-3 1 1 0 0 0 5 0c0-2-1.5-3-1.5-5q0-2 2.5-4"[31m
                [36m/>[31m
              [36m</svg>[31m
            [36m</div>[31m
            [36m<h1[31m
              [33mclass[31m=[32m"text-3xl font-bold text-white"[31m
            [36m>[31m
              [0mMemorial Wall[0m
            [36m</h1>[31m
            [36m<p[31m
              [33mclass[31m=[32m"text-gray-300 max-w-2xl mx-auto"[31m
            [36m>[31m
              [0mA sacred space to honor and remember loved ones. Share tributes, light candles, and keep their memories alive.[0m
            [36m</p>[31m
            [36m<button[31m
              [33mclass[31m=[32m"inline-flex items-center space-x-2 px-6 py-3 bg-primary text-white rounded-lg hover:shadow-glow transition-all"[31m
              [33mtabindex[31m=[32m"0"[31m
            [36m>[31m
              [36m<svg[31m
                [33maria-hidden[31m=[32m"true"[31m
                [33mclass[31m=[32m"lucide lucide-plus w-5 h-5"[31m
                [33mfill[31m=[32m"none"[31m
                [33mheight[31m=[32m"24"[31m
                [33mstroke[31m=[32m"currentColor"[31m
                [33mstroke-linecap[31m=[32m"round"[31m
                [33mstroke-linejoin[31m=[32m"round"[31m
                [33mstroke-width[31m=[32m"2"[31m
                [33mviewBox[31m=[32m"0 0 24 24"[31m
                [33mwidth[31m=[32m"24"[31m
                [33mxmlns[31m=[32m"http://www.w3.org/2000/svg"[31m
              [36m>[31m
                [36m<path[31m
                  [33md[31m=[32m"M5 12h14"[31m
                [36m/>[31m
                [36m<path[31m
                  [33md[31m=[32m"M12 5v14"[31m
                [36m/>[31m
              [36m</svg>[31m
              [36m<span>[31m
                [0mCreate Tribute[0m
              [36m</span>[31m
            [36m</button>[31m
          [36m</div>[31m
          [36m<div[31m
            [33mclass[31m=[32m"glass p-6"[31m
            [33mstyle[31m=[32m"opacity: 1; transform: none;"[31m
          [36m>[31m
            [36m<div[31m
              [33mclass[31m=[32m"flex items-start gap-4"[31m
            [36m>[31m
              [36m<svg[31m
                [33maria-hidden[31m=[32m"true"[31m
                [33mclass[31m=[32m"lucide lucide-info w-6 h-6 text-primary flex-shrink-0 mt-1"[31m
                [33mfill[31m=[32m"none"[31m
                [33mheight[31m=[32m"24"[31m
                [33mstroke[31m=[32m"currentColor"[31m
                [33mstroke-linecap[31m=[32m"round"[31m
                [33mstroke-linejoin[31m=[32m"round"[31m
                [33mstroke-width[31m=[32m"2"[31m
                [33mviewBox[31m=[32m"0 0 24 24"[31m
                [33mwidth[31m=[32m"24"[31m
                [33mxmlns[31m=[32m"http://www.w3.org/2000/svg"[31m
              [36m>[31m
                [36m<circle[31m
                  [33mcx[31m=[32m"12"[31m
                  [33mcy[31m=[32m"12"[31m
                  [33mr[31m=[32m"10"[31m
                [36m/>[31m
                [36m<path[31m
                  [33md[31m=[32m"M12 16v-4"[31m
                [36m/>[31m
                [36m<path[31m
                  [33md[31m=[32m"M12 8h.01"[31m
                [36m/>[31m
              [36m</svg>[31m
              [36m<div[31m
                [33mclass[31m=[32m"flex-1"[31m
              [36m>[31m
                [36m<h3[31m
                  [33mclass[31m=[32m"text-lg font-semibold text-white mb-2"[31m
                [36m>[31m
                  [0mWelcome to the Memorial Wall[0m
                [36m</h3>[31m
                [36m<p[31m
                  [33mclass[31m=[32m"text-gray-300 text-sm mb-3"[31m
                [36m>[31m
                  [0mThis is a privacy-safe space where you can honor loved ones with peer-verified tributes. Each tribute requires [0m
                  [36m<strong>[31m
                    [0m3 cosigner signatures[0m
                  [36m</strong>[31m
                  [0m from the community before publication, ensuring authenticity and respect.[0m
                [36m</p>[31m
                [36m<ul[31m
                  [33mclass[31m=[32m"text-gray-400 text-sm space-y-1 list-disc list-inside mb-3"[31m
                [36m>[31m
                  [36m<li>[31m
                    [0mCreate tributes with optional dates and college affiliations[0m
                  [36m</li>[31m
                  [36m<li>[31m
                    [0mLight candles to show support (+2 VOICE per candle)[0m
                  [36m</li>[31m
                  [36m<li>[31m
                    [0mCosign tributes to help reach consensus[0m
                  [36m</li>[31m
                  [36m<li>[31m
                    [0mTrack audit trails for transparency[0m
                  [36m</li>[31m
                [36m</ul>[31m
              [36m</div>[31m
              [36m<button[31m
                [33mclass[31m=[32m"p-1 hover:bg-white/10 rounded transition-colors"[31m
              [36m>[31m
                [36m<svg[31m
                  [33maria-hidden[31m=[32m"true"[31m
                  [33mclass[31m=[32m"lucide lucide-x w-5 h-5 text-gray-400"[31m
                  [33mfill[31m=[32m"none"[31m
                  [33mheight[31m=[32m"24"[31m
                  [33mstroke[31m=[32m"currentColor"[31m
   ...[39m
 [32m✓[39m src/lib/search/__tests__/searchEngine.test.ts[2m > [22mSearch Engine[2m > [22mbuildInvertedIndex[2m > [22mshould build index from posts[32m 3[2mms[22m[39m
 [32m✓[39m src/lib/search/__tests__/searchEngine.test.ts[2m > [22mSearch Engine[2m > [22mbuildInvertedIndex[2m > [22mshould index post content[32m 1[2mms[22m[39m
 [32m✓[39m src/lib/search/__tests__/searchEngine.test.ts[2m > [22mSearch Engine[2m > [22mbuildInvertedIndex[2m > [22mshould index categories[32m 0[2mms[22m[39m
 [32m✓[39m src/lib/search/__tests__/searchEngine.test.ts[2m > [22mSearch Engine[2m > [22mbuildInvertedIndex[2m > [22mshould include comments when enabled[32m 5[2mms[22m[39m
 [32m✓[39m src/lib/search/__tests__/searchEngine.test.ts[2m > [22mSearch Engine[2m > [22mbuildInvertedIndex[2m > [22mshould exclude comments when disabled[32m 0[2mms[22m[39m
 [32m✓[39m src/lib/search/__tests__/searchEngine.test.ts[2m > [22mSearch Engine[2m > [22mbuildInvertedIndex[2m > [22mshould not index hidden posts[32m 0[2mms[22m[39m
 [32m✓[39m src/lib/search/__tests__/searchEngine.test.ts[2m > [22mSearch Engine[2m > [22mbuildInvertedIndex[2m > [22mshould not index private posts for other users[32m 0[2mms[22m[39m
 [32m✓[39m src/lib/search/__tests__/searchEngine.test.ts[2m > [22mSearch Engine[2m > [22mbuildInvertedIndex[2m > [22mshould index private posts for owner[32m 0[2mms[22m[39m
 [32m✓[39m src/lib/search/__tests__/searchEngine.test.ts[2m > [22mSearch Engine[2m > [22mbuildInvertedIndex[2m > [22mshould handle encrypted posts with placeholder[32m 0[2mms[22m[39m
 [32m✓[39m src/lib/search/__tests__/searchEngine.test.ts[2m > [22mSearch Engine[2m > [22mbuildInvertedIndex[2m > [22mshould filter out stop words[32m 0[2mms[22m[39m
 [32m✓[39m src/lib/search/__tests__/searchEngine.test.ts[2m > [22mSearch Engine[2m > [22msearchIndex[2m > [22mshould return empty results for empty query[32m 1[2mms[22m[39m
 [32m✓[39m src/lib/search/__tests__/searchEngine.test.ts[2m > [22mSearch Engine[2m > [22msearchIndex[2m > [22mshould find posts by keyword[32m 1[2mms[22m[39m
 [32m✓[39m src/lib/search/__tests__/searchEngine.test.ts[2m > [22mSearch Engine[2m > [22msearchIndex[2m > [22mshould find posts by category[32m 0[2mms[22m[39m
 [32m✓[39m src/lib/search/__tests__/searchEngine.test.ts[2m > [22mSearch Engine[2m > [22msearchIndex[2m > [22mshould find comments when enabled[32m 1[2mms[22m[39m
 [32m✓[39m src/lib/search/__tests__/searchEngine.test.ts[2m > [22mSearch Engine[2m > [22msearchIndex[2m > [22mshould exclude comments when disabled[32m 0[2mms[22m[39m
 [32m✓[39m src/lib/search/__tests__/searchEngine.test.ts[2m > [22mSearch Engine[2m > [22msearchIndex[2m > [22mshould rank results by relevance[32m 0[2mms[22m[39m
 [32m✓[39m src/lib/search/__tests__/searchEngine.test.ts[2m > [22mSearch Engine[2m > [22msearchIndex[2m > [22mshould limit results[32m 0[2mms[22m[39m
 [32m✓[39m src/lib/search/__tests__/searchEngine.test.ts[2m > [22mSearch Engine[2m > [22msearchIndex[2m > [22mshould highlight matched terms[32m 0[2mms[22m[39m
 [32m✓[39m src/lib/search/__tests__/searchEngine.test.ts[2m > [22mSearch Engine[2m > [22msearchIndex[2m > [22mshould include metadata[32m 0[2mms[22m[39m
 [32m✓[39m src/lib/search/__tests__/searchEngine.test.ts[2m > [22mSearch Engine[2m > [22msearchIndex[2m > [22mshould mark encrypted posts in metadata[32m 0[2mms[22m[39m
 [32m✓[39m src/lib/search/__tests__/searchEngine.test.ts[2m > [22mSearch Engine[2m > [22msearchIndex[2m > [22mshould handle multi-word queries[32m 0[2mms[22m[39m
 [32m✓[39m src/lib/search/__tests__/searchEngine.test.ts[2m > [22mSearch Engine[2m > [22msearchIndex[2m > [22mshould be case-insensitive[32m 0[2mms[22m[39m
 [32m✓[39m src/lib/search/__tests__/searchEngine.test.ts[2m > [22mSearch Engine[2m > [22msearch[2m > [22mshould use client-side search by default[32m 0[2mms[22m[39m
 [32m✓[39m src/lib/search/__tests__/searchEngine.test.ts[2m > [22mSearch Engine[2m > [22msearch[2m > [22mshould include post and comment types[32m 0[2mms[22m[39m
 [32m✓[39m src/lib/search/__tests__/searchEngine.test.ts[2m > [22mSearch Engine[2m > [22msearch[2m > [22mshould respect maxResults option[32m 0[2mms[22m[39m
 [32m✓[39m src/lib/search/__tests__/searchEngine.test.ts[2m > [22mSearch Engine[2m > [22mPermission and Encryption Handling[2m > [22mshould show encrypted placeholder for encrypted posts[32m 0[2mms[22m[39m
 [32m✓[39m src/lib/search/__tests__/searchEngine.test.ts[2m > [22mSearch Engine[2m > [22mPermission and Encryption Handling[2m > [22mshould not return hidden posts[32m 0[2mms[22m[39m
 [32m✓[39m src/lib/search/__tests__/searchEngine.test.ts[2m > [22mSearch Engine[2m > [22mPermission and Encryption Handling[2m > [22mshould only return private posts to owner[32m 0[2mms[22m[39m
 [32m✓[39m src/lib/search/__tests__/searchEngine.test.ts[2m > [22mSearch Engine[2m > [22mRelevance Ranking[2m > [22mshould rank exact matches higher[32m 0[2mms[22m[39m
 [32m✓[39m src/lib/search/__tests__/searchEngine.test.ts[2m > [22mSearch Engine[2m > [22mRelevance Ranking[2m > [22mshould assign higher scores to posts with more matches[32m 0[2mms[22m[39m
 [32m✓[39m src/components/memorial/__tests__/MemorialWall.test.tsx[2m > [22mMemorialWall[2m > [22mClear Filters[2m > [22mshould show clear filters button when filters are active[33m 375[2mms[22m[39m
 [32m✓[39m src/components/memorial/__tests__/MemorialWall.test.tsx[2m > [22mMemorialWall[2m > [22mClear Filters[2m > [22mshould reset all filters when clear button clicked[33m 354[2mms[22m[39m
 [32m✓[39m src/lib/storage/__tests__/mediaUtils.test.ts[2m > [22mMedia Utils[2m > [22mstripImageMetadata[2m > [22mshould export stripImageMetadata function[32m 1[2mms[22m[39m
 [32m✓[39m src/lib/storage/__tests__/mediaUtils.test.ts[2m > [22mMedia Utils[2m > [22mstripImageMetadata[2m > [22mshould return a Promise[32m 2[2mms[22m[39m
 [31m×[39m src/components/memorial/__tests__/MemorialWall.test.tsx[2m > [22mMemorialWall[2m > [22mCreate Tribute Modal[2m > [22mshould open modal when create button clicked[33m 3104[2mms[22m[39m
[31m   → Found a label with the text of: /Name of the person/i, however no form control was found associated to that label. Make sure you're using the "for" attribute or "aria-labelledby" attribute correctly.

Ignored nodes: comments, script, style
[36m<body>[31m
  [36m<div>[31m
    [36m<section[31m
      [33mclass[31m=[32m"min-h-screen px-4 py-8 max-w-6xl mx-auto"[31m
      [33mstyle[31m=[32m"opacity: 1;"[31m
    [36m>[31m
      [36m<div[31m
        [33mclass[31m=[32m"space-y-6"[31m
      [36m>[31m
        [36m<div[31m
          [33mclass[31m=[32m"glass p-8 text-center space-y-4"[31m
          [33mstyle[31m=[32m"opacity: 1; transform: none;"[31m
        [36m>[31m
          [36m<div[31m
            [33mclass[31m=[32m"flex justify-center"[31m
          [36m>[31m
            [36m<svg[31m
              [33maria-hidden[31m=[32m"true"[31m
              [33mclass[31m=[32m"lucide lucide-flame w-12 h-12 text-primary"[31m
              [33mfill[31m=[32m"none"[31m
              [33mheight[31m=[32m"24"[31m
              [33mstroke[31m=[32m"currentColor"[31m
              [33mstroke-linecap[31m=[32m"round"[31m
              [33mstroke-linejoin[31m=[32m"round"[31m
              [33mstroke-width[31m=[32m"2"[31m
              [33mviewBox[31m=[32m"0 0 24 24"[31m
              [33mwidth[31m=[32m"24"[31m
              [33mxmlns[31m=[32m"http://www.w3.org/2000/svg"[31m
            [36m>[31m
              [36m<path[31m
                [33md[31m=[32m"M12 3q1 4 4 6.5t3 5.5a1 1 0 0 1-14 0 5 5 0 0 1 1-3 1 1 0 0 0 5 0c0-2-1.5-3-1.5-5q0-2 2.5-4"[31m
              [36m/>[31m
            [36m</svg>[31m
          [36m</div>[31m
          [36m<h1[31m
            [33mclass[31m=[32m"text-3xl font-bold text-white"[31m
          [36m>[31m
            [0mMemorial Wall[0m
          [36m</h1>[31m
          [36m<p[31m
            [33mclass[31m=[32m"text-gray-300 max-w-2xl mx-auto"[31m
          [36m>[31m
            [0mA sacred space to honor and remember loved ones. Share tributes, light candles, and keep their memories alive.[0m
          [36m</p>[31m
          [36m<button[31m
            [33mclass[31m=[32m"inline-flex items-center space-x-2 px-6 py-3 bg-primary text-white rounded-lg hover:shadow-glow transition-all"[31m
            [33mstyle[31m=[32m"transform: scale(1.05);"[31m
            [33mtabindex[31m=[32m"0"[31m
          [36m>[31m
            [36m<svg[31m
              [33maria-hidden[31m=[32m"true"[31m
              [33mclass[31m=[32m"lucide lucide-plus w-5 h-5"[31m
              [33mfill[31m=[32m"none"[31m
              [33mheight[31m=[32m"24"[31m
              [33mstroke[31m=[32m"currentColor"[31m
              [33mstroke-linecap[31m=[32m"round"[31m
              [33mstroke-linejoin[31m=[32m"round"[31m
              [33mstroke-width[31m=[32m"2"[31m
              [33mviewBox[31m=[32m"0 0 24 24"[31m
              [33mwidth[31m=[32m"24"[31m
              [33mxmlns[31m=[32m"http://www.w3.org/2000/svg"[31m
            [36m>[31m
              [36m<path[31m
                [33md[31m=[32m"M5 12h14"[31m
              [36m/>[31m
              [36m<path[31m
                [33md[31m=[32m"M12 5v14"[31m
              [36m/>[31m
            [36m</svg>[31m
            [36m<span>[31m
              [0mCreate Tribute[0m
            [36m</span>[31m
          [36m</button>[31m
        [36m</div>[31m
        [36m<div[31m
          [33mclass[31m=[32m"glass p-6"[31m
          [33mstyle[31m=[32m"opacity: 1; transform: none;"[31m
        [36m>[31m
          [36m<div[31m
            [33mclass[31m=[32m"flex items-start gap-4"[31m
          [36m>[31m
            [36m<svg[31m
              [33maria-hidden[31m=[32m"true"[31m
              [33mclass[31m=[32m"lucide lucide-info w-6 h-6 text-primary flex-shrink-0 mt-1"[31m
              [33mfill[31m=[32m"none"[31m
              [33mheight[31m=[32m"24"[31m
              [33mstroke[31m=[32m"currentColor"[31m
              [33mstroke-linecap[31m=[32m"round"[31m
              [33mstroke-linejoin[31m=[32m"round"[31m
              [33mstroke-width[31m=[32m"2"[31m
              [33mviewBox[31m=[32m"0 0 24 24"[31m
              [33mwidth[31m=[32m"24"[31m
              [33mxmlns[31m=[32m"http://www.w3.org/2000/svg"[31m
            [36m>[31m
              [36m<circle[31m
                [33mcx[31m=[32m"12"[31m
                [33mcy[31m=[32m"12"[31m
                [33mr[31m=[32m"10"[31m
              [36m/>[31m
              [36m<path[31m
                [33md[31m=[32m"M12 16v-4"[31m
              [36m/>[31m
              [36m<path[31m
                [33md[31m=[32m"M12 8h.01"[31m
              [36m/>[31m
            [36m</svg>[31m
            [36m<div[31m
              [33mclass[31m=[32m"flex-1"[31m
            [36m>[31m
              [36m<h3[31m
                [33mclass[31m=[32m"text-lg font-semibold text-white mb-2"[31m
              [36m>[31m
                [0mWelcome to the Memorial Wall[0m
              [36m</h3>[31m
              [36m<p[31m
                [33mclass[31m=[32m"text-gray-300 text-sm mb-3"[31m
              [36m>[31m
                [0mThis is a privacy-safe space where you can honor loved ones with peer-verified tributes. Each tribute requires [0m
                [36m<strong>[31m
                  [0m3 cosigner signatures[0m
                [36m</strong>[31m
                [0m from the community before publication, ensuring authenticity and respect.[0m
              [36m</p>[31m
              [36m<ul[31m
                [33mclass[31m=[32m"text-gray-400 text-sm space-y-1 list-disc list-inside mb-3"[31m
              [36m>[31m
                [36m<li>[31m
                  [0mCreate tributes with optional dates and college affiliations[0m
                [36m</li>[31m
                [36m<li>[31m
                  [0mLight candles to show support (+2 VOICE per candle)[0m
                [36m</li>[31m
                [36m<li>[31m
                  [0mCosign tributes to help reach consensus[0m
                [36m</li>[31m
                [36m<li>[31m
                  [0mTrack audit trails for transparency[0m
                [36m</li>[31m
              [36m</ul>[31m
            [36m</div>[31m
            [36m<button[31m
              [33mclass[31m=[32m"p-1 hover:bg-white/10 rounded transition-colors"[31m
            [36m>[31m
              [36m<svg[31m
                [33maria-hidden[31m=[32m"true"[31m
                [33mclass[31m=[32m"lucide lucide-x w-5 h-5 text-gray-400"[31m
                [33mfill[31m=[32m"none"[31m
                [33mheight[31m=[32m"24"[31m
                [33mstroke[31m=[32m"currentColor"[31m
                [33mstroke-linecap[31m=[32m"round"[31m
                [33mstroke-linejoin[31m=[32m"round"[31m
                [33mstroke-width[31m=[32m"2"[31m
                [33mviewBox[31m=[32m"0 0 24 24"[31m
                [33mwidth[31m=[32m"24"[39...

Ignored nodes: comments, script, style
[36m<html>[31m
  [36m<head />[31m
  [36m<body>[31m
    [36m<div>[31m
      [36m<section[31m
        [33mclass[31m=[32m"min-h-screen px-4 py-8 max-w-6xl mx-auto"[31m
        [33mstyle[31m=[32m"opacity: 1;"[31m
      [36m>[31m
        [36m<div[31m
          [33mclass[31m=[32m"space-y-6"[31m
        [36m>[31m
          [36m<div[31m
            [33mclass[31m=[32m"glass p-8 text-center space-y-4"[31m
            [33mstyle[31m=[32m"opacity: 1; transform: none;"[31m
          [36m>[31m
            [36m<div[31m
              [33mclass[31m=[32m"flex justify-center"[31m
            [36m>[31m
              [36m<svg[31m
                [33maria-hidden[31m=[32m"true"[31m
                [33mclass[31m=[32m"lucide lucide-flame w-12 h-12 text-primary"[31m
                [33mfill[31m=[32m"none"[31m
                [33mheight[31m=[32m"24"[31m
                [33mstroke[31m=[32m"currentColor"[31m
                [33mstroke-linecap[31m=[32m"round"[31m
                [33mstroke-linejoin[31m=[32m"round"[31m
                [33mstroke-width[31m=[32m"2"[31m
                [33mviewBox[31m=[32m"0 0 24 24"[31m
                [33mwidth[31m=[32m"24"[31m
                [33mxmlns[31m=[32m"http://www.w3.org/2000/svg"[31m
              [36m>[31m
                [36m<path[31m
                  [33md[31m=[32m"M12 3q1 4 4 6.5t3 5.5a1 1 0 0 1-14 0 5 5 0 0 1 1-3 1 1 0 0 0 5 0c0-2-1.5-3-1.5-5q0-2 2.5-4"[31m
                [36m/>[31m
              [36m</svg>[31m
            [36m</div>[31m
            [36m<h1[31m
              [33mclass[31m=[32m"text-3xl font-bold text-white"[31m
            [36m>[31m
              [0mMemorial Wall[0m
            [36m</h1>[31m
            [36m<p[31m
              [33mclass[31m=[32m"text-gray-300 max-w-2xl mx-auto"[31m
            [36m>[31m
              [0mA sacred space to honor and remember loved ones. Share tributes, light candles, and keep their memories alive.[0m
            [36m</p>[31m
            [36m<button[31m
              [33mclass[31m=[32m"inline-flex items-center space-x-2 px-6 py-3 bg-primary text-white rounded-lg hover:shadow-glow transition-all"[31m
              [33mstyle[31m=[32m"transform: scale(1.05);"[31m
              [33mtabindex[31m=[32m"0"[31m
            [36m>[31m
              [36m<svg[31m
                [33maria-hidden[31m=[32m"true"[31m
                [33mclass[31m=[32m"lucide lucide-plus w-5 h-5"[31m
                [33mfill[31m=[32m"none"[31m
                [33mheight[31m=[32m"24"[31m
                [33mstroke[31m=[32m"currentColor"[31m
                [33mstroke-linecap[31m=[32m"round"[31m
                [33mstroke-linejoin[31m=[32m"round"[31m
                [33mstroke-width[31m=[32m"2"[31m
                [33mviewBox[31m=[32m"0 0 24 24"[31m
                [33mwidth[31m=[32m"24"[31m
                [33mxmlns[31m=[32m"http://www.w3.org/2000/svg"[31m
              [36m>[31m
                [36m<path[31m
                  [33md[31m=[32m"M5 12h14"[31m
                [36m/>[31m
                [36m<path[31m
                  [33md[31m=[32m"M12 5v14"[31m
                [36m/>[31m
              [36m</svg>[31m
              [36m<span>[31m
                [0mCreate Tribute[0m
              [36m</span>[31m
            [36m</button>[31m
          [36m</div>[31m
          [36m<div[31m
            [33mclass[31m=[32m"glass p-6"[31m
            [33mstyle[31m=[32m"opacity: 1; transform: none;"[31m
          [36m>[31m
            [36m<div[31m
              [33mclass[31m=[32m"flex items-start gap-4"[31m
            [36m>[31m
              [36m<svg[31m
                [33maria-hidden[31m=[32m"true"[31m
                [33mclass[31m=[32m"lucide lucide-info w-6 h-6 text-primary flex-shrink-0 mt-1"[31m
                [33mfill[31m=[32m"none"[31m
                [33mheight[31m=[32m"24"[31m
                [33mstroke[31m=[32m"currentColor"[31m
                [33mstroke-linecap[31m=[32m"round"[31m
                [33mstroke-linejoin[31m=[32m"round"[31m
                [33mstroke-width[31m=[32m"2"[31m
                [33mviewBox[31m=[32m"0 0 24 24"[31m
                [33mwidth[31m=[32m"24"[31m
                [33mxmlns[31m=[32m"http://www.w3.org/2000/svg"[31m
              [36m>[31m
                [36m<circle[31m
                  [33mcx[31m=[32m"12"[31m
                  [33mcy[31m=[32m"12"[31m
                  [33mr[31m=[32m"10"[31m
                [36m/>[31m
                [36m<path[31m
                  [33md[31m=[32m"M12 16v-4"[31m
                [36m/>[31m
                [36m<path[31m
                  [33md[31m=[32m"M12 8h.01"[31m
                [36m/>[31m
              [36m</svg>[31m
              [36m<div[31m
                [33mclass[31m=[32m"flex-1"[31m
              [36m>[31m
                [36m<h3[31m
                  [33mclass[31m=[32m"text-lg font-semibold text-white mb-2"[31m
                [36m>[31m
                  [0mWelcome to the Memorial Wall[0m
                [36m</h3>[31m
                [36m<p[31m
                  [33mclass[31m=[32m"text-gray-300 text-sm mb-3"[31m
                [36m>[31m
                  [0mThis is a privacy-safe space where you can honor loved ones with peer-verified tributes. Each tribute requires [0m
                  [36m<strong>[31m
                    [0m3 cosigner signatures[0m
                  [36m</strong>[31m
                  [0m from the community before publication, ensuring authenticity and respect.[0m
                [36m</p>[31m
                [36m<ul[31m
                  [33mclass[31m=[32m"text-gray-400 text-sm space-y-1 list-disc list-inside mb-3"[31m
                [36m>[31m
                  [36m<li>[31m
                    [0mCreate tributes with optional dates and college affiliations[0m
                  [36m</li>[31m
                  [36m<li>[31m
                    [0mLight candles to show support (+2 VOICE per candle)[0m
                  [36m</li>[31m
                  [36m<li>[31m
                    [0mCosign tributes to help reach consensus[0m
                  [36m</li>[31m
                  [36m<li>[31m
                    [0mTrack audit trails for transparency[0m
                  [36m</li>[31m
                [36m</ul>[31m
              [36m</div>[31m
              [36m<button[31m
                [33mclass[31m=[32m"p-1 hover:bg-white/10 rounded transition-colors"[31m
              [36m>[31m
                [36m<svg[31m
                  [33maria-hidden[31m=[32m"true"[31m
                  [33mclass[31m=[32m"lucide lucide-x w-5 h-5 text-gray-400"[31m
                  [33mfill[31m=[32m"none"[31m
                  [33mheight[31m=[32m"24"[3...[39m
 [32m✓[39m src/components/memorial/__tests__/MemorialWall.test.tsx[2m > [22mMemorialWall[2m > [22mTribute Display[2m > [22mshould display tributes sorted by creation date (newest first)[32m 29[2mms[22m[39m
 [32m✓[39m src/components/memorial/__tests__/MemorialWall.test.tsx[2m > [22mMemorialWall[2m > [22mTribute Display[2m > [22mshould display all tributes in grid view[32m 27[2mms[22m[39m
 [32m✓[39m src/lib/storage/__tests__/mediaUtils.test.ts[2m > [22mMedia Utils[2m > [22mstripImageMetadata[2m > [22mshould reject invalid files with timeout protection[33m 3007[2mms[22m[39m
 [32m✓[39m src/lib/storage/__tests__/mediaUtils.test.ts[2m > [22mMedia Utils[2m > [22mgenerateThumbnail[2m > [22mshould export generateThumbnail function[32m 0[2mms[22m[39m
 [32m✓[39m src/lib/storage/__tests__/mediaUtils.test.ts[2m > [22mMedia Utils[2m > [22mgenerateThumbnail[2m > [22mshould return a Promise[32m 1[2mms[22m[39m
 [32m✓[39m src/lib/storage/__tests__/mediaUtils.test.ts[2m > [22mMedia Utils[2m > [22mgenerateThumbnail[2m > [22mshould accept maxWidth parameter[32m 0[2mms[22m[39m
 [32m✓[39m src/lib/storage/__tests__/mediaUtils.test.ts[2m > [22mMedia Utils[2m > [22mgenerateThumbnail[2m > [22mshould have default maxWidth of 200[32m 0[2mms[22m[39m
 [31m×[39m src/components/memorial/__tests__/MemorialWall.test.tsx[2m > [22mMemorialWall[2m > [22mWelcome Message Dismissal[2m > [22mshould dismiss welcome message when X button clicked[33m 3092[2mms[22m[39m
[31m   → [2mexpect([22m[31melement[31m[2m).not.toBeInTheDocument()[22m

[31mexpected document not to contain element, found <h3
  class="text-lg font-semibold text-white mb-2"
>
  Welcome to the Memorial Wall
</h3> instead[31m

Ignored nodes: comments, script, style
[36m<html>[31m
  [36m<head />[31m
  [36m<body>[31m
    [36m<div>[31m
      [36m<section[31m
        [33mclass[31m=[32m"min-h-screen px-4 py-8 max-w-6xl mx-auto"[31m
        [33mstyle[31m=[32m"opacity: 1;"[31m
      [36m>[31m
        [36m<div[31m
          [33mclass[31m=[32m"space-y-6"[31m
        [36m>[31m
          [36m<div[31m
            [33mclass[31m=[32m"glass p-8 text-center space-y-4"[31m
            [33mstyle[31m=[32m"opacity: 1; transform: none;"[31m
          [36m>[31m
            [36m<div[31m
              [33mclass[31m=[32m"flex justify-center"[31m
            [36m>[31m
              [36m<svg[31m
                [33maria-hidden[31m=[32m"true"[31m
                [33mclass[31m=[32m"lucide lucide-flame w-12 h-12 text-primary"[31m
                [33mfill[31m=[32m"none"[31m
                [33mheight[31m=[32m"24"[31m
                [33mstroke[31m=[32m"currentColor"[31m
                [33mstroke-linecap[31m=[32m"round"[31m
                [33mstroke-linejoin[31m=[32m"round"[31m
                [33mstroke-width[31m=[32m"2"[31m
                [33mviewBox[31m=[32m"0 0 24 24"[31m
                [33mwidth[31m=[32m"24"[31m
                [33mxmlns[31m=[32m"http://www.w3.org/2000/svg"[31m
              [36m>[31m
                [36m<path[31m
                  [33md[31m=[32m"M12 3q1 4 4 6.5t3 5.5a1 1 0 0 1-14 0 5 5 0 0 1 1-3 1 1 0 0 0 5 0c0-2-1.5-3-1.5-5q0-2 2.5-4"[31m
                [36m/>[31m
              [36m</svg>[31m
            [36m</div>[31m
            [36m<h1[31m
              [33mclass[31m=[32m"text-3xl font-bold text-white"[31m
            [36m>[31m
              [0mMemorial Wall[0m
            [36m</h1>[31m
            [36m<p[31m
              [33mclass[31m=[32m"text-gray-300 max-w-2xl mx-auto"[31m
            [36m>[31m
              [0mA sacred space to honor and remember loved ones. Share tributes, light candles, and keep their memories alive.[0m
            [36m</p>[31m
            [36m<button[31m
              [33mclass[31m=[32m"inline-flex items-center space-x-2 px-6 py-3 bg-primary text-white rounded-lg hover:shadow-glow transition-all"[31m
              [33mtabindex[31m=[32m"0"[31m
            [36m>[31m
              [36m<svg[31m
                [33maria-hidden[31m=[32m"true"[31m
                [33mclass[31m=[32m"lucide lucide-plus w-5 h-5"[31m
                [33mfill[31m=[32m"none"[31m
                [33mheight[31m=[32m"24"[31m
                [33mstroke[31m=[32m"currentColor"[31m
                [33mstroke-linecap[31m=[32m"round"[31m
                [33mstroke-linejoin[31m=[32m"round"[31m
                [33mstroke-width[31m=[32m"2"[31m
                [33mviewBox[31m=[32m"0 0 24 24"[31m
                [33mwidth[31m=[32m"24"[31m
                [33mxmlns[31m=[32m"http://www.w3.org/2000/svg"[31m
              [36m>[31m
                [36m<path[31m
                  [33md[31m=[32m"M5 12h14"[31m
                [36m/>[31m
                [36m<path[31m
                  [33md[31m=[32m"M12 5v14"[31m
                [36m/>[31m
              [36m</svg>[31m
              [36m<span>[31m
                [0mCreate Tribute[0m
              [36m</span>[31m
            [36m</button>[31m
          [36m</div>[31m
          [36m<div[31m
            [33mclass[31m=[32m"glass p-6"[31m
            [33mstyle[31m=[32m"opacity: 0; transform: translateY(-19.932175220010862px);"[31m
          [36m>[31m
            [36m<div[31m
              [33mclass[31m=[32m"flex items-start gap-4"[31m
            [36m>[31m
              [36m<svg[31m
                [33maria-hidden[31m=[32m"true"[31m
                [33mclass[31m=[32m"lucide lucide-info w-6 h-6 text-primary flex-shrink-0 mt-1"[31m
                [33mfill[31m=[32m"none"[31m
                [33mheight[31m=[32m"24"[31m
                [33mstroke[31m=[32m"currentColor"[31m
                [33mstroke-linecap[31m=[32m"round"[31m
                [33mstroke-linejoin[31m=[32m"round"[31m
                [33mstroke-width[31m=[32m"2"[31m
                [33mviewBox[31m=[32m"0 0 24 24"[31m
                [33mwidth[31m=[32m"24"[31m
                [33mxmlns[31m=[32m"http://www.w3.org/2000/svg"[31m
              [36m>[31m
                [36m<circle[31m
                  [33mcx[31m=[32m"12"[31m
                  [33mcy[31m=[32m"12"[31m
                  [33mr[31m=[32m"10"[31m
                [36m/>[31m
                [36m<path[31m
                  [33md[31m=[32m"M12 16v-4"[31m
                [36m/>[31m
                [36m<path[31m
                  [33md[31m=[32m"M12 8h.01"[31m
                [36m/>[31m
              [36m</svg>[31m
              [36m<div[31m
                [33mclass[31m=[32m"flex-1"[31m
              [36m>[31m
                [36m<h3[31m
                  [33mclass[31m=[32m"text-lg font-semibold text-white mb-2"[31m
                [36m>[31m
                  [0mWelcome to the Memorial Wall[0m
                [36m</h3>[31m
                [36m<p[31m
                  [33mclass[31m=[32m"text-gray-300 text-sm mb-3"[31m
                [36m>[31m
                  [0mThis is a privacy-safe space where you can honor loved ones with peer-verified tributes. Each tribute requires [0m
                  [36m<strong>[31m
                    [0m3 cosigner signatures[0m
                  [36m</strong>[31m
                  [0m from the community before publication, ensuring authenticity and respect.[0m
                [36m</p>[31m
                [36m<ul[31m
                  [33mclass[31m=[32m"text-gray-400 text-sm space-y-1 list-disc list-inside mb-3"[31m
                [36m>[31m
                  [36m<li>[31m
                    [0mCreate tributes with optional dates and college affiliations[0m
                  [36m</li>[31m
                  [36m<li>[31m
                    [0mLight candles to show support (+2 VOICE per candle)[0m
                  [36m</li>[31m
                  [36m<li>[31m
                    [0mCosign tributes to help reach consensus[0m
                  [36m</li>[31m
                  [36m<li>[31m
                    [0mTrack audit trails for transparency[0m
                  [36m</li>[31m
                [36m</ul>[31m
              [36m</div>[31m
              [36m<button[31m
                [33mclass[31m=[32m"p-1 hover:bg-white/10 rounded transition-colors"[31m
              [36m>[31m
                [36m<svg[31m
                  [33maria-hidden[31m=[32m"true"[31m
                  [33mclass[31m=[32m"lucide lucide-x w-5 h-5 text-gray-400"[31m
                  [33mfill[31m=[32m"none"[31m
                  [33mheight[31m=[32m"24"[31m
                  [33mstroke[31m=[32m"currentColor"[31m
                  [33mstroke-linecap[31m=[32m"round"[31m
                  [33mstroke-linejoin[31m=[32m"round"[31m
                  [33mstroke-width[31m=[32m"2"[31m
                  [33mviewBox[31m=[32m"0 0 24 24"[31m
                  [33mwidth[31m=[32m"24"[31m
                  [33mxmlns[31m=[32m"http://www.w3.org/2000/svg"[31m
                [36m>[31m
                  [36m<path[31m
                    [33md[31m=[32m"M18 6 6 18"[31m
                  [36m/>[31m
                  [36m<path[31m
                    [33md[31m=[32m"m6 6 12 12"[31m
                  [36m/>[31m
                [36m</svg>[31m
              [36m</button>[31m
            [36m</div>[31m
          [36m</div>[31m
          [36m<div[31m
            [33mclass[31m=[32m"glass p-4 space-y-4"[31m
          [36m>[31m
            [36m<div[31m
              [33mclass[31m=[32m"flex flex-wrap items-center justify-between gap-4"[31m
            [36m>[31m
              [36m<div[31m
                [33mclass[31m=[32m"flex items-center gap-2"[31m
              [36m>[31m
                [36m<button[31m
                  [33mclass[31m=[32m"p-2 rounded-lg transition-colors bg-primary text-white"[31m
                  [33mtitle[31m=[32m"Grid view"[31m
                [36m>[31m
                  [36m<svg[31m
                    [33maria-hidden[31m=[32m"true"[31m
                    [33mclass[31m=[32m"lucide lucide-grid3x3 lucide-grid-3x3 w-5 h-5"[31m
                    [33mfill[31m=[32m"none"[31m
                    [33mheight[31m=[32m"24"[31m
                    [33mstroke[31m=[32m"currentColor"[31m
                    [33mstroke-linecap[31m=[32m"round"[31m
                    [33mstroke-linejoin[31m=[32m"round"[31m
                    [33mstroke-width[31m=[32m"2"[31m
                    [33mviewBox[31m=[32m"0 0 24 24"[31m
                    [33mwidth[31m=[32m"24"[31m
                    [33mxmlns[31m=[32m"http://www.w3.org/2000/svg"[31m
                  [36m>[31m
                    [36m<rect[31m
                      [33mheight[31m=[32m"18"[31m
                      [33mrx[31m=[32m"2"[31m
                      [33mwidth[31m=[32m"18"[31m
                      [33mx[31m=[32m"3"[31m
                      [33my[31m=[32m"3"[31m
                    [36m/>[31m
                    [36m<path[31m
                      [33md[31m=[32m"M3 9h18"[31m
                    [36m/>[31m
                    [36m<path[31m
                      [33md[31m=[32m"M3 15h18"[31m
                    [36m/>[31m
                    [36m<path[31m
                      [33md[31m=[32m"M9 3v18"[31m
                    [36m/>[31m
                    [36m<path[31m
                      [33md[31m=[32m"M15 3v18"[31m
                    [36m/>[31m
                  [36m</svg>[31m
                [36m</button>[31m
                [36m<button[31m
                  [33mclass[31m=[32m"p-2 rounded-lg transition-colors bg-white/10 text-gray-400 hover:bg-white/20"[31m
                  [33mtitle[31m=[32m"Timeline view"[31m
                [36m>[31m
                  [36m<svg[31m
                    [33maria-hidden[31m=[32m"true"[31m
                    [33mclass[31m=[32m"lucide lucide-list w-5 h-5"[31m
                    [33mfill[31m=[32m"none"[31m
                    [33mheight[31m=[32m"24"[31m
                    [33mstroke[31m=[32m"currentColor"[31m
                    [33mstroke-linecap[31m=[32m"round"[31m
                    [33mstroke-linejoin[31m=[32m"round"[31m
                    [33mstroke-width[31m=[32m"2"[31m
                    [33mviewBox[31m=[32m"0 0 24 24"[31m
                    [33mwidth[31m=[32m"24"[31m
                    [33mxmlns[31m=[32m"http://www.w3.org/2000/svg"[31m
                  [36m>[31m
                    [36m<path[31m
                      [33md[31m=[32m"M3 5h.01"[31m
                    [36m/>[31m
                    [36m<path[31m
                      [33md[31m=[32m"M3 12h.01"[31m
                    [36m/>[31m
                    [36m<path[31m
                      [33md[31m=[32m"M3 19h.01"[31m
                    [36m/>[31m
                    [36m<path[31m
                      [33md[31m=[32m"M8 5h13"[31m
                    [36m/>[31m
                    [36m<path[31m
                      [33md[31m=[32m"M8 12h13"[31m
                    [36m/>[31m
                    [36m<path[31m
                      [33md[31m=[32m"M8 19h13"[31m
                    [36m/>[31m
                  [36m</svg>[31m
                [36m</button>[31m
                [36m<div[31m
                  [33mclass[31m=[32m"h-6 w-px bg-white/20 mx-2"[31m
                [36m/>[31m
                [36m<button[31m
                  [33mclass[31m=[32m"inline-flex items-center gap-2 px-3 py-2 rounded-lg transition-colors bg-white/10 text-gray-400 hover:bg-white/20"[31m
                [36m>[31m
                  [36m<svg[31m
                    [33maria-hidden[31m=[32m"true"[31m
                    [33mclass[31m=[32m"lucide lucide-funnel w-4 h-4"[31m
                    [33mfill[31m=[32m"none"[31m
                    [33mheight[31m=[32m"24"[31m
                    [33mstroke[31m=[32m"currentColor"[31m
                    [33mstroke-linecap[31m=[32m"round"[31m
                    [33mstroke-linejoin[31m=[32m"round"[31m
                    [33mstroke-width[31m=[32m"2"[31m
                    [33mviewBox[31m=[32m"0 0 24 24"[31m
                    [33mwidth[31m=[32m"24"[31m
                    [33mxmlns[31m=[32m"http://www.w3.org/2000/svg"[31m
                  [36m>[31m
                    [36m<path[31m
                      [33md[31m=[32m"M10 20a1 1 0 0 0 .553.895l2 1A1 1 0 0 0 14 21v-7a2 2 0 0 1 .517-1.341L21.74 4.67A1 1 0 0 0 21 3H3a1 1 0 0 0-.742 1.67l7.225 7.989A2 2 0 0 1 10 14z"[31m
                    [36m/>[31m
                  [36m</svg>[31m
                  [36m<span[31m
                    [33mclass[31m=[32m"text-sm"[31m
                  [36m>[31m
                    [0mFilters[0m
                  [36m</span>[31m
                [36m</button>[31m
              [36m</div>[31m
              [36m<div[31m
                [33mclass[31m=[32m"flex-1 max-w-md"[31m
              [36m>[31m
                [36m<div[31m
                  [33mclass[31m=[32m"relative"[31m
                [36m>[31m
                  [36m<svg[31m
                    [33maria-hidden[31m=[32m"true"[31m
                    [33mclass[31m=[32m"lucide lucide-search absolute left-3 top-1/2 -translate-y-1/2 w-4 h-4 text-gray-400"[31m
                    [33mfill[31m=[32m"none"[31m
                    [33mheight[31m=[32m"24"[31m
                    [33mstroke[31m=[32m"currentColor"[31m
                    [33mstroke-linecap[31m=[32m"round"[31m
                    [33mstroke-linejoin[31m=[32m"round"[31m
                    [33mstroke-width[31m=[32m"2"[31m
                    [33mviewBox[31m=[32m"0 0 24 24"[31m
                    [33mwidth[31m=[32m"24"[31m
                    [33mxmlns[31m=[32m"http://www.w3.org/2000/svg"[31m
                  [36m>[31m
                    [36m<path[31m
                      [33md[31m=[32m"m21 21-4.34-4.34"[31m
                    [36m/>[31m
                    [36m<circle[31m
                      [33mcx[31m=[32m"11"[31m
                      [33mcy[31m=[32m"11"[31m
                      [33mr[31m=[32m"8"[31m
                    [36m/>[31m
                  [36m</svg>[31m
                  [36m<input[31m
                    [33mclass[31m=[32m"w-full bg-surface border border-white/10 rounded-lg pl-10 pr-4 py-2 text-white placeholder-gray-500 focus:outline-none focus:border-primary transition-colors"[31m
                    [33mplaceholder[31m=[32m"Search by name or message..."[31m
                    [33mtype[31m=[32m"text"[31m
                    [33mvalue[31m=[32m""[31m
                  [36m/>[31m
                [36m</div>[31m
              [36m</div>[31m
            [36m</div>[31m
          [36m</div>[31m
          [36m<div[31m
            [33mclass[31m=[32m"glass p-10 text-center space-y-4"[31m
            [33mstyle[31m=[32m"opacity: 1; transform: none;"[31m
          [36m>[31m
            [36m<svg[31m
              [33maria-hidden[31m=[32m"true"[31m
              [33mclass[31m=[32m"lucide lucide-heart w-16 h-16 text-gray-600 mx-auto"[31m
              [33mfill[31m=[32m"none"[31m
              [33mheight[31m=[32m"24"[31m
              [33mstroke[31m=[32m"currentColor"[31m
              [33mstroke-linecap[31m=[32m"round"[31m
              [33mstroke-linejoin[31m=[32m"round"[31m
              [33mstroke-width[31m=[32m"2"[31m
              [33mviewBox[31m=[32m"0 0 24 24"[31m
              [33mwidth[31m=[32m"24"[31m
              [33mxmlns[31m=[32m"http://www.w3.org/2000/svg"[31m
            [36m>[31m
              [36m<path[31m
                [33md[31m=[32m"M2 9.5a5.5 5.5 0 0 1 9.591-3.676.56.56 0 0 0 .818 0A5.49 5.49 0 0 1 22 9.5c0 2.29-1.5 4-3 5.5l-5.492 5.313a2 2 0 0 1-3 .019L5 15c-1.5-1.5-3-3.2-3-5.5"[31m
              [36m/>[31m
            [36m</svg>[31m
            [36m<p[31m
              [33mclass[31m=[32m"text-xl font-semibold text-white"[31m
            [36m>[31m
              [0mNo tributes yet[0m
            [36m</p>[31m
            [36m<p[31m
              [33mclass[31m=[32m"text-gray-400"[31m
            [36m>[31m
              [0mBe the first to create a tribute and honor someone special.[0m
            [36m</p>[31m
          [36m</div>[31m
        [36m</div>[31m
      [36m</section>[31m
    [36m</div>[31m
  [36m</body>[31m
[36m</html>[31m[39m
 [32m✓[39m src/lib/storage/__tests__/mediaUtils.test.ts[2m > [22mMedia Utils[2m > [22mgenerateThumbnail[2m > [22mshould reject invalid files with timeout protection[33m 3004[2mms[22m[39m
 [32m✓[39m src/lib/storage/__tests__/mediaUtils.test.ts[2m > [22mMedia Utils[2m > [22mgetAudioDuration[2m > [22mshould export getAudioDuration function[32m 0[2mms[22m[39m
 [32m✓[39m src/lib/storage/__tests__/mediaUtils.test.ts[2m > [22mMedia Utils[2m > [22mgetAudioDuration[2m > [22mshould return a Promise with a number[32m 2[2mms[22m[39m
 [32m✓[39m src/lib/storage/__tests__/mediaUtils.test.ts[2m > [22mMedia Utils[2m > [22mgetAudioDuration[2m > [22mshould reject invalid audio files[32m 2[2mms[22m[39m
 [32m✓[39m src/lib/storage/__tests__/mediaUtils.test.ts[2m > [22mMedia Utils[2m > [22mgetAudioDuration[2m > [22mshould handle concurrent calls[32m 1[2mms[22m[39m
 [32m✓[39m src/lib/storage/__tests__/mediaUtils.test.ts[2m > [22mMedia Utils[2m > [22mFile type handling[2m > [22mshould accept File objects for stripImageMetadata[32m 0[2mms[22m[39m
 [32m✓[39m src/lib/storage/__tests__/mediaUtils.test.ts[2m > [22mMedia Utils[2m > [22mFile type handling[2m > [22mshould accept File objects for generateThumbnail[32m 0[2mms[22m[39m
 [32m✓[39m src/lib/storage/__tests__/mediaUtils.test.ts[2m > [22mMedia Utils[2m > [22mFile type handling[2m > [22mshould accept File objects for getAudioDuration[32m 1[2mms[22m[39m
 [32m✓[39m src/lib/storage/__tests__/mediaUtils.test.ts[2m > [22mMedia Utils[2m > [22mWAV file helper[2m > [22mshould create valid WAV file objects[32m 1[2mms[22m[39m
 [32m✓[39m src/lib/storage/__tests__/mediaUtils.test.ts[2m > [22mMedia Utils[2m > [22mError handling[2m > [22mstripImageMetadata should handle file read errors gracefully[33m 3003[2mms[22m[39m
[90mstdout[2m | src/lib/messaging/__tests__/MessagingEncryption.integration.test.ts[2m > [22m[2mMessaging Encryption Integration[2m > [22m[2mEnd-to-End Message Flow[2m > [22m[2mshould encrypt, transmit, and decrypt message successfully
[22m[39m[Encryption] Cleared all thread keys

[90mstdout[2m | src/lib/messaging/__tests__/MessagingEncryption.integration.test.ts[2m > [22m[2mMessaging Encryption Integration[2m > [22m[2mEnd-to-End Message Flow[2m > [22m[2mshould encrypt, transmit, and decrypt message successfully
[22m[39m[Encryption] Generated new key for thread test-thread-123

[90mstdout[2m | src/lib/messaging/__tests__/MessagingEncryption.integration.test.ts[2m > [22m[2mMessaging Encryption Integration[2m > [22m[2mEnd-to-End Message Flow[2m > [22m[2mshould encrypt, transmit, and decrypt message successfully
[22m[39m[Encryption] Cleared all thread keys

[90mstdout[2m | src/lib/messaging/__tests__/MessagingEncryption.integration.test.ts[2m > [22m[2mMessaging Encryption Integration[2m > [22m[2mEnd-to-End Message Flow[2m > [22m[2mshould handle message with mentions
[22m[39m[Encryption] Generated new key for thread community-thread

[90mstdout[2m | src/lib/messaging/__tests__/MessagingEncryption.integration.test.ts[2m > [22m[2mMessaging Encryption Integration[2m > [22m[2mEnd-to-End Message Flow[2m > [22m[2mshould handle message with mentions
[22m[39m[Encryption] Cleared all thread keys

[90mstdout[2m | src/lib/messaging/__tests__/MessagingEncryption.integration.test.ts[2m > [22m[2mMessaging Encryption Integration[2m > [22m[2mEnd-to-End Message Flow[2m > [22m[2mshould use different keys per thread
[22m[39m[Encryption] Generated new key for thread thread-1
[Encryption] Generated new key for thread thread-2

[90mstdout[2m | src/lib/messaging/__tests__/MessagingEncryption.integration.test.ts[2m > [22m[2mMessaging Encryption Integration[2m > [22m[2mEnd-to-End Message Flow[2m > [22m[2mshould use different keys per thread
[22m[39m[Encryption] Cleared all thread keys

[90mstdout[2m | src/lib/messaging/__tests__/MessagingEncryption.integration.test.ts[2m > [22m[2mMessaging Encryption Integration[2m > [22m[2mEnd-to-End Message Flow[2m > [22m[2mshould include thread context in associated data
[22m[39m[Encryption] Generated new key for thread thread-1
[Encryption] Generated new key for thread thread-2

[90mstdout[2m | src/lib/messaging/__tests__/MessagingEncryption.integration.test.ts[2m > [22m[2mMessaging Encryption Integration[2m > [22m[2mEnd-to-End Message Flow[2m > [22m[2mshould include thread context in associated data
[22m[39m[Encryption] Cleared all thread keys

[90mstdout[2m | src/lib/messaging/__tests__/MessagingEncryption.integration.test.ts[2m > [22m[2mMessaging Encryption Integration[2m > [22m[2mEnd-to-End Message Flow[2m > [22m[2mshould detect tampering in transmitted message
[22m[39m[Encryption] Generated new key for thread test-thread

[90mstderr[2m | src/lib/messaging/__tests__/MessagingEncryption.integration.test.ts[2m > [22m[2mMessaging Encryption Integration[2m > [22m[2mEnd-to-End Message Flow[2m > [22m[2mshould detect tampering in transmitted message
[22m[39m[Encryption] Failed to decrypt message: Error: Decryption failed: Invalid character
    at decrypt [90m(/home/engine/project/[39msrc/lib/encryption/XChaCha20Cipher.ts:191:13[90m)[39m
    at MessagingEncryptionAdapter.decrypt [90m(/home/engine/project/[39msrc/lib/messaging/MessagingEncryptionAdapter.ts:115:25[90m)[39m
    at [90m/home/engine/project/[39msrc/lib/messaging/__tests__/MessagingEncryption.integration.test.ts:131:27
    at Proxy.assertThrows [90m(file:///home/engine/project/[39mnode_modules/[4m@vitest/expect[24m/node_modules/[4mchai[24m/index.js:2800:5[90m)[39m
    at Proxy.methodWrapper [90m(file:///home/engine/project/[39mnode_modules/[4m@vitest/expect[24m/node_modules/[4mchai[24m/index.js:1701:25[90m)[39m
    at Proxy.<anonymous> [90m(file:///home/engine/project/[39mnode_modules/[4m@vitest/expect[24m/dist/index.js:1145:12[90m)[39m
    at Proxy.overwritingMethodWrapper [90m(file:///home/engine/project/[39mnode_modules/[4m@vitest/expect[24m/node_modules/[4mchai[24m/index.js:1751:33[90m)[39m
    at Proxy.<anonymous> [90m(file:///home/engine/project/[39mnode_modules/[4m@vitest/expect[24m/dist/index.js:1481:16[90m)[39m
    at Proxy.<anonymous> [90m(file:///home/engine/project/[39mnode_modules/[4m@vitest/expect[24m/dist/index.js:1086:14[90m)[39m
    at Proxy.methodWrapper [90m(file:///home/engine/project/[39mnode_modules/[4m@vitest/expect[24m/node_modules/[4mchai[24m/index.js:1701:25[90m)[39m

[90mstdout[2m | src/lib/messaging/__tests__/MessagingEncryption.integration.test.ts[2m > [22m[2mMessaging Encryption Integration[2m > [22m[2mEnd-to-End Message Flow[2m > [22m[2mshould detect tampering in transmitted message
[22m[39m[Encryption] Cleared all thread keys

[90mstdout[2m | src/lib/messaging/__tests__/MessagingEncryption.integration.test.ts[2m > [22m[2mMessaging Encryption Integration[2m > [22m[2mEnd-to-End Message Flow[2m > [22m[2mshould handle large messages
[22m[39m[Encryption] Generated new key for thread large-message-thread

[90mstdout[2m | src/lib/messaging/__tests__/MessagingEncryption.integration.test.ts[2m > [22m[2mMessaging Encryption Integration[2m > [22m[2mEnd-to-End Message Flow[2m > [22m[2mshould handle large messages
[22m[39m[Encryption] Cleared all thread keys

[90mstdout[2m | src/lib/messaging/__tests__/MessagingEncryption.integration.test.ts[2m > [22m[2mMessaging Encryption Integration[2m > [22m[2mMessage Object Integration[2m > [22m[2mshould create message object with encrypted payload for transmission
[22m[39m[Encryption] Generated new key for thread thread-1

[90mstdout[2m | src/lib/messaging/__tests__/MessagingEncryption.integration.test.ts[2m > [22m[2mMessaging Encryption Integration[2m > [22m[2mMessage Object Integration[2m > [22m[2mshould create message object with encrypted payload for transmission
[22m[39m[Encryption] Cleared all thread keys

[90mstdout[2m | src/lib/messaging/__tests__/MessagingEncryption.integration.test.ts[2m > [22m[2mMessaging Encryption Integration[2m > [22m[2mMessage Object Integration[2m > [22m[2mshould reconstruct decrypted message on receiving end
[22m[39m[Encryption] Generated new key for thread thread-1

[90mstdout[2m | src/lib/messaging/__tests__/MessagingEncryption.integration.test.ts[2m > [22m[2mMessaging Encryption Integration[2m > [22m[2mMessage Object Integration[2m > [22m[2mshould reconstruct decrypted message on receiving end
[22m[39m[Encryption] Cleared all thread keys

[90mstdout[2m | src/lib/messaging/__tests__/MessagingEncryption.integration.test.ts[2m > [22m[2mMessaging Encryption Integration[2m > [22m[2mKey Management[2m > [22m[2mshould maintain separate keys per thread
[22m[39m[Encryption] Generated new key for thread thread-1
[Encryption] Generated new key for thread thread-2
[Encryption] Generated new key for thread thread-3

[90mstdout[2m | src/lib/messaging/__tests__/MessagingEncryption.integration.test.ts[2m > [22m[2mMessaging Encryption Integration[2m > [22m[2mKey Management[2m > [22m[2mshould maintain separate keys per thread
[22m[39m[Encryption] Cleared all thread keys

[90mstdout[2m | src/lib/messaging/__tests__/MessagingEncryption.integration.test.ts[2m > [22m[2mMessaging Encryption Integration[2m > [22m[2mKey Management[2m > [22m[2mshould clear keys properly
[22m[39m[Encryption] Generated new key for thread temp-thread
[Encryption] Removed key for thread temp-thread
[Encryption] Generated new key for thread temp-thread

[90mstdout[2m | src/lib/messaging/__tests__/MessagingEncryption.integration.test.ts[2m > [22m[2mMessaging Encryption Integration[2m > [22m[2mKey Management[2m > [22m[2mshould clear keys properly
[22m[39m[Encryption] Cleared all thread keys

[90mstdout[2m | src/lib/messaging/__tests__/MessagingEncryption.integration.test.ts[2m > [22m[2mMessaging Encryption Integration[2m > [22m[2mKey Management[2m > [22m[2mshould clear all keys at once
[22m[39m[Encryption] Generated new key for thread thread-1
[Encryption] Generated new key for thread thread-2
[Encryption] Generated new key for thread thread-3
[Encryption] Cleared all thread keys

[90mstdout[2m | src/lib/messaging/__tests__/MessagingEncryption.integration.test.ts[2m > [22m[2mMessaging Encryption Integration[2m > [22m[2mKey Management[2m > [22m[2mshould clear all keys at once
[22m[39m[Encryption] Cleared all thread keys

[90mstdout[2m | src/lib/messaging/__tests__/MessagingEncryption.integration.test.ts[2m > [22m[2mMessaging Encryption Integration[2m > [22m[2mBackward Compatibility[2m > [22m[2mshould detect legacy payload format
[22m[39m[Encryption] Cleared all thread keys

[90mstdout[2m | src/lib/messaging/__tests__/MessagingEncryption.integration.test.ts[2m > [22m[2mMessaging Encryption Integration[2m > [22m[2mBackward Compatibility[2m > [22m[2mshould detect new payload format
[22m[39m[Encryption] Cleared all thread keys

[90mstdout[2m | src/lib/messaging/__tests__/MessagingEncryption.integration.test.ts[2m > [22m[2mMessaging Encryption Integration[2m > [22m[2mError Handling[2m > [22m[2mshould provide meaningful error messages for authentication failures
[22m[39m[Encryption] Generated new key for thread test-thread
[Encryption] Generated new key for thread wrong-thread

[90mstderr[2m | src/lib/messaging/__tests__/MessagingEncryption.integration.test.ts[2m > [22m[2mMessaging Encryption Integration[2m > [22m[2mError Handling[2m > [22m[2mshould provide meaningful error messages for authentication failures
[22m[39m[Encryption] Failed to decrypt message: Error: Decryption failed: Authentication failed. The message may have been tampered with or the key is incorrect.
    at decrypt [90m(/home/engine/project/[39msrc/lib/encryption/XChaCha20Cipher.ts:191:13[90m)[39m
    at MessagingEncryptionAdapter.decrypt [90m(/home/engine/project/[39msrc/lib/messaging/MessagingEncryptionAdapter.ts:115:25[90m)[39m
    at [90m/home/engine/project/[39msrc/lib/messaging/__tests__/MessagingEncryption.integration.test.ts:306:27
    at Proxy.assertThrows [90m(file:///home/engine/project/[39mnode_modules/[4m@vitest/expect[24m/node_modules/[4mchai[24m/index.js:2800:5[90m)[39m
    at Proxy.methodWrapper [90m(file:///home/engine/project/[39mnode_modules/[4m@vitest/expect[24m/node_modules/[4mchai[24m/index.js:1701:25[90m)[39m
    at Proxy.<anonymous> [90m(file:///home/engine/project/[39mnode_modules/[4m@vitest/expect[24m/dist/index.js:1145:12[90m)[39m
    at Proxy.overwritingMethodWrapper [90m(file:///home/engine/project/[39mnode_modules/[4m@vitest/expect[24m/node_modules/[4mchai[24m/index.js:1751:33[90m)[39m
    at Proxy.<anonymous> [90m(file:///home/engine/project/[39mnode_modules/[4m@vitest/expect[24m/dist/index.js:1481:16[90m)[39m
    at Proxy.<anonymous> [90m(file:///home/engine/project/[39mnode_modules/[4m@vitest/expect[24m/dist/index.js:1086:14[90m)[39m
    at Proxy.methodWrapper [90m(file:///home/engine/project/[39mnode_modules/[4m@vitest/expect[24m/node_modules/[4mchai[24m/index.js:1701:25[90m)[39m

[90mstdout[2m | src/lib/messaging/__tests__/MessagingEncryption.integration.test.ts[2m > [22m[2mMessaging Encryption Integration[2m > [22m[2mError Handling[2m > [22m[2mshould provide meaningful error messages for authentication failures
[22m[39m[Encryption] Cleared all thread keys

[90mstdout[2m | src/lib/messaging/__tests__/MessagingEncryption.integration.test.ts[2m > [22m[2mMessaging Encryption Integration[2m > [22m[2mError Handling[2m > [22m[2mshould handle missing key gracefully
[22m[39m[Encryption] Generated new key for thread non-existent-thread

[90mstdout[2m | src/lib/messaging/__tests__/MessagingEncryption.integration.test.ts[2m > [22m[2mMessaging Encryption Integration[2m > [22m[2mError Handling[2m > [22m[2mshould handle missing key gracefully
[22m[39m[Encryption] Cleared all thread keys

[90mstdout[2m | src/lib/messaging/__tests__/MessagingEncryption.integration.test.ts[2m > [22m[2mMessaging Encryption Integration[2m > [22m[2mPerformance[2m > [22m[2mshould handle concurrent encryption operations
[22m[39m[Encryption] Generated new key for thread perf-test-thread

[90mstdout[2m | src/lib/messaging/__tests__/MessagingEncryption.integration.test.ts[2m > [22m[2mMessaging Encryption Integration[2m > [22m[2mPerformance[2m > [22m[2mshould handle concurrent encryption operations
[22m[39m[Encryption] Cleared all thread keys

 [32m✓[39m src/lib/messaging/__tests__/MessagingEncryption.integration.test.ts[2m > [22mMessaging Encryption Integration[2m > [22mEnd-to-End Message Flow[2m > [22mshould encrypt, transmit, and decrypt message successfully[32m 8[2mms[22m[39m
 [32m✓[39m src/lib/messaging/__tests__/MessagingEncryption.integration.test.ts[2m > [22mMessaging Encryption Integration[2m > [22mEnd-to-End Message Flow[2m > [22mshould handle message with mentions[32m 2[2mms[22m[39m
 [32m✓[39m src/lib/messaging/__tests__/MessagingEncryption.integration.test.ts[2m > [22mMessaging Encryption Integration[2m > [22mEnd-to-End Message Flow[2m > [22mshould use different keys per thread[32m 2[2mms[22m[39m
 [32m✓[39m src/lib/messaging/__tests__/MessagingEncryption.integration.test.ts[2m > [22mMessaging Encryption Integration[2m > [22mEnd-to-End Message Flow[2m > [22mshould include thread context in associated data[32m 2[2mms[22m[39m
 [32m✓[39m src/lib/messaging/__tests__/MessagingEncryption.integration.test.ts[2m > [22mMessaging Encryption Integration[2m > [22mEnd-to-End Message Flow[2m > [22mshould detect tampering in transmitted message[32m 10[2mms[22m[39m
 [32m✓[39m src/lib/messaging/__tests__/MessagingEncryption.integration.test.ts[2m > [22mMessaging Encryption Integration[2m > [22mEnd-to-End Message Flow[2m > [22mshould handle large messages[32m 29[2mms[22m[39m
 [32m✓[39m src/lib/messaging/__tests__/MessagingEncryption.integration.test.ts[2m > [22mMessaging Encryption Integration[2m > [22mMessage Object Integration[2m > [22mshould create message object with encrypted payload for transmission[32m 1[2mms[22m[39m
 [32m✓[39m src/lib/messaging/__tests__/MessagingEncryption.integration.test.ts[2m > [22mMessaging Encryption Integration[2m > [22mMessage Object Integration[2m > [22mshould reconstruct decrypted message on receiving end[32m 1[2mms[22m[39m
 [32m✓[39m src/lib/messaging/__tests__/MessagingEncryption.integration.test.ts[2m > [22mMessaging Encryption Integration[2m > [22mKey Management[2m > [22mshould maintain separate keys per thread[32m 2[2mms[22m[39m
 [32m✓[39m src/lib/messaging/__tests__/MessagingEncryption.integration.test.ts[2m > [22mMessaging Encryption Integration[2m > [22mKey Management[2m > [22mshould clear keys properly[32m 2[2mms[22m[39m
 [32m✓[39m src/lib/messaging/__tests__/MessagingEncryption.integration.test.ts[2m > [22mMessaging Encryption Integration[2m > [22mKey Management[2m > [22mshould clear all keys at once[32m 1[2mms[22m[39m
 [32m✓[39m src/lib/messaging/__tests__/MessagingEncryption.integration.test.ts[2m > [22mMessaging Encryption Integration[2m > [22mBackward Compatibility[2m > [22mshould detect legacy payload format[32m 0[2mms[22m[39m
 [32m✓[39m src/lib/messaging/__tests__/MessagingEncryption.integration.test.ts[2m > [22mMessaging Encryption Integration[2m > [22mBackward Compatibility[2m > [22mshould detect new payload format[32m 0[2mms[22m[39m
 [32m✓[39m src/lib/messaging/__tests__/MessagingEncryption.integration.test.ts[2m > [22mMessaging Encryption Integration[2m > [22mError Handling[2m > [22mshould provide meaningful error messages for authentication failures[32m 3[2mms[22m[39m
 [32m✓[39m src/lib/messaging/__tests__/MessagingEncryption.integration.test.ts[2m > [22mMessaging Encryption Integration[2m > [22mError Handling[2m > [22mshould handle missing key gracefully[32m 1[2mms[22m[39m
 [32m✓[39m src/lib/messaging/__tests__/MessagingEncryption.integration.test.ts[2m > [22mMessaging Encryption Integration[2m > [22mPerformance[2m > [22mshould handle concurrent encryption operations[32m 15[2mms[22m[39m
 [32m✓[39m src/lib/encryption/__tests__/HybridKeyExchange.test.ts[2m > [22mHybridKeyExchange[2m > [22mgenerateKeyMaterial[2m > [22mshould generate independent key pairs for Kyber and X25519[32m 12[2mms[22m[39m
 [32m✓[39m src/lib/encryption/__tests__/HybridKeyExchange.test.ts[2m > [22mHybridKeyExchange[2m > [22mgenerateKeyMaterial[2m > [22mshould generate different key material on each call (non-seeded)[32m 8[2mms[22m[39m
 [32m✓[39m src/lib/encryption/__tests__/HybridKeyExchange.test.ts[2m > [22mHybridKeyExchange[2m > [22mgenerateKeyMaterial[2m > [22mshould generate deterministic keys with seed[32m 23[2mms[22m[39m
 [32m✓[39m src/lib/encryption/__tests__/HybridKeyExchange.test.ts[2m > [22mHybridKeyExchange[2m > [22mgenerateKeyMaterial[2m > [22mshould produce different results for different seeds[32m 6[2mms[22m[39m
 [32m✓[39m src/lib/encryption/__tests__/HybridKeyExchange.test.ts[2m > [22mHybridKeyExchange[2m > [22mencapsulate and decapsulate[2m > [22mshould encapsulate and decapsulate with matching secrets[32m 13[2mms[22m[39m
 [32m✓[39m src/lib/encryption/__tests__/HybridKeyExchange.test.ts[2m > [22mHybridKeyExchange[2m > [22mencapsulate and decapsulate[2m > [22mshould produce different secrets for different peers[32m 10[2mms[22m[39m
 [32m✓[39m src/lib/encryption/__tests__/HybridKeyExchange.test.ts[2m > [22mHybridKeyExchange[2m > [22mencapsulate and decapsulate[2m > [22mshould fail if ciphertext is tampered[32m 9[2mms[22m[39m
 [32m✓[39m src/lib/encryption/__tests__/HybridKeyExchange.test.ts[2m > [22mHybridKeyExchange[2m > [22mencapsulate and decapsulate[2m > [22mshould combine both Kyber and X25519 secrets[32m 8[2mms[22m[39m
 [32m✓[39m src/lib/encryption/__tests__/HybridKeyExchange.test.ts[2m > [22mHybridKeyExchange[2m > [22mencapsulate and decapsulate[2m > [22mshould change combined secret if Kyber component changes[32m 8[2mms[22m[39m
 [32m✓[39m src/lib/encryption/__tests__/HybridKeyExchange.test.ts[2m > [22mHybridKeyExchange[2m > [22mencapsulate and decapsulate[2m > [22mshould change combined secret if X25519 component changes[32m 10[2mms[22m[39m
 [32m✓[39m src/lib/encryption/__tests__/HybridKeyExchange.test.ts[2m > [22mHybridKeyExchange[2m > [22mencapsulate and decapsulate[2m > [22mshould handle deterministic encapsulation with seed[32m 11[2mms[22m[39m
 [32m✓[39m src/lib/encryption/__tests__/HybridKeyExchange.test.ts[2m > [22mHybridKeyExchange[2m > [22mserialization[2m > [22mshould serialize and deserialize keys[32m 10[2mms[22m[39m
 [32m✓[39m src/lib/encryption/__tests__/HybridKeyExchange.test.ts[2m > [22mHybridKeyExchange[2m > [22mserialization[2m > [22mshould round-trip through serialization[32m 4[2mms[22m[39m
 [32m✓[39m src/lib/encryption/__tests__/HybridKeyExchange.test.ts[2m > [22mHybridKeyExchange[2m > [22mpublic key extraction[2m > [22mshould extract public keys from private keys[32m 4[2mms[22m[39m
 [32m✓[39m src/lib/encryption/__tests__/HybridKeyExchange.test.ts[2m > [22mHybridKeyExchange[2m > [22mreal-world scenario[2m > [22mshould complete a full handshake between Alice and Bob[32m 11[2mms[22m[39m
 [32m✓[39m src/lib/encryption/__tests__/HybridKeyExchange.test.ts[2m > [22mHybridKeyExchange[2m > [22mkey combination properties[2m > [22mshould ensure both schemes contribute to final secret[32m 10[2mms[22m[39m
 [32m✓[39m src/lib/storage/__tests__/mediaUtils.test.ts[2m > [22mMedia Utils[2m > [22mError handling[2m > [22mgenerateThumbnail should handle file read errors gracefully[33m 3003[2mms[22m[39m
 [32m✓[39m src/lib/storage/__tests__/mediaUtils.test.ts[2m > [22mMedia Utils[2m > [22mError handling[2m > [22mgetAudioDuration should handle audio load errors gracefully[32m 1[2mms[22m[39m
 [32m✓[39m src/lib/storage/__tests__/mediaUtils.test.ts[2m > [22mMedia Utils[2m > [22mURL cleanup[2m > [22mshould clean up URLs for audio duration operations[32m 5[2mms[22m[39m
 [32m✓[39m src/lib/storage/__tests__/mediaUtils.test.ts[2m > [22mMedia Utils[2m > [22mPromise-based interface[2m > [22mshould allow Promise chaining for stripImageMetadata[32m 0[2mms[22m[39m
 [32m✓[39m src/lib/storage/__tests__/mediaUtils.test.ts[2m > [22mMedia Utils[2m > [22mPromise-based interface[2m > [22mshould allow Promise chaining for generateThumbnail[32m 0[2mms[22m[39m
 [32m✓[39m src/lib/storage/__tests__/mediaUtils.test.ts[2m > [22mMedia Utils[2m > [22mPromise-based interface[2m > [22mshould allow Promise chaining for getAudioDuration[32m 0[2mms[22m[39m
 [31m×[39m src/lib/storage/__tests__/ContentAddressableRouter.test.ts[2m > [22mContentAddressableRouter[2m > [22mCID Computation[2m > [22mshould generate deterministic CID from blob[32m 24[2mms[22m[39m
[31m   → Failed to compute CID: Failed to execute 'digest' on 'SubtleCrypto': 2nd argument is not instance of ArrayBuffer, Buffer, TypedArray, or DataView.[39m
 [31m×[39m src/lib/storage/__tests__/ContentAddressableRouter.test.ts[2m > [22mContentAddressableRouter[2m > [22mCID Computation[2m > [22mshould generate deterministic CID from ArrayBuffer[32m 8[2mms[22m[39m
[31m   → Failed to compute CID: Failed to execute 'digest' on 'SubtleCrypto': 2nd argument is not instance of ArrayBuffer, Buffer, TypedArray, or DataView.[39m
 [31m×[39m src/lib/storage/__tests__/ContentAddressableRouter.test.ts[2m > [22mContentAddressableRouter[2m > [22mCID Computation[2m > [22mshould generate different CIDs for different content[32m 4[2mms[22m[39m
[31m   → Failed to compute CID: Failed to execute 'digest' on 'SubtleCrypto': 2nd argument is not instance of ArrayBuffer, Buffer, TypedArray, or DataView.[39m
 [31m×[39m src/lib/storage/__tests__/ContentAddressableRouter.test.ts[2m > [22mContentAddressableRouter[2m > [22mCID Computation[2m > [22mshould generate same CID for same content regardless of blob properties[32m 2[2mms[22m[39m
[31m   → Failed to compute CID: Failed to execute 'digest' on 'SubtleCrypto': 2nd argument is not instance of ArrayBuffer, Buffer, TypedArray, or DataView.[39m
 [31m×[39m src/lib/storage/__tests__/ContentAddressableRouter.test.ts[2m > [22mContentAddressableRouter[2m > [22mContent Storage[2m > [22mshould store content and return CID[32m 3[2mms[22m[39m
[31m   → Failed to store content: Failed to compute CID: Failed to execute 'digest' on 'SubtleCrypto': 2nd argument is not instance of ArrayBuffer, Buffer, TypedArray, or DataView.[39m
 [31m×[39m src/lib/storage/__tests__/ContentAddressableRouter.test.ts[2m > [22mContentAddressableRouter[2m > [22mContent Storage[2m > [22mshould be idempotent - storing same content twice returns same CID[32m 2[2mms[22m[39m
[31m   → Failed to store content: Failed to compute CID: Failed to execute 'digest' on 'SubtleCrypto': 2nd argument is not instance of ArrayBuffer, Buffer, TypedArray, or DataView.[39m
 [31m×[39m src/lib/storage/__tests__/ContentAddressableRouter.test.ts[2m > [22mContentAddressableRouter[2m > [22mContent Storage[2m > [22mshould track access count on idempotent reads[32m 2[2mms[22m[39m
[31m   → Failed to store content: Failed to compute CID: Failed to execute 'digest' on 'SubtleCrypto': 2nd argument is not instance of ArrayBuffer, Buffer, TypedArray, or DataView.[39m
 [31m×[39m src/lib/storage/__tests__/ContentAddressableRouter.test.ts[2m > [22mContentAddressableRouter[2m > [22mContent Storage[2m > [22mshould store content with metadata[32m 2[2mms[22m[39m
[31m   → Failed to store content: Failed to compute CID: Failed to execute 'digest' on 'SubtleCrypto': 2nd argument is not instance of ArrayBuffer, Buffer, TypedArray, or DataView.[39m
 [31m×[39m src/lib/storage/__tests__/ContentAddressableRouter.test.ts[2m > [22mContentAddressableRouter[2m > [22mContent Storage[2m > [22mshould increment access count on retrieval[32m 2[2mms[22m[39m
[31m   → Failed to store content: Failed to compute CID: Failed to execute 'digest' on 'SubtleCrypto': 2nd argument is not instance of ArrayBuffer, Buffer, TypedArray, or DataView.[39m
 [31m×[39m src/lib/storage/__tests__/ContentAddressableRouter.test.ts[2m > [22mContentAddressableRouter[2m > [22mContent Storage[2m > [22mshould not create duplicate entries for same content[32m 2[2mms[22m[39m
[31m   → Failed to store content: Failed to compute CID: Failed to execute 'digest' on 'SubtleCrypto': 2nd argument is not instance of ArrayBuffer, Buffer, TypedArray, or DataView.[39m
 [31m×[39m src/lib/storage/__tests__/ContentAddressableRouter.test.ts[2m > [22mContentAddressableRouter[2m > [22mContent Retrieval[2m > [22mshould retrieve stored content by CID[32m 2[2mms[22m[39m
[31m   → Failed to store content: Failed to compute CID: Failed to execute 'digest' on 'SubtleCrypto': 2nd argument is not instance of ArrayBuffer, Buffer, TypedArray, or DataView.[39m
 [32m✓[39m src/lib/storage/__tests__/ContentAddressableRouter.test.ts[2m > [22mContentAddressableRouter[2m > [22mContent Retrieval[2m > [22mshould return null for non-existent CID[32m 2[2mms[22m[39m
 [31m×[39m src/lib/storage/__tests__/ContentAddressableRouter.test.ts[2m > [22mContentAddressableRouter[2m > [22mContent Retrieval[2m > [22mshould be idempotent - retrieving same CID multiple times returns same content[32m 2[2mms[22m[39m
[31m   → Failed to store content: Failed to compute CID: Failed to execute 'digest' on 'SubtleCrypto': 2nd argument is not instance of ArrayBuffer, Buffer, TypedArray, or DataView.[39m
 [31m×[39m src/lib/storage/__tests__/ContentAddressableRouter.test.ts[2m > [22mContentAddressableRouter[2m > [22mMetadata Operations[2m > [22mshould retrieve metadata without content[32m 2[2mms[22m[39m
[31m   → Failed to store content: Failed to compute CID: Failed to execute 'digest' on 'SubtleCrypto': 2nd argument is not instance of ArrayBuffer, Buffer, TypedArray, or DataView.[39m
 [32m✓[39m src/lib/storage/__tests__/ContentAddressableRouter.test.ts[2m > [22mContentAddressableRouter[2m > [22mMetadata Operations[2m > [22mshould return null for non-existent CID metadata[32m 2[2mms[22m[39m
 [31m×[39m src/lib/storage/__tests__/ContentAddressableRouter.test.ts[2m > [22mContentAddressableRouter[2m > [22mExport Snapshot[2m > [22mshould export snapshot with all CIDs[32m 2[2mms[22m[39m
[31m   → Failed to store content: Failed to compute CID: Failed to execute 'digest' on 'SubtleCrypto': 2nd argument is not instance of ArrayBuffer, Buffer, TypedArray, or DataView.[39m
 [31m×[39m src/lib/storage/__tests__/ContentAddressableRouter.test.ts[2m > [22mContentAddressableRouter[2m > [22mExport Snapshot[2m > [22mshould generate CRDT snapshot[32m 2[2mms[22m[39m
[31m   → Failed to store content: Failed to compute CID: Failed to execute 'digest' on 'SubtleCrypto': 2nd argument is not instance of ArrayBuffer, Buffer, TypedArray, or DataView.[39m
 [31m×[39m src/lib/storage/__tests__/ContentAddressableRouter.test.ts[2m > [22mContentAddressableRouter[2m > [22mExport Snapshot[2m > [22mshould include metadata in snapshot[32m 2[2mms[22m[39m
[31m   → Failed to store content: Failed to compute CID: Failed to execute 'digest' on 'SubtleCrypto': 2nd argument is not instance of ArrayBuffer, Buffer, TypedArray, or DataView.[39m
 [31m×[39m src/lib/storage/__tests__/ContentAddressableRouter.test.ts[2m > [22mContentAddressableRouter[2m > [22mExport Snapshot[2m > [22mshould include snapshot ID and timestamp[32m 2[2mms[22m[39m
[31m   → Failed to store content: Failed to compute CID: Failed to execute 'digest' on 'SubtleCrypto': 2nd argument is not instance of ArrayBuffer, Buffer, TypedArray, or DataView.[39m
 [32m✓[39m src/lib/storage/__tests__/ContentAddressableRouter.test.ts[2m > [22mContentAddressableRouter[2m > [22mExport Snapshot[2m > [22mshould generate empty snapshot when no content[32m 5[2mms[22m[39m
 [31m×[39m src/lib/storage/__tests__/ContentAddressableRouter.test.ts[2m > [22mContentAddressableRouter[2m > [22mCRDT Snapshot Restoration[2m > [22mshould restore content from CRDT snapshot[32m 2[2mms[22m[39m
[31m   → Failed to store content: Failed to compute CID: Failed to execute 'digest' on 'SubtleCrypto': 2nd argument is not instance of ArrayBuffer, Buffer, TypedArray, or DataView.[39m
 [31m×[39m src/lib/storage/__tests__/ContentAddressableRouter.test.ts[2m > [22mContentAddressableRouter[2m > [22mCRDT Snapshot Restoration[2m > [22mshould skip duplicate entries on restoration[32m 2[2mms[22m[39m
[31m   → Failed to store content: Failed to compute CID: Failed to execute 'digest' on 'SubtleCrypto': 2nd argument is not instance of ArrayBuffer, Buffer, TypedArray, or DataView.[39m
 [31m×[39m src/lib/storage/__tests__/ContentAddressableRouter.test.ts[2m > [22mContentAddressableRouter[2m > [22mDeletion[2m > [22mshould delete content by CID[32m 2[2mms[22m[39m
[31m   → Failed to store content: Failed to compute CID: Failed to execute 'digest' on 'SubtleCrypto': 2nd argument is not instance of ArrayBuffer, Buffer, TypedArray, or DataView.[39m
 [31m×[39m src/lib/storage/__tests__/ContentAddressableRouter.test.ts[2m > [22mContentAddressableRouter[2m > [22mDeletion[2m > [22mshould return false when deleting non-existent CID[32m 5[2mms[22m[39m
[31m   → expected true to be false // Object.is equality[39m
 [31m×[39m src/lib/storage/__tests__/ContentAddressableRouter.test.ts[2m > [22mContentAddressableRouter[2m > [22mStatistics[2m > [22mshould report storage statistics[32m 2[2mms[22m[39m
[31m   → Failed to store content: Failed to compute CID: Failed to execute 'digest' on 'SubtleCrypto': 2nd argument is not instance of ArrayBuffer, Buffer, TypedArray, or DataView.[39m
 [32m✓[39m src/lib/storage/__tests__/ContentAddressableRouter.test.ts[2m > [22mContentAddressableRouter[2m > [22mStatistics[2m > [22mshould return zero stats for empty storage[32m 2[2mms[22m[39m
 [31m×[39m src/lib/storage/__tests__/ContentAddressableRouter.test.ts[2m > [22mContentAddressableRouter[2m > [22mClear All[2m > [22mshould clear all stored content[32m 2[2mms[22m[39m
[31m   → Failed to store content: Failed to compute CID: Failed to execute 'digest' on 'SubtleCrypto': 2nd argument is not instance of ArrayBuffer, Buffer, TypedArray, or DataView.[39m
 [31m×[39m src/lib/storage/__tests__/ContentAddressableRouter.test.ts[2m > [22mContentAddressableRouter[2m > [22mClear All[2m > [22mshould allow storing new content after clear[32m 2[2mms[22m[39m
[31m   → Failed to store content: Failed to compute CID: Failed to execute 'digest' on 'SubtleCrypto': 2nd argument is not instance of ArrayBuffer, Buffer, TypedArray, or DataView.[39m
 [32m✓[39m src/lib/storage/__tests__/ContentAddressableRouter.test.ts[2m > [22mContentAddressableRouter[2m > [22mSingleton Pattern[2m > [22mshould return same instance from getContentAddressableRouter[32m 3[2mms[22m[39m
 [31m×[39m src/lib/storage/__tests__/ContentAddressableRouter.test.ts[2m > [22mContentAddressableRouter[2m > [22mIPFS Compatibility[2m > [22mshould work with IPFS upload workflow[32m 2[2mms[22m[39m
[31m   → Failed to store content: Failed to compute CID: Failed to execute 'digest' on 'SubtleCrypto': 2nd argument is not instance of ArrayBuffer, Buffer, TypedArray, or DataView.[39m
 [32m✓[39m src/lib/storage/__tests__/mediaUtils.test.ts[2m > [22mMedia Utils[2m > [22mPromise-based interface[2m > [22mshould handle Promise.allSettled across all functions[33m 3003[2mms[22m[39m
 [32m✓[39m src/lib/storage/__tests__/mediaUtils.test.ts[2m > [22mMedia Utils[2m > [22mBlob and Uint8Array handling[2m > [22mshould work with empty Blobs[32m 1[2mms[22m[39m
 [32m✓[39m src/lib/storage/__tests__/mediaUtils.test.ts[2m > [22mMedia Utils[2m > [22mBlob and Uint8Array handling[2m > [22mshould work with binary data[32m 0[2mms[22m[39m
 [32m✓[39m src/lib/storage/__tests__/mediaUtils.test.ts[2m > [22mMedia Utils[2m > [22mParameter validation[2m > [22mgenerateThumbnail should accept positive maxWidth[32m 0[2mms[22m[39m
 [32m✓[39m src/lib/storage/__tests__/mediaUtils.test.ts[2m > [22mMedia Utils[2m > [22mParameter validation[2m > [22mshould handle files with different MIME types[32m 0[2mms[22m[39m
 [32m✓[39m src/lib/__tests__/mentorshipStore.test.ts[2m > [22mMentorship Store[2m > [22mMentor Management[2m > [22mshould add and retrieve a mentor[32m 4[2mms[22m[39m
 [32m✓[39m src/lib/__tests__/mentorshipStore.test.ts[2m > [22mMentorship Store[2m > [22mMentor Management[2m > [22mshould update an existing mentor[32m 1[2mms[22m[39m
 [32m✓[39m src/lib/__tests__/mentorshipStore.test.ts[2m > [22mMentorship Store[2m > [22mCapacity Management[2m > [22mshould decrement capacity when mentee is added[32m 1[2mms[22m[39m
 [32m✓[39m src/lib/__tests__/mentorshipStore.test.ts[2m > [22mMentorship Store[2m > [22mCapacity Management[2m > [22mshould increment capacity when mentee is removed[32m 1[2mms[22m[39m
 [32m✓[39m src/lib/__tests__/mentorshipStore.test.ts[2m > [22mMentorship Store[2m > [22mCapacity Management[2m > [22mshould prevent duplicate mentee additions[32m 0[2mms[22m[39m
 [32m✓[39m src/lib/__tests__/mentorshipStore.test.ts[2m > [22mMentorship Store[2m > [22mCapacity Management[2m > [22mshould accurately report capacity constraints[32m 0[2mms[22m[39m
 [32m✓[39m src/lib/__tests__/mentorshipStore.test.ts[2m > [22mMentorship Store[2m > [22mBooking Management[2m > [22mshould create and retrieve bookings[32m 4[2mms[22m[39m
 [32m✓[39m src/lib/__tests__/mentorshipStore.test.ts[2m > [22mMentorship Store[2m > [22mBooking Management[2m > [22mshould decrement capacity when booking is added[32m 0[2mms[22m[39m
 [32m✓[39m src/lib/__tests__/mentorshipStore.test.ts[2m > [22mMentorship Store[2m > [22mBooking Management[2m > [22mshould handle booking cancellation and restore capacity[32m 1[2mms[22m[39m
 [32m✓[39m src/lib/__tests__/mentorshipStore.test.ts[2m > [22mMentorship Store[2m > [22mBooking Management[2m > [22mshould get bookings for a specific mentor[32m 1[2mms[22m[39m
 [32m✓[39m src/lib/__tests__/mentorshipStore.test.ts[2m > [22mMentorship Store[2m > [22mBooking Management[2m > [22mshould update booking status[32m 1[2mms[22m[39m
 [32m✓[39m src/lib/__tests__/mentorshipStore.test.ts[2m > [22mMentorship Store[2m > [22mMentee Request Management[2m > [22mshould add and retrieve mentee requests[32m 0[2mms[22m[39m
 [32m✓[39m src/lib/__tests__/mentorshipStore.test.ts[2m > [22mMentorship Store[2m > [22mMentee Request Management[2m > [22mshould update mentee request status[32m 0[2mms[22m[39m
 [32m✓[39m src/lib/__tests__/mentorshipStore.test.ts[2m > [22mMentorship Store[2m > [22mMatch Management[2m > [22mshould create and retrieve matches[32m 0[2mms[22m[39m
 [32m✓[39m src/lib/__tests__/mentorshipStore.test.ts[2m > [22mMentorship Store[2m > [22mStore Hydration[2m > [22mshould hydrate correctly[32m 0[2mms[22m[39m
 [32m✓[39m src/lib/network/__tests__/InstitutionNetworkDetector.test.ts[2m > [22mInstitutionNetworkDetector[2m > [22mmatchKnownNetwork[2m > [22mshould match SSID patterns case-insensitively[32m 2[2mms[22m[39m
 [32m✓[39m src/lib/network/__tests__/InstitutionNetworkDetector.test.ts[2m > [22mInstitutionNetworkDetector[2m > [22mmatchKnownNetwork[2m > [22mshould match partial SSID patterns[32m 0[2mms[22m[39m
 [32m✓[39m src/lib/network/__tests__/InstitutionNetworkDetector.test.ts[2m > [22mInstitutionNetworkDetector[2m > [22mmatchKnownNetwork[2m > [22mshould match BSSID prefixes[32m 0[2mms[22m[39m
 [32m✓[39m src/lib/network/__tests__/InstitutionNetworkDetector.test.ts[2m > [22mInstitutionNetworkDetector[2m > [22mmatchKnownNetwork[2m > [22mshould handle BSSID with different separators[32m 0[2mms[22m[39m
 [32m✓[39m src/lib/network/__tests__/InstitutionNetworkDetector.test.ts[2m > [22mInstitutionNetworkDetector[2m > [22mmatchKnownNetwork[2m > [22mshould return null for unknown networks[32m 0[2mms[22m[39m
 [32m✓[39m src/lib/network/__tests__/InstitutionNetworkDetector.test.ts[2m > [22mInstitutionNetworkDetector[2m > [22mmatchKnownNetwork[2m > [22mshould return null when no identifiers provided[32m 0[2mms[22m[39m
 [32m✓[39m src/lib/network/__tests__/InstitutionNetworkDetector.test.ts[2m > [22mInstitutionNetworkDetector[2m > [22mmatchKnownNetwork[2m > [22mshould match Eduroam network[32m 1[2mms[22m[39m
 [32m✓[39m src/lib/network/__tests__/InstitutionNetworkDetector.test.ts[2m > [22mInstitutionNetworkDetector[2m > [22mfingerprintConnection[2m > [22mshould detect DNS suffixes[32m 0[2mms[22m[39m
 [32m✓[39m src/lib/network/__tests__/InstitutionNetworkDetector.test.ts[2m > [22mInstitutionNetworkDetector[2m > [22mfingerprintConnection[2m > [22mshould detect enterprise network characteristics[32m 0[2mms[22m[39m
 [32m✓[39m src/lib/network/__tests__/InstitutionNetworkDetector.test.ts[2m > [22mInstitutionNetworkDetector[2m > [22mfingerprintConnection[2m > [22mshould return low confidence for generic networks[32m 1[2mms[22m[39m
 [32m✓[39m src/lib/network/__tests__/InstitutionNetworkDetector.test.ts[2m > [22mInstitutionNetworkDetector[2m > [22mfingerprintConnection[2m > [22mshould handle multiple DNS suffixes[32m 0[2mms[22m[39m
 [32m✓[39m src/lib/network/__tests__/InstitutionNetworkDetector.test.ts[2m > [22mInstitutionNetworkDetector[2m > [22mdetectCaptivePortal[2m > [22mshould detect captive portal on redirect[32m 1[2mms[22m[39m
 [32m✓[39m src/lib/network/__tests__/InstitutionNetworkDetector.test.ts[2m > [22mInstitutionNetworkDetector[2m > [22mdetectCaptivePortal[2m > [22mshould detect captive portal on content mismatch[32m 0[2mms[22m[39m
 [32m✓[39m src/lib/network/__tests__/InstitutionNetworkDetector.test.ts[2m > [22mInstitutionNetworkDetector[2m > [22mdetectCaptivePortal[2m > [22mshould pass when connectivity check succeeds[32m 1[2mms[22m[39m
 [32m✓[39m src/lib/network/__tests__/InstitutionNetworkDetector.test.ts[2m > [22mInstitutionNetworkDetector[2m > [22mdetectCaptivePortal[2m > [22mshould detect captive portal on network error[32m 0[2mms[22m[39m
 [32m✓[39m src/lib/network/__tests__/InstitutionNetworkDetector.test.ts[2m > [22mInstitutionNetworkDetector[2m > [22mdetectCaptivePortal[2m > [22mshould detect captive portal with institution keywords[32m 0[2mms[22m[39m
 [32m✓[39m src/lib/network/__tests__/InstitutionNetworkDetector.test.ts[2m > [22mInstitutionNetworkDetector[2m > [22mevaluateNetworkEnvironment[2m > [22mshould force Tor on high confidence SSID match[32m 0[2mms[22m[39m
 [32m✓[39m src/lib/network/__tests__/InstitutionNetworkDetector.test.ts[2m > [22mInstitutionNetworkDetector[2m > [22mevaluateNetworkEnvironment[2m > [22mshould force Tor when captive portal detected[32m 0[2mms[22m[39m
 [32m✓[39m src/lib/network/__tests__/InstitutionNetworkDetector.test.ts[2m > [22mInstitutionNetworkDetector[2m > [22mevaluateNetworkEnvironment[2m > [22mshould not force Tor on low confidence[32m 0[2mms[22m[39m
 [32m✓[39m src/lib/network/__tests__/InstitutionNetworkDetector.test.ts[2m > [22mInstitutionNetworkDetector[2m > [22mevaluateNetworkEnvironment[2m > [22mshould prioritize higher confidence matches[32m 0[2mms[22m[39m
 [32m✓[39m src/lib/network/__tests__/InstitutionNetworkDetector.test.ts[2m > [22mInstitutionNetworkDetector[2m > [22mevaluateNetworkEnvironment[2m > [22mshould combine captive portal with SSID match[32m 0[2mms[22m[39m
 [32m✓[39m src/lib/network/__tests__/InstitutionNetworkDetector.test.ts[2m > [22mInstitutionNetworkDetector[2m > [22mevaluateNetworkEnvironment[2m > [22mshould handle multiple visible networks[32m 0[2mms[22m[39m
 [32m✓[39m src/lib/network/__tests__/InstitutionNetworkDetector.test.ts[2m > [22mInstitutionNetworkDetector[2m > [22mevaluateNetworkEnvironment[2m > [22mshould generate appropriate badge copy for unknown captive portal[32m 0[2mms[22m[39m
 [32m✓[39m src/lib/network/__tests__/InstitutionNetworkDetector.test.ts[2m > [22mInstitutionNetworkDetector[2m > [22mevaluateNetworkEnvironment[2m > [22mshould avoid false positives on home networks[32m 0[2mms[22m[39m
 [32m✓[39m src/lib/network/__tests__/InstitutionNetworkDetector.test.ts[2m > [22mInstitutionNetworkDetector[2m > [22mIntegration scenarios[2m > [22mshould handle MIT campus scenario[32m 0[2mms[22m[39m
 [32m✓[39m src/lib/network/__tests__/InstitutionNetworkDetector.test.ts[2m > [22mInstitutionNetworkDetector[2m > [22mIntegration scenarios[2m > [22mshould handle Eduroam with captive portal[32m 0[2mms[22m[39m
 [32m✓[39m src/lib/network/__tests__/InstitutionNetworkDetector.test.ts[2m > [22mInstitutionNetworkDetector[2m > [22mIntegration scenarios[2m > [22mshould handle coffee shop public WiFi without false positive[32m 0[2mms[22m[39m
 [32m✓[39m src/lib/network/__tests__/InstitutionNetworkDetector.test.ts[2m > [22mInstitutionNetworkDetector[2m > [22mEdge cases[2m > [22mshould handle empty environment[32m 0[2mms[22m[39m
 [32m✓[39m src/lib/network/__tests__/InstitutionNetworkDetector.test.ts[2m > [22mInstitutionNetworkDetector[2m > [22mEdge cases[2m > [22mshould handle malformed BSSID[32m 0[2mms[22m[39m
 [32m✓[39m src/lib/network/__tests__/InstitutionNetworkDetector.test.ts[2m > [22mInstitutionNetworkDetector[2m > [22mEdge cases[2m > [22mshould handle case variations in portal keywords[32m 0[2mms[22m[39m
 [32m✓[39m src/lib/network/__tests__/InstitutionNetworkDetector.test.ts[2m > [22mInstitutionNetworkDetector[2m > [22mProfile data validation[2m > [22mshould have valid profile IDs[32m 0[2mms[22m[39m
 [32m✓[39m src/lib/network/__tests__/InstitutionNetworkDetector.test.ts[2m > [22mInstitutionNetworkDetector[2m > [22mProfile data validation[2m > [22mshould have valid badge labels[32m 0[2mms[22m[39m
 [32m✓[39m src/lib/network/__tests__/InstitutionNetworkDetector.test.ts[2m > [22mInstitutionNetworkDetector[2m > [22mProfile data validation[2m > [22mshould have at least one SSID pattern or BSSID prefix[32m 0[2mms[22m[39m
 [32m✓[39m src/lib/network/__tests__/InstitutionNetworkDetector.test.ts[2m > [22mInstitutionNetworkDetector[2m > [22mProfile data validation[2m > [22mshould cover expected institutions[32m 1[2mms[22m[39m
[90mstderr[2m | src/lib/messaging/__tests__/MessagingService.test.ts[2m > [22m[2mMessagingService[2m > [22m[2mInitialization[2m > [22m[2mshould initialize without error
[22m[39m[vitest] The vi.fn() mock did not use 'function' or 'class' in its implementation, see https://vitest.dev/api/vi#vi-spyon for examples.
[Messaging] BroadcastChannel failed: TypeError: () => ({
      postMessage: __vite_ssr_import_0__.vi.fn(),
      close: __vite_ssr_import_0__.vi.fn(),
      on...<omitted>...}) is not a constructor
    at new Mock [90m(file:///home/engine/project/[39mnode_modules/[4m@vitest/spy[24m/dist/index.js:256:27[90m)[39m
    at MessagingService.setupBroadcastChannel [90m(/home/engine/project/[39msrc/lib/messaging/MessagingService.ts:114:31[90m)[39m
    at MessagingService.initialize [90m(/home/engine/project/[39msrc/lib/messaging/MessagingService.ts:47:14[90m)[39m
    at [90m/home/engine/project/[39msrc/lib/messaging/__tests__/MessagingService.test.ts:37:21
    at [90mfile:///home/engine/project/[39mnode_modules/[4m@vitest/runner[24m/dist/index.js:157:11
    at [90mfile:///home/engine/project/[39mnode_modules/[4m@vitest/runner[24m/dist/index.js:753:26
    at [90mfile:///home/engine/project/[39mnode_modules/[4m@vitest/runner[24m/dist/index.js:1636:20
    at new Promise (<anonymous>)
    at runWithTimeout [90m(file:///home/engine/project/[39mnode_modules/[4m@vitest/runner[24m/dist/index.js:1602:10[90m)[39m
    at runTest [90m(file:///home/engine/project/[39mnode_modules/[4m@vitest/runner[24m/dist/index.js:1309:12[90m)[39m

[90mstderr[2m | src/lib/messaging/__tests__/MessagingService.test.ts[2m > [22m[2mMessagingService[2m > [22m[2mInitialization[2m > [22m[2mshould handle missing WebSocket URL gracefully
[22m[39m[vitest] The vi.fn() mock did not use 'function' or 'class' in its implementation, see https://vitest.dev/api/vi#vi-spyon for examples.
[Messaging] BroadcastChannel failed: TypeError: () => ({
      postMessage: __vite_ssr_import_0__.vi.fn(),
      close: __vite_ssr_import_0__.vi.fn(),
      on...<omitted>...}) is not a constructor
    at new Mock [90m(file:///home/engine/project/[39mnode_modules/[4m@vitest/spy[24m/dist/index.js:256:27[90m)[39m
    at MessagingService.setupBroadcastChannel [90m(/home/engine/project/[39msrc/lib/messaging/MessagingService.ts:114:31[90m)[39m
    at MessagingService.initialize [90m(/home/engine/project/[39msrc/lib/messaging/MessagingService.ts:47:14[90m)[39m
    at [90m/home/engine/project/[39msrc/lib/messaging/__tests__/MessagingService.test.ts:42:21
    at [90mfile:///home/engine/project/[39mnode_modules/[4m@vitest/runner[24m/dist/index.js:157:11
    at [90mfile:///home/engine/project/[39mnode_modules/[4m@vitest/runner[24m/dist/index.js:753:26
    at [90mfile:///home/engine/project/[39mnode_modules/[4m@vitest/runner[24m/dist/index.js:1636:20
    at new Promise (<anonymous>)
    at runWithTimeout [90m(file:///home/engine/project/[39mnode_modules/[4m@vitest/runner[24m/dist/index.js:1602:10[90m)[39m
    at runTest [90m(file:///home/engine/project/[39mnode_modules/[4m@vitest/runner[24m/dist/index.js:1309:12[90m)[39m

[90mstderr[2m | src/lib/messaging/__tests__/MessagingService.test.ts[2m > [22m[2mMessagingService[2m > [22m[2mOffline Queue Persistence[2m > [22m[2mshould persist pending messages to localStorage
[22m[39m[vitest] The vi.fn() mock did not use 'function' or 'class' in its implementation, see https://vitest.dev/api/vi#vi-spyon for examples.
[Messaging] BroadcastChannel failed: TypeError: () => ({
      postMessage: __vite_ssr_import_0__.vi.fn(),
      close: __vite_ssr_import_0__.vi.fn(),
      on...<omitted>...}) is not a constructor
    at new Mock [90m(file:///home/engine/project/[39mnode_modules/[4m@vitest/spy[24m/dist/index.js:256:27[90m)[39m
    at MessagingService.setupBroadcastChannel [90m(/home/engine/project/[39msrc/lib/messaging/MessagingService.ts:114:31[90m)[39m
    at MessagingService.initialize [90m(/home/engine/project/[39msrc/lib/messaging/MessagingService.ts:47:14[90m)[39m
    at [90m/home/engine/project/[39msrc/lib/messaging/__tests__/MessagingService.test.ts:74:21
    at [90mfile:///home/engine/project/[39mnode_modules/[4m@vitest/runner[24m/dist/index.js:157:11
    at [90mfile:///home/engine/project/[39mnode_modules/[4m@vitest/runner[24m/dist/index.js:753:26
    at [90mfile:///home/engine/project/[39mnode_modules/[4m@vitest/runner[24m/dist/index.js:1636:20
    at new Promise (<anonymous>)
    at runWithTimeout [90m(file:///home/engine/project/[39mnode_modules/[4m@vitest/runner[24m/dist/index.js:1602:10[90m)[39m
    at runTest [90m(file:///home/engine/project/[39mnode_modules/[4m@vitest/runner[24m/dist/index.js:1309:12[90m)[39m

[90mstdout[2m | src/lib/messaging/__tests__/MessagingService.test.ts[2m > [22m[2mMessagingService[2m > [22m[2mOffline Queue Persistence[2m > [22m[2mshould persist pending messages to localStorage
[22m[39m[Encryption] Generated new key for thread thread-1

[90mstderr[2m | src/lib/messaging/__tests__/MessagingService.test.ts[2m > [22m[2mMessagingService[2m > [22m[2mOffline Queue Persistence[2m > [22m[2mshould clear pending messages
[22m[39m[vitest] The vi.fn() mock did not use 'function' or 'class' in its implementation, see https://vitest.dev/api/vi#vi-spyon for examples.
[Messaging] BroadcastChannel failed: TypeError: () => ({
      postMessage: __vite_ssr_import_0__.vi.fn(),
      close: __vite_ssr_import_0__.vi.fn(),
      on...<omitted>...}) is not a constructor
    at new Mock [90m(file:///home/engine/project/[39mnode_modules/[4m@vitest/spy[24m/dist/index.js:256:27[90m)[39m
    at MessagingService.setupBroadcastChannel [90m(/home/engine/project/[39msrc/lib/messaging/MessagingService.ts:114:31[90m)[39m
    at MessagingService.initialize [90m(/home/engine/project/[39msrc/lib/messaging/MessagingService.ts:47:14[90m)[39m
    at [90m/home/engine/project/[39msrc/lib/messaging/__tests__/MessagingService.test.ts:134:21
    at [90mfile:///home/engine/project/[39mnode_modules/[4m@vitest/runner[24m/dist/index.js:157:11
    at [90mfile:///home/engine/project/[39mnode_modules/[4m@vitest/runner[24m/dist/index.js:753:26
    at [90mfile:///home/engine/project/[39mnode_modules/[4m@vitest/runner[24m/dist/index.js:1636:20
    at new Promise (<anonymous>)
    at runWithTimeout [90m(file:///home/engine/project/[39mnode_modules/[4m@vitest/runner[24m/dist/index.js:1602:10[90m)[39m
    at runTest [90m(file:///home/engine/project/[39mnode_modules/[4m@vitest/runner[24m/dist/index.js:1309:12[90m)[39m

[90mstderr[2m | src/lib/messaging/__tests__/MessagingService.test.ts[2m > [22m[2mMessagingService[2m > [22m[2mConnection Status[2m > [22m[2mshould track connection status
[22m[39m[vitest] The vi.fn() mock did not use 'function' or 'class' in its implementation, see https://vitest.dev/api/vi#vi-spyon for examples.
[Messaging] BroadcastChannel failed: TypeError: () => ({
      postMessage: __vite_ssr_import_0__.vi.fn(),
      close: __vite_ssr_import_0__.vi.fn(),
      on...<omitted>...}) is not a constructor
    at new Mock [90m(file:///home/engine/project/[39mnode_modules/[4m@vitest/spy[24m/dist/index.js:256:27[90m)[39m
    at MessagingService.setupBroadcastChannel [90m(/home/engine/project/[39msrc/lib/messaging/MessagingService.ts:114:31[90m)[39m
    at MessagingService.initialize [90m(/home/engine/project/[39msrc/lib/messaging/MessagingService.ts:47:14[90m)[39m
    at [90m/home/engine/project/[39msrc/lib/messaging/__tests__/MessagingService.test.ts:146:21
    at [90mfile:///home/engine/project/[39mnode_modules/[4m@vitest/runner[24m/dist/index.js:157:11
    at [90mfile:///home/engine/project/[39mnode_modules/[4m@vitest/runner[24m/dist/index.js:753:26
    at [90mfile:///home/engine/project/[39mnode_modules/[4m@vitest/runner[24m/dist/index.js:1636:20
    at new Promise (<anonymous>)
    at runWithTimeout [90m(file:///home/engine/project/[39mnode_modules/[4m@vitest/runner[24m/dist/index.js:1602:10[90m)[39m
    at runTest [90m(file:///home/engine/project/[39mnode_modules/[4m@vitest/runner[24m/dist/index.js:1309:12[90m)[39m

[90mstderr[2m | src/lib/messaging/__tests__/MessagingService.test.ts[2m > [22m[2mMessagingService[2m > [22m[2mConnection Status[2m > [22m[2mshould notify listeners of connection changes
[22m[39m[vitest] The vi.fn() mock did not use 'function' or 'class' in its implementation, see https://vitest.dev/api/vi#vi-spyon for examples.
[Messaging] BroadcastChannel failed: TypeError: () => ({
      postMessage: __vite_ssr_import_0__.vi.fn(),
      close: __vite_ssr_import_0__.vi.fn(),
      on...<omitted>...}) is not a constructor
    at new Mock [90m(file:///home/engine/project/[39mnode_modules/[4m@vitest/spy[24m/dist/index.js:256:27[90m)[39m
    at MessagingService.setupBroadcastChannel [90m(/home/engine/project/[39msrc/lib/messaging/MessagingService.ts:114:31[90m)[39m
    at MessagingService.initialize [90m(/home/engine/project/[39msrc/lib/messaging/MessagingService.ts:47:14[90m)[39m
    at [90m/home/engine/project/[39msrc/lib/messaging/__tests__/MessagingService.test.ts:156:21
    at [90mfile:///home/engine/project/[39mnode_modules/[4m@vitest/runner[24m/dist/index.js:157:11
    at [90mfile:///home/engine/project/[39mnode_modules/[4m@vitest/runner[24m/dist/index.js:753:26
    at [90mfile:///home/engine/project/[39mnode_modules/[4m@vitest/runner[24m/dist/index.js:1636:20
    at new Promise (<anonymous>)
    at runWithTimeout [90m(file:///home/engine/project/[39mnode_modules/[4m@vitest/runner[24m/dist/index.js:1602:10[90m)[39m
    at runTest [90m(file:///home/engine/project/[39mnode_modules/[4m@vitest/runner[24m/dist/index.js:1309:12[90m)[39m

[90mstderr[2m | src/lib/messaging/__tests__/MessagingService.test.ts[2m > [22m[2mMessagingService[2m > [22m[2mMessage Handling[2m > [22m[2mshould register message listeners
[22m[39m[vitest] The vi.fn() mock did not use 'function' or 'class' in its implementation, see https://vitest.dev/api/vi#vi-spyon for examples.
[Messaging] BroadcastChannel failed: TypeError: () => ({
      postMessage: __vite_ssr_import_0__.vi.fn(),
      close: __vite_ssr_import_0__.vi.fn(),
      on...<omitted>...}) is not a constructor
    at new Mock [90m(file:///home/engine/project/[39mnode_modules/[4m@vitest/spy[24m/dist/index.js:256:27[90m)[39m
    at MessagingService.setupBroadcastChannel [90m(/home/engine/project/[39msrc/lib/messaging/MessagingService.ts:114:31[90m)[39m
    at MessagingService.initialize [90m(/home/engine/project/[39msrc/lib/messaging/MessagingService.ts:47:14[90m)[39m
    at [90m/home/engine/project/[39msrc/lib/messaging/__tests__/MessagingService.test.ts:168:21
    at [90mfile:///home/engine/project/[39mnode_modules/[4m@vitest/runner[24m/dist/index.js:157:11
    at [90mfile:///home/engine/project/[39mnode_modules/[4m@vitest/runner[24m/dist/index.js:753:26
    at [90mfile:///home/engine/project/[39mnode_modules/[4m@vitest/runner[24m/dist/index.js:1636:20
    at new Promise (<anonymous>)
    at runWithTimeout [90m(file:///home/engine/project/[39mnode_modules/[4m@vitest/runner[24m/dist/index.js:1602:10[90m)[39m
    at runTest [90m(file:///home/engine/project/[39mnode_modules/[4m@vitest/runner[24m/dist/index.js:1309:12[90m)[39m

[90mstderr[2m | src/lib/messaging/__tests__/MessagingService.test.ts[2m > [22m[2mMessagingService[2m > [22m[2mMessage Handling[2m > [22m[2mshould register thread listeners
[22m[39m[vitest] The vi.fn() mock did not use 'function' or 'class' in its implementation, see https://vitest.dev/api/vi#vi-spyon for examples.
[Messaging] BroadcastChannel failed: TypeError: () => ({
      postMessage: __vite_ssr_import_0__.vi.fn(),
      close: __vite_ssr_import_0__.vi.fn(),
      on...<omitted>...}) is not a constructor
    at new Mock [90m(file:///home/engine/project/[39mnode_modules/[4m@vitest/spy[24m/dist/index.js:256:27[90m)[39m
    at MessagingService.setupBroadcastChannel [90m(/home/engine/project/[39msrc/lib/messaging/MessagingService.ts:114:31[90m)[39m
    at MessagingService.initialize [90m(/home/engine/project/[39msrc/lib/messaging/MessagingService.ts:47:14[90m)[39m
    at [90m/home/engine/project/[39msrc/lib/messaging/__tests__/MessagingService.test.ts:180:21
    at [90mfile:///home/engine/project/[39mnode_modules/[4m@vitest/runner[24m/dist/index.js:157:11
    at [90mfile:///home/engine/project/[39mnode_modules/[4m@vitest/runner[24m/dist/index.js:753:26
    at [90mfile:///home/engine/project/[39mnode_modules/[4m@vitest/runner[24m/dist/index.js:1636:20
    at new Promise (<anonymous>)
    at runWithTimeout [90m(file:///home/engine/project/[39mnode_modules/[4m@vitest/runner[24m/dist/index.js:1602:10[90m)[39m
    at runTest [90m(file:///home/engine/project/[39mnode_modules/[4m@vitest/runner[24m/dist/index.js:1309:12[90m)[39m

[90mstderr[2m | src/lib/messaging/__tests__/MessagingService.test.ts[2m > [22m[2mMessagingService[2m > [22m[2mMention Notifications[2m > [22m[2mshould trigger notification when message has mentions and preference enabled
[22m[39m[vitest] The vi.fn() mock did not use 'function' or 'class' in its implementation, see https://vitest.dev/api/vi#vi-spyon for examples.
[Messaging] BroadcastChannel failed: TypeError: () => ({
      postMessage: __vite_ssr_import_0__.vi.fn(),
      close: __vite_ssr_import_0__.vi.fn(),
      on...<omitted>...}) is not a constructor
    at new Mock [90m(file:///home/engine/project/[39mnode_modules/[4m@vitest/spy[24m/dist/index.js:256:27[90m)[39m
    at MessagingService.setupBroadcastChannel [90m(/home/engine/project/[39msrc/lib/messaging/MessagingService.ts:114:31[90m)[39m
    at MessagingService.initialize [90m(/home/engine/project/[39msrc/lib/messaging/MessagingService.ts:47:14[90m)[39m
    at [90m/home/engine/project/[39msrc/lib/messaging/__tests__/MessagingService.test.ts:207:21
    at [90mfile:///home/engine/project/[39mnode_modules/[4m@vitest/runner[24m/dist/index.js:157:11
    at [90mfile:///home/engine/project/[39mnode_modules/[4m@vitest/runner[24m/dist/index.js:753:26
    at [90mfile:///home/engine/project/[39mnode_modules/[4m@vitest/runner[24m/dist/index.js:1636:20
    at new Promise (<anonymous>)
    at runWithTimeout [90m(file:///home/engine/project/[39mnode_modules/[4m@vitest/runner[24m/dist/index.js:1602:10[90m)[39m
    at runTest [90m(file:///home/engine/project/[39mnode_modules/[4m@vitest/runner[24m/dist/index.js:1309:12[90m)[39m

[90mstderr[2m | src/lib/messaging/__tests__/MessagingService.test.ts[2m > [22m[2mMessagingService[2m > [22m[2mMention Notifications[2m > [22m[2mshould not trigger notification when mentions preference disabled
[22m[39m[vitest] The vi.fn() mock did not use 'function' or 'class' in its implementation, see https://vitest.dev/api/vi#vi-spyon for examples.
[Messaging] BroadcastChannel failed: TypeError: () => ({
      postMessage: __vite_ssr_import_0__.vi.fn(),
      close: __vite_ssr_import_0__.vi.fn(),
      on...<omitted>...}) is not a constructor
    at new Mock [90m(file:///home/engine/project/[39mnode_modules/[4m@vitest/spy[24m/dist/index.js:256:27[90m)[39m
    at MessagingService.setupBroadcastChannel [90m(/home/engine/project/[39msrc/lib/messaging/MessagingService.ts:114:31[90m)[39m
    at MessagingService.initialize [90m(/home/engine/project/[39msrc/lib/messaging/MessagingService.ts:47:14[90m)[39m
    at [90m/home/engine/project/[39msrc/lib/messaging/__tests__/MessagingService.test.ts:253:21
    at [90mfile:///home/engine/project/[39mnode_modules/[4m@vitest/runner[24m/dist/index.js:157:11
    at [90mfile:///home/engine/project/[39mnode_modules/[4m@vitest/runner[24m/dist/index.js:753:26
    at [90mfile:///home/engine/project/[39mnode_modules/[4m@vitest/runner[24m/dist/index.js:1636:20
    at new Promise (<anonymous>)
    at runWithTimeout [90m(file:///home/engine/project/[39mnode_modules/[4m@vitest/runner[24m/dist/index.js:1602:10[90m)[39m
    at runTest [90m(file:///home/engine/project/[39mnode_modules/[4m@vitest/runner[24m/dist/index.js:1309:12[90m)[39m

 [32m✓[39m src/lib/messaging/__tests__/MessagingService.test.ts[2m > [22mMessagingService[2m > [22mInitialization[2m > [22mshould initialize without error[32m 13[2mms[22m[39m
 [32m✓[39m src/lib/messaging/__tests__/MessagingService.test.ts[2m > [22mMessagingService[2m > [22mInitialization[2m > [22mshould handle missing WebSocket URL gracefully[32m 2[2mms[22m[39m
 [32m✓[39m src/lib/messaging/__tests__/MessagingService.test.ts[2m > [22mMessagingService[2m > [22mOffline Queue Persistence[2m > [22mshould persist pending messages to localStorage[32m 6[2mms[22m[39m
 [32m✓[39m src/lib/messaging/__tests__/MessagingService.test.ts[2m > [22mMessagingService[2m > [22mOffline Queue Persistence[2m > [22mshould load pending messages from localStorage on init[32m 1[2mms[22m[39m
 [32m✓[39m src/lib/messaging/__tests__/MessagingService.test.ts[2m > [22mMessagingService[2m > [22mOffline Queue Persistence[2m > [22mshould clear pending messages[32m 2[2mms[22m[39m
 [32m✓[39m src/lib/messaging/__tests__/MessagingService.test.ts[2m > [22mMessagingService[2m > [22mConnection Status[2m > [22mshould track connection status[32m 1[2mms[22m[39m
 [32m✓[39m src/lib/messaging/__tests__/MessagingService.test.ts[2m > [22mMessagingService[2m > [22mConnection Status[2m > [22mshould notify listeners of connection changes[32m 1[2mms[22m[39m
 [32m✓[39m src/lib/messaging/__tests__/MessagingService.test.ts[2m > [22mMessagingService[2m > [22mMessage Handling[2m > [22mshould register message listeners[32m 3[2mms[22m[39m
 [32m✓[39m src/lib/messaging/__tests__/MessagingService.test.ts[2m > [22mMessagingService[2m > [22mMessage Handling[2m > [22mshould register thread listeners[32m 2[2mms[22m[39m
 [32m✓[39m src/lib/messaging/__tests__/MessagingService.test.ts[2m > [22mMessagingService[2m > [22mMention Notifications[2m > [22mshould trigger notification when message has mentions and preference enabled[32m 5[2mms[22m[39m
 [32m✓[39m src/lib/messaging/__tests__/MessagingService.test.ts[2m > [22mMessagingService[2m > [22mMention Notifications[2m > [22mshould not trigger notification when mentions preference disabled[32m 1[2mms[22m[39m
 [32m✓[39m src/lib/messaging/__tests__/MessagingService.test.ts[2m > [22mMention Parsing[2m > [22mshould parse @mentions with format @Name#0001[32m 0[2mms[22m[39m
 [32m✓[39m src/lib/messaging/__tests__/MessagingService.test.ts[2m > [22mMention Parsing[2m > [22mshould parse multiple mentions[32m 0[2mms[22m[39m
 [32m✓[39m src/lib/messaging/__tests__/MessagingService.test.ts[2m > [22mMention Parsing[2m > [22mshould handle mention with spaces in name[32m 0[2mms[22m[39m
 [32m✓[39m src/lib/messaging/__tests__/MessagingService.test.ts[2m > [22mMention Parsing[2m > [22mshould return empty array for content without mentions[32m 0[2mms[22m[39m
 [32m✓[39m src/lib/messaging/__tests__/MessagingService.test.ts[2m > [22mMention Parsing[2m > [22mshould extract mentioned user IDs[32m 1[2mms[22m[39m
 [32m✓[39m src/lib/messaging/__tests__/MessagingService.test.ts[2m > [22mMention Suggestions[2m > [22mshould return empty suggestions without @[32m 0[2mms[22m[39m
 [32m✓[39m src/lib/messaging/__tests__/MessagingService.test.ts[2m > [22mMention Suggestions[2m > [22mshould suggest users matching partial mention[32m 0[2mms[22m[39m
 [32m✓[39m src/lib/messaging/__tests__/MessagingService.test.ts[2m > [22mMention Suggestions[2m > [22mshould not suggest if mention is complete (has #)[32m 0[2mms[22m[39m
 [32m✓[39m src/lib/messaging/__tests__/MessagingService.test.ts[2m > [22mMention Suggestions[2m > [22mshould limit suggestions to 5 results[32m 0[2mms[22m[39m
 [32m✓[39m src/lib/messaging/__tests__/MessagingService.test.ts[2m > [22mMention Suggestions[2m > [22mshould match by display name too[32m 0[2mms[22m[39m
[90mstderr[2m | src/lib/crisisAI/__tests__/HelplineRegistry.test.ts[2m > [22m[2mHelplineRegistry[2m > [22m[2minitialize()[2m > [22m[2mshould initialize without throwing
[22m[39m[HelplineRegistry] Failed to fetch manifest: TypeError: Failed to parse URL from /helplines/registry.signed.json
[90m    at node:internal/deps/undici/undici:14900:13[39m
[90m    at processTicksAndRejections (node:internal/process/task_queues:95:5)[39m
    at fetchManifest [90m(/home/engine/project/[39msrc/lib/crisisAI/HelplineRegistry.ts:186:22[90m)[39m
    at forceRefresh [90m(/home/engine/project/[39msrc/lib/crisisAI/HelplineRegistry.ts:230:22[90m)[39m
    at refresh [90m(/home/engine/project/[39msrc/lib/crisisAI/HelplineRegistry.ts:263:7[90m)[39m
    at Module.initialize [90m(/home/engine/project/[39msrc/lib/crisisAI/HelplineRegistry.ts:86:3[90m)[39m {
  [cause]: TypeError: Invalid URL
  [90m    at new URL (node:internal/url:806:29)[39m
  [90m    at new Request (node:internal/deps/undici/undici:9776:25)[39m
  [90m    at fetch (node:internal/deps/undici/undici:10505:25)[39m
  [90m    at fetch (node:internal/deps/undici/undici:14898:10)[39m
  [90m    at fetch (node:internal/bootstrap/web/exposed-window-or-worker:72:12)[39m
      at fetchManifest [90m(/home/engine/project/[39msrc/lib/crisisAI/HelplineRegistry.ts:186:28[90m)[39m
      at forceRefresh [90m(/home/engine/project/[39msrc/lib/crisisAI/HelplineRegistry.ts:230:28[90m)[39m
      at refresh [90m(/home/engine/project/[39msrc/lib/crisisAI/HelplineRegistry.ts:263:13[90m)[39m
      at Module.initialize [90m(/home/engine/project/[39msrc/lib/crisisAI/HelplineRegistry.ts:86:9[90m)[39m
      at [90m/home/engine/project/[39msrc/lib/crisisAI/__tests__/HelplineRegistry.test.ts:17:37 {
    code: [32m'ERR_INVALID_URL'[39m,
    input: [32m'/helplines/registry.signed.json'[39m
  }
}

[90mstderr[2m | src/lib/crisisAI/__tests__/HelplineRegistry.test.ts[2m > [22m[2mHelplineRegistry[2m > [22m[2mforceRefresh()[2m > [22m[2mshould return boolean indicating success
[22m[39m[HelplineRegistry] Failed to fetch manifest: TypeError: Failed to parse URL from /helplines/registry.signed.json
[90m    at node:internal/deps/undici/undici:14900:13[39m
[90m    at processTicksAndRejections (node:internal/process/task_queues:95:5)[39m
    at fetchManifest [90m(/home/engine/project/[39msrc/lib/crisisAI/HelplineRegistry.ts:186:22[90m)[39m
    at Module.forceRefresh [90m(/home/engine/project/[39msrc/lib/crisisAI/HelplineRegistry.ts:230:22[90m)[39m
    at [90m/home/engine/project/[39msrc/lib/crisisAI/__tests__/HelplineRegistry.test.ts:47:22
    at [90mfile:///home/engine/project/[39mnode_modules/[4m@vitest/runner[24m/dist/index.js:753:20 {
  [cause]: TypeError: Invalid URL
  [90m    at new URL (node:internal/url:806:29)[39m
  [90m    at new Request (node:internal/deps/undici/undici:9776:25)[39m
  [90m    at fetch (node:internal/deps/undici/undici:10505:25)[39m
  [90m    at fetch (node:internal/deps/undici/undici:14898:10)[39m
  [90m    at fetch (node:internal/bootstrap/web/exposed-window-or-worker:72:12)[39m
      at fetchManifest [90m(/home/engine/project/[39msrc/lib/crisisAI/HelplineRegistry.ts:186:28[90m)[39m
      at Module.forceRefresh [90m(/home/engine/project/[39msrc/lib/crisisAI/HelplineRegistry.ts:230:28[90m)[39m
      at [90m/home/engine/project/[39msrc/lib/crisisAI/__tests__/HelplineRegistry.test.ts:47:45
      at [90mfile:///home/engine/project/[39mnode_modules/[4m@vitest/runner[24m/dist/index.js:157:11
      at [90mfile:///home/engine/project/[39mnode_modules/[4m@vitest/runner[24m/dist/index.js:753:26 {
    code: [32m'ERR_INVALID_URL'[39m,
    input: [32m'/helplines/registry.signed.json'[39m
  }
}

[90mstderr[2m | src/lib/crisisAI/__tests__/HelplineRegistry.test.ts[2m > [22m[2mHelplineRegistry[2m > [22m[2mforceRefresh()[2m > [22m[2mshould handle network failures gracefully
[22m[39m[HelplineRegistry] Failed to fetch manifest: TypeError: Failed to parse URL from /helplines/registry.signed.json
[90m    at node:internal/deps/undici/undici:14900:13[39m
[90m    at processTicksAndRejections (node:internal/process/task_queues:95:5)[39m
    at fetchManifest [90m(/home/engine/project/[39msrc/lib/crisisAI/HelplineRegistry.ts:186:22[90m)[39m
    at Module.forceRefresh [90m(/home/engine/project/[39msrc/lib/crisisAI/HelplineRegistry.ts:230:22[90m)[39m {
  [cause]: TypeError: Invalid URL
  [90m    at new URL (node:internal/url:806:29)[39m
  [90m    at new Request (node:internal/deps/undici/undici:9776:25)[39m
  [90m    at fetch (node:internal/deps/undici/undici:10505:25)[39m
  [90m    at fetch (node:internal/deps/undici/undici:14898:10)[39m
  [90m    at fetch (node:internal/bootstrap/web/exposed-window-or-worker:72:12)[39m
      at fetchManifest [90m(/home/engine/project/[39msrc/lib/crisisAI/HelplineRegistry.ts:186:28[90m)[39m
      at Module.forceRefresh [90m(/home/engine/project/[39msrc/lib/crisisAI/HelplineRegistry.ts:230:28[90m)[39m
      at [90m/home/engine/project/[39msrc/lib/crisisAI/__tests__/HelplineRegistry.test.ts:53:37
      at [90mfile:///home/engine/project/[39mnode_modules/[4m@vitest/runner[24m/dist/index.js:157:11
      at [90mfile:///home/engine/project/[39mnode_modules/[4m@vitest/runner[24m/dist/index.js:753:26 {
    code: [32m'ERR_INVALID_URL'[39m,
    input: [32m'/helplines/registry.signed.json'[39m
  }
}

[90mstderr[2m | src/lib/crisisAI/__tests__/HelplineRegistry.test.ts[2m > [22m[2mHelplineRegistry[2m > [22m[2mforceRefresh()[2m > [22m[2mshould reset backoff multiplier on success
[22m[39m[HelplineRegistry] Failed to fetch manifest: TypeError: Failed to parse URL from /helplines/registry.signed.json
[90m    at node:internal/deps/undici/undici:14900:13[39m
[90m    at processTicksAndRejections (node:internal/process/task_queues:95:5)[39m
    at fetchManifest [90m(/home/engine/project/[39msrc/lib/crisisAI/HelplineRegistry.ts:186:22[90m)[39m
    at Module.forceRefresh [90m(/home/engine/project/[39msrc/lib/crisisAI/HelplineRegistry.ts:230:22[90m)[39m
    at [90m/home/engine/project/[39msrc/lib/crisisAI/__tests__/HelplineRegistry.test.ts:58:7
    at [90mfile:///home/engine/project/[39mnode_modules/[4m@vitest/runner[24m/dist/index.js:753:20 {
  [cause]: TypeError: Invalid URL
  [90m    at new URL (node:internal/url:806:29)[39m
  [90m    at new Request (node:internal/deps/undici/undici:9776:25)[39m
  [90m    at fetch (node:internal/deps/undici/undici:10505:25)[39m
  [90m    at fetch (node:internal/deps/undici/undici:14898:10)[39m
  [90m    at fetch (node:internal/bootstrap/web/exposed-window-or-worker:72:12)[39m
      at fetchManifest [90m(/home/engine/project/[39msrc/lib/crisisAI/HelplineRegistry.ts:186:28[90m)[39m
      at Module.forceRefresh [90m(/home/engine/project/[39msrc/lib/crisisAI/HelplineRegistry.ts:230:28[90m)[39m
      at [90m/home/engine/project/[39msrc/lib/crisisAI/__tests__/HelplineRegistry.test.ts:58:30
      at [90mfile:///home/engine/project/[39mnode_modules/[4m@vitest/runner[24m/dist/index.js:157:11
      at [90mfile:///home/engine/project/[39mnode_modules/[4m@vitest/runner[24m/dist/index.js:753:26 {
    code: [32m'ERR_INVALID_URL'[39m,
    input: [32m'/helplines/registry.signed.json'[39m
  }
}

[90mstderr[2m | src/lib/crisisAI/__tests__/HelplineRegistry.test.ts[2m > [22m[2mHelplineRegistry[2m > [22m[2mSignature Verification[2m > [22m[2mshould reject invalid signatures
[22m[39m[HelplineRegistry] Failed to fetch manifest: TypeError: Failed to parse URL from /helplines/registry.signed.json
[90m    at node:internal/deps/undici/undici:14900:13[39m
[90m    at processTicksAndRejections (node:internal/process/task_queues:95:5)[39m
    at fetchManifest [90m(/home/engine/project/[39msrc/lib/crisisAI/HelplineRegistry.ts:186:22[90m)[39m
    at Module.forceRefresh [90m(/home/engine/project/[39msrc/lib/crisisAI/HelplineRegistry.ts:230:22[90m)[39m
    at [90m/home/engine/project/[39msrc/lib/crisisAI/__tests__/HelplineRegistry.test.ts:68:22
    at [90mfile:///home/engine/project/[39mnode_modules/[4m@vitest/runner[24m/dist/index.js:753:20 {
  [cause]: TypeError: Invalid URL
  [90m    at new URL (node:internal/url:806:29)[39m
  [90m    at new Request (node:internal/deps/undici/undici:9776:25)[39m
  [90m    at fetch (node:internal/deps/undici/undici:10505:25)[39m
  [90m    at fetch (node:internal/deps/undici/undici:14898:10)[39m
  [90m    at fetch (node:internal/bootstrap/web/exposed-window-or-worker:72:12)[39m
      at fetchManifest [90m(/home/engine/project/[39msrc/lib/crisisAI/HelplineRegistry.ts:186:28[90m)[39m
      at Module.forceRefresh [90m(/home/engine/project/[39msrc/lib/crisisAI/HelplineRegistry.ts:230:28[90m)[39m
      at [90m/home/engine/project/[39msrc/lib/crisisAI/__tests__/HelplineRegistry.test.ts:68:45
      at [90mfile:///home/engine/project/[39mnode_modules/[4m@vitest/runner[24m/dist/index.js:157:11
      at [90mfile:///home/engine/project/[39mnode_modules/[4m@vitest/runner[24m/dist/index.js:753:26 {
    code: [32m'ERR_INVALID_URL'[39m,
    input: [32m'/helplines/registry.signed.json'[39m
  }
}

[90mstderr[2m | src/lib/crisisAI/__tests__/HelplineRegistry.test.ts[2m > [22m[2mHelplineRegistry[2m > [22m[2mMalformed Manifest Handling[2m > [22m[2mshould handle manifest without helplines gracefully
[22m[39m[HelplineRegistry] Failed to fetch manifest: TypeError: Failed to parse URL from /helplines/registry.signed.json
[90m    at node:internal/deps/undici/undici:14900:13[39m
[90m    at processTicksAndRejections (node:internal/process/task_queues:95:5)[39m
    at fetchManifest [90m(/home/engine/project/[39msrc/lib/crisisAI/HelplineRegistry.ts:186:22[90m)[39m
    at Module.forceRefresh [90m(/home/engine/project/[39msrc/lib/crisisAI/HelplineRegistry.ts:230:22[90m)[39m {
  [cause]: TypeError: Invalid URL
  [90m    at new URL (node:internal/url:806:29)[39m
  [90m    at new Request (node:internal/deps/undici/undici:9776:25)[39m
  [90m    at fetch (node:internal/deps/undici/undici:10505:25)[39m
  [90m    at fetch (node:internal/deps/undici/undici:14898:10)[39m
  [90m    at fetch (node:internal/bootstrap/web/exposed-window-or-worker:72:12)[39m
      at fetchManifest [90m(/home/engine/project/[39msrc/lib/crisisAI/HelplineRegistry.ts:186:28[90m)[39m
      at Module.forceRefresh [90m(/home/engine/project/[39msrc/lib/crisisAI/HelplineRegistry.ts:230:28[90m)[39m
      at [90m/home/engine/project/[39msrc/lib/crisisAI/__tests__/HelplineRegistry.test.ts:331:37
      at [90mfile:///home/engine/project/[39mnode_modules/[4m@vitest/runner[24m/dist/index.js:157:11
      at [90mfile:///home/engine/project/[39mnode_modules/[4m@vitest/runner[24m/dist/index.js:753:26 {
    code: [32m'ERR_INVALID_URL'[39m,
    input: [32m'/helplines/registry.signed.json'[39m
  }
}

[90mstderr[2m | src/lib/crisisAI/__tests__/HelplineRegistry.test.ts[2m > [22m[2mHelplineRegistry[2m > [22m[2mdestroy()[2m > [22m[2mshould clean up resources without throwing
[22m[39m[HelplineRegistry] Failed to fetch manifest: TypeError: Failed to parse URL from /helplines/registry.signed.json
[90m    at node:internal/deps/undici/undici:14900:13[39m
[90m    at processTicksAndRejections (node:internal/process/task_queues:95:5)[39m
    at fetchManifest [90m(/home/engine/project/[39msrc/lib/crisisAI/HelplineRegistry.ts:186:22[90m)[39m
    at forceRefresh [90m(/home/engine/project/[39msrc/lib/crisisAI/HelplineRegistry.ts:230:22[90m)[39m
    at refresh [90m(/home/engine/project/[39msrc/lib/crisisAI/HelplineRegistry.ts:263:7[90m)[39m
    at Module.initialize [90m(/home/engine/project/[39msrc/lib/crisisAI/HelplineRegistry.ts:86:3[90m)[39m {
  [cause]: TypeError: Invalid URL
  [90m    at new URL (node:internal/url:806:29)[39m
  [90m    at new Request (node:internal/deps/undici/undici:9776:25)[39m
  [90m    at fetch (node:internal/deps/undici/undici:10505:25)[39m
  [90m    at fetch (node:internal/deps/undici/undici:14898:10)[39m
  [90m    at fetch (node:internal/bootstrap/web/exposed-window-or-worker:72:12)[39m
      at fetchManifest [90m(/home/engine/project/[39msrc/lib/crisisAI/HelplineRegistry.ts:186:28[90m)[39m
      at forceRefresh [90m(/home/engine/project/[39msrc/lib/crisisAI/HelplineRegistry.ts:230:28[90m)[39m
      at refresh [90m(/home/engine/project/[39msrc/lib/crisisAI/HelplineRegistry.ts:263:13[90m)[39m
      at Module.initialize [90m(/home/engine/project/[39msrc/lib/crisisAI/HelplineRegistry.ts:86:9[90m)[39m
      at [90m/home/engine/project/[39msrc/lib/crisisAI/__tests__/HelplineRegistry.test.ts:375:24 {
    code: [32m'ERR_INVALID_URL'[39m,
    input: [32m'/helplines/registry.signed.json'[39m
  }
}

 [32m✓[39m src/lib/crisisAI/__tests__/HelplineRegistry.test.ts[2m > [22mHelplineRegistry[2m > [22minitialize()[2m > [22mshould initialize without throwing[32m 13[2mms[22m[39m
 [32m✓[39m src/lib/crisisAI/__tests__/HelplineRegistry.test.ts[2m > [22mHelplineRegistry[2m > [22minitialize()[2m > [22mshould load from storage if available[32m 1[2mms[22m[39m
 [32m✓[39m src/lib/crisisAI/__tests__/HelplineRegistry.test.ts[2m > [22mHelplineRegistry[2m > [22mforceRefresh()[2m > [22mshould return boolean indicating success[32m 2[2mms[22m[39m
 [32m✓[39m src/lib/crisisAI/__tests__/HelplineRegistry.test.ts[2m > [22mHelplineRegistry[2m > [22mforceRefresh()[2m > [22mshould handle network failures gracefully[32m 1[2mms[22m[39m
 [32m✓[39m src/lib/crisisAI/__tests__/HelplineRegistry.test.ts[2m > [22mHelplineRegistry[2m > [22mforceRefresh()[2m > [22mshould reset backoff multiplier on success[32m 1[2mms[22m[39m
 [32m✓[39m src/lib/crisisAI/__tests__/HelplineRegistry.test.ts[2m > [22mHelplineRegistry[2m > [22mSignature Verification[2m > [22mshould reject invalid signatures[32m 1[2mms[22m[39m
 [32m✓[39m src/lib/crisisAI/__tests__/HelplineRegistry.test.ts[2m > [22mHelplineRegistry[2m > [22mSignature Verification[2m > [22mshould verify Ed25519 signatures correctly[32m 0[2mms[22m[39m
 [32m✓[39m src/lib/crisisAI/__tests__/HelplineRegistry.test.ts[2m > [22mHelplineRegistry[2m > [22mFreshness Check[2m > [22mshould reject stale manifests[32m 1[2mms[22m[39m
 [32m✓[39m src/lib/crisisAI/__tests__/HelplineRegistry.test.ts[2m > [22mHelplineRegistry[2m > [22mFreshness Check[2m > [22mshould track lastVerified timestamp[32m 1[2mms[22m[39m
 [32m✓[39m src/lib/crisisAI/__tests__/HelplineRegistry.test.ts[2m > [22mHelplineRegistry[2m > [22mAuto-Refresh[2m > [22mshould allow enabling/disabling auto-refresh[32m 0[2mms[22m[39m
 [32m✓[39m src/lib/crisisAI/__tests__/HelplineRegistry.test.ts[2m > [22mHelplineRegistry[2m > [22mAuto-Refresh[2m > [22mshould allow setting custom refresh interval[32m 0[2mms[22m[39m
 [32m✓[39m src/lib/crisisAI/__tests__/HelplineRegistry.test.ts[2m > [22mHelplineRegistry[2m > [22mAuto-Refresh[2m > [22mshould enforce minimum refresh interval[32m 0[2mms[22m[39m
 [32m✓[39m src/lib/crisisAI/__tests__/HelplineRegistry.test.ts[2m > [22mHelplineRegistry[2m > [22mgetHelplines()[2m > [22mshould return array of helplines[32m 0[2mms[22m[39m
 [32m✓[39m src/lib/crisisAI/__tests__/HelplineRegistry.test.ts[2m > [22mHelplineRegistry[2m > [22mgetHelplines()[2m > [22mshould return copies to prevent external mutation[32m 1[2mms[22m[39m
 [32m✓[39m src/lib/crisisAI/__tests__/HelplineRegistry.test.ts[2m > [22mHelplineRegistry[2m > [22mgetHelplinesByCategory()[2m > [22mshould filter by category[32m 0[2mms[22m[39m
 [32m✓[39m src/lib/crisisAI/__tests__/HelplineRegistry.test.ts[2m > [22mHelplineRegistry[2m > [22mgetHelplinesByCountry()[2m > [22mshould filter by country[32m 0[2mms[22m[39m
 [32m✓[39m src/lib/crisisAI/__tests__/HelplineRegistry.test.ts[2m > [22mHelplineRegistry[2m > [22mgetPrimaryHelplines()[2m > [22mshould return featured helplines[32m 0[2mms[22m[39m
 [32m✓[39m src/lib/crisisAI/__tests__/HelplineRegistry.test.ts[2m > [22mHelplineRegistry[2m > [22mMalformed Manifest Handling[2m > [22mshould handle manifest without helplines gracefully[32m 1[2mms[22m[39m
 [32m✓[39m src/lib/crisisAI/__tests__/HelplineRegistry.test.ts[2m > [22mHelplineRegistry[2m > [22mMalformed Manifest Handling[2m > [22mshould continue with fallback if verification fails[32m 0[2mms[22m[39m
 [32m✓[39m src/lib/crisisAI/__tests__/HelplineRegistry.test.ts[2m > [22mHelplineRegistry[2m > [22mTimestamp Visibility[2m > [22mshould expose lastVerifiedTime[32m 0[2mms[22m[39m
 [32m✓[39m src/lib/crisisAI/__tests__/HelplineRegistry.test.ts[2m > [22mHelplineRegistry[2m > [22mTimestamp Visibility[2m > [22mshould provide human-readable time ago[32m 0[2mms[22m[39m
 [32m✓[39m src/lib/crisisAI/__tests__/HelplineRegistry.test.ts[2m > [22mHelplineRegistry[2m > [22mdestroy()[2m > [22mshould clean up resources without throwing[32m 1[2mms[22m[39m
 [32m✓[39m src/lib/crisisAI/__tests__/HelplineRegistry.test.ts[2m > [22mHelplineRegistry[2m > [22mdestroy()[2m > [22mshould reset state after destroy[32m 0[2mms[22m[39m
 [32m✓[39m src/lib/theme/__tests__/contrastUtils.test.ts[2m > [22mcontrastUtils[2m > [22mparseColor[2m > [22mshould parse 3-digit hex colors[32m 2[2mms[22m[39m
 [32m✓[39m src/lib/theme/__tests__/contrastUtils.test.ts[2m > [22mcontrastUtils[2m > [22mparseColor[2m > [22mshould parse 6-digit hex colors[32m 0[2mms[22m[39m
 [32m✓[39m src/lib/theme/__tests__/contrastUtils.test.ts[2m > [22mcontrastUtils[2m > [22mparseColor[2m > [22mshould parse rgb colors[32m 0[2mms[22m[39m
 [32m✓[39m src/lib/theme/__tests__/contrastUtils.test.ts[2m > [22mcontrastUtils[2m > [22mparseColor[2m > [22mshould parse rgba colors[32m 0[2mms[22m[39m
 [32m✓[39m src/lib/theme/__tests__/contrastUtils.test.ts[2m > [22mcontrastUtils[2m > [22mparseColor[2m > [22mshould handle colors with spaces[32m 0[2mms[22m[39m
 [32m✓[39m src/lib/theme/__tests__/contrastUtils.test.ts[2m > [22mcontrastUtils[2m > [22mparseColor[2m > [22mshould return null for invalid colors[32m 0[2mms[22m[39m
 [32m✓[39m src/lib/theme/__tests__/contrastUtils.test.ts[2m > [22mcontrastUtils[2m > [22mcalculateLuminance[2m > [22mshould return 1 for white[32m 0[2mms[22m[39m
 [32m✓[39m src/lib/theme/__tests__/contrastUtils.test.ts[2m > [22mcontrastUtils[2m > [22mcalculateLuminance[2m > [22mshould return 0 for black[32m 0[2mms[22m[39m
 [32m✓[39m src/lib/theme/__tests__/contrastUtils.test.ts[2m > [22mcontrastUtils[2m > [22mcalculateLuminance[2m > [22mshould return ~0.5 for medium gray[32m 0[2mms[22m[39m
 [32m✓[39m src/lib/theme/__tests__/contrastUtils.test.ts[2m > [22mcontrastUtils[2m > [22mcalculateLuminance[2m > [22mshould handle rgb format[32m 0[2mms[22m[39m
 [32m✓[39m src/lib/theme/__tests__/contrastUtils.test.ts[2m > [22mcontrastUtils[2m > [22mcalculateLuminance[2m > [22mshould default to 0.5 for invalid colors[32m 0[2mms[22m[39m
 [32m✓[39m src/lib/theme/__tests__/contrastUtils.test.ts[2m > [22mcontrastUtils[2m > [22mgetContrastRatio[2m > [22mshould return 21 for black and white[32m 1[2mms[22m[39m
 [32m✓[39m src/lib/theme/__tests__/contrastUtils.test.ts[2m > [22mcontrastUtils[2m > [22mgetContrastRatio[2m > [22mshould return 1 for same colors[32m 0[2mms[22m[39m
 [32m✓[39m src/lib/theme/__tests__/contrastUtils.test.ts[2m > [22mcontrastUtils[2m > [22mgetContrastRatio[2m > [22mshould work regardless of argument order[32m 1[2mms[22m[39m
 [32m✓[39m src/lib/theme/__tests__/contrastUtils.test.ts[2m > [22mcontrastUtils[2m > [22mgetContrastRatio[2m > [22mshould calculate correct ratio for medium contrast[32m 0[2mms[22m[39m
 [32m✓[39m src/lib/theme/__tests__/contrastUtils.test.ts[2m > [22mcontrastUtils[2m > [22misContrastSufficient[2m > [22mshould return true for black on white (AA)[32m 0[2mms[22m[39m
 [32m✓[39m src/lib/theme/__tests__/contrastUtils.test.ts[2m > [22mcontrastUtils[2m > [22misContrastSufficient[2m > [22mshould return true for black on white (AAA)[32m 0[2mms[22m[39m
 [32m✓[39m src/lib/theme/__tests__/contrastUtils.test.ts[2m > [22mcontrastUtils[2m > [22misContrastSufficient[2m > [22mshould return false for low contrast (AA)[32m 0[2mms[22m[39m
 [32m✓[39m src/lib/theme/__tests__/contrastUtils.test.ts[2m > [22mcontrastUtils[2m > [22misContrastSufficient[2m > [22mshould return false for medium contrast (AAA)[32m 0[2mms[22m[39m
 [32m✓[39m src/lib/theme/__tests__/contrastUtils.test.ts[2m > [22mcontrastUtils[2m > [22misContrastSufficient[2m > [22mshould default to AA level[32m 0[2mms[22m[39m
 [32m✓[39m src/lib/theme/__tests__/contrastUtils.test.ts[2m > [22mcontrastUtils[2m > [22mgetOptimalTextColor[2m > [22mshould return dark for white background[32m 0[2mms[22m[39m
 [32m✓[39m src/lib/theme/__tests__/contrastUtils.test.ts[2m > [22mcontrastUtils[2m > [22mgetOptimalTextColor[2m > [22mshould return light for black background[32m 0[2mms[22m[39m
 [32m✓[39m src/lib/theme/__tests__/contrastUtils.test.ts[2m > [22mcontrastUtils[2m > [22mgetOptimalTextColor[2m > [22mshould return dark for light gray background[32m 0[2mms[22m[39m
 [32m✓[39m src/lib/theme/__tests__/contrastUtils.test.ts[2m > [22mcontrastUtils[2m > [22mgetOptimalTextColor[2m > [22mshould return light for dark gray background[32m 0[2mms[22m[39m
 [32m✓[39m src/lib/theme/__tests__/contrastUtils.test.ts[2m > [22mcontrastUtils[2m > [22mgetOptimalTextColor[2m > [22mshould return dark for bright colors[32m 0[2mms[22m[39m
 [32m✓[39m src/lib/theme/__tests__/contrastUtils.test.ts[2m > [22mcontrastUtils[2m > [22mgetOptimalTextColor[2m > [22mshould return light for dark colors[32m 1[2mms[22m[39m
 [32m✓[39m src/lib/theme/__tests__/contrastUtils.test.ts[2m > [22mcontrastUtils[2m > [22madjustColorForContrast[2m > [22mshould return white text for black background with insufficient contrast[32m 0[2mms[22m[39m
 [32m✓[39m src/lib/theme/__tests__/contrastUtils.test.ts[2m > [22mcontrastUtils[2m > [22madjustColorForContrast[2m > [22mshould return dark text for white background[32m 0[2mms[22m[39m
 [32m✓[39m src/lib/theme/__tests__/contrastUtils.test.ts[2m > [22mcontrastUtils[2m > [22madjustColorForContrast[2m > [22mshould keep color if contrast is already sufficient[32m 0[2mms[22m[39m
 [32m✓[39m src/lib/theme/__tests__/contrastUtils.test.ts[2m > [22mcontrastUtils[2m > [22madjustColorForContrast[2m > [22mshould keep red text on black background (sufficient contrast)[32m 0[2mms[22m[39m
 [32m✓[39m src/lib/theme/__tests__/contrastUtils.test.ts[2m > [22mcontrastUtils[2m > [22madjustColorForContrast[2m > [22mshould adjust white text on light background to dark[32m 0[2mms[22m[39m
 [32m✓[39m src/lib/theme/__tests__/contrastUtils.test.ts[2m > [22mcontrastUtils[2m > [22madjustColorForContrast[2m > [22mshould adjust black text on dark background to light[32m 0[2mms[22m[39m
 [32m✓[39m src/lib/theme/__tests__/contrastUtils.test.ts[2m > [22mcontrastUtils[2m > [22mgetSemanticTextColor[2m > [22mshould return dark text for white background[32m 0[2mms[22m[39m
 [32m✓[39m src/lib/theme/__tests__/contrastUtils.test.ts[2m > [22mcontrastUtils[2m > [22mgetSemanticTextColor[2m > [22mshould return light text for black background[32m 0[2mms[22m[39m
 [32m✓[39m src/lib/theme/__tests__/contrastUtils.test.ts[2m > [22mcontrastUtils[2m > [22mgetSemanticTextColor[2m > [22mshould return dark text for light backgrounds[32m 0[2mms[22m[39m
 [32m✓[39m src/lib/theme/__tests__/contrastUtils.test.ts[2m > [22mcontrastUtils[2m > [22mgetSemanticTextColor[2m > [22mshould return light text for dark backgrounds[32m 0[2mms[22m[39m
 [32m✓[39m src/lib/theme/__tests__/contrastUtils.test.ts[2m > [22mcontrastUtils[2m > [22mgetSemanticSecondaryTextColor[2m > [22mshould return medium gray for white background[32m 0[2mms[22m[39m
 [32m✓[39m src/lib/theme/__tests__/contrastUtils.test.ts[2m > [22mcontrastUtils[2m > [22mgetSemanticSecondaryTextColor[2m > [22mshould return light gray for black background[32m 0[2mms[22m[39m
 [32m✓[39m src/lib/theme/__tests__/contrastUtils.test.ts[2m > [22mcontrastUtils[2m > [22mgetSemanticSecondaryTextColor[2m > [22mshould return medium gray for light backgrounds[32m 0[2mms[22m[39m
 [32m✓[39m src/lib/theme/__tests__/contrastUtils.test.ts[2m > [22mcontrastUtils[2m > [22mgetSemanticSecondaryTextColor[2m > [22mshould return light gray for dark backgrounds[32m 0[2mms[22m[39m
 [32m✓[39m src/lib/theme/__tests__/contrastUtils.test.ts[2m > [22mcontrastUtils[2m > [22mvalidateThemeColors[2m > [22mshould fix white text on white background[32m 0[2mms[22m[39m
 [32m✓[39m src/lib/theme/__tests__/contrastUtils.test.ts[2m > [22mcontrastUtils[2m > [22mvalidateThemeColors[2m > [22mshould fix black text on black background[32m 1[2mms[22m[39m
 [32m✓[39m src/lib/theme/__tests__/contrastUtils.test.ts[2m > [22mcontrastUtils[2m > [22mvalidateThemeColors[2m > [22mshould keep valid contrast combinations[32m 0[2mms[22m[39m
 [32m✓[39m src/lib/theme/__tests__/contrastUtils.test.ts[2m > [22mcontrastUtils[2m > [22mvalidateThemeColors[2m > [22mshould fix low contrast combinations[32m 0[2mms[22m[39m
 [32m✓[39m src/lib/theme/__tests__/contrastUtils.test.ts[2m > [22mcontrastUtils[2m > [22mgetDefaultThemeColors[2m > [22mshould return light theme colors[32m 0[2mms[22m[39m
 [32m✓[39m src/lib/theme/__tests__/contrastUtils.test.ts[2m > [22mcontrastUtils[2m > [22mgetDefaultThemeColors[2m > [22mshould return dark theme colors[32m 0[2mms[22m[39m
 [32m✓[39m src/lib/theme/__tests__/contrastUtils.test.ts[2m > [22mcontrastUtils[2m > [22mgetDefaultThemeColors[2m > [22mshould have sufficient contrast for light theme[32m 0[2mms[22m[39m
 [32m✓[39m src/lib/theme/__tests__/contrastUtils.test.ts[2m > [22mcontrastUtils[2m > [22mgetDefaultThemeColors[2m > [22mshould have sufficient contrast for dark theme[32m 0[2mms[22m[39m
 [32m✓[39m src/lib/theme/__tests__/contrastUtils.test.ts[2m > [22mcontrastUtils[2m > [22mWCAG Compliance[2m > [22mshould ensure all default combinations meet WCAG AA[32m 0[2mms[22m[39m
 [32m✓[39m src/lib/theme/__tests__/contrastUtils.test.ts[2m > [22mcontrastUtils[2m > [22mWCAG Compliance[2m > [22mshould validate real-world color combinations[32m 1[2mms[22m[39m
 [32m✓[39m src/lib/theme/__tests__/contrastUtils.test.ts[2m > [22mcontrastUtils[2m > [22mWCAG Compliance[2m > [22mshould prevent invisible text scenarios[32m 0[2mms[22m[39m
 [32m✓[39m src/lib/__tests__/themeColors.test.ts[2m > [22mthemeColors[2m > [22mhexToRgb[2m > [22mconverts 6-digit hex to RGB[32m 2[2mms[22m[39m
 [32m✓[39m src/lib/__tests__/themeColors.test.ts[2m > [22mthemeColors[2m > [22mhexToRgb[2m > [22mconverts 3-digit hex to RGB[32m 0[2mms[22m[39m
 [32m✓[39m src/lib/__tests__/themeColors.test.ts[2m > [22mthemeColors[2m > [22mhexToRgb[2m > [22mhandles hex without # prefix[32m 0[2mms[22m[39m
 [32m✓[39m src/lib/__tests__/themeColors.test.ts[2m > [22mthemeColors[2m > [22mhexToRgb[2m > [22mreturns null for invalid hex[32m 0[2mms[22m[39m
 [32m✓[39m src/lib/__tests__/themeColors.test.ts[2m > [22mthemeColors[2m > [22mrgbToHex[2m > [22mconverts RGB to hex[32m 1[2mms[22m[39m
 [32m✓[39m src/lib/__tests__/themeColors.test.ts[2m > [22mthemeColors[2m > [22mrgbToHex[2m > [22mclamps RGB values[32m 0[2mms[22m[39m
 [32m✓[39m src/lib/__tests__/themeColors.test.ts[2m > [22mthemeColors[2m > [22mrgbToHex[2m > [22mrounds decimal values[32m 0[2mms[22m[39m
 [32m✓[39m src/lib/__tests__/themeColors.test.ts[2m > [22mthemeColors[2m > [22mgetRelativeLuminance[2m > [22mcalculates correct luminance for pure colors[32m 0[2mms[22m[39m
 [32m✓[39m src/lib/__tests__/themeColors.test.ts[2m > [22mthemeColors[2m > [22mgetRelativeLuminance[2m > [22mcalculates luminance for mid-range colors[32m 0[2mms[22m[39m
 [32m✓[39m src/lib/__tests__/themeColors.test.ts[2m > [22mthemeColors[2m > [22mgetRelativeLuminance[2m > [22mreturns 0 for invalid hex[32m 0[2mms[22m[39m
 [32m✓[39m src/lib/__tests__/themeColors.test.ts[2m > [22mthemeColors[2m > [22mgetContrastRatio[2m > [22mcalculates maximum contrast (21:1) for black and white[32m 0[2mms[22m[39m
 [32m✓[39m src/lib/__tests__/themeColors.test.ts[2m > [22mthemeColors[2m > [22mgetContrastRatio[2m > [22mcalculates 1:1 contrast for identical colors[32m 0[2mms[22m[39m
 [32m✓[39m src/lib/__tests__/themeColors.test.ts[2m > [22mthemeColors[2m > [22mgetContrastRatio[2m > [22mcalculates correct contrast for SafeVoice default colors[32m 0[2mms[22m[39m
 [32m✓[39m src/lib/__tests__/themeColors.test.ts[2m > [22mthemeColors[2m > [22mgetContrastRatio[2m > [22mcalculates correct contrast for primary blue on white[32m 0[2mms[22m[39m
 [32m✓[39m src/lib/__tests__/themeColors.test.ts[2m > [22mthemeColors[2m > [22mvalidateContrast[2m > [22mvalidates AAA level contrast (7:1+)[32m 0[2mms[22m[39m
 [32m✓[39m src/lib/__tests__/themeColors.test.ts[2m > [22mthemeColors[2m > [22mvalidateContrast[2m > [22mvalidates AA level contrast (4.5:1+)[32m 0[2mms[22m[39m
 [32m✓[39m src/lib/__tests__/themeColors.test.ts[2m > [22mthemeColors[2m > [22mvalidateContrast[2m > [22mvalidates AA-large level contrast (3:1+) for large text[32m 0[2mms[22m[39m
 [32m✓[39m src/lib/__tests__/themeColors.test.ts[2m > [22mthemeColors[2m > [22mvalidateContrast[2m > [22mfails contrast below standards[32m 0[2mms[22m[39m
 [32m✓[39m src/lib/__tests__/themeColors.test.ts[2m > [22mthemeColors[2m > [22mmixHex[2m > [22mlightens color with positive amount[32m 0[2mms[22m[39m
 [32m✓[39m src/lib/__tests__/themeColors.test.ts[2m > [22mthemeColors[2m > [22mmixHex[2m > [22mdarkens color with negative amount[32m 0[2mms[22m[39m
 [32m✓[39m src/lib/__tests__/themeColors.test.ts[2m > [22mthemeColors[2m > [22mmixHex[2m > [22mreturns original color for invalid hex[32m 0[2mms[22m[39m
 [32m✓[39m src/lib/__tests__/themeColors.test.ts[2m > [22mthemeColors[2m > [22mmixHex[2m > [22mclamps values to 0-255 range[32m 0[2mms[22m[39m
 [32m✓[39m src/lib/__tests__/themeColors.test.ts[2m > [22mthemeColors[2m > [22mlighten[2m > [22mlightens a color[32m 0[2mms[22m[39m
 [32m✓[39m src/lib/__tests__/themeColors.test.ts[2m > [22mthemeColors[2m > [22mlighten[2m > [22mhandles negative amounts correctly[32m 0[2mms[22m[39m
 [32m✓[39m src/lib/__tests__/themeColors.test.ts[2m > [22mthemeColors[2m > [22mdarken[2m > [22mdarkens a color[32m 0[2mms[22m[39m
 [32m✓[39m src/lib/__tests__/themeColors.test.ts[2m > [22mthemeColors[2m > [22mdarken[2m > [22mhandles negative amounts correctly[32m 0[2mms[22m[39m
 [32m✓[39m src/lib/__tests__/themeColors.test.ts[2m > [22mthemeColors[2m > [22madjustForContrast[2m > [22madjusts dark text on light background to meet target ratio[32m 0[2mms[22m[39m
 [32m✓[39m src/lib/__tests__/themeColors.test.ts[2m > [22mthemeColors[2m > [22madjustForContrast[2m > [22madjusts light text on dark background to meet target ratio[32m 0[2mms[22m[39m
 [32m✓[39m src/lib/__tests__/themeColors.test.ts[2m > [22mthemeColors[2m > [22madjustForContrast[2m > [22mdoes not adjust if contrast already meets target[32m 0[2mms[22m[39m
 [32m✓[39m src/lib/__tests__/themeColors.test.ts[2m > [22mthemeColors[2m > [22madjustForContrast[2m > [22madjusts to meet AAA standard (7:1)[32m 0[2mms[22m[39m
 [32m✓[39m src/lib/__tests__/themeColors.test.ts[2m > [22mthemeColors[2m > [22madjustForContrast[2m > [22mreturns adjusted color details[32m 0[2mms[22m[39m
 [32m✓[39m src/lib/__tests__/themeColors.test.ts[2m > [22mthemeColors[2m > [22mgetInverseColor[2m > [22mreturns dark color for light backgrounds[32m 0[2mms[22m[39m
 [32m✓[39m src/lib/__tests__/themeColors.test.ts[2m > [22mthemeColors[2m > [22mgetInverseColor[2m > [22mreturns light color for dark backgrounds[32m 0[2mms[22m[39m
 [32m✓[39m src/lib/__tests__/themeColors.test.ts[2m > [22mthemeColors[2m > [22mgetInverseColor[2m > [22mhandles mid-range colors[32m 1[2mms[22m[39m
 [32m✓[39m src/lib/__tests__/themeColors.test.ts[2m > [22mthemeColors[2m > [22mnormalizeColorTriple[2m > [22mnormalizes color triple to meet target ratio[32m 0[2mms[22m[39m
 [32m✓[39m src/lib/__tests__/themeColors.test.ts[2m > [22mthemeColors[2m > [22mnormalizeColorTriple[2m > [22mpreserves colors that already meet standards[32m 0[2mms[22m[39m
 [32m✓[39m src/lib/__tests__/themeColors.test.ts[2m > [22mthemeColors[2m > [22mnormalizeColorTriple[2m > [22madjusts to meet AAA standards[32m 0[2mms[22m[39m
 [32m✓[39m src/lib/__tests__/themeColors.test.ts[2m > [22mthemeColors[2m > [22mgenerateThemeVariants[2m > [22mgenerates light and dark theme variants[32m 0[2mms[22m[39m
 [32m✓[39m src/lib/__tests__/themeColors.test.ts[2m > [22mthemeColors[2m > [22mgenerateThemeVariants[2m > [22mensures light theme has sufficient contrast[32m 0[2mms[22m[39m
 [32m✓[39m src/lib/__tests__/themeColors.test.ts[2m > [22mthemeColors[2m > [22mgenerateThemeVariants[2m > [22mensures dark theme has sufficient contrast[32m 0[2mms[22m[39m
 [32m✓[39m src/lib/__tests__/themeColors.test.ts[2m > [22mthemeColors[2m > [22mgetWCAGDescription[2m > [22mreturns correct description for AAA[32m 0[2mms[22m[39m
 [32m✓[39m src/lib/__tests__/themeColors.test.ts[2m > [22mthemeColors[2m > [22mgetWCAGDescription[2m > [22mreturns correct description for AA[32m 0[2mms[22m[39m
 [32m✓[39m src/lib/__tests__/themeColors.test.ts[2m > [22mthemeColors[2m > [22mgetWCAGDescription[2m > [22mreturns correct description for AA-large[32m 0[2mms[22m[39m
 [32m✓[39m src/lib/__tests__/themeColors.test.ts[2m > [22mthemeColors[2m > [22mgetWCAGDescription[2m > [22mreturns correct description for fail[32m 0[2mms[22m[39m
 [32m✓[39m src/lib/__tests__/themeColors.test.ts[2m > [22mthemeColors[2m > [22misValidHex[2m > [22mvalidates 6-digit hex colors[32m 0[2mms[22m[39m
 [32m✓[39m src/lib/__tests__/themeColors.test.ts[2m > [22mthemeColors[2m > [22misValidHex[2m > [22mvalidates 3-digit hex colors[32m 0[2mms[22m[39m
 [32m✓[39m src/lib/__tests__/themeColors.test.ts[2m > [22mthemeColors[2m > [22misValidHex[2m > [22mrejects invalid hex colors[32m 0[2mms[22m[39m
 [32m✓[39m src/components/memorial/__tests__/CreateTributeModal.test.tsx[2m > [22mCreateTributeModal[2m > [22mModal Visibility[2m > [22mshould not render when isOpen is false[32m 29[2mms[22m[39m
 [32m✓[39m src/components/memorial/__tests__/CreateTributeModal.test.tsx[2m > [22mCreateTributeModal[2m > [22mModal Visibility[2m > [22mshould render when isOpen is true[32m 157[2mms[22m[39m
 [31m×[39m src/components/memorial/__tests__/CreateTributeModal.test.tsx[2m > [22mCreateTributeModal[2m > [22mForm Fields[2m > [22mshould display all required fields[32m 40[2mms[22m[39m
[31m   → Found a label with the text of: /Name of the person/i, however no form control was found associated to that label. Make sure you're using the "for" attribute or "aria-labelledby" attribute correctly.

Ignored nodes: comments, script, style
[36m<body>[31m
  [36m<div>[31m
    [36m<div[31m
      [33mclass[31m=[32m"fixed inset-0 bg-black/60 backdrop-blur-sm z-50"[31m
      [33mstyle[31m=[32m"opacity: 0;"[31m
    [36m/>[31m
    [36m<div[31m
      [33mclass[31m=[32m"fixed inset-0 flex items-center justify-center z-50 p-4"[31m
    [36m>[31m
      [36m<div[31m
        [33mclass[31m=[32m"glass p-6 max-w-lg w-full space-y-6 max-h-[90vh] overflow-y-auto"[31m
        [33mstyle[31m=[32m"opacity: 0; transform: translateY(20px) scale(0.9);"[31m
      [36m>[31m
        [36m<div[31m
          [33mclass[31m=[32m"flex items-center justify-between"[31m
        [36m>[31m
          [36m<div[31m
            [33mclass[31m=[32m"flex items-center space-x-3"[31m
          [36m>[31m
            [36m<svg[31m
              [33maria-hidden[31m=[32m"true"[31m
              [33mclass[31m=[32m"lucide lucide-heart w-6 h-6 text-primary"[31m
              [33mfill[31m=[32m"none"[31m
              [33mheight[31m=[32m"24"[31m
              [33mstroke[31m=[32m"currentColor"[31m
              [33mstroke-linecap[31m=[32m"round"[31m
              [33mstroke-linejoin[31m=[32m"round"[31m
              [33mstroke-width[31m=[32m"2"[31m
              [33mviewBox[31m=[32m"0 0 24 24"[31m
              [33mwidth[31m=[32m"24"[31m
              [33mxmlns[31m=[32m"http://www.w3.org/2000/svg"[31m
            [36m>[31m
              [36m<path[31m
                [33md[31m=[32m"M2 9.5a5.5 5.5 0 0 1 9.591-3.676.56.56 0 0 0 .818 0A5.49 5.49 0 0 1 22 9.5c0 2.29-1.5 4-3 5.5l-5.492 5.313a2 2 0 0 1-3 .019L5 15c-1.5-1.5-3-3.2-3-5.5"[31m
              [36m/>[31m
            [36m</svg>[31m
            [36m<h2[31m
              [33mclass[31m=[32m"text-2xl font-bold text-white"[31m
            [36m>[31m
              [0mCreate Tribute[0m
            [36m</h2>[31m
          [36m</div>[31m
          [36m<button[31m
            [33mclass[31m=[32m"p-2 hover:bg-white/10 rounded-lg transition-colors disabled:opacity-50"[31m
          [36m>[31m
            [36m<svg[31m
              [33maria-hidden[31m=[32m"true"[31m
              [33mclass[31m=[32m"lucide lucide-x w-5 h-5 text-gray-400"[31m
              [33mfill[31m=[32m"none"[31m
              [33mheight[31m=[32m"24"[31m
              [33mstroke[31m=[32m"currentColor"[31m
              [33mstroke-linecap[31m=[32m"round"[31m
              [33mstroke-linejoin[31m=[32m"round"[31m
              [33mstroke-width[31m=[32m"2"[31m
              [33mviewBox[31m=[32m"0 0 24 24"[31m
              [33mwidth[31m=[32m"24"[31m
              [33mxmlns[31m=[32m"http://www.w3.org/2000/svg"[31m
            [36m>[31m
              [36m<path[31m
                [33md[31m=[32m"M18 6 6 18"[31m
              [36m/>[31m
              [36m<path[31m
                [33md[31m=[32m"m6 6 12 12"[31m
              [36m/>[31m
            [36m</svg>[31m
          [36m</button>[31m
        [36m</div>[31m
        [36m<form[31m
          [33mclass[31m=[32m"space-y-4"[31m
        [36m>[31m
          [36m<div>[31m
            [36m<label[31m
              [33mclass[31m=[32m"block text-sm font-medium text-gray-300 mb-2"[31m
            [36m>[31m
              [0mName of the person *[0m
            [36m</label>[31m
            [36m<input[31m
              [33mclass[31m=[32m"w-full bg-surface border border-white/10 rounded-lg p-3 text-white placeholder-gray-500 focus:outline-none focus:border-primary transition-colors"[31m
              [33mmaxlength[31m=[32m"100"[31m
              [33mplaceholder[31m=[32m"Enter the name..."[31m
              [33mrequired[31m=[32m""[31m
              [33mtype[31m=[32m"text"[31m
              [33mvalue[31m=[32m""[31m
            [36m/>[31m
            [36m<p[31m
              [33mclass[31m=[32m"text-xs text-gray-500 mt-1"[31m
            [36m>[31m
              [0m0[0m
              [0m/100 characters[0m
            [36m</p>[31m
          [36m</div>[31m
          [36m<div>[31m
            [36m<label[31m
              [33mclass[31m=[32m"block text-sm font-medium text-gray-300 mb-2"[31m
            [36m>[31m
              [0mTribute message *[0m
            [36m</label>[31m
            [36m<textarea[31m
              [33mclass[31m=[32m"w-full bg-surface border border-white/10 rounded-lg p-3 text-white placeholder-gray-500 resize-none focus:outline-none focus:border-primary transition-colors"[31m
              [33mmaxlength[31m=[32m"600"[31m
              [33mplaceholder[31m=[32m"Share a memory, express your feelings, or write a message of remembrance..."[31m
              [33mrequired[31m=[32m""[31m
              [33mrows[31m=[32m"5"[31m
            [36m/>[31m
            [36m<p[31m
              [33mclass[31m=[32m"text-xs text-gray-500 mt-1"[31m
            [36m>[31m
              [0m0[0m
              [0m/600 characters (min. 10)[0m
            [36m</p>[31m
          [36m</div>[31m
          [36m<div>[31m
            [36m<label[31m
              [33mclass[31m=[32m"block text-sm font-medium text-gray-300 mb-2"[31m
            [36m>[31m
              [0mDate of remembrance (optional)[0m
            [36m</label>[31m
            [36m<input[31m
              [33mclass[31m=[32m"w-full bg-surface border border-white/10 rounded-lg p-3 text-white placeholder-gray-500 focus:outline-none focus:border-primary transition-colors"[31m
              [33mtype[31m=[32m"date"[31m
              [33mvalue[31m=[32m""[31m
            [36m/>[31m
            [36m<p[31m
              [33mclass[31m=[32m"text-xs text-gray-500 mt-1"[31m
            [36m>[31m
              [0mSpecify a meaningful date to remember[0m
            [36m</p>[31m
          [36m</div>[31m
          [36m<div>[31m
            [36m<label[31m
              [33mclass[31m=[32m"block text-sm font-medium text-gray-300 mb-2"[31m
            [36m>[31m
              [0mCollege affiliation (optional)[0m
            [36m</label>[31m
            [36m<input[31m
              [33mclass[31m=[32m"w-full bg-surface border border-white/10 rounded-lg p-3 text-white placeholder-gray-500 focus:outline-none focus:border-primary transition-colors"[31m
              [33mmaxlength[31m=[32m"100"[31m
              [33mplaceholder[31m=[32m"e.g., MIT, Stanford, Harvard..."[31m
              [33mtype[31m=[32m"text"[31m
              [33mvalue[31m=[32m""[31m
            [36m/>[31m
            [36m<p[31m
              [33mclass[31m=[32m"text-xs text-gray-500 mt-1"[31m
            [36m>[31m
              [0mHelp others find tributes from their community[0m
            [36m</p>[31m
          [36m</div>[31m
          [36m<div[31m
            [33mclass[31m=[32m"bg-primary/10 border border-primary/30 rounded-lg p-3 text-sm text-gray-300"[31m
          [36m>[31m
            [36m<div[31m
              [33mclass[31m=[32m"flex items-start gap-2"[31m
            [36m>[31m
              [36m<svg[31m
                [33maria-hidden[31m=[32m"true"[31m
                [33mclass[31m=[32m"lucide lucide-info w-5 h-5 text-primary flex-shrink-0 mt-0.5"[31m
                [33mfill[31m=[32m"none"[31m
                [33mheight[31m=[32m"24"[31m
                [33mstroke[31m=[32m"currentColor"[31m
                [33mstroke-linecap[31m=[32m"round"[31m
                [33mstroke-linejoin[31m=[32m"round"[31m
                [33mstroke-width[31m=[32m"2"[31m
                [33mviewBox[31m=[32m"0 0 24 24"[31m
                [33mwidth[31m=[32m"24"[31m
                [33mxmlns[31m=[32m"http://www.w3.org/2000/svg"[31m
              [36m>[31m
                [36m<circle[31m
                  [33mcx[31m=[32m"12"[31m
                  [33mcy[31m=[32m"12"[31m
                  [33mr[31m=[32m"10"[31m
                [36m/>[31m
                [36m<path[31m
                  [33md[31m=[32m"M12 16v-4"[31m
                [36m/>[31m
                [36m<path[31m
                  [33md[31m=[32m"M12 8h.01"[31m
                [36m/>[31m
              [36m</svg>[31m
              [36m<div>[31m
                [36m<p[31m
                  [33mclass[31m=[32m"font-medium text-white mb-1"[31m
                [36m>[31m
                  [0m🕊️ Consensus Required[0m
                [36m</p>[31m
                [36m<p[31m
                  [33mclass[31m=[32m"text-xs text-gray-300"[31m
                [36m>[31m
                  [0mYour tribute will be created as a draft. It needs [0m
                  [36m<strong>[31m
                    [0m3 cosigner signatures[0m
                  [36m</strong>[31m
                  [0m from peers before it can be published. Once published, you'll earn [0m
                  [36m<strong>[31m
                    [0m+20 VOICE[0m
                  [36m</strong>[31m
                  [0m tokens.[0m
                [36m</p>[31m
              [36m</div>[31m
            [36m</div>[31m
          [36m</div>[31m
          [36m<div[31m
            [33mclass[31m=[32m"flex items-center space-x-3 pt-2"[31m
          [36m>[31m
            [36m<button[31m
              [33mclass[31m=[32m"flex-1 px-6 py-3 bg-primary text-white rounded-lg disabled:opacity-50 disabled:cursor-not-allowed hover:shadow-glow transition-all"[31m
              [33mdisabled[31m=[32m""[31m
              [33mtabindex[31m=[32m"0"[31m
              [33mtype[31m=[32m"submit"[31m
            [36m>[31m
              [0mCreate Tribute[0m
            [36m</button>[31m
            [36m<button[31m
              [33mclass[31m=[32m"px-6 py-3 bg-white/10 text-gray-300 rounded-lg hover:bg-white/20 transition-colors disabled:opacity-50"[31m
              [33mtype[31m=[32m"button"[31m
            [36m>[31m
              [0mCancel[0m
            [36m</button>[31m
          [36m</div>[31m
        [36m</form>[31m
      [36m</div>[31m
    [36m</div>[31m
  [36m</div>[31m
[36m</body>[31m[39m
 [31m×[39m src/components/memorial/__tests__/CreateTributeModal.test.tsx[2m > [22mCreateTributeModal[2m > [22mForm Fields[2m > [22mshould display optional fields[32m 25[2mms[22m[39m
[31m   → Found a label with the text of: /Date of remembrance/i, however no form control was found associated to that label. Make sure you're using the "for" attribute or "aria-labelledby" attribute correctly.

Ignored nodes: comments, script, style
[36m<body>[31m
  [36m<div>[31m
    [36m<div[31m
      [33mclass[31m=[32m"fixed inset-0 bg-black/60 backdrop-blur-sm z-50"[31m
      [33mstyle[31m=[32m"opacity: 0;"[31m
    [36m/>[31m
    [36m<div[31m
      [33mclass[31m=[32m"fixed inset-0 flex items-center justify-center z-50 p-4"[31m
    [36m>[31m
      [36m<div[31m
        [33mclass[31m=[32m"glass p-6 max-w-lg w-full space-y-6 max-h-[90vh] overflow-y-auto"[31m
        [33mstyle[31m=[32m"opacity: 0; transform: translateY(20px) scale(0.9);"[31m
      [36m>[31m
        [36m<div[31m
          [33mclass[31m=[32m"flex items-center justify-between"[31m
        [36m>[31m
          [36m<div[31m
            [33mclass[31m=[32m"flex items-center space-x-3"[31m
          [36m>[31m
            [36m<svg[31m
              [33maria-hidden[31m=[32m"true"[31m
              [33mclass[31m=[32m"lucide lucide-heart w-6 h-6 text-primary"[31m
              [33mfill[31m=[32m"none"[31m
              [33mheight[31m=[32m"24"[31m
              [33mstroke[31m=[32m"currentColor"[31m
              [33mstroke-linecap[31m=[32m"round"[31m
              [33mstroke-linejoin[31m=[32m"round"[31m
              [33mstroke-width[31m=[32m"2"[31m
              [33mviewBox[31m=[32m"0 0 24 24"[31m
              [33mwidth[31m=[32m"24"[31m
              [33mxmlns[31m=[32m"http://www.w3.org/2000/svg"[31m
            [36m>[31m
              [36m<path[31m
                [33md[31m=[32m"M2 9.5a5.5 5.5 0 0 1 9.591-3.676.56.56 0 0 0 .818 0A5.49 5.49 0 0 1 22 9.5c0 2.29-1.5 4-3 5.5l-5.492 5.313a2 2 0 0 1-3 .019L5 15c-1.5-1.5-3-3.2-3-5.5"[31m
              [36m/>[31m
            [36m</svg>[31m
            [36m<h2[31m
              [33mclass[31m=[32m"text-2xl font-bold text-white"[31m
            [36m>[31m
              [0mCreate Tribute[0m
            [36m</h2>[31m
          [36m</div>[31m
          [36m<button[31m
            [33mclass[31m=[32m"p-2 hover:bg-white/10 rounded-lg transition-colors disabled:opacity-50"[31m
          [36m>[31m
            [36m<svg[31m
              [33maria-hidden[31m=[32m"true"[31m
              [33mclass[31m=[32m"lucide lucide-x w-5 h-5 text-gray-400"[31m
              [33mfill[31m=[32m"none"[31m
              [33mheight[31m=[32m"24"[31m
              [33mstroke[31m=[32m"currentColor"[31m
              [33mstroke-linecap[31m=[32m"round"[31m
              [33mstroke-linejoin[31m=[32m"round"[31m
              [33mstroke-width[31m=[32m"2"[31m
              [33mviewBox[31m=[32m"0 0 24 24"[31m
              [33mwidth[31m=[32m"24"[31m
              [33mxmlns[31m=[32m"http://www.w3.org/2000/svg"[31m
            [36m>[31m
              [36m<path[31m
                [33md[31m=[32m"M18 6 6 18"[31m
              [36m/>[31m
              [36m<path[31m
                [33md[31m=[32m"m6 6 12 12"[31m
              [36m/>[31m
            [36m</svg>[31m
          [36m</button>[31m
        [36m</div>[31m
        [36m<form[31m
          [33mclass[31m=[32m"space-y-4"[31m
        [36m>[31m
          [36m<div>[31m
            [36m<label[31m
              [33mclass[31m=[32m"block text-sm font-medium text-gray-300 mb-2"[31m
            [36m>[31m
              [0mName of the person *[0m
            [36m</label>[31m
            [36m<input[31m
              [33mclass[31m=[32m"w-full bg-surface border border-white/10 rounded-lg p-3 text-white placeholder-gray-500 focus:outline-none focus:border-primary transition-colors"[31m
              [33mmaxlength[31m=[32m"100"[31m
              [33mplaceholder[31m=[32m"Enter the name..."[31m
              [33mrequired[31m=[32m""[31m
              [33mtype[31m=[32m"text"[31m
              [33mvalue[31m=[32m""[31m
            [36m/>[31m
            [36m<p[31m
              [33mclass[31m=[32m"text-xs text-gray-500 mt-1"[31m
            [36m>[31m
              [0m0[0m
              [0m/100 characters[0m
            [36m</p>[31m
          [36m</div>[31m
          [36m<div>[31m
            [36m<label[31m
              [33mclass[31m=[32m"block text-sm font-medium text-gray-300 mb-2"[31m
            [36m>[31m
              [0mTribute message *[0m
            [36m</label>[31m
            [36m<textarea[31m
              [33mclass[31m=[32m"w-full bg-surface border border-white/10 rounded-lg p-3 text-white placeholder-gray-500 resize-none focus:outline-none focus:border-primary transition-colors"[31m
              [33mmaxlength[31m=[32m"600"[31m
              [33mplaceholder[31m=[32m"Share a memory, express your feelings, or write a message of remembrance..."[31m
              [33mrequired[31m=[32m""[31m
              [33mrows[31m=[32m"5"[31m
            [36m/>[31m
            [36m<p[31m
              [33mclass[31m=[32m"text-xs text-gray-500 mt-1"[31m
            [36m>[31m
              [0m0[0m
              [0m/600 characters (min. 10)[0m
            [36m</p>[31m
          [36m</div>[31m
          [36m<div>[31m
            [36m<label[31m
              [33mclass[31m=[32m"block text-sm font-medium text-gray-300 mb-2"[31m
            [36m>[31m
              [0mDate of remembrance (optional)[0m
            [36m</label>[31m
            [36m<input[31m
              [33mclass[31m=[32m"w-full bg-surface border border-white/10 rounded-lg p-3 text-white placeholder-gray-500 focus:outline-none focus:border-primary transition-colors"[31m
              [33mtype[31m=[32m"date"[31m
              [33mvalue[31m=[32m""[31m
            [36m/>[31m
            [36m<p[31m
              [33mclass[31m=[32m"text-xs text-gray-500 mt-1"[31m
            [36m>[31m
              [0mSpecify a meaningful date to remember[0m
            [36m</p>[31m
          [36m</div>[31m
          [36m<div>[31m
            [36m<label[31m
              [33mclass[31m=[32m"block text-sm font-medium text-gray-300 mb-2"[31m
            [36m>[31m
              [0mCollege affiliation (optional)[0m
            [36m</label>[31m
            [36m<input[31m
              [33mclass[31m=[32m"w-full bg-surface border border-white/10 rounded-lg p-3 text-white placeholder-gray-500 focus:outline-none focus:border-primary transition-colors"[31m
              [33mmaxlength[31m=[32m"100"[31m
              [33mplaceholder[31m=[32m"e.g., MIT, Stanford, Harvard..."[31m
              [33mtype[31m=[32m"text"[31m
              [33mvalue[31m=[32m""[31m
            [36m/>[31m
            [36m<p[31m
              [33mclass[31m=[32m"text-xs text-gray-500 mt-1"[31m
            [36m>[31m
              [0mHelp others find tributes from their community[0m
            [36m</p>[31m
          [36m</div>[31m
          [36m<div[31m
            [33mclass[31m=[32m"bg-primary/10 border border-primary/30 rounded-lg p-3 text-sm text-gray-300"[31m
          [36m>[31m
            [36m<div[31m
              [33mclass[31m=[32m"flex items-start gap-2"[31m
            [36m>[31m
              [36m<svg[31m
                [33maria-hidden[31m=[32m"true"[31m
                [33mclass[31m=[32m"lucide lucide-info w-5 h-5 text-primary flex-shrink-0 mt-0.5"[31m
                [33mfill[31m=[32m"none"[31m
                [33mheight[31m=[32m"24"[31m
                [33mstroke[31m=[32m"currentColor"[31m
                [33mstroke-linecap[31m=[32m"round"[31m
                [33mstroke-linejoin[31m=[32m"round"[31m
                [33mstroke-width[31m=[32m"2"[31m
                [33mviewBox[31m=[32m"0 0 24 24"[31m
                [33mwidth[31m=[32m"24"[31m
                [33mxmlns[31m=[32m"http://www.w3.org/2000/svg"[31m
              [36m>[31m
                [36m<circle[31m
                  [33mcx[31m=[32m"12"[31m
                  [33mcy[31m=[32m"12"[31m
                  [33mr[31m=[32m"10"[31m
                [36m/>[31m
                [36m<path[31m
                  [33md[31m=[32m"M12 16v-4"[31m
                [36m/>[31m
                [36m<path[31m
                  [33md[31m=[32m"M12 8h.01"[31m
                [36m/>[31m
              [36m</svg>[31m
              [36m<div>[31m
                [36m<p[31m
                  [33mclass[31m=[32m"font-medium text-white mb-1"[31m
                [36m>[31m
                  [0m🕊️ Consensus Required[0m
                [36m</p>[31m
                [36m<p[31m
                  [33mclass[31m=[32m"text-xs text-gray-300"[31m
                [36m>[31m
                  [0mYour tribute will be created as a draft. It needs [0m
                  [36m<strong>[31m
                    [0m3 cosigner signatures[0m
                  [36m</strong>[31m
                  [0m from peers before it can be published. Once published, you'll earn [0m
                  [36m<strong>[31m
                    [0m+20 VOICE[0m
                  [36m</strong>[31m
                  [0m tokens.[0m
                [36m</p>[31m
              [36m</div>[31m
            [36m</div>[31m
          [36m</div>[31m
          [36m<div[31m
            [33mclass[31m=[32m"flex items-center space-x-3 pt-2"[31m
          [36m>[31m
            [36m<button[31m
              [33mclass[31m=[32m"flex-1 px-6 py-3 bg-primary text-white rounded-lg disabled:opacity-50 disabled:cursor-not-allowed hover:shadow-glow transition-all"[31m
              [33mdisabled[31m=[32m""[31m
              [33mtabindex[31m=[32m"0"[31m
              [33mtype[31m=[32m"submit"[31m
            [36m>[31m
              [0mCreate Tribute[0m
            [36m</button>[31m
            [36m<button[31m
              [33mclass[31m=[32m"px-6 py-3 bg-white/10 text-gray-300 rounded-lg hover:bg-white/20 transition-colors disabled:opacity-50"[31m
              [33mtype[31m=[32m"button"[31m
            [36m>[31m
              [0mCancel[0m
            [36m</button>[31m
          [36m</div>[31m
        [36m</form>[31m
      [36m</div>[31m
    [36m</div>[31m
  [36m</div>[31m
[36m</body>[31m[39m
 [32m✓[39m src/components/memorial/__tests__/CreateTributeModal.test.tsx[2m > [22mCreateTributeModal[2m > [22mForm Fields[2m > [22mshould show character counter for name field[32m 18[2mms[22m[39m
 [32m✓[39m src/components/memorial/__tests__/CreateTributeModal.test.tsx[2m > [22mCreateTributeModal[2m > [22mForm Fields[2m > [22mshould show character counter for message field[32m 26[2mms[22m[39m
 [31m×[39m src/components/memorial/__tests__/CreateTributeModal.test.tsx[2m > [22mCreateTributeModal[2m > [22mForm Fields[2m > [22mshould update character counter as user types[32m 20[2mms[22m[39m
[31m   → Found a label with the text of: /Name of the person/i, however no form control was found associated to that label. Make sure you're using the "for" attribute or "aria-labelledby" attribute correctly.

Ignored nodes: comments, script, style
[36m<body>[31m
  [36m<div>[31m
    [36m<div[31m
      [33mclass[31m=[32m"fixed inset-0 bg-black/60 backdrop-blur-sm z-50"[31m
      [33mstyle[31m=[32m"opacity: 0;"[31m
    [36m/>[31m
    [36m<div[31m
      [33mclass[31m=[32m"fixed inset-0 flex items-center justify-center z-50 p-4"[31m
    [36m>[31m
      [36m<div[31m
        [33mclass[31m=[32m"glass p-6 max-w-lg w-full space-y-6 max-h-[90vh] overflow-y-auto"[31m
        [33mstyle[31m=[32m"opacity: 0; transform: translateY(20px) scale(0.9);"[31m
      [36m>[31m
        [36m<div[31m
          [33mclass[31m=[32m"flex items-center justify-between"[31m
        [36m>[31m
          [36m<div[31m
            [33mclass[31m=[32m"flex items-center space-x-3"[31m
          [36m>[31m
            [36m<svg[31m
              [33maria-hidden[31m=[32m"true"[31m
              [33mclass[31m=[32m"lucide lucide-heart w-6 h-6 text-primary"[31m
              [33mfill[31m=[32m"none"[31m
              [33mheight[31m=[32m"24"[31m
              [33mstroke[31m=[32m"currentColor"[31m
              [33mstroke-linecap[31m=[32m"round"[31m
              [33mstroke-linejoin[31m=[32m"round"[31m
              [33mstroke-width[31m=[32m"2"[31m
              [33mviewBox[31m=[32m"0 0 24 24"[31m
              [33mwidth[31m=[32m"24"[31m
              [33mxmlns[31m=[32m"http://www.w3.org/2000/svg"[31m
            [36m>[31m
              [36m<path[31m
                [33md[31m=[32m"M2 9.5a5.5 5.5 0 0 1 9.591-3.676.56.56 0 0 0 .818 0A5.49 5.49 0 0 1 22 9.5c0 2.29-1.5 4-3 5.5l-5.492 5.313a2 2 0 0 1-3 .019L5 15c-1.5-1.5-3-3.2-3-5.5"[31m
              [36m/>[31m
            [36m</svg>[31m
            [36m<h2[31m
              [33mclass[31m=[32m"text-2xl font-bold text-white"[31m
            [36m>[31m
              [0mCreate Tribute[0m
            [36m</h2>[31m
          [36m</div>[31m
          [36m<button[31m
            [33mclass[31m=[32m"p-2 hover:bg-white/10 rounded-lg transition-colors disabled:opacity-50"[31m
          [36m>[31m
            [36m<svg[31m
              [33maria-hidden[31m=[32m"true"[31m
              [33mclass[31m=[32m"lucide lucide-x w-5 h-5 text-gray-400"[31m
              [33mfill[31m=[32m"none"[31m
              [33mheight[31m=[32m"24"[31m
              [33mstroke[31m=[32m"currentColor"[31m
              [33mstroke-linecap[31m=[32m"round"[31m
              [33mstroke-linejoin[31m=[32m"round"[31m
              [33mstroke-width[31m=[32m"2"[31m
              [33mviewBox[31m=[32m"0 0 24 24"[31m
              [33mwidth[31m=[32m"24"[31m
              [33mxmlns[31m=[32m"http://www.w3.org/2000/svg"[31m
            [36m>[31m
              [36m<path[31m
                [33md[31m=[32m"M18 6 6 18"[31m
              [36m/>[31m
              [36m<path[31m
                [33md[31m=[32m"m6 6 12 12"[31m
              [36m/>[31m
            [36m</svg>[31m
          [36m</button>[31m
        [36m</div>[31m
        [36m<form[31m
          [33mclass[31m=[32m"space-y-4"[31m
        [36m>[31m
          [36m<div>[31m
            [36m<label[31m
              [33mclass[31m=[32m"block text-sm font-medium text-gray-300 mb-2"[31m
            [36m>[31m
              [0mName of the person *[0m
            [36m</label>[31m
            [36m<input[31m
              [33mclass[31m=[32m"w-full bg-surface border border-white/10 rounded-lg p-3 text-white placeholder-gray-500 focus:outline-none focus:border-primary transition-colors"[31m
              [33mmaxlength[31m=[32m"100"[31m
              [33mplaceholder[31m=[32m"Enter the name..."[31m
              [33mrequired[31m=[32m""[31m
              [33mtype[31m=[32m"text"[31m
              [33mvalue[31m=[32m""[31m
            [36m/>[31m
            [36m<p[31m
              [33mclass[31m=[32m"text-xs text-gray-500 mt-1"[31m
            [36m>[31m
              [0m0[0m
              [0m/100 characters[0m
            [36m</p>[31m
          [36m</div>[31m
          [36m<div>[31m
            [36m<label[31m
              [33mclass[31m=[32m"block text-sm font-medium text-gray-300 mb-2"[31m
            [36m>[31m
              [0mTribute message *[0m
            [36m</label>[31m
            [36m<textarea[31m
              [33mclass[31m=[32m"w-full bg-surface border border-white/10 rounded-lg p-3 text-white placeholder-gray-500 resize-none focus:outline-none focus:border-primary transition-colors"[31m
              [33mmaxlength[31m=[32m"600"[31m
              [33mplaceholder[31m=[32m"Share a memory, express your feelings, or write a message of remembrance..."[31m
              [33mrequired[31m=[32m""[31m
              [33mrows[31m=[32m"5"[31m
            [36m/>[31m
            [36m<p[31m
              [33mclass[31m=[32m"text-xs text-gray-500 mt-1"[31m
            [36m>[31m
              [0m0[0m
              [0m/600 characters (min. 10)[0m
            [36m</p>[31m
          [36m</div>[31m
          [36m<div>[31m
            [36m<label[31m
              [33mclass[31m=[32m"block text-sm font-medium text-gray-300 mb-2"[31m
            [36m>[31m
              [0mDate of remembrance (optional)[0m
            [36m</label>[31m
            [36m<input[31m
              [33mclass[31m=[32m"w-full bg-surface border border-white/10 rounded-lg p-3 text-white placeholder-gray-500 focus:outline-none focus:border-primary transition-colors"[31m
              [33mtype[31m=[32m"date"[31m
              [33mvalue[31m=[32m""[31m
            [36m/>[31m
            [36m<p[31m
              [33mclass[31m=[32m"text-xs text-gray-500 mt-1"[31m
            [36m>[31m
              [0mSpecify a meaningful date to remember[0m
            [36m</p>[31m
          [36m</div>[31m
          [36m<div>[31m
            [36m<label[31m
              [33mclass[31m=[32m"block text-sm font-medium text-gray-300 mb-2"[31m
            [36m>[31m
              [0mCollege affiliation (optional)[0m
            [36m</label>[31m
            [36m<input[31m
              [33mclass[31m=[32m"w-full bg-surface border border-white/10 rounded-lg p-3 text-white placeholder-gray-500 focus:outline-none focus:border-primary transition-colors"[31m
              [33mmaxlength[31m=[32m"100"[31m
              [33mplaceholder[31m=[32m"e.g., MIT, Stanford, Harvard..."[31m
              [33mtype[31m=[32m"text"[31m
              [33mvalue[31m=[32m""[31m
            [36m/>[31m
            [36m<p[31m
              [33mclass[31m=[32m"text-xs text-gray-500 mt-1"[31m
            [36m>[31m
              [0mHelp others find tributes from their community[0m
            [36m</p>[31m
          [36m</div>[31m
          [36m<div[31m
            [33mclass[31m=[32m"bg-primary/10 border border-primary/30 rounded-lg p-3 text-sm text-gray-300"[31m
          [36m>[31m
            [36m<div[31m
              [33mclass[31m=[32m"flex items-start gap-2"[31m
            [36m>[31m
              [36m<svg[31m
                [33maria-hidden[31m=[32m"true"[31m
                [33mclass[31m=[32m"lucide lucide-info w-5 h-5 text-primary flex-shrink-0 mt-0.5"[31m
                [33mfill[31m=[32m"none"[31m
                [33mheight[31m=[32m"24"[31m
                [33mstroke[31m=[32m"currentColor"[31m
                [33mstroke-linecap[31m=[32m"round"[31m
                [33mstroke-linejoin[31m=[32m"round"[31m
                [33mstroke-width[31m=[32m"2"[31m
                [33mviewBox[31m=[32m"0 0 24 24"[31m
                [33mwidth[31m=[32m"24"[31m
                [33mxmlns[31m=[32m"http://www.w3.org/2000/svg"[31m
              [36m>[31m
                [36m<circle[31m
                  [33mcx[31m=[32m"12"[31m
                  [33mcy[31m=[32m"12"[31m
                  [33mr[31m=[32m"10"[31m
                [36m/>[31m
                [36m<path[31m
                  [33md[31m=[32m"M12 16v-4"[31m
                [36m/>[31m
                [36m<path[31m
                  [33md[31m=[32m"M12 8h.01"[31m
                [36m/>[31m
              [36m</svg>[31m
              [36m<div>[31m
                [36m<p[31m
                  [33mclass[31m=[32m"font-medium text-white mb-1"[31m
                [36m>[31m
                  [0m🕊️ Consensus Required[0m
                [36m</p>[31m
                [36m<p[31m
                  [33mclass[31m=[32m"text-xs text-gray-300"[31m
                [36m>[31m
                  [0mYour tribute will be created as a draft. It needs [0m
                  [36m<strong>[31m
                    [0m3 cosigner signatures[0m
                  [36m</strong>[31m
                  [0m from peers before it can be published. Once published, you'll earn [0m
                  [36m<strong>[31m
                    [0m+20 VOICE[0m
                  [36m</strong>[31m
                  [0m tokens.[0m
                [36m</p>[31m
              [36m</div>[31m
            [36m</div>[31m
          [36m</div>[31m
          [36m<div[31m
            [33mclass[31m=[32m"flex items-center space-x-3 pt-2"[31m
          [36m>[31m
            [36m<button[31m
              [33mclass[31m=[32m"flex-1 px-6 py-3 bg-primary text-white rounded-lg disabled:opacity-50 disabled:cursor-not-allowed hover:shadow-glow transition-all"[31m
              [33mdisabled[31m=[32m""[31m
              [33mtabindex[31m=[32m"0"[31m
              [33mtype[31m=[32m"submit"[31m
            [36m>[31m
              [0mCreate Tribute[0m
            [36m</button>[31m
            [36m<button[31m
              [33mclass[31m=[32m"px-6 py-3 bg-white/10 text-gray-300 rounded-lg hover:bg-white/20 transition-colors disabled:opacity-50"[31m
              [33mtype[31m=[32m"button"[31m
            [36m>[31m
              [0mCancel[0m
            [36m</button>[31m
          [36m</div>[31m
        [36m</form>[31m
      [36m</div>[31m
    [36m</div>[31m
  [36m</div>[31m
[36m</body>[31m[39m
 [32m✓[39m src/components/memorial/__tests__/CreateTributeModal.test.tsx[2m > [22mCreateTributeModal[2m > [22mValidation[2m > [22mshould disable submit button when fields are empty[32m 108[2mms[22m[39m
 [31m×[39m src/components/memorial/__tests__/CreateTributeModal.test.tsx[2m > [22mCreateTributeModal[2m > [22mValidation[2m > [22mshould enable submit button when required fields are filled[32m 17[2mms[22m[39m
[31m   → Found a label with the text of: /Name of the person/i, however no form control was found associated to that label. Make sure you're using the "for" attribute or "aria-labelledby" attribute correctly.

Ignored nodes: comments, script, style
[36m<body>[31m
  [36m<div>[31m
    [36m<div[31m
      [33mclass[31m=[32m"fixed inset-0 bg-black/60 backdrop-blur-sm z-50"[31m
      [33mstyle[31m=[32m"opacity: 0;"[31m
    [36m/>[31m
    [36m<div[31m
      [33mclass[31m=[32m"fixed inset-0 flex items-center justify-center z-50 p-4"[31m
    [36m>[31m
      [36m<div[31m
        [33mclass[31m=[32m"glass p-6 max-w-lg w-full space-y-6 max-h-[90vh] overflow-y-auto"[31m
        [33mstyle[31m=[32m"opacity: 0; transform: translateY(20px) scale(0.9);"[31m
      [36m>[31m
        [36m<div[31m
          [33mclass[31m=[32m"flex items-center justify-between"[31m
        [36m>[31m
          [36m<div[31m
            [33mclass[31m=[32m"flex items-center space-x-3"[31m
          [36m>[31m
            [36m<svg[31m
              [33maria-hidden[31m=[32m"true"[31m
              [33mclass[31m=[32m"lucide lucide-heart w-6 h-6 text-primary"[31m
              [33mfill[31m=[32m"none"[31m
              [33mheight[31m=[32m"24"[31m
              [33mstroke[31m=[32m"currentColor"[31m
              [33mstroke-linecap[31m=[32m"round"[31m
              [33mstroke-linejoin[31m=[32m"round"[31m
              [33mstroke-width[31m=[32m"2"[31m
              [33mviewBox[31m=[32m"0 0 24 24"[31m
              [33mwidth[31m=[32m"24"[31m
              [33mxmlns[31m=[32m"http://www.w3.org/2000/svg"[31m
            [36m>[31m
              [36m<path[31m
                [33md[31m=[32m"M2 9.5a5.5 5.5 0 0 1 9.591-3.676.56.56 0 0 0 .818 0A5.49 5.49 0 0 1 22 9.5c0 2.29-1.5 4-3 5.5l-5.492 5.313a2 2 0 0 1-3 .019L5 15c-1.5-1.5-3-3.2-3-5.5"[31m
              [36m/>[31m
            [36m</svg>[31m
            [36m<h2[31m
              [33mclass[31m=[32m"text-2xl font-bold text-white"[31m
            [36m>[31m
              [0mCreate Tribute[0m
            [36m</h2>[31m
          [36m</div>[31m
          [36m<button[31m
            [33mclass[31m=[32m"p-2 hover:bg-white/10 rounded-lg transition-colors disabled:opacity-50"[31m
          [36m>[31m
            [36m<svg[31m
              [33maria-hidden[31m=[32m"true"[31m
              [33mclass[31m=[32m"lucide lucide-x w-5 h-5 text-gray-400"[31m
              [33mfill[31m=[32m"none"[31m
              [33mheight[31m=[32m"24"[31m
              [33mstroke[31m=[32m"currentColor"[31m
              [33mstroke-linecap[31m=[32m"round"[31m
              [33mstroke-linejoin[31m=[32m"round"[31m
              [33mstroke-width[31m=[32m"2"[31m
              [33mviewBox[31m=[32m"0 0 24 24"[31m
              [33mwidth[31m=[32m"24"[31m
              [33mxmlns[31m=[32m"http://www.w3.org/2000/svg"[31m
            [36m>[31m
              [36m<path[31m
                [33md[31m=[32m"M18 6 6 18"[31m
              [36m/>[31m
              [36m<path[31m
                [33md[31m=[32m"m6 6 12 12"[31m
              [36m/>[31m
            [36m</svg>[31m
          [36m</button>[31m
        [36m</div>[31m
        [36m<form[31m
          [33mclass[31m=[32m"space-y-4"[31m
        [36m>[31m
          [36m<div>[31m
            [36m<label[31m
              [33mclass[31m=[32m"block text-sm font-medium text-gray-300 mb-2"[31m
            [36m>[31m
              [0mName of the person *[0m
            [36m</label>[31m
            [36m<input[31m
              [33mclass[31m=[32m"w-full bg-surface border border-white/10 rounded-lg p-3 text-white placeholder-gray-500 focus:outline-none focus:border-primary transition-colors"[31m
              [33mmaxlength[31m=[32m"100"[31m
              [33mplaceholder[31m=[32m"Enter the name..."[31m
              [33mrequired[31m=[32m""[31m
              [33mtype[31m=[32m"text"[31m
              [33mvalue[31m=[32m""[31m
            [36m/>[31m
            [36m<p[31m
              [33mclass[31m=[32m"text-xs text-gray-500 mt-1"[31m
            [36m>[31m
              [0m0[0m
              [0m/100 characters[0m
            [36m</p>[31m
          [36m</div>[31m
          [36m<div>[31m
            [36m<label[31m
              [33mclass[31m=[32m"block text-sm font-medium text-gray-300 mb-2"[31m
            [36m>[31m
              [0mTribute message *[0m
            [36m</label>[31m
            [36m<textarea[31m
              [33mclass[31m=[32m"w-full bg-surface border border-white/10 rounded-lg p-3 text-white placeholder-gray-500 resize-none focus:outline-none focus:border-primary transition-colors"[31m
              [33mmaxlength[31m=[32m"600"[31m
              [33mplaceholder[31m=[32m"Share a memory, express your feelings, or write a message of remembrance..."[31m
              [33mrequired[31m=[32m""[31m
              [33mrows[31m=[32m"5"[31m
            [36m/>[31m
            [36m<p[31m
              [33mclass[31m=[32m"text-xs text-gray-500 mt-1"[31m
            [36m>[31m
              [0m0[0m
              [0m/600 characters (min. 10)[0m
            [36m</p>[31m
          [36m</div>[31m
          [36m<div>[31m
            [36m<label[31m
              [33mclass[31m=[32m"block text-sm font-medium text-gray-300 mb-2"[31m
            [36m>[31m
              [0mDate of remembrance (optional)[0m
            [36m</label>[31m
            [36m<input[31m
              [33mclass[31m=[32m"w-full bg-surface border border-white/10 rounded-lg p-3 text-white placeholder-gray-500 focus:outline-none focus:border-primary transition-colors"[31m
              [33mtype[31m=[32m"date"[31m
              [33mvalue[31m=[32m""[31m
            [36m/>[31m
            [36m<p[31m
              [33mclass[31m=[32m"text-xs text-gray-500 mt-1"[31m
            [36m>[31m
              [0mSpecify a meaningful date to remember[0m
            [36m</p>[31m
          [36m</div>[31m
          [36m<div>[31m
            [36m<label[31m
              [33mclass[31m=[32m"block text-sm font-medium text-gray-300 mb-2"[31m
            [36m>[31m
              [0mCollege affiliation (optional)[0m
            [36m</label>[31m
            [36m<input[31m
              [33mclass[31m=[32m"w-full bg-surface border border-white/10 rounded-lg p-3 text-white placeholder-gray-500 focus:outline-none focus:border-primary transition-colors"[31m
              [33mmaxlength[31m=[32m"100"[31m
              [33mplaceholder[31m=[32m"e.g., MIT, Stanford, Harvard..."[31m
              [33mtype[31m=[32m"text"[31m
              [33mvalue[31m=[32m""[31m
            [36m/>[31m
            [36m<p[31m
              [33mclass[31m=[32m"text-xs text-gray-500 mt-1"[31m
            [36m>[31m
              [0mHelp others find tributes from their community[0m
            [36m</p>[31m
          [36m</div>[31m
          [36m<div[31m
            [33mclass[31m=[32m"bg-primary/10 border border-primary/30 rounded-lg p-3 text-sm text-gray-300"[31m
          [36m>[31m
            [36m<div[31m
              [33mclass[31m=[32m"flex items-start gap-2"[31m
            [36m>[31m
              [36m<svg[31m
                [33maria-hidden[31m=[32m"true"[31m
                [33mclass[31m=[32m"lucide lucide-info w-5 h-5 text-primary flex-shrink-0 mt-0.5"[31m
                [33mfill[31m=[32m"none"[31m
                [33mheight[31m=[32m"24"[31m
                [33mstroke[31m=[32m"currentColor"[31m
                [33mstroke-linecap[31m=[32m"round"[31m
                [33mstroke-linejoin[31m=[32m"round"[31m
                [33mstroke-width[31m=[32m"2"[31m
                [33mviewBox[31m=[32m"0 0 24 24"[31m
                [33mwidth[31m=[32m"24"[31m
                [33mxmlns[31m=[32m"http://www.w3.org/2000/svg"[31m
              [36m>[31m
                [36m<circle[31m
                  [33mcx[31m=[32m"12"[31m
                  [33mcy[31m=[32m"12"[31m
                  [33mr[31m=[32m"10"[31m
                [36m/>[31m
                [36m<path[31m
                  [33md[31m=[32m"M12 16v-4"[31m
                [36m/>[31m
                [36m<path[31m
                  [33md[31m=[32m"M12 8h.01"[31m
                [36m/>[31m
              [36m</svg>[31m
              [36m<div>[31m
                [36m<p[31m
                  [33mclass[31m=[32m"font-medium text-white mb-1"[31m
                [36m>[31m
                  [0m🕊️ Consensus Required[0m
                [36m</p>[31m
                [36m<p[31m
                  [33mclass[31m=[32m"text-xs text-gray-300"[31m
                [36m>[31m
                  [0mYour tribute will be created as a draft. It needs [0m
                  [36m<strong>[31m
                    [0m3 cosigner signatures[0m
                  [36m</strong>[31m
                  [0m from peers before it can be published. Once published, you'll earn [0m
                  [36m<strong>[31m
                    [0m+20 VOICE[0m
                  [36m</strong>[31m
                  [0m tokens.[0m
                [36m</p>[31m
              [36m</div>[31m
            [36m</div>[31m
          [36m</div>[31m
          [36m<div[31m
            [33mclass[31m=[32m"flex items-center space-x-3 pt-2"[31m
          [36m>[31m
            [36m<button[31m
              [33mclass[31m=[32m"flex-1 px-6 py-3 bg-primary text-white rounded-lg disabled:opacity-50 disabled:cursor-not-allowed hover:shadow-glow transition-all"[31m
              [33mdisabled[31m=[32m""[31m
              [33mtabindex[31m=[32m"0"[31m
              [33mtype[31m=[32m"submit"[31m
            [36m>[31m
              [0mCreate Tribute[0m
            [36m</button>[31m
            [36m<button[31m
              [33mclass[31m=[32m"px-6 py-3 bg-white/10 text-gray-300 rounded-lg hover:bg-white/20 transition-colors disabled:opacity-50"[31m
              [33mtype[31m=[32m"button"[31m
            [36m>[31m
              [0mCancel[0m
            [36m</button>[31m
          [36m</div>[31m
        [36m</form>[31m
      [36m</div>[31m
    [36m</div>[31m
  [36m</div>[31m
[36m</body>[31m[39m
 [31m×[39m src/components/memorial/__tests__/CreateTributeModal.test.tsx[2m > [22mCreateTributeModal[2m > [22mValidation[2m > [22mshould show error for message under 10 characters[32m 16[2mms[22m[39m
[31m   → Found a label with the text of: /Name of the person/i, however no form control was found associated to that label. Make sure you're using the "for" attribute or "aria-labelledby" attribute correctly.

Ignored nodes: comments, script, style
[36m<body>[31m
  [36m<div>[31m
    [36m<div[31m
      [33mclass[31m=[32m"fixed inset-0 bg-black/60 backdrop-blur-sm z-50"[31m
      [33mstyle[31m=[32m"opacity: 0;"[31m
    [36m/>[31m
    [36m<div[31m
      [33mclass[31m=[32m"fixed inset-0 flex items-center justify-center z-50 p-4"[31m
    [36m>[31m
      [36m<div[31m
        [33mclass[31m=[32m"glass p-6 max-w-lg w-full space-y-6 max-h-[90vh] overflow-y-auto"[31m
        [33mstyle[31m=[32m"opacity: 0; transform: translateY(20px) scale(0.9);"[31m
      [36m>[31m
        [36m<div[31m
          [33mclass[31m=[32m"flex items-center justify-between"[31m
        [36m>[31m
          [36m<div[31m
            [33mclass[31m=[32m"flex items-center space-x-3"[31m
          [36m>[31m
            [36m<svg[31m
              [33maria-hidden[31m=[32m"true"[31m
              [33mclass[31m=[32m"lucide lucide-heart w-6 h-6 text-primary"[31m
              [33mfill[31m=[32m"none"[31m
              [33mheight[31m=[32m"24"[31m
              [33mstroke[31m=[32m"currentColor"[31m
              [33mstroke-linecap[31m=[32m"round"[31m
              [33mstroke-linejoin[31m=[32m"round"[31m
              [33mstroke-width[31m=[32m"2"[31m
              [33mviewBox[31m=[32m"0 0 24 24"[31m
              [33mwidth[31m=[32m"24"[31m
              [33mxmlns[31m=[32m"http://www.w3.org/2000/svg"[31m
            [36m>[31m
              [36m<path[31m
                [33md[31m=[32m"M2 9.5a5.5 5.5 0 0 1 9.591-3.676.56.56 0 0 0 .818 0A5.49 5.49 0 0 1 22 9.5c0 2.29-1.5 4-3 5.5l-5.492 5.313a2 2 0 0 1-3 .019L5 15c-1.5-1.5-3-3.2-3-5.5"[31m
              [36m/>[31m
            [36m</svg>[31m
            [36m<h2[31m
              [33mclass[31m=[32m"text-2xl font-bold text-white"[31m
            [36m>[31m
              [0mCreate Tribute[0m
            [36m</h2>[31m
          [36m</div>[31m
          [36m<button[31m
            [33mclass[31m=[32m"p-2 hover:bg-white/10 rounded-lg transition-colors disabled:opacity-50"[31m
          [36m>[31m
            [36m<svg[31m
              [33maria-hidden[31m=[32m"true"[31m
              [33mclass[31m=[32m"lucide lucide-x w-5 h-5 text-gray-400"[31m
              [33mfill[31m=[32m"none"[31m
              [33mheight[31m=[32m"24"[31m
              [33mstroke[31m=[32m"currentColor"[31m
              [33mstroke-linecap[31m=[32m"round"[31m
              [33mstroke-linejoin[31m=[32m"round"[31m
              [33mstroke-width[31m=[32m"2"[31m
              [33mviewBox[31m=[32m"0 0 24 24"[31m
              [33mwidth[31m=[32m"24"[31m
              [33mxmlns[31m=[32m"http://www.w3.org/2000/svg"[31m
            [36m>[31m
              [36m<path[31m
                [33md[31m=[32m"M18 6 6 18"[31m
              [36m/>[31m
              [36m<path[31m
                [33md[31m=[32m"m6 6 12 12"[31m
              [36m/>[31m
            [36m</svg>[31m
          [36m</button>[31m
        [36m</div>[31m
        [36m<form[31m
          [33mclass[31m=[32m"space-y-4"[31m
        [36m>[31m
          [36m<div>[31m
            [36m<label[31m
              [33mclass[31m=[32m"block text-sm font-medium text-gray-300 mb-2"[31m
            [36m>[31m
              [0mName of the person *[0m
            [36m</label>[31m
            [36m<input[31m
              [33mclass[31m=[32m"w-full bg-surface border border-white/10 rounded-lg p-3 text-white placeholder-gray-500 focus:outline-none focus:border-primary transition-colors"[31m
              [33mmaxlength[31m=[32m"100"[31m
              [33mplaceholder[31m=[32m"Enter the name..."[31m
              [33mrequired[31m=[32m""[31m
              [33mtype[31m=[32m"text"[31m
              [33mvalue[31m=[32m""[31m
            [36m/>[31m
            [36m<p[31m
              [33mclass[31m=[32m"text-xs text-gray-500 mt-1"[31m
            [36m>[31m
              [0m0[0m
              [0m/100 characters[0m
            [36m</p>[31m
          [36m</div>[31m
          [36m<div>[31m
            [36m<label[31m
              [33mclass[31m=[32m"block text-sm font-medium text-gray-300 mb-2"[31m
            [36m>[31m
              [0mTribute message *[0m
            [36m</label>[31m
            [36m<textarea[31m
              [33mclass[31m=[32m"w-full bg-surface border border-white/10 rounded-lg p-3 text-white placeholder-gray-500 resize-none focus:outline-none focus:border-primary transition-colors"[31m
              [33mmaxlength[31m=[32m"600"[31m
              [33mplaceholder[31m=[32m"Share a memory, express your feelings, or write a message of remembrance..."[31m
              [33mrequired[31m=[32m""[31m
              [33mrows[31m=[32m"5"[31m
            [36m/>[31m
            [36m<p[31m
              [33mclass[31m=[32m"text-xs text-gray-500 mt-1"[31m
            [36m>[31m
              [0m0[0m
              [0m/600 characters (min. 10)[0m
            [36m</p>[31m
          [36m</div>[31m
          [36m<div>[31m
            [36m<label[31m
              [33mclass[31m=[32m"block text-sm font-medium text-gray-300 mb-2"[31m
            [36m>[31m
              [0mDate of remembrance (optional)[0m
            [36m</label>[31m
            [36m<input[31m
              [33mclass[31m=[32m"w-full bg-surface border border-white/10 rounded-lg p-3 text-white placeholder-gray-500 focus:outline-none focus:border-primary transition-colors"[31m
              [33mtype[31m=[32m"date"[31m
              [33mvalue[31m=[32m""[31m
            [36m/>[31m
            [36m<p[31m
              [33mclass[31m=[32m"text-xs text-gray-500 mt-1"[31m
            [36m>[31m
              [0mSpecify a meaningful date to remember[0m
            [36m</p>[31m
          [36m</div>[31m
          [36m<div>[31m
            [36m<label[31m
              [33mclass[31m=[32m"block text-sm font-medium text-gray-300 mb-2"[31m
            [36m>[31m
              [0mCollege affiliation (optional)[0m
            [36m</label>[31m
            [36m<input[31m
              [33mclass[31m=[32m"w-full bg-surface border border-white/10 rounded-lg p-3 text-white placeholder-gray-500 focus:outline-none focus:border-primary transition-colors"[31m
              [33mmaxlength[31m=[32m"100"[31m
              [33mplaceholder[31m=[32m"e.g., MIT, Stanford, Harvard..."[31m
              [33mtype[31m=[32m"text"[31m
              [33mvalue[31m=[32m""[31m
            [36m/>[31m
            [36m<p[31m
              [33mclass[31m=[32m"text-xs text-gray-500 mt-1"[31m
            [36m>[31m
              [0mHelp others find tributes from their community[0m
            [36m</p>[31m
          [36m</div>[31m
          [36m<div[31m
            [33mclass[31m=[32m"bg-primary/10 border border-primary/30 rounded-lg p-3 text-sm text-gray-300"[31m
          [36m>[31m
            [36m<div[31m
              [33mclass[31m=[32m"flex items-start gap-2"[31m
            [36m>[31m
              [36m<svg[31m
                [33maria-hidden[31m=[32m"true"[31m
                [33mclass[31m=[32m"lucide lucide-info w-5 h-5 text-primary flex-shrink-0 mt-0.5"[31m
                [33mfill[31m=[32m"none"[31m
                [33mheight[31m=[32m"24"[31m
                [33mstroke[31m=[32m"currentColor"[31m
                [33mstroke-linecap[31m=[32m"round"[31m
                [33mstroke-linejoin[31m=[32m"round"[31m
                [33mstroke-width[31m=[32m"2"[31m
                [33mviewBox[31m=[32m"0 0 24 24"[31m
                [33mwidth[31m=[32m"24"[31m
                [33mxmlns[31m=[32m"http://www.w3.org/2000/svg"[31m
              [36m>[31m
                [36m<circle[31m
                  [33mcx[31m=[32m"12"[31m
                  [33mcy[31m=[32m"12"[31m
                  [33mr[31m=[32m"10"[31m
                [36m/>[31m
                [36m<path[31m
                  [33md[31m=[32m"M12 16v-4"[31m
                [36m/>[31m
                [36m<path[31m
                  [33md[31m=[32m"M12 8h.01"[31m
                [36m/>[31m
              [36m</svg>[31m
              [36m<div>[31m
                [36m<p[31m
                  [33mclass[31m=[32m"font-medium text-white mb-1"[31m
                [36m>[31m
                  [0m🕊️ Consensus Required[0m
                [36m</p>[31m
                [36m<p[31m
                  [33mclass[31m=[32m"text-xs text-gray-300"[31m
                [36m>[31m
                  [0mYour tribute will be created as a draft. It needs [0m
                  [36m<strong>[31m
                    [0m3 cosigner signatures[0m
                  [36m</strong>[31m
                  [0m from peers before it can be published. Once published, you'll earn [0m
                  [36m<strong>[31m
                    [0m+20 VOICE[0m
                  [36m</strong>[31m
                  [0m tokens.[0m
                [36m</p>[31m
              [36m</div>[31m
            [36m</div>[31m
          [36m</div>[31m
          [36m<div[31m
            [33mclass[31m=[32m"flex items-center space-x-3 pt-2"[31m
          [36m>[31m
            [36m<button[31m
              [33mclass[31m=[32m"flex-1 px-6 py-3 bg-primary text-white rounded-lg disabled:opacity-50 disabled:cursor-not-allowed hover:shadow-glow transition-all"[31m
              [33mdisabled[31m=[32m""[31m
              [33mtabindex[31m=[32m"0"[31m
              [33mtype[31m=[32m"submit"[31m
            [36m>[31m
              [0mCreate Tribute[0m
            [36m</button>[31m
            [36m<button[31m
              [33mclass[31m=[32m"px-6 py-3 bg-white/10 text-gray-300 rounded-lg hover:bg-white/20 transition-colors disabled:opacity-50"[31m
              [33mtype[31m=[32m"button"[31m
            [36m>[31m
              [0mCancel[0m
            [36m</button>[31m
          [36m</div>[31m
        [36m</form>[31m
      [36m</div>[31m
    [36m</div>[31m
  [36m</div>[31m
[36m</body>[31m[39m
 [31m×[39m src/components/memorial/__tests__/CreateTributeModal.test.tsx[2m > [22mCreateTributeModal[2m > [22mValidation[2m > [22mshould show error when name is empty[32m 13[2mms[22m[39m
[31m   → Found a label with the text of: /Tribute message/i, however no form control was found associated to that label. Make sure you're using the "for" attribute or "aria-labelledby" attribute correctly.

Ignored nodes: comments, script, style
[36m<body>[31m
  [36m<div>[31m
    [36m<div[31m
      [33mclass[31m=[32m"fixed inset-0 bg-black/60 backdrop-blur-sm z-50"[31m
      [33mstyle[31m=[32m"opacity: 0;"[31m
    [36m/>[31m
    [36m<div[31m
      [33mclass[31m=[32m"fixed inset-0 flex items-center justify-center z-50 p-4"[31m
    [36m>[31m
      [36m<div[31m
        [33mclass[31m=[32m"glass p-6 max-w-lg w-full space-y-6 max-h-[90vh] overflow-y-auto"[31m
        [33mstyle[31m=[32m"opacity: 0; transform: translateY(20px) scale(0.9);"[31m
      [36m>[31m
        [36m<div[31m
          [33mclass[31m=[32m"flex items-center justify-between"[31m
        [36m>[31m
          [36m<div[31m
            [33mclass[31m=[32m"flex items-center space-x-3"[31m
          [36m>[31m
            [36m<svg[31m
              [33maria-hidden[31m=[32m"true"[31m
              [33mclass[31m=[32m"lucide lucide-heart w-6 h-6 text-primary"[31m
              [33mfill[31m=[32m"none"[31m
              [33mheight[31m=[32m"24"[31m
              [33mstroke[31m=[32m"currentColor"[31m
              [33mstroke-linecap[31m=[32m"round"[31m
              [33mstroke-linejoin[31m=[32m"round"[31m
              [33mstroke-width[31m=[32m"2"[31m
              [33mviewBox[31m=[32m"0 0 24 24"[31m
              [33mwidth[31m=[32m"24"[31m
              [33mxmlns[31m=[32m"http://www.w3.org/2000/svg"[31m
            [36m>[31m
              [36m<path[31m
                [33md[31m=[32m"M2 9.5a5.5 5.5 0 0 1 9.591-3.676.56.56 0 0 0 .818 0A5.49 5.49 0 0 1 22 9.5c0 2.29-1.5 4-3 5.5l-5.492 5.313a2 2 0 0 1-3 .019L5 15c-1.5-1.5-3-3.2-3-5.5"[31m
              [36m/>[31m
            [36m</svg>[31m
            [36m<h2[31m
              [33mclass[31m=[32m"text-2xl font-bold text-white"[31m
            [36m>[31m
              [0mCreate Tribute[0m
            [36m</h2>[31m
          [36m</div>[31m
          [36m<button[31m
            [33mclass[31m=[32m"p-2 hover:bg-white/10 rounded-lg transition-colors disabled:opacity-50"[31m
          [36m>[31m
            [36m<svg[31m
              [33maria-hidden[31m=[32m"true"[31m
              [33mclass[31m=[32m"lucide lucide-x w-5 h-5 text-gray-400"[31m
              [33mfill[31m=[32m"none"[31m
              [33mheight[31m=[32m"24"[31m
              [33mstroke[31m=[32m"currentColor"[31m
              [33mstroke-linecap[31m=[32m"round"[31m
              [33mstroke-linejoin[31m=[32m"round"[31m
              [33mstroke-width[31m=[32m"2"[31m
              [33mviewBox[31m=[32m"0 0 24 24"[31m
              [33mwidth[31m=[32m"24"[31m
              [33mxmlns[31m=[32m"http://www.w3.org/2000/svg"[31m
            [36m>[31m
              [36m<path[31m
                [33md[31m=[32m"M18 6 6 18"[31m
              [36m/>[31m
              [36m<path[31m
                [33md[31m=[32m"m6 6 12 12"[31m
              [36m/>[31m
            [36m</svg>[31m
          [36m</button>[31m
        [36m</div>[31m
        [36m<form[31m
          [33mclass[31m=[32m"space-y-4"[31m
        [36m>[31m
          [36m<div>[31m
            [36m<label[31m
              [33mclass[31m=[32m"block text-sm font-medium text-gray-300 mb-2"[31m
            [36m>[31m
              [0mName of the person *[0m
            [36m</label>[31m
            [36m<input[31m
              [33mclass[31m=[32m"w-full bg-surface border border-white/10 rounded-lg p-3 text-white placeholder-gray-500 focus:outline-none focus:border-primary transition-colors"[31m
              [33mmaxlength[31m=[32m"100"[31m
              [33mplaceholder[31m=[32m"Enter the name..."[31m
              [33mrequired[31m=[32m""[31m
              [33mtype[31m=[32m"text"[31m
              [33mvalue[31m=[32m""[31m
            [36m/>[31m
            [36m<p[31m
              [33mclass[31m=[32m"text-xs text-gray-500 mt-1"[31m
            [36m>[31m
              [0m0[0m
              [0m/100 characters[0m
            [36m</p>[31m
          [36m</div>[31m
          [36m<div>[31m
            [36m<label[31m
              [33mclass[31m=[32m"block text-sm font-medium text-gray-300 mb-2"[31m
            [36m>[31m
              [0mTribute message *[0m
            [36m</label>[31m
            [36m<textarea[31m
              [33mclass[31m=[32m"w-full bg-surface border border-white/10 rounded-lg p-3 text-white placeholder-gray-500 resize-none focus:outline-none focus:border-primary transition-colors"[31m
              [33mmaxlength[31m=[32m"600"[31m
              [33mplaceholder[31m=[32m"Share a memory, express your feelings, or write a message of remembrance..."[31m
              [33mrequired[31m=[32m""[31m
              [33mrows[31m=[32m"5"[31m
            [36m/>[31m
            [36m<p[31m
              [33mclass[31m=[32m"text-xs text-gray-500 mt-1"[31m
            [36m>[31m
              [0m0[0m
              [0m/600 characters (min. 10)[0m
            [36m</p>[31m
          [36m</div>[31m
          [36m<div>[31m
            [36m<label[31m
              [33mclass[31m=[32m"block text-sm font-medium text-gray-300 mb-2"[31m
            [36m>[31m
              [0mDate of remembrance (optional)[0m
            [36m</label>[31m
            [36m<input[31m
              [33mclass[31m=[32m"w-full bg-surface border border-white/10 rounded-lg p-3 text-white placeholder-gray-500 focus:outline-none focus:border-primary transition-colors"[31m
              [33mtype[31m=[32m"date"[31m
              [33mvalue[31m=[32m""[31m
            [36m/>[31m
            [36m<p[31m
              [33mclass[31m=[32m"text-xs text-gray-500 mt-1"[31m
            [36m>[31m
              [0mSpecify a meaningful date to remember[0m
            [36m</p>[31m
          [36m</div>[31m
          [36m<div>[31m
            [36m<label[31m
              [33mclass[31m=[32m"block text-sm font-medium text-gray-300 mb-2"[31m
            [36m>[31m
              [0mCollege affiliation (optional)[0m
            [36m</label>[31m
            [36m<input[31m
              [33mclass[31m=[32m"w-full bg-surface border border-white/10 rounded-lg p-3 text-white placeholder-gray-500 focus:outline-none focus:border-primary transition-colors"[31m
              [33mmaxlength[31m=[32m"100"[31m
              [33mplaceholder[31m=[32m"e.g., MIT, Stanford, Harvard..."[31m
              [33mtype[31m=[32m"text"[31m
              [33mvalue[31m=[32m""[31m
            [36m/>[31m
            [36m<p[31m
              [33mclass[31m=[32m"text-xs text-gray-500 mt-1"[31m
            [36m>[31m
              [0mHelp others find tributes from their community[0m
            [36m</p>[31m
          [36m</div>[31m
          [36m<div[31m
            [33mclass[31m=[32m"bg-primary/10 border border-primary/30 rounded-lg p-3 text-sm text-gray-300"[31m
          [36m>[31m
            [36m<div[31m
              [33mclass[31m=[32m"flex items-start gap-2"[31m
            [36m>[31m
              [36m<svg[31m
                [33maria-hidden[31m=[32m"true"[31m
                [33mclass[31m=[32m"lucide lucide-info w-5 h-5 text-primary flex-shrink-0 mt-0.5"[31m
                [33mfill[31m=[32m"none"[31m
                [33mheight[31m=[32m"24"[31m
                [33mstroke[31m=[32m"currentColor"[31m
                [33mstroke-linecap[31m=[32m"round"[31m
                [33mstroke-linejoin[31m=[32m"round"[31m
                [33mstroke-width[31m=[32m"2"[31m
                [33mviewBox[31m=[32m"0 0 24 24"[31m
                [33mwidth[31m=[32m"24"[31m
                [33mxmlns[31m=[32m"http://www.w3.org/2000/svg"[31m
              [36m>[31m
                [36m<circle[31m
                  [33mcx[31m=[32m"12"[31m
                  [33mcy[31m=[32m"12"[31m
                  [33mr[31m=[32m"10"[31m
                [36m/>[31m
                [36m<path[31m
                  [33md[31m=[32m"M12 16v-4"[31m
                [36m/>[31m
                [36m<path[31m
                  [33md[31m=[32m"M12 8h.01"[31m
                [36m/>[31m
              [36m</svg>[31m
              [36m<div>[31m
                [36m<p[31m
                  [33mclass[31m=[32m"font-medium text-white mb-1"[31m
                [36m>[31m
                  [0m🕊️ Consensus Required[0m
                [36m</p>[31m
                [36m<p[31m
                  [33mclass[31m=[32m"text-xs text-gray-300"[31m
                [36m>[31m
                  [0mYour tribute will be created as a draft. It needs [0m
                  [36m<strong>[31m
                    [0m3 cosigner signatures[0m
                  [36m</strong>[31m
                  [0m from peers before it can be published. Once published, you'll earn [0m
                  [36m<strong>[31m
                    [0m+20 VOICE[0m
                  [36m</strong>[31m
                  [0m tokens.[0m
                [36m</p>[31m
              [36m</div>[31m
            [36m</div>[31m
          [36m</div>[31m
          [36m<div[31m
            [33mclass[31m=[32m"flex items-center space-x-3 pt-2"[31m
          [36m>[31m
            [36m<button[31m
              [33mclass[31m=[32m"flex-1 px-6 py-3 bg-primary text-white rounded-lg disabled:opacity-50 disabled:cursor-not-allowed hover:shadow-glow transition-all"[31m
              [33mdisabled[31m=[32m""[31m
              [33mtabindex[31m=[32m"0"[31m
              [33mtype[31m=[32m"submit"[31m
            [36m>[31m
              [0mCreate Tribute[0m
            [36m</button>[31m
            [36m<button[31m
              [33mclass[31m=[32m"px-6 py-3 bg-white/10 text-gray-300 rounded-lg hover:bg-white/20 transition-colors disabled:opacity-50"[31m
              [33mtype[31m=[32m"button"[31m
            [36m>[31m
              [0mCancel[0m
            [36m</button>[31m
          [36m</div>[31m
        [36m</form>[31m
      [36m</div>[31m
    [36m</div>[31m
  [36m</div>[31m
[36m</body>[31m[39m
 [31m×[39m src/components/memorial/__tests__/CreateTributeModal.test.tsx[2m > [22mCreateTributeModal[2m > [22mForm Submission[2m > [22mshould call createTribute with correct parameters[32m 12[2mms[22m[39m
[31m   → Found a label with the text of: /Name of the person/i, however no form control was found associated to that label. Make sure you're using the "for" attribute or "aria-labelledby" attribute correctly.

Ignored nodes: comments, script, style
[36m<body>[31m
  [36m<div>[31m
    [36m<div[31m
      [33mclass[31m=[32m"fixed inset-0 bg-black/60 backdrop-blur-sm z-50"[31m
      [33mstyle[31m=[32m"opacity: 0;"[31m
    [36m/>[31m
    [36m<div[31m
      [33mclass[31m=[32m"fixed inset-0 flex items-center justify-center z-50 p-4"[31m
    [36m>[31m
      [36m<div[31m
        [33mclass[31m=[32m"glass p-6 max-w-lg w-full space-y-6 max-h-[90vh] overflow-y-auto"[31m
        [33mstyle[31m=[32m"opacity: 0; transform: translateY(20px) scale(0.9);"[31m
      [36m>[31m
        [36m<div[31m
          [33mclass[31m=[32m"flex items-center justify-between"[31m
        [36m>[31m
          [36m<div[31m
            [33mclass[31m=[32m"flex items-center space-x-3"[31m
          [36m>[31m
            [36m<svg[31m
              [33maria-hidden[31m=[32m"true"[31m
              [33mclass[31m=[32m"lucide lucide-heart w-6 h-6 text-primary"[31m
              [33mfill[31m=[32m"none"[31m
              [33mheight[31m=[32m"24"[31m
              [33mstroke[31m=[32m"currentColor"[31m
              [33mstroke-linecap[31m=[32m"round"[31m
              [33mstroke-linejoin[31m=[32m"round"[31m
              [33mstroke-width[31m=[32m"2"[31m
              [33mviewBox[31m=[32m"0 0 24 24"[31m
              [33mwidth[31m=[32m"24"[31m
              [33mxmlns[31m=[32m"http://www.w3.org/2000/svg"[31m
            [36m>[31m
              [36m<path[31m
                [33md[31m=[32m"M2 9.5a5.5 5.5 0 0 1 9.591-3.676.56.56 0 0 0 .818 0A5.49 5.49 0 0 1 22 9.5c0 2.29-1.5 4-3 5.5l-5.492 5.313a2 2 0 0 1-3 .019L5 15c-1.5-1.5-3-3.2-3-5.5"[31m
              [36m/>[31m
            [36m</svg>[31m
            [36m<h2[31m
              [33mclass[31m=[32m"text-2xl font-bold text-white"[31m
            [36m>[31m
              [0mCreate Tribute[0m
            [36m</h2>[31m
          [36m</div>[31m
          [36m<button[31m
            [33mclass[31m=[32m"p-2 hover:bg-white/10 rounded-lg transition-colors disabled:opacity-50"[31m
          [36m>[31m
            [36m<svg[31m
              [33maria-hidden[31m=[32m"true"[31m
              [33mclass[31m=[32m"lucide lucide-x w-5 h-5 text-gray-400"[31m
              [33mfill[31m=[32m"none"[31m
              [33mheight[31m=[32m"24"[31m
              [33mstroke[31m=[32m"currentColor"[31m
              [33mstroke-linecap[31m=[32m"round"[31m
              [33mstroke-linejoin[31m=[32m"round"[31m
              [33mstroke-width[31m=[32m"2"[31m
              [33mviewBox[31m=[32m"0 0 24 24"[31m
              [33mwidth[31m=[32m"24"[31m
              [33mxmlns[31m=[32m"http://www.w3.org/2000/svg"[31m
            [36m>[31m
              [36m<path[31m
                [33md[31m=[32m"M18 6 6 18"[31m
              [36m/>[31m
              [36m<path[31m
                [33md[31m=[32m"m6 6 12 12"[31m
              [36m/>[31m
            [36m</svg>[31m
          [36m</button>[31m
        [36m</div>[31m
        [36m<form[31m
          [33mclass[31m=[32m"space-y-4"[31m
        [36m>[31m
          [36m<div>[31m
            [36m<label[31m
              [33mclass[31m=[32m"block text-sm font-medium text-gray-300 mb-2"[31m
            [36m>[31m
              [0mName of the person *[0m
            [36m</label>[31m
            [36m<input[31m
              [33mclass[31m=[32m"w-full bg-surface border border-white/10 rounded-lg p-3 text-white placeholder-gray-500 focus:outline-none focus:border-primary transition-colors"[31m
              [33mmaxlength[31m=[32m"100"[31m
              [33mplaceholder[31m=[32m"Enter the name..."[31m
              [33mrequired[31m=[32m""[31m
              [33mtype[31m=[32m"text"[31m
              [33mvalue[31m=[32m""[31m
            [36m/>[31m
            [36m<p[31m
              [33mclass[31m=[32m"text-xs text-gray-500 mt-1"[31m
            [36m>[31m
              [0m0[0m
              [0m/100 characters[0m
            [36m</p>[31m
          [36m</div>[31m
          [36m<div>[31m
            [36m<label[31m
              [33mclass[31m=[32m"block text-sm font-medium text-gray-300 mb-2"[31m
            [36m>[31m
              [0mTribute message *[0m
            [36m</label>[31m
            [36m<textarea[31m
              [33mclass[31m=[32m"w-full bg-surface border border-white/10 rounded-lg p-3 text-white placeholder-gray-500 resize-none focus:outline-none focus:border-primary transition-colors"[31m
              [33mmaxlength[31m=[32m"600"[31m
              [33mplaceholder[31m=[32m"Share a memory, express your feelings, or write a message of remembrance..."[31m
              [33mrequired[31m=[32m""[31m
              [33mrows[31m=[32m"5"[31m
            [36m/>[31m
            [36m<p[31m
              [33mclass[31m=[32m"text-xs text-gray-500 mt-1"[31m
            [36m>[31m
              [0m0[0m
              [0m/600 characters (min. 10)[0m
            [36m</p>[31m
          [36m</div>[31m
          [36m<div>[31m
            [36m<label[31m
              [33mclass[31m=[32m"block text-sm font-medium text-gray-300 mb-2"[31m
            [36m>[31m
              [0mDate of remembrance (optional)[0m
            [36m</label>[31m
            [36m<input[31m
              [33mclass[31m=[32m"w-full bg-surface border border-white/10 rounded-lg p-3 text-white placeholder-gray-500 focus:outline-none focus:border-primary transition-colors"[31m
              [33mtype[31m=[32m"date"[31m
              [33mvalue[31m=[32m""[31m
            [36m/>[31m
            [36m<p[31m
              [33mclass[31m=[32m"text-xs text-gray-500 mt-1"[31m
            [36m>[31m
              [0mSpecify a meaningful date to remember[0m
            [36m</p>[31m
          [36m</div>[31m
          [36m<div>[31m
            [36m<label[31m
              [33mclass[31m=[32m"block text-sm font-medium text-gray-300 mb-2"[31m
            [36m>[31m
              [0mCollege affiliation (optional)[0m
            [36m</label>[31m
            [36m<input[31m
              [33mclass[31m=[32m"w-full bg-surface border border-white/10 rounded-lg p-3 text-white placeholder-gray-500 focus:outline-none focus:border-primary transition-colors"[31m
              [33mmaxlength[31m=[32m"100"[31m
              [33mplaceholder[31m=[32m"e.g., MIT, Stanford, Harvard..."[31m
              [33mtype[31m=[32m"text"[31m
              [33mvalue[31m=[32m""[31m
            [36m/>[31m
            [36m<p[31m
              [33mclass[31m=[32m"text-xs text-gray-500 mt-1"[31m
            [36m>[31m
              [0mHelp others find tributes from their community[0m
            [36m</p>[31m
          [36m</div>[31m
          [36m<div[31m
            [33mclass[31m=[32m"bg-primary/10 border border-primary/30 rounded-lg p-3 text-sm text-gray-300"[31m
          [36m>[31m
            [36m<div[31m
              [33mclass[31m=[32m"flex items-start gap-2"[31m
            [36m>[31m
              [36m<svg[31m
                [33maria-hidden[31m=[32m"true"[31m
                [33mclass[31m=[32m"lucide lucide-info w-5 h-5 text-primary flex-shrink-0 mt-0.5"[31m
                [33mfill[31m=[32m"none"[31m
                [33mheight[31m=[32m"24"[31m
                [33mstroke[31m=[32m"currentColor"[31m
                [33mstroke-linecap[31m=[32m"round"[31m
                [33mstroke-linejoin[31m=[32m"round"[31m
                [33mstroke-width[31m=[32m"2"[31m
                [33mviewBox[31m=[32m"0 0 24 24"[31m
                [33mwidth[31m=[32m"24"[31m
                [33mxmlns[31m=[32m"http://www.w3.org/2000/svg"[31m
              [36m>[31m
                [36m<circle[31m
                  [33mcx[31m=[32m"12"[31m
                  [33mcy[31m=[32m"12"[31m
                  [33mr[31m=[32m"10"[31m
                [36m/>[31m
                [36m<path[31m
                  [33md[31m=[32m"M12 16v-4"[31m
                [36m/>[31m
                [36m<path[31m
                  [33md[31m=[32m"M12 8h.01"[31m
                [36m/>[31m
              [36m</svg>[31m
              [36m<div>[31m
                [36m<p[31m
                  [33mclass[31m=[32m"font-medium text-white mb-1"[31m
                [36m>[31m
                  [0m🕊️ Consensus Required[0m
                [36m</p>[31m
                [36m<p[31m
                  [33mclass[31m=[32m"text-xs text-gray-300"[31m
                [36m>[31m
                  [0mYour tribute will be created as a draft. It needs [0m
                  [36m<strong>[31m
                    [0m3 cosigner signatures[0m
                  [36m</strong>[31m
                  [0m from peers before it can be published. Once published, you'll earn [0m
                  [36m<strong>[31m
                    [0m+20 VOICE[0m
                  [36m</strong>[31m
                  [0m tokens.[0m
                [36m</p>[31m
              [36m</div>[31m
            [36m</div>[31m
          [36m</div>[31m
          [36m<div[31m
            [33mclass[31m=[32m"flex items-center space-x-3 pt-2"[31m
          [36m>[31m
            [36m<button[31m
              [33mclass[31m=[32m"flex-1 px-6 py-3 bg-primary text-white rounded-lg disabled:opacity-50 disabled:cursor-not-allowed hover:shadow-glow transition-all"[31m
              [33mdisabled[31m=[32m""[31m
              [33mtabindex[31m=[32m"0"[31m
              [33mtype[31m=[32m"submit"[31m
            [36m>[31m
              [0mCreate Tribute[0m
            [36m</button>[31m
            [36m<button[31m
              [33mclass[31m=[32m"px-6 py-3 bg-white/10 text-gray-300 rounded-lg hover:bg-white/20 transition-colors disabled:opacity-50"[31m
              [33mtype[31m=[32m"button"[31m
            [36m>[31m
              [0mCancel[0m
            [36m</button>[31m
          [36m</div>[31m
        [36m</form>[31m
      [36m</div>[31m
    [36m</div>[31m
  [36m</div>[31m
[36m</body>[31m[39m
 [31m×[39m src/components/memorial/__tests__/CreateTributeModal.test.tsx[2m > [22mCreateTributeModal[2m > [22mForm Submission[2m > [22mshould include optional fields when provided[32m 12[2mms[22m[39m
[31m   → Found a label with the text of: /Name of the person/i, however no form control was found associated to that label. Make sure you're using the "for" attribute or "aria-labelledby" attribute correctly.

Ignored nodes: comments, script, style
[36m<body>[31m
  [36m<div>[31m
    [36m<div[31m
      [33mclass[31m=[32m"fixed inset-0 bg-black/60 backdrop-blur-sm z-50"[31m
      [33mstyle[31m=[32m"opacity: 0;"[31m
    [36m/>[31m
    [36m<div[31m
      [33mclass[31m=[32m"fixed inset-0 flex items-center justify-center z-50 p-4"[31m
    [36m>[31m
      [36m<div[31m
        [33mclass[31m=[32m"glass p-6 max-w-lg w-full space-y-6 max-h-[90vh] overflow-y-auto"[31m
        [33mstyle[31m=[32m"opacity: 0; transform: translateY(20px) scale(0.9);"[31m
      [36m>[31m
        [36m<div[31m
          [33mclass[31m=[32m"flex items-center justify-between"[31m
        [36m>[31m
          [36m<div[31m
            [33mclass[31m=[32m"flex items-center space-x-3"[31m
          [36m>[31m
            [36m<svg[31m
              [33maria-hidden[31m=[32m"true"[31m
              [33mclass[31m=[32m"lucide lucide-heart w-6 h-6 text-primary"[31m
              [33mfill[31m=[32m"none"[31m
              [33mheight[31m=[32m"24"[31m
              [33mstroke[31m=[32m"currentColor"[31m
              [33mstroke-linecap[31m=[32m"round"[31m
              [33mstroke-linejoin[31m=[32m"round"[31m
              [33mstroke-width[31m=[32m"2"[31m
              [33mviewBox[31m=[32m"0 0 24 24"[31m
              [33mwidth[31m=[32m"24"[31m
              [33mxmlns[31m=[32m"http://www.w3.org/2000/svg"[31m
            [36m>[31m
              [36m<path[31m
                [33md[31m=[32m"M2 9.5a5.5 5.5 0 0 1 9.591-3.676.56.56 0 0 0 .818 0A5.49 5.49 0 0 1 22 9.5c0 2.29-1.5 4-3 5.5l-5.492 5.313a2 2 0 0 1-3 .019L5 15c-1.5-1.5-3-3.2-3-5.5"[31m
              [36m/>[31m
            [36m</svg>[31m
            [36m<h2[31m
              [33mclass[31m=[32m"text-2xl font-bold text-white"[31m
            [36m>[31m
              [0mCreate Tribute[0m
            [36m</h2>[31m
          [36m</div>[31m
          [36m<button[31m
            [33mclass[31m=[32m"p-2 hover:bg-white/10 rounded-lg transition-colors disabled:opacity-50"[31m
          [36m>[31m
            [36m<svg[31m
              [33maria-hidden[31m=[32m"true"[31m
              [33mclass[31m=[32m"lucide lucide-x w-5 h-5 text-gray-400"[31m
              [33mfill[31m=[32m"none"[31m
              [33mheight[31m=[32m"24"[31m
              [33mstroke[31m=[32m"currentColor"[31m
              [33mstroke-linecap[31m=[32m"round"[31m
              [33mstroke-linejoin[31m=[32m"round"[31m
              [33mstroke-width[31m=[32m"2"[31m
              [33mviewBox[31m=[32m"0 0 24 24"[31m
              [33mwidth[31m=[32m"24"[31m
              [33mxmlns[31m=[32m"http://www.w3.org/2000/svg"[31m
            [36m>[31m
              [36m<path[31m
                [33md[31m=[32m"M18 6 6 18"[31m
              [36m/>[31m
              [36m<path[31m
                [33md[31m=[32m"m6 6 12 12"[31m
              [36m/>[31m
            [36m</svg>[31m
          [36m</button>[31m
        [36m</div>[31m
        [36m<form[31m
          [33mclass[31m=[32m"space-y-4"[31m
        [36m>[31m
          [36m<div>[31m
            [36m<label[31m
              [33mclass[31m=[32m"block text-sm font-medium text-gray-300 mb-2"[31m
            [36m>[31m
              [0mName of the person *[0m
            [36m</label>[31m
            [36m<input[31m
              [33mclass[31m=[32m"w-full bg-surface border border-white/10 rounded-lg p-3 text-white placeholder-gray-500 focus:outline-none focus:border-primary transition-colors"[31m
              [33mmaxlength[31m=[32m"100"[31m
              [33mplaceholder[31m=[32m"Enter the name..."[31m
              [33mrequired[31m=[32m""[31m
              [33mtype[31m=[32m"text"[31m
              [33mvalue[31m=[32m""[31m
            [36m/>[31m
            [36m<p[31m
              [33mclass[31m=[32m"text-xs text-gray-500 mt-1"[31m
            [36m>[31m
              [0m0[0m
              [0m/100 characters[0m
            [36m</p>[31m
          [36m</div>[31m
          [36m<div>[31m
            [36m<label[31m
              [33mclass[31m=[32m"block text-sm font-medium text-gray-300 mb-2"[31m
            [36m>[31m
              [0mTribute message *[0m
            [36m</label>[31m
            [36m<textarea[31m
              [33mclass[31m=[32m"w-full bg-surface border border-white/10 rounded-lg p-3 text-white placeholder-gray-500 resize-none focus:outline-none focus:border-primary transition-colors"[31m
              [33mmaxlength[31m=[32m"600"[31m
              [33mplaceholder[31m=[32m"Share a memory, express your feelings, or write a message of remembrance..."[31m
              [33mrequired[31m=[32m""[31m
              [33mrows[31m=[32m"5"[31m
            [36m/>[31m
            [36m<p[31m
              [33mclass[31m=[32m"text-xs text-gray-500 mt-1"[31m
            [36m>[31m
              [0m0[0m
              [0m/600 characters (min. 10)[0m
            [36m</p>[31m
          [36m</div>[31m
          [36m<div>[31m
            [36m<label[31m
              [33mclass[31m=[32m"block text-sm font-medium text-gray-300 mb-2"[31m
            [36m>[31m
              [0mDate of remembrance (optional)[0m
            [36m</label>[31m
            [36m<input[31m
              [33mclass[31m=[32m"w-full bg-surface border border-white/10 rounded-lg p-3 text-white placeholder-gray-500 focus:outline-none focus:border-primary transition-colors"[31m
              [33mtype[31m=[32m"date"[31m
              [33mvalue[31m=[32m""[31m
            [36m/>[31m
            [36m<p[31m
              [33mclass[31m=[32m"text-xs text-gray-500 mt-1"[31m
            [36m>[31m
              [0mSpecify a meaningful date to remember[0m
            [36m</p>[31m
          [36m</div>[31m
          [36m<div>[31m
            [36m<label[31m
              [33mclass[31m=[32m"block text-sm font-medium text-gray-300 mb-2"[31m
            [36m>[31m
              [0mCollege affiliation (optional)[0m
            [36m</label>[31m
            [36m<input[31m
              [33mclass[31m=[32m"w-full bg-surface border border-white/10 rounded-lg p-3 text-white placeholder-gray-500 focus:outline-none focus:border-primary transition-colors"[31m
              [33mmaxlength[31m=[32m"100"[31m
              [33mplaceholder[31m=[32m"e.g., MIT, Stanford, Harvard..."[31m
              [33mtype[31m=[32m"text"[31m
              [33mvalue[31m=[32m""[31m
            [36m/>[31m
            [36m<p[31m
              [33mclass[31m=[32m"text-xs text-gray-500 mt-1"[31m
            [36m>[31m
              [0mHelp others find tributes from their community[0m
            [36m</p>[31m
          [36m</div>[31m
          [36m<div[31m
            [33mclass[31m=[32m"bg-primary/10 border border-primary/30 rounded-lg p-3 text-sm text-gray-300"[31m
          [36m>[31m
            [36m<div[31m
              [33mclass[31m=[32m"flex items-start gap-2"[31m
            [36m>[31m
              [36m<svg[31m
                [33maria-hidden[31m=[32m"true"[31m
                [33mclass[31m=[32m"lucide lucide-info w-5 h-5 text-primary flex-shrink-0 mt-0.5"[31m
                [33mfill[31m=[32m"none"[31m
                [33mheight[31m=[32m"24"[31m
                [33mstroke[31m=[32m"currentColor"[31m
                [33mstroke-linecap[31m=[32m"round"[31m
                [33mstroke-linejoin[31m=[32m"round"[31m
                [33mstroke-width[31m=[32m"2"[31m
                [33mviewBox[31m=[32m"0 0 24 24"[31m
                [33mwidth[31m=[32m"24"[31m
                [33mxmlns[31m=[32m"http://www.w3.org/2000/svg"[31m
              [36m>[31m
                [36m<circle[31m
                  [33mcx[31m=[32m"12"[31m
                  [33mcy[31m=[32m"12"[31m
                  [33mr[31m=[32m"10"[31m
                [36m/>[31m
                [36m<path[31m
                  [33md[31m=[32m"M12 16v-4"[31m
                [36m/>[31m
                [36m<path[31m
                  [33md[31m=[32m"M12 8h.01"[31m
                [36m/>[31m
              [36m</svg>[31m
              [36m<div>[31m
                [36m<p[31m
                  [33mclass[31m=[32m"font-medium text-white mb-1"[31m
                [36m>[31m
                  [0m🕊️ Consensus Required[0m
                [36m</p>[31m
                [36m<p[31m
                  [33mclass[31m=[32m"text-xs text-gray-300"[31m
                [36m>[31m
                  [0mYour tribute will be created as a draft. It needs [0m
                  [36m<strong>[31m
                    [0m3 cosigner signatures[0m
                  [36m</strong>[31m
                  [0m from peers before it can be published. Once published, you'll earn [0m
                  [36m<strong>[31m
                    [0m+20 VOICE[0m
                  [36m</strong>[31m
                  [0m tokens.[0m
                [36m</p>[31m
              [36m</div>[31m
            [36m</div>[31m
          [36m</div>[31m
          [36m<div[31m
            [33mclass[31m=[32m"flex items-center space-x-3 pt-2"[31m
          [36m>[31m
            [36m<button[31m
              [33mclass[31m=[32m"flex-1 px-6 py-3 bg-primary text-white rounded-lg disabled:opacity-50 disabled:cursor-not-allowed hover:shadow-glow transition-all"[31m
              [33mdisabled[31m=[32m""[31m
              [33mtabindex[31m=[32m"0"[31m
              [33mtype[31m=[32m"submit"[31m
            [36m>[31m
              [0mCreate Tribute[0m
            [36m</button>[31m
            [36m<button[31m
              [33mclass[31m=[32m"px-6 py-3 bg-white/10 text-gray-300 rounded-lg hover:bg-white/20 transition-colors disabled:opacity-50"[31m
              [33mtype[31m=[32m"button"[31m
            [36m>[31m
              [0mCancel[0m
            [36m</button>[31m
          [36m</div>[31m
        [36m</form>[31m
      [36m</div>[31m
    [36m</div>[31m
  [36m</div>[31m
[36m</body>[31m[39m
 [31m×[39m src/components/memorial/__tests__/CreateTributeModal.test.tsx[2m > [22mCreateTributeModal[2m > [22mForm Submission[2m > [22mshould close modal after successful submission[32m 62[2mms[22m[39m
[31m   → Found a label with the text of: /Name of the person/i, however no form control was found associated to that label. Make sure you're using the "for" attribute or "aria-labelledby" attribute correctly.

Ignored nodes: comments, script, style
[36m<body>[31m
  [36m<div>[31m
    [36m<div[31m
      [33mclass[31m=[32m"fixed inset-0 bg-black/60 backdrop-blur-sm z-50"[31m
      [33mstyle[31m=[32m"opacity: 0;"[31m
    [36m/>[31m
    [36m<div[31m
      [33mclass[31m=[32m"fixed inset-0 flex items-center justify-center z-50 p-4"[31m
    [36m>[31m
      [36m<div[31m
        [33mclass[31m=[32m"glass p-6 max-w-lg w-full space-y-6 max-h-[90vh] overflow-y-auto"[31m
        [33mstyle[31m=[32m"opacity: 0; transform: translateY(20px) scale(0.9);"[31m
      [36m>[31m
        [36m<div[31m
          [33mclass[31m=[32m"flex items-center justify-between"[31m
        [36m>[31m
          [36m<div[31m
            [33mclass[31m=[32m"flex items-center space-x-3"[31m
          [36m>[31m
            [36m<svg[31m
              [33maria-hidden[31m=[32m"true"[31m
              [33mclass[31m=[32m"lucide lucide-heart w-6 h-6 text-primary"[31m
              [33mfill[31m=[32m"none"[31m
              [33mheight[31m=[32m"24"[31m
              [33mstroke[31m=[32m"currentColor"[31m
              [33mstroke-linecap[31m=[32m"round"[31m
              [33mstroke-linejoin[31m=[32m"round"[31m
              [33mstroke-width[31m=[32m"2"[31m
              [33mviewBox[31m=[32m"0 0 24 24"[31m
              [33mwidth[31m=[32m"24"[31m
              [33mxmlns[31m=[32m"http://www.w3.org/2000/svg"[31m
            [36m>[31m
              [36m<path[31m
                [33md[31m=[32m"M2 9.5a5.5 5.5 0 0 1 9.591-3.676.56.56 0 0 0 .818 0A5.49 5.49 0 0 1 22 9.5c0 2.29-1.5 4-3 5.5l-5.492 5.313a2 2 0 0 1-3 .019L5 15c-1.5-1.5-3-3.2-3-5.5"[31m
              [36m/>[31m
            [36m</svg>[31m
            [36m<h2[31m
              [33mclass[31m=[32m"text-2xl font-bold text-white"[31m
            [36m>[31m
              [0mCreate Tribute[0m
            [36m</h2>[31m
          [36m</div>[31m
          [36m<button[31m
            [33mclass[31m=[32m"p-2 hover:bg-white/10 rounded-lg transition-colors disabled:opacity-50"[31m
          [36m>[31m
            [36m<svg[31m
              [33maria-hidden[31m=[32m"true"[31m
              [33mclass[31m=[32m"lucide lucide-x w-5 h-5 text-gray-400"[31m
              [33mfill[31m=[32m"none"[31m
              [33mheight[31m=[32m"24"[31m
              [33mstroke[31m=[32m"currentColor"[31m
              [33mstroke-linecap[31m=[32m"round"[31m
              [33mstroke-linejoin[31m=[32m"round"[31m
              [33mstroke-width[31m=[32m"2"[31m
              [33mviewBox[31m=[32m"0 0 24 24"[31m
              [33mwidth[31m=[32m"24"[31m
              [33mxmlns[31m=[32m"http://www.w3.org/2000/svg"[31m
            [36m>[31m
              [36m<path[31m
                [33md[31m=[32m"M18 6 6 18"[31m
              [36m/>[31m
              [36m<path[31m
                [33md[31m=[32m"m6 6 12 12"[31m
              [36m/>[31m
            [36m</svg>[31m
          [36m</button>[31m
        [36m</div>[31m
        [36m<form[31m
          [33mclass[31m=[32m"space-y-4"[31m
        [36m>[31m
          [36m<div>[31m
            [36m<label[31m
              [33mclass[31m=[32m"block text-sm font-medium text-gray-300 mb-2"[31m
            [36m>[31m
              [0mName of the person *[0m
            [36m</label>[31m
            [36m<input[31m
              [33mclass[31m=[32m"w-full bg-surface border border-white/10 rounded-lg p-3 text-white placeholder-gray-500 focus:outline-none focus:border-primary transition-colors"[31m
              [33mmaxlength[31m=[32m"100"[31m
              [33mplaceholder[31m=[32m"Enter the name..."[31m
              [33mrequired[31m=[32m""[31m
              [33mtype[31m=[32m"text"[31m
              [33mvalue[31m=[32m""[31m
            [36m/>[31m
            [36m<p[31m
              [33mclass[31m=[32m"text-xs text-gray-500 mt-1"[31m
            [36m>[31m
              [0m0[0m
              [0m/100 characters[0m
            [36m</p>[31m
          [36m</div>[31m
          [36m<div>[31m
            [36m<label[31m
              [33mclass[31m=[32m"block text-sm font-medium text-gray-300 mb-2"[31m
            [36m>[31m
              [0mTribute message *[0m
            [36m</label>[31m
            [36m<textarea[31m
              [33mclass[31m=[32m"w-full bg-surface border border-white/10 rounded-lg p-3 text-white placeholder-gray-500 resize-none focus:outline-none focus:border-primary transition-colors"[31m
              [33mmaxlength[31m=[32m"600"[31m
              [33mplaceholder[31m=[32m"Share a memory, express your feelings, or write a message of remembrance..."[31m
              [33mrequired[31m=[32m""[31m
              [33mrows[31m=[32m"5"[31m
            [36m/>[31m
            [36m<p[31m
              [33mclass[31m=[32m"text-xs text-gray-500 mt-1"[31m
            [36m>[31m
              [0m0[0m
              [0m/600 characters (min. 10)[0m
            [36m</p>[31m
          [36m</div>[31m
          [36m<div>[31m
            [36m<label[31m
              [33mclass[31m=[32m"block text-sm font-medium text-gray-300 mb-2"[31m
            [36m>[31m
              [0mDate of remembrance (optional)[0m
            [36m</label>[31m
            [36m<input[31m
              [33mclass[31m=[32m"w-full bg-surface border border-white/10 rounded-lg p-3 text-white placeholder-gray-500 focus:outline-none focus:border-primary transition-colors"[31m
              [33mtype[31m=[32m"date"[31m
              [33mvalue[31m=[32m""[31m
            [36m/>[31m
            [36m<p[31m
              [33mclass[31m=[32m"text-xs text-gray-500 mt-1"[31m
            [36m>[31m
              [0mSpecify a meaningful date to remember[0m
            [36m</p>[31m
          [36m</div>[31m
          [36m<div>[31m
            [36m<label[31m
              [33mclass[31m=[32m"block text-sm font-medium text-gray-300 mb-2"[31m
            [36m>[31m
              [0mCollege affiliation (optional)[0m
            [36m</label>[31m
            [36m<input[31m
              [33mclass[31m=[32m"w-full bg-surface border border-white/10 rounded-lg p-3 text-white placeholder-gray-500 focus:outline-none focus:border-primary transition-colors"[31m
              [33mmaxlength[31m=[32m"100"[31m
              [33mplaceholder[31m=[32m"e.g., MIT, Stanford, Harvard..."[31m
              [33mtype[31m=[32m"text"[31m
              [33mvalue[31m=[32m""[31m
            [36m/>[31m
            [36m<p[31m
              [33mclass[31m=[32m"text-xs text-gray-500 mt-1"[31m
            [36m>[31m
              [0mHelp others find tributes from their community[0m
            [36m</p>[31m
          [36m</div>[31m
          [36m<div[31m
            [33mclass[31m=[32m"bg-primary/10 border border-primary/30 rounded-lg p-3 text-sm text-gray-300"[31m
          [36m>[31m
            [36m<div[31m
              [33mclass[31m=[32m"flex items-start gap-2"[31m
            [36m>[31m
              [36m<svg[31m
                [33maria-hidden[31m=[32m"true"[31m
                [33mclass[31m=[32m"lucide lucide-info w-5 h-5 text-primary flex-shrink-0 mt-0.5"[31m
                [33mfill[31m=[32m"none"[31m
                [33mheight[31m=[32m"24"[31m
                [33mstroke[31m=[32m"currentColor"[31m
                [33mstroke-linecap[31m=[32m"round"[31m
                [33mstroke-linejoin[31m=[32m"round"[31m
                [33mstroke-width[31m=[32m"2"[31m
                [33mviewBox[31m=[32m"0 0 24 24"[31m
                [33mwidth[31m=[32m"24"[31m
                [33mxmlns[31m=[32m"http://www.w3.org/2000/svg"[31m
              [36m>[31m
                [36m<circle[31m
                  [33mcx[31m=[32m"12"[31m
                  [33mcy[31m=[32m"12"[31m
                  [33mr[31m=[32m"10"[31m
                [36m/>[31m
                [36m<path[31m
                  [33md[31m=[32m"M12 16v-4"[31m
                [36m/>[31m
                [36m<path[31m
                  [33md[31m=[32m"M12 8h.01"[31m
                [36m/>[31m
              [36m</svg>[31m
              [36m<div>[31m
                [36m<p[31m
                  [33mclass[31m=[32m"font-medium text-white mb-1"[31m
                [36m>[31m
                  [0m🕊️ Consensus Required[0m
                [36m</p>[31m
                [36m<p[31m
                  [33mclass[31m=[32m"text-xs text-gray-300"[31m
                [36m>[31m
                  [0mYour tribute will be created as a draft. It needs [0m
                  [36m<strong>[31m
                    [0m3 cosigner signatures[0m
                  [36m</strong>[31m
                  [0m from peers before it can be published. Once published, you'll earn [0m
                  [36m<strong>[31m
                    [0m+20 VOICE[0m
                  [36m</strong>[31m
                  [0m tokens.[0m
                [36m</p>[31m
              [36m</div>[31m
            [36m</div>[31m
          [36m</div>[31m
          [36m<div[31m
            [33mclass[31m=[32m"flex items-center space-x-3 pt-2"[31m
          [36m>[31m
            [36m<button[31m
              [33mclass[31m=[32m"flex-1 px-6 py-3 bg-primary text-white rounded-lg disabled:opacity-50 disabled:cursor-not-allowed hover:shadow-glow transition-all"[31m
              [33mdisabled[31m=[32m""[31m
              [33mtabindex[31m=[32m"0"[31m
              [33mtype[31m=[32m"submit"[31m
            [36m>[31m
              [0mCreate Tribute[0m
            [36m</button>[31m
            [36m<button[31m
              [33mclass[31m=[32m"px-6 py-3 bg-white/10 text-gray-300 rounded-lg hover:bg-white/20 transition-colors disabled:opacity-50"[31m
              [33mtype[31m=[32m"button"[31m
            [36m>[31m
              [0mCancel[0m
            [36m</button>[31m
          [36m</div>[31m
        [36m</form>[31m
      [36m</div>[31m
    [36m</div>[31m
  [36m</div>[31m
[36m</body>[31m[39m
 [31m×[39m src/components/memorial/__tests__/CreateTributeModal.test.tsx[2m > [22mCreateTributeModal[2m > [22mForm Submission[2m > [22mshould reset form after successful submission[32m 21[2mms[22m[39m
[31m   → Found a label with the text of: /Name of the person/i, however no form control was found associated to that label. Make sure you're using the "for" attribute or "aria-labelledby" attribute correctly.

Ignored nodes: comments, script, style
[36m<body>[31m
  [36m<div>[31m
    [36m<div[31m
      [33mclass[31m=[32m"fixed inset-0 bg-black/60 backdrop-blur-sm z-50"[31m
      [33mstyle[31m=[32m"opacity: 0;"[31m
    [36m/>[31m
    [36m<div[31m
      [33mclass[31m=[32m"fixed inset-0 flex items-center justify-center z-50 p-4"[31m
    [36m>[31m
      [36m<div[31m
        [33mclass[31m=[32m"glass p-6 max-w-lg w-full space-y-6 max-h-[90vh] overflow-y-auto"[31m
        [33mstyle[31m=[32m"opacity: 0; transform: translateY(20px) scale(0.9);"[31m
      [36m>[31m
        [36m<div[31m
          [33mclass[31m=[32m"flex items-center justify-between"[31m
        [36m>[31m
          [36m<div[31m
            [33mclass[31m=[32m"flex items-center space-x-3"[31m
          [36m>[31m
            [36m<svg[31m
              [33maria-hidden[31m=[32m"true"[31m
              [33mclass[31m=[32m"lucide lucide-heart w-6 h-6 text-primary"[31m
              [33mfill[31m=[32m"none"[31m
              [33mheight[31m=[32m"24"[31m
              [33mstroke[31m=[32m"currentColor"[31m
              [33mstroke-linecap[31m=[32m"round"[31m
              [33mstroke-linejoin[31m=[32m"round"[31m
              [33mstroke-width[31m=[32m"2"[31m
              [33mviewBox[31m=[32m"0 0 24 24"[31m
              [33mwidth[31m=[32m"24"[31m
              [33mxmlns[31m=[32m"http://www.w3.org/2000/svg"[31m
            [36m>[31m
              [36m<path[31m
                [33md[31m=[32m"M2 9.5a5.5 5.5 0 0 1 9.591-3.676.56.56 0 0 0 .818 0A5.49 5.49 0 0 1 22 9.5c0 2.29-1.5 4-3 5.5l-5.492 5.313a2 2 0 0 1-3 .019L5 15c-1.5-1.5-3-3.2-3-5.5"[31m
              [36m/>[31m
            [36m</svg>[31m
            [36m<h2[31m
              [33mclass[31m=[32m"text-2xl font-bold text-white"[31m
            [36m>[31m
              [0mCreate Tribute[0m
            [36m</h2>[31m
          [36m</div>[31m
          [36m<button[31m
            [33mclass[31m=[32m"p-2 hover:bg-white/10 rounded-lg transition-colors disabled:opacity-50"[31m
          [36m>[31m
            [36m<svg[31m
              [33maria-hidden[31m=[32m"true"[31m
              [33mclass[31m=[32m"lucide lucide-x w-5 h-5 text-gray-400"[31m
              [33mfill[31m=[32m"none"[31m
              [33mheight[31m=[32m"24"[31m
              [33mstroke[31m=[32m"currentColor"[31m
              [33mstroke-linecap[31m=[32m"round"[31m
              [33mstroke-linejoin[31m=[32m"round"[31m
              [33mstroke-width[31m=[32m"2"[31m
              [33mviewBox[31m=[32m"0 0 24 24"[31m
              [33mwidth[31m=[32m"24"[31m
              [33mxmlns[31m=[32m"http://www.w3.org/2000/svg"[31m
            [36m>[31m
              [36m<path[31m
                [33md[31m=[32m"M18 6 6 18"[31m
              [36m/>[31m
              [36m<path[31m
                [33md[31m=[32m"m6 6 12 12"[31m
              [36m/>[31m
            [36m</svg>[31m
          [36m</button>[31m
        [36m</div>[31m
        [36m<form[31m
          [33mclass[31m=[32m"space-y-4"[31m
        [36m>[31m
          [36m<div>[31m
            [36m<label[31m
              [33mclass[31m=[32m"block text-sm font-medium text-gray-300 mb-2"[31m
            [36m>[31m
              [0mName of the person *[0m
            [36m</label>[31m
            [36m<input[31m
              [33mclass[31m=[32m"w-full bg-surface border border-white/10 rounded-lg p-3 text-white placeholder-gray-500 focus:outline-none focus:border-primary transition-colors"[31m
              [33mmaxlength[31m=[32m"100"[31m
              [33mplaceholder[31m=[32m"Enter the name..."[31m
              [33mrequired[31m=[32m""[31m
              [33mtype[31m=[32m"text"[31m
              [33mvalue[31m=[32m""[31m
            [36m/>[31m
            [36m<p[31m
              [33mclass[31m=[32m"text-xs text-gray-500 mt-1"[31m
            [36m>[31m
              [0m0[0m
              [0m/100 characters[0m
            [36m</p>[31m
          [36m</div>[31m
          [36m<div>[31m
            [36m<label[31m
              [33mclass[31m=[32m"block text-sm font-medium text-gray-300 mb-2"[31m
            [36m>[31m
              [0mTribute message *[0m
            [36m</label>[31m
            [36m<textarea[31m
              [33mclass[31m=[32m"w-full bg-surface border border-white/10 rounded-lg p-3 text-white placeholder-gray-500 resize-none focus:outline-none focus:border-primary transition-colors"[31m
              [33mmaxlength[31m=[32m"600"[31m
              [33mplaceholder[31m=[32m"Share a memory, express your feelings, or write a message of remembrance..."[31m
              [33mrequired[31m=[32m""[31m
              [33mrows[31m=[32m"5"[31m
            [36m/>[31m
            [36m<p[31m
              [33mclass[31m=[32m"text-xs text-gray-500 mt-1"[31m
            [36m>[31m
              [0m0[0m
              [0m/600 characters (min. 10)[0m
            [36m</p>[31m
          [36m</div>[31m
          [36m<div>[31m
            [36m<label[31m
              [33mclass[31m=[32m"block text-sm font-medium text-gray-300 mb-2"[31m
            [36m>[31m
              [0mDate of remembrance (optional)[0m
            [36m</label>[31m
            [36m<input[31m
              [33mclass[31m=[32m"w-full bg-surface border border-white/10 rounded-lg p-3 text-white placeholder-gray-500 focus:outline-none focus:border-primary transition-colors"[31m
              [33mtype[31m=[32m"date"[31m
              [33mvalue[31m=[32m""[31m
            [36m/>[31m
            [36m<p[31m
              [33mclass[31m=[32m"text-xs text-gray-500 mt-1"[31m
            [36m>[31m
              [0mSpecify a meaningful date to remember[0m
            [36m</p>[31m
          [36m</div>[31m
          [36m<div>[31m
            [36m<label[31m
              [33mclass[31m=[32m"block text-sm font-medium text-gray-300 mb-2"[31m
            [36m>[31m
              [0mCollege affiliation (optional)[0m
            [36m</label>[31m
            [36m<input[31m
              [33mclass[31m=[32m"w-full bg-surface border border-white/10 rounded-lg p-3 text-white placeholder-gray-500 focus:outline-none focus:border-primary transition-colors"[31m
              [33mmaxlength[31m=[32m"100"[31m
              [33mplaceholder[31m=[32m"e.g., MIT, Stanford, Harvard..."[31m
              [33mtype[31m=[32m"text"[31m
              [33mvalue[31m=[32m""[31m
            [36m/>[31m
            [36m<p[31m
              [33mclass[31m=[32m"text-xs text-gray-500 mt-1"[31m
            [36m>[31m
              [0mHelp others find tributes from their community[0m
            [36m</p>[31m
          [36m</div>[31m
          [36m<div[31m
            [33mclass[31m=[32m"bg-primary/10 border border-primary/30 rounded-lg p-3 text-sm text-gray-300"[31m
          [36m>[31m
            [36m<div[31m
              [33mclass[31m=[32m"flex items-start gap-2"[31m
            [36m>[31m
              [36m<svg[31m
                [33maria-hidden[31m=[32m"true"[31m
                [33mclass[31m=[32m"lucide lucide-info w-5 h-5 text-primary flex-shrink-0 mt-0.5"[31m
                [33mfill[31m=[32m"none"[31m
                [33mheight[31m=[32m"24"[31m
                [33mstroke[31m=[32m"currentColor"[31m
                [33mstroke-linecap[31m=[32m"round"[31m
                [33mstroke-linejoin[31m=[32m"round"[31m
                [33mstroke-width[31m=[32m"2"[31m
                [33mviewBox[31m=[32m"0 0 24 24"[31m
                [33mwidth[31m=[32m"24"[31m
                [33mxmlns[31m=[32m"http://www.w3.org/2000/svg"[31m
              [36m>[31m
                [36m<circle[31m
                  [33mcx[31m=[32m"12"[31m
                  [33mcy[31m=[32m"12"[31m
                  [33mr[31m=[32m"10"[31m
                [36m/>[31m
                [36m<path[31m
                  [33md[31m=[32m"M12 16v-4"[31m
                [36m/>[31m
                [36m<path[31m
                  [33md[31m=[32m"M12 8h.01"[31m
                [36m/>[31m
              [36m</svg>[31m
              [36m<div>[31m
                [36m<p[31m
                  [33mclass[31m=[32m"font-medium text-white mb-1"[31m
                [36m>[31m
                  [0m🕊️ Consensus Required[0m
                [36m</p>[31m
                [36m<p[31m
                  [33mclass[31m=[32m"text-xs text-gray-300"[31m
                [36m>[31m
                  [0mYour tribute will be created as a draft. It needs [0m
                  [36m<strong>[31m
                    [0m3 cosigner signatures[0m
                  [36m</strong>[31m
                  [0m from peers before it can be published. Once published, you'll earn [0m
                  [36m<strong>[31m
                    [0m+20 VOICE[0m
                  [36m</strong>[31m
                  [0m tokens.[0m
                [36m</p>[31m
              [36m</div>[31m
            [36m</div>[31m
          [36m</div>[31m
          [36m<div[31m
            [33mclass[31m=[32m"flex items-center space-x-3 pt-2"[31m
          [36m>[31m
            [36m<button[31m
              [33mclass[31m=[32m"flex-1 px-6 py-3 bg-primary text-white rounded-lg disabled:opacity-50 disabled:cursor-not-allowed hover:shadow-glow transition-all"[31m
              [33mdisabled[31m=[32m""[31m
              [33mtabindex[31m=[32m"0"[31m
              [33mtype[31m=[32m"submit"[31m
            [36m>[31m
              [0mCreate Tribute[0m
            [36m</button>[31m
            [36m<button[31m
              [33mclass[31m=[32m"px-6 py-3 bg-white/10 text-gray-300 rounded-lg hover:bg-white/20 transition-colors disabled:opacity-50"[31m
              [33mtype[31m=[32m"button"[31m
            [36m>[31m
              [0mCancel[0m
            [36m</button>[31m
          [36m</div>[31m
        [36m</form>[31m
      [36m</div>[31m
    [36m</div>[31m
  [36m</div>[31m
[36m</body>[31m[39m
 [32m✓[39m src/components/memorial/__tests__/CreateTributeModal.test.tsx[2m > [22mCreateTributeModal[2m > [22mEdit Warning[2m > [22mshould show edit warning when tribute has cosigners[32m 40[2mms[22m[39m
 [32m✓[39m src/components/memorial/__tests__/CreateTributeModal.test.tsx[2m > [22mCreateTributeModal[2m > [22mEdit Warning[2m > [22mshould not show edit warning when tribute has no cosigners[32m 17[2mms[22m[39m
 [32m✓[39m src/components/memorial/__tests__/CreateTributeModal.test.tsx[2m > [22mCreateTributeModal[2m > [22mCancel Button[2m > [22mshould close modal when cancel button is clicked[32m 106[2mms[22m[39m
 [32m✓[39m src/components/memorial/__tests__/CreateTributeModal.test.tsx[2m > [22mCreateTributeModal[2m > [22mEdit Warning[2m > [22mshould populate form with existing tribute data[32m 12[2mms[22m[39m
 [32m✓[39m src/components/memorial/__tests__/CreateTributeModal.test.tsx[2m > [22mCreateTributeModal[2m > [22mConsensus Information[2m > [22mshould display consensus requirement information[32m 11[2mms[22m[39m
 [32m✓[39m src/components/memorial/__tests__/CreateTributeModal.test.tsx[2m > [22mCreateTributeModal[2m > [22mCancel Button[2m > [22mshould close modal when X button is clicked[32m 96[2mms[22m[39m
 [32m✓[39m src/lib/encryption/__tests__/XChaCha20Cipher.test.ts[2m > [22mXChaCha20-Poly1305 Cipher[2m > [22mBasic Encryption/Decryption[2m > [22mshould encrypt and decrypt message successfully[32m 5[2mms[22m[39m
 [32m✓[39m src/lib/encryption/__tests__/XChaCha20Cipher.test.ts[2m > [22mXChaCha20-Poly1305 Cipher[2m > [22mBasic Encryption/Decryption[2m > [22mshould encrypt and decrypt large payloads[32m 14[2mms[22m[39m
 [32m✓[39m src/lib/encryption/__tests__/XChaCha20Cipher.test.ts[2m > [22mXChaCha20-Poly1305 Cipher[2m > [22mBasic Encryption/Decryption[2m > [22mshould handle Uint8Array input directly[32m 1[2mms[22m[39m
 [32m✓[39m src/lib/encryption/__tests__/XChaCha20Cipher.test.ts[2m > [22mXChaCha20-Poly1305 Cipher[2m > [22mRandom Nonce Generation[2m > [22mshould generate unique nonces[32m 1[2mms[22m[39m
 [32m✓[39m src/lib/encryption/__tests__/XChaCha20Cipher.test.ts[2m > [22mXChaCha20-Poly1305 Cipher[2m > [22mRandom Nonce Generation[2m > [22mshould generate 24-byte nonces[32m 0[2mms[22m[39m
 [32m✓[39m src/lib/encryption/__tests__/XChaCha20Cipher.test.ts[2m > [22mXChaCha20-Poly1305 Cipher[2m > [22mRandom Nonce Generation[2m > [22mshould decrypt correctly even with random nonces[32m 1[2mms[22m[39m
 [32m✓[39m src/lib/encryption/__tests__/XChaCha20Cipher.test.ts[2m > [22mXChaCha20-Poly1305 Cipher[2m > [22mTamper Detection[2m > [22mshould detect ciphertext tampering[32m 1[2mms[22m[39m
 [32m✓[39m src/lib/encryption/__tests__/XChaCha20Cipher.test.ts[2m > [22mXChaCha20-Poly1305 Cipher[2m > [22mTamper Detection[2m > [22mshould detect auth tag tampering[32m 1[2mms[22m[39m
 [32m✓[39m src/lib/encryption/__tests__/XChaCha20Cipher.test.ts[2m > [22mXChaCha20-Poly1305 Cipher[2m > [22mTamper Detection[2m > [22mshould detect nonce tampering[32m 1[2mms[22m[39m
 [32m✓[39m src/lib/encryption/__tests__/XChaCha20Cipher.test.ts[2m > [22mXChaCha20-Poly1305 Cipher[2m > [22mInvalid Input Handling[2m > [22mshould reject invalid key length[32m 0[2mms[22m[39m
 [32m✓[39m src/lib/encryption/__tests__/XChaCha20Cipher.test.ts[2m > [22mXChaCha20-Poly1305 Cipher[2m > [22mInvalid Input Handling[2m > [22mshould reject key that is too long[32m 0[2mms[22m[39m
 [32m✓[39m src/lib/encryption/__tests__/XChaCha20Cipher.test.ts[2m > [22mXChaCha20-Poly1305 Cipher[2m > [22mInvalid Input Handling[2m > [22mshould reject short nonce during decryption[32m 1[2mms[22m[39m
 [32m✓[39m src/lib/encryption/__tests__/XChaCha20Cipher.test.ts[2m > [22mXChaCha20-Poly1305 Cipher[2m > [22mInvalid Input Handling[2m > [22mshould reject malformed base64[32m 1[2mms[22m[39m
 [32m✓[39m src/lib/encryption/__tests__/XChaCha20Cipher.test.ts[2m > [22mXChaCha20-Poly1305 Cipher[2m > [22mAssociated Data (AAD)[2m > [22mshould encrypt and decrypt with associated data[32m 1[2mms[22m[39m
 [32m✓[39m src/lib/encryption/__tests__/XChaCha20Cipher.test.ts[2m > [22mXChaCha20-Poly1305 Cipher[2m > [22mAssociated Data (AAD)[2m > [22mshould require same AAD for decryption[32m 1[2mms[22m[39m
 [32m✓[39m src/lib/encryption/__tests__/XChaCha20Cipher.test.ts[2m > [22mXChaCha20-Poly1305 Cipher[2m > [22mAssociated Data (AAD)[2m > [22mshould handle empty associated data[32m 1[2mms[22m[39m
 [32m✓[39m src/lib/encryption/__tests__/XChaCha20Cipher.test.ts[2m > [22mXChaCha20-Poly1305 Cipher[2m > [22mDeterministic Behavior[2m > [22mshould produce different ciphertext for same message with different keys[32m 0[2mms[22m[39m
 [32m✓[39m src/lib/encryption/__tests__/XChaCha20Cipher.test.ts[2m > [22mXChaCha20-Poly1305 Cipher[2m > [22mDeterministic Behavior[2m > [22mshould produce different ciphertext for same message in same thread[32m 0[2mms[22m[39m
 [32m✓[39m src/lib/encryption/__tests__/XChaCha20Cipher.test.ts[2m > [22mXChaCha20-Poly1305 Cipher[2m > [22mBase64 Encoding/Decoding[2m > [22mshould properly encode/decode ciphertext[32m 1[2mms[22m[39m
 [32m✓[39m src/lib/encryption/__tests__/XChaCha20Cipher.test.ts[2m > [22mXChaCha20-Poly1305 Cipher[2m > [22mBase64 Encoding/Decoding[2m > [22mshould handle special characters in message[32m 0[2mms[22m[39m
 [32m✓[39m src/lib/encryption/__tests__/XChaCha20Cipher.test.ts[2m > [22mXChaCha20-Poly1305 Cipher[2m > [22mBase64 Encoding/Decoding[2m > [22mshould handle unicode characters[32m 6[2mms[22m[39m
 [32m✓[39m src/lib/encryption/__tests__/XChaCha20Cipher.test.ts[2m > [22mXChaCha20-Poly1305 Cipher[2m > [22mError Propagation[2m > [22mshould provide descriptive error messages[32m 1[2mms[22m[39m
 [32m✓[39m src/lib/encryption/__tests__/XChaCha20Cipher.test.ts[2m > [22mXChaCha20-Poly1305 Cipher[2m > [22mError Propagation[2m > [22mshould handle null/undefined inputs gracefully[32m 0[2mms[22m[39m
 [32m✓[39m src/lib/encryption/__tests__/XChaCha20Cipher.test.ts[2m > [22mXChaCha20-Poly1305 Cipher[2m > [22mError Propagation[2m > [22mshould handle corrupted envelope data[32m 0[2mms[22m[39m
 [32m✓[39m src/lib/encryption/__tests__/XChaCha20Cipher.test.ts[2m > [22mXChaCha20-Poly1305 Cipher[2m > [22mPerformance[2m > [22mshould handle multiple encryptions efficiently[32m 11[2mms[22m[39m
 [32m✓[39m src/lib/encryption/__tests__/XChaCha20Cipher.test.ts[2m > [22mXChaCha20-Poly1305 Cipher[2m > [22mBoundary Conditions[2m > [22mshould handle empty messages[32m 0[2mms[22m[39m
 [32m✓[39m src/lib/encryption/__tests__/XChaCha20Cipher.test.ts[2m > [22mXChaCha20-Poly1305 Cipher[2m > [22mBoundary Conditions[2m > [22mshould handle single character messages[32m 1[2mms[22m[39m
 [32m✓[39m src/lib/encryption/__tests__/XChaCha20Cipher.test.ts[2m > [22mXChaCha20-Poly1305 Cipher[2m > [22mBoundary Conditions[2m > [22mshould handle very long messages[32m 7[2mms[22m[39m
 [32m✓[39m src/lib/__tests__/themeSystemStore.contrast.test.ts[2m > [22mthemeSystemStore - Contrast Algorithm Integration[2m > [22mColor Mode Switching[2m > [22mshould auto-adjust colors when switching to light mode[32m 6[2mms[22m[39m
 [32m✓[39m src/lib/__tests__/themeSystemStore.contrast.test.ts[2m > [22mthemeSystemStore - Contrast Algorithm Integration[2m > [22mColor Mode Switching[2m > [22mshould auto-adjust colors when switching to dark mode[32m 3[2mms[22m[39m
 [32m✓[39m src/lib/__tests__/themeSystemStore.contrast.test.ts[2m > [22mthemeSystemStore - Contrast Algorithm Integration[2m > [22mColor Mode Switching[2m > [22mshould preserve custom colors but ensure contrast[32m 1[2mms[22m[39m
 [32m✓[39m src/lib/__tests__/themeSystemStore.contrast.test.ts[2m > [22mthemeSystemStore - Contrast Algorithm Integration[2m > [22mBackground Color Changes[2m > [22mshould auto-adjust text color when background changes to light[32m 1[2mms[22m[39m
 [32m✓[39m src/lib/__tests__/themeSystemStore.contrast.test.ts[2m > [22mthemeSystemStore - Contrast Algorithm Integration[2m > [22mBackground Color Changes[2m > [22mshould auto-adjust text color when background changes to dark[32m 1[2mms[22m[39m
 [32m✓[39m src/lib/__tests__/themeSystemStore.contrast.test.ts[2m > [22mthemeSystemStore - Contrast Algorithm Integration[2m > [22mBackground Color Changes[2m > [22mshould handle custom background colors with proper contrast[32m 2[2mms[22m[39m
 [32m✓[39m src/lib/__tests__/themeSystemStore.contrast.test.ts[2m > [22mthemeSystemStore - Contrast Algorithm Integration[2m > [22mText Color Changes[2m > [22mshould validate text color against background[32m 1[2mms[22m[39m
 [32m✓[39m src/lib/__tests__/themeSystemStore.contrast.test.ts[2m > [22mthemeSystemStore - Contrast Algorithm Integration[2m > [22mText Color Changes[2m > [22mshould keep sufficient contrast when setting custom text color[32m 1[2mms[22m[39m
 [32m✓[39m src/lib/__tests__/themeSystemStore.contrast.test.ts[2m > [22mthemeSystemStore - Contrast Algorithm Integration[2m > [22mText Color Changes[2m > [22mshould preserve text color if contrast is already sufficient[32m 1[2mms[22m[39m
 [32m✓[39m src/lib/__tests__/themeSystemStore.contrast.test.ts[2m > [22mthemeSystemStore - Contrast Algorithm Integration[2m > [22mWCAG Compliance[2m > [22mshould ensure all theme modes meet WCAG AA standard[32m 1[2mms[22m[39m
 [32m✓[39m src/lib/__tests__/themeSystemStore.contrast.test.ts[2m > [22mthemeSystemStore - Contrast Algorithm Integration[2m > [22mWCAG Compliance[2m > [22mshould prevent invisible text in all scenarios[32m 2[2mms[22m[39m
 [32m✓[39m src/lib/__tests__/themeSystemStore.contrast.test.ts[2m > [22mthemeSystemStore - Contrast Algorithm Integration[2m > [22mWCAG Compliance[2m > [22mshould handle extreme color combinations[32m 1[2mms[22m[39m
 [32m✓[39m src/lib/__tests__/themeSystemStore.contrast.test.ts[2m > [22mthemeSystemStore - Contrast Algorithm Integration[2m > [22mTheme System Reset[2m > [22mshould have proper contrast after reset[32m 1[2mms[22m[39m
 [32m✓[39m src/lib/__tests__/themeSystemStore.contrast.test.ts[2m > [22mthemeSystemStore - Contrast Algorithm Integration[2m > [22mReal-World Scenarios[2m > [22mshould handle SafeVoice custom fonts in light mode[32m 1[2mms[22m[39m
 [32m✓[39m src/lib/__tests__/themeSystemStore.contrast.test.ts[2m > [22mthemeSystemStore - Contrast Algorithm Integration[2m > [22mReal-World Scenarios[2m > [22mshould handle SafeVoice custom fonts in dark mode[32m 1[2mms[22m[39m
 [32m✓[39m src/lib/__tests__/themeSystemStore.contrast.test.ts[2m > [22mthemeSystemStore - Contrast Algorithm Integration[2m > [22mReal-World Scenarios[2m > [22mshould handle rapid mode switching[32m 3[2mms[22m[39m
 [32m✓[39m src/components/feed/__tests__/EmotionAnalysisPreview.test.tsx[2m > [22mEmotionAnalysisPreview Component[2m > [22mshould render with emotion analysis data[32m 83[2mms[22m[39m
 [32m✓[39m src/components/feed/__tests__/EmotionAnalysisPreview.test.tsx[2m > [22mEmotionAnalysisPreview Component[2m > [22mshould display emotion icon based on emotion type[32m 82[2mms[22m[39m
 [32m✓[39m src/components/feed/__tests__/EmotionAnalysisPreview.test.tsx[2m > [22mEmotionAnalysisPreview Component[2m > [22mshould display confidence percentage[32m 36[2mms[22m[39m
 [32m✓[39m src/components/feed/__tests__/EmotionAnalysisPreview.test.tsx[2m > [22mEmotionAnalysisPreview Component[2m > [22mshould display supportive tip based on emotion[32m 56[2mms[22m[39m
 [32m✓[39m src/components/feed/__tests__/EmotionAnalysisPreview.test.tsx[2m > [22mEmotionAnalysisPreview Component[2m > [22mshould allow editing transcript[33m 380[2mms[22m[39m
 [32m✓[39m src/components/feed/__tests__/EmotionAnalysisPreview.test.tsx[2m > [22mEmotionAnalysisPreview Component[2m > [22mshould cancel editing without changes[32m 245[2mms[22m[39m
 [32m✓[39m src/components/feed/__tests__/EmotionAnalysisPreview.test.tsx[2m > [22mEmotionAnalysisPreview Component[2m > [22mshould call onConfirm when confirm button clicked[32m 39[2mms[22m[39m
 [32m✓[39m src/components/feed/__tests__/EmotionAnalysisPreview.test.tsx[2m > [22mEmotionAnalysisPreview Component[2m > [22mshould call onDiscard when redo button clicked[32m 33[2mms[22m[39m
 [32m✓[39m src/components/feed/__tests__/EmotionAnalysisPreview.test.tsx[2m > [22mEmotionAnalysisPreview Component[2m > [22mshould disable buttons when isLoading is true[32m 71[2mms[22m[39m
 [32m✓[39m src/components/feed/__tests__/EmotionAnalysisPreview.test.tsx[2m > [22mEmotionAnalysisPreview Component[2m > [22mshould display emotion analysis source[32m 41[2mms[22m[39m
 [32m✓[39m src/components/feed/__tests__/EmotionAnalysisPreview.test.tsx[2m > [22mEmotionAnalysisPreview Component[2m > [22mshould display character count while editing[32m 68[2mms[22m[39m
 [32m✓[39m src/components/verification/__tests__/VerificationStatus.test.tsx[2m > [22mVerificationStatus[2m > [22mrenders wallet address and pending state when verification data is missing[32m 41[2mms[22m[39m
 [32m✓[39m src/components/verification/__tests__/VerificationStatus.test.tsx[2m > [22mVerificationStatus[2m > [22mshows verified badge when isVerified is true[32m 6[2mms[22m[39m
 [32m✓[39m src/components/verification/__tests__/VerificationStatus.test.tsx[2m > [22mVerificationStatus[2m > [22mshows expired badge when expiresAt < now[32m 5[2mms[22m[39m
 [32m✓[39m src/components/verification/__tests__/VerificationStatus.test.tsx[2m > [22mVerificationStatus[2m > [22mdisplays re-verify date when needsReverification is true[32m 30[2mms[22m[39m
 [32m✓[39m src/components/verification/__tests__/VerificationStatus.test.tsx[2m > [22mVerificationStatus[2m > [22mhides wallet address when showWallet is false[32m 5[2mms[22m[39m
 [32m✓[39m src/components/verification/__tests__/VerificationStatus.test.tsx[2m > [22mVerificationStatus[2m > [22mhandles null currentRecord gracefully[32m 4[2mms[22m[39m
 [32m✓[39m src/components/verification/__tests__/VerificationStatus.test.tsx[2m > [22mVerificationStatus[2m > [22mapplies custom className props[32m 29[2mms[22m[39m
 [32m✓[39m src/components/verification/__tests__/VerificationStatus.test.tsx[2m > [22mVerificationStatus[2m > [22mrespects size prop for styling[32m 8[2mms[22m[39m
 [32m✓[39m src/components/verification/__tests__/VerificationStatus.test.tsx[2m > [22mVerificationStatus[2m > [22mshows reverify message without date when expiresAt is null but needsReverification is true[32m 7[2mms[22m[39m
 [32m✓[39m src/components/feed/__tests__/EmotionAnalysisPreview.test.tsx[2m > [22mEmotionAnalysisPreview Component[2m > [22mshould not allow saving with very short transcript[32m 103[2mms[22m[39m
 [32m✓[39m src/components/feed/__tests__/EmotionAnalysisPreview.test.tsx[2m > [22mEmotionAnalysisPreview Component[2m > [22mshould display transcript in non-editing mode[32m 15[2mms[22m[39m
 [32m✓[39m src/components/feed/__tests__/EmotionAnalysisPreview.test.tsx[2m > [22mEmotionAnalysisPreview Component[2m > [22mshould pass edited transcript to onConfirm[33m 304[2mms[22m[39m
 [32m✓[39m src/components/feed/__tests__/EmotionAnalysisPreview.test.tsx[2m > [22mEmotionAnalysisPreview Component[2m > [22mshould preserve emotion analysis metadata[32m 30[2mms[22m[39m
 [32m✓[39m src/lib/__tests__/leaderboard.test.ts[2m > [22mcalculateUserStats[2m > [22mshould count posts for each user[32m 3[2mms[22m[39m
 [32m✓[39m src/lib/__tests__/leaderboard.test.ts[2m > [22mcalculateUserStats[2m > [22mshould count helpful votes from comments[32m 0[2mms[22m[39m
 [32m✓[39m src/lib/__tests__/leaderboard.test.ts[2m > [22mcalculateUserStats[2m > [22mshould calculate engagement score from reactions[32m 0[2mms[22m[39m
 [31m×[39m src/lib/__tests__/leaderboard.test.ts[2m > [22mcalculateUserStats[2m > [22mshould include comments in engagement score[32m 6[2mms[22m[39m
[31m   → expected 0 to be greater than or equal to 5[39m
 [32m✓[39m src/lib/__tests__/leaderboard.test.ts[2m > [22mcalculateUserStats[2m > [22mshould count crisis assists for comments on crisis posts[32m 1[2mms[22m[39m
 [32m✓[39m src/lib/__tests__/leaderboard.test.ts[2m > [22mcalculateUserStats[2m > [22mshould filter posts by time window - weekly[32m 0[2mms[22m[39m
 [32m✓[39m src/lib/__tests__/leaderboard.test.ts[2m > [22mcalculateUserStats[2m > [22mshould filter posts by time window - monthly[32m 0[2mms[22m[39m
 [32m✓[39m src/lib/__tests__/leaderboard.test.ts[2m > [22mcalculateUserStats[2m > [22mshould include all posts for all-time window[32m 0[2mms[22m[39m
 [32m✓[39m src/lib/__tests__/leaderboard.test.ts[2m > [22mcalculateUserStats[2m > [22mshould handle nested comment replies[32m 0[2mms[22m[39m
 [32m✓[39m src/lib/__tests__/leaderboard.test.ts[2m > [22mgetLeaderboardForCategory[2m > [22mshould return entries sorted by post count[32m 1[2mms[22m[39m
 [32m✓[39m src/lib/__tests__/leaderboard.test.ts[2m > [22mgetLeaderboardForCategory[2m > [22mshould return entries sorted by helpful votes[32m 0[2mms[22m[39m
 [32m✓[39m src/lib/__tests__/leaderboard.test.ts[2m > [22mgetLeaderboardForCategory[2m > [22mshould assign rank titles correctly[32m 11[2mms[22m[39m
 [32m✓[39m src/lib/__tests__/leaderboard.test.ts[2m > [22mgetLeaderboardForCategory[2m > [22mshould handle tie-breaking alphabetically[32m 0[2mms[22m[39m
 [32m✓[39m src/lib/__tests__/leaderboard.test.ts[2m > [22mgetTopUsers[2m > [22mshould return only top N users[32m 1[2mms[22m[39m
 [32m✓[39m src/lib/__tests__/leaderboard.test.ts[2m > [22mgetTopUsers[2m > [22mshould default to top 10[32m 0[2mms[22m[39m
 [32m✓[39m src/lib/__tests__/leaderboard.test.ts[2m > [22mgetUserRank[2m > [22mshould return user rank when user is in leaderboard[32m 0[2mms[22m[39m
 [32m✓[39m src/lib/__tests__/leaderboard.test.ts[2m > [22mgetUserRank[2m > [22mshould return null when user has no activity[32m 0[2mms[22m[39m
 [32m✓[39m src/lib/__tests__/leaderboard.test.ts[2m > [22mgetCategoryName[2m > [22mshould return correct category names[32m 0[2mms[22m[39m
 [32m✓[39m src/lib/__tests__/leaderboard.test.ts[2m > [22mgetCategoryIcon[2m > [22mshould return correct category icons[32m 0[2mms[22m[39m
[90mstderr[2m | src/components/crisis/__tests__/CrisisAlertModal.accessibility.test.tsx[2m > [22m[2mCrisisAlertModal Accessibility[2m > [22m[2mFocus Management[2m > [22m[2mshould trap focus within modal when open
[22m[39m[HelplineRegistry] Failed to fetch manifest: TypeError: Failed to parse URL from /helplines/registry.signed.json
[90m    at node:internal/deps/undici/undici:14900:13[39m
[90m    at processTicksAndRejections (node:internal/process/task_queues:95:5)[39m
    at fetchManifest [90m(/home/engine/project/[39msrc/lib/crisisAI/HelplineRegistry.ts:186:22[90m)[39m
    at forceRefresh [90m(/home/engine/project/[39msrc/lib/crisisAI/HelplineRegistry.ts:230:22[90m)[39m
    at refresh [90m(/home/engine/project/[39msrc/lib/crisisAI/HelplineRegistry.ts:263:7[90m)[39m
    at Module.initialize [90m(/home/engine/project/[39msrc/lib/crisisAI/HelplineRegistry.ts:86:3[90m)[39m
    at initRegistry [90m(/home/engine/project/[39msrc/components/crisis/CrisisAlertModal.tsx:48:9[90m)[39m {
  [cause]: TypeError: Invalid URL
  [90m    at new URL (node:internal/url:806:29)[39m
  [90m    at new Request (node:internal/deps/undici/undici:9776:25)[39m
  [90m    at fetch (node:internal/deps/undici/undici:10505:25)[39m
  [90m    at fetch (node:internal/deps/undici/undici:14898:10)[39m
  [90m    at fetch (node:internal/bootstrap/web/exposed-window-or-worker:72:12)[39m
      at fetchManifest [90m(/home/engine/project/[39msrc/lib/crisisAI/HelplineRegistry.ts:186:28[90m)[39m
      at forceRefresh [90m(/home/engine/project/[39msrc/lib/crisisAI/HelplineRegistry.ts:230:28[90m)[39m
      at refresh [90m(/home/engine/project/[39msrc/lib/crisisAI/HelplineRegistry.ts:263:13[90m)[39m
      at Module.initialize [90m(/home/engine/project/[39msrc/lib/crisisAI/HelplineRegistry.ts:86:9[90m)[39m
      at initRegistry [90m(/home/engine/project/[39msrc/components/crisis/CrisisAlertModal.tsx:48:32[90m)[39m {
    code: [32m'ERR_INVALID_URL'[39m,
    input: [32m'/helplines/registry.signed.json'[39m
  }
}

[90mstderr[2m | src/components/crisis/__tests__/CrisisAlertModal.accessibility.test.tsx[2m > [22m[2mCrisisAlertModal Accessibility[2m > [22m[2mFocus Management[2m > [22m[2mshould trap focus within modal when open
[22m[39mAn update to CrisisAlertModal inside a test was not wrapped in act(...).

When testing, code that causes React state updates should be wrapped into act(...):

act(() => {
  /* fire events that update state */
});
/* assert on the output */

This ensures that you're testing the behavior the user would see in the browser. Learn more at https://react.dev/link/wrap-tests-with-act
An update to CrisisAlertModal inside a test was not wrapped in act(...).

When testing, code that causes React state updates should be wrapped into act(...):

act(() => {
  /* fire events that update state */
});
/* assert on the output */

This ensures that you're testing the behavior the user would see in the browser. Learn more at https://react.dev/link/wrap-tests-with-act

[90mstderr[2m | src/components/crisis/__tests__/CrisisAlertModal.accessibility.test.tsx[2m > [22m[2mCrisisAlertModal Accessibility[2m > [22m[2mFocus Management[2m > [22m[2mshould restore focus to trigger element when closed
[22m[39m[HelplineRegistry] Failed to fetch manifest: TypeError: Failed to parse URL from /helplines/registry.signed.json
[90m    at node:internal/deps/undici/undici:14900:13[39m
[90m    at processTicksAndRejections (node:internal/process/task_queues:95:5)[39m
    at fetchManifest [90m(/home/engine/project/[39msrc/lib/crisisAI/HelplineRegistry.ts:186:22[90m)[39m
    at forceRefresh [90m(/home/engine/project/[39msrc/lib/crisisAI/HelplineRegistry.ts:230:22[90m)[39m
    at refresh [90m(/home/engine/project/[39msrc/lib/crisisAI/HelplineRegistry.ts:263:7[90m)[39m
    at Module.initialize [90m(/home/engine/project/[39msrc/lib/crisisAI/HelplineRegistry.ts:86:3[90m)[39m
    at initRegistry [90m(/home/engine/project/[39msrc/components/crisis/CrisisAlertModal.tsx:48:9[90m)[39m {
  [cause]: TypeError: Invalid URL
  [90m    at new URL (node:internal/url:806:29)[39m
  [90m    at new Request (node:internal/deps/undici/undici:9776:25)[39m
  [90m    at fetch (node:internal/deps/undici/undici:10505:25)[39m
  [90m    at fetch (node:internal/deps/undici/undici:14898:10)[39m
  [90m    at fetch (node:internal/bootstrap/web/exposed-window-or-worker:72:12)[39m
      at fetchManifest [90m(/home/engine/project/[39msrc/lib/crisisAI/HelplineRegistry.ts:186:28[90m)[39m
      at forceRefresh [90m(/home/engine/project/[39msrc/lib/crisisAI/HelplineRegistry.ts:230:28[90m)[39m
      at refresh [90m(/home/engine/project/[39msrc/lib/crisisAI/HelplineRegistry.ts:263:13[90m)[39m
      at Module.initialize [90m(/home/engine/project/[39msrc/lib/crisisAI/HelplineRegistry.ts:86:9[90m)[39m
      at initRegistry [90m(/home/engine/project/[39msrc/components/crisis/CrisisAlertModal.tsx:48:32[90m)[39m {
    code: [32m'ERR_INVALID_URL'[39m,
    input: [32m'/helplines/registry.signed.json'[39m
  }
}

 [31m×[39m src/components/crisis/__tests__/CrisisAlertModal.accessibility.test.tsx[2m > [22mCrisisAlertModal Accessibility[2m > [22mFocus Management[2m > [22mshould trap focus within modal when open[33m 350[2mms[22m[39m
[31m   → Found multiple elements with the role "dialog"

Here are the matching elements:

Ignored nodes: comments, script, style
[36m<div[31m
  [33maria-describedby[31m=[32m"crisis-modal-description"[31m
  [33maria-labelledby[31m=[32m"crisis-modal-title"[31m
  [33maria-modal[31m=[32m"true"[31m
  [33mclass[31m=[32m"fixed inset-0 z-50 flex items-center justify-center p-4"[31m
  [33mrole[31m=[32m"dialog"[31m
  [33mstyle[31m=[32m"opacity: 0; transform: scale(0.95);"[31m
[36m>[31m
  [36m<div[31m
    [33maria-describedby[31m=[32m"crisis-alert-description"[31m
    [33maria-labelledby[31m=[32m"crisis-alert-title"[31m
    [33maria-modal[31m=[32m"true"[31m
    [33mclass[31m=[32m"glass max-w-2xl w-full max-h-[90vh] overflow-y-auto rounded-2xl border-2 border-red-500/30"[31m
    [33mrole[31m=[32m"dialog"[31m
  [36m>[31m
    [36m<div[31m
      [33mclass[31m=[32m"sticky top-0 glass p-6 border-b border-white/10 flex items-start justify-between"[31m
    [36m>[31m
      [36m<div[31m
        [33mclass[31m=[32m"flex items-start space-x-3"[31m
      [36m>[31m
        [36m<svg[31m
          [33maria-hidden[31m=[32m"true"[31m
          [33mclass[31m=[32m"lucide lucide-triangle-alert w-6 h-6 text-red-500 flex-shrink-0 mt-1"[31m
          [33mfill[31m=[32m"none"[31m
          [33mheight[31m=[32m"24"[31m
          [33mstroke[31m=[32m"currentColor"[31m
          [33mstroke-linecap[31m=[32m"round"[31m
          [33mstroke-linejoin[31m=[32m"round"[31m
          [33mstroke-width[31m=[32m"2"[31m
          [33mviewBox[31m=[32m"0 0 24 24"[31m
          [33mwidth[31m=[32m"24"[31m
          [33mxmlns[31m=[32m"http://www.w3.org/2000/svg"[31m
        [36m>[31m
          [36m<path[31m
            [33md[31m=[32m"m21.73 18-8-14a2 2 0 0 0-3.48 0l-8 14A2 2 0 0 0 4 21h16a2 2 0 0 0 1.73-3"[31m
          [36m/>[31m
          [36m<path[31m
            [33md[31m=[32m"M12 9v4"[31m
          [36m/>[31m
          [36m<path[31m
            [33md[31m=[32m"M12 17h.01"[31m
          [36m/>[31m
        [36m</svg>[31m
        [36m<div>[31m
          [36m<h2[31m
            [33mclass[31m=[32m"text-2xl font-bold text-white mb-1"[31m
            [33mid[31m=[32m"crisis-modal-title"[31m
          [36m>[31m
            [0m🆘 We're Here to Help[0m
          [36m</h2>[31m
          [36m<p[31m
            [33mclass[31m=[32m"text-gray-300 text-sm"[31m
            [33mid[31m=[32m"crisis-modal-description"[31m
          [36m>[31m
            [0mIf you're thinking about suicide or need immediate support, you're not alone. Help is available 24/7.[0m
          [36m</p>[31m
        [36m</div>[31m
      [36m</div>[31m
    [36m</div>[31m
    [36m<div[31m
      [33mclass[31m=[32m"p-6 space-y-6"[31m
    [36m>[31m
      [36m<div[31m
        [33mclass[31m=[32m"space-y-4"[31m
      [36m>[31m
        [36m<a[31m
          [33mclass[31m=[32m"block glass p-4 rounded-xl border border-white/10 hover:border-primary transition-all group"[31m
          [33mhref[31m=[32m"tel:+91-22-27546669"[31m
          [33mtabindex[31m=[32m"0"[31m
        [36m>[31m
          [36m<div[31m
            [33mclass[31m=[32m"flex items-center justify-between"[31m
          [36m>[31m
            [36m<div>[31m
              [36m<div[31m
                [33mclass[31m=[32m"flex items-center space-x-2 mb-1"[31m
              [36m>[31m
                [36m<h3[31m
                  [33mclass[31m=[32m"text-lg font-semibold text-white"[31m
                [36m>[31m
                  [0mAasra[0m
                [36m</h3>[31m
                [36m<span[31m
                  [33mclass[31m=[32m"px-2 py-0.5 bg-blue-500/20 text-blue-300 text-xs rounded-full"[31m
                [36m>[31m
                  [0mMumbai[0m
                [36m</span>[31m
              [36m</div>[31m
              [36m<p[31m
                [33mclass[31m=[32m"text-2xl font-bold text-primary group-hover:text-purple-300 transition-colors"[31m
              [36m>[31m
                [0m+91-22-27546669[0m
              [36m</p>[31m
              [36m<p[31m
                [33mclass[31m=[32m"text-sm text-gray-400 mt-1"[31m
              [36m>[31m
                [0m24/7[0m
              [36m</p>[31m
            [36m</div>[31m
            [36m<svg[31m
              [33maria-hidden[31m=[32m"true"[31m
              [33mclass[31m=[32m"lucide lucide-phone w-8 h-8 text-primary group-hover:text-purple-300 transition-colors"[31m
              [33mfill[31m=[32m"none"[31m
              [33mheight[31m=[32m"24"[31m
              [33mstroke[31m=[32m"currentColor"[31m
              [33mstroke-linecap[31m=[32m"round"[31m
              [33mstroke-linejoin[31m=[32m"round"[31m
              [33mstroke-width[31m=[32m"2"[31m
              [33mviewBox[31m=[32m"0 0 24 24"[31m
              [33mwidth[31m=[32m"24"[31m
              [33mxmlns[31m=[32m"http://www.w3.org/2000/svg"[31m
            [36m>[31m
              [36m<path[31m
                [33md[31m=[32m"M13.832 16.568a1 1 0 0 0 1.213-.303l.355-.465A2 2 0 0 1 17 15h3a2 2 0 0 1 2 2v3a2 2 0 0 1-2 2A18 18 0 0 1 2 4a2 2 0 0 1 2-2h3a2 2 0 0 1 2 2v3a2 2 0 0 1-.8 1.6l-.468.351a1 1 0 0 0-.292 1.233 14 14 0 0 0 6.392 6.384"[31m
              [36m/>[31m
            [36m</svg>[31m
          [36m</div>[31m
        [36m</a>[31m
        [36m<a[31m
          [33mclass[31m=[32m"block glass p-4 rounded-xl border border-white/10 hover:border-primary transition-all group"[31m
          [33mhref[31m=[32m"tel:1860-266-2345"[31m
          [33mtabindex[31m=[32m"0"[31m
        [36m>[31m
          [36m<div[31m
            [33mclass[31m=[32m"flex items-center justify-between"[31m
          [36m>[31m
            [36m<div>[31m
              [36m<div[31m
                [33mclass[31m=[32m"flex items-center space-x-2 mb-1"[31m
              [36m>[31m
                [36m<h3[31m
                  [33mclass[31m=[32m"text-lg font-semibold text-white"[31m
                [36m>[31m
                  [0mVandrevala Foundation[0m
                [36m</h3>[31m
                [36m<span[31m
                  [33mclass[31m=[32m"px-2 py-0.5 bg-blue-500/20 text-blue-300 text-xs rounded-full"[31m
                [36m>[31m
                  [0mPan India[0m
                [36m</span>[31m
              [36m</div>[31m
              [36m<p[31m
                [33mclass[31m=[32m"text-2xl font-bold text-primary group-hover:text-purple-300 transition-colors"[31m
              [36m>[31m
                [0m1860-266-2345[0m
              [36m</p>[31m
              [36m<p[31m
                [33mclass[31m=[32m"text-sm text-gray-400 mt-1"[31m
              [36m>[31m
                [0m24/7[0m
              [36m</p>[31m
            [36m</div>[31m
            [36m<svg[31m
              [33maria-hidden[31m=[32m"true"[31m
              [33mclass[31m=[32m"lucide lucide-phone w-8 h-8 text-primary group-hover:text-purple-300 transition-colors"[31m
              [33mfill[31m=[32m"none"[31m
              [33mheight[31m=[32m"24"[31m
              [33mstroke[31m=[32m"currentColor"[31m
              [33mstroke-linecap[31m=[32m"round"[31m
              [33mstroke-linejoin[31m=[32m"round"[31m
              [33mstroke-width[31m=[32m"2"[31m
              [33mviewBox[31m=[32m"0 0 24 24"[31m
              [33mwidth[31m=[32m"24"[31m
              [33mxmlns[31m=[32m"http://www.w3.org/2000/svg"[31m
            [36m>[31m
              [36m<path[31m
                [33md[31m=[32m"M13.832 16.568a1 1 0 0 0 1.213-.303l.355-.465A2 2 0 0 1 17 15h3a2 2 0 0 1 2 2v3a2 2 0 0 1-2 2A18 18 0 0 1 2 4a2 2 0 0 1 2-2h3a2 2 0 0 1 2 2v3a2 2 0 0 1-.8 1.6l-.468.351a1 1 0 0 0-.292 1.233 14 14 0 0 0 6.392 6.384"[31m
              [36m/>[31m
            [36m</svg>[31m
          [36m</div>[31m
        [36m</a>[31m
      [36m</div>[31m
      [36m<div[31m
        [33mclass[31m=[32m"text-center"[31m
      [36m>[31m
        [36m<a[31m
          [33mclass[31m=[32m"inline-block text-primary hover:text-purple-300 font-medium transition-colors"[31m
          [33mhref[31m=[32m"/helplines"[31m
        [36m>[31m
          [0mView All Helplines →[0m
        [36m</a>[31m
      [36m</div>[31m
      [36m<div[31m
        [33mclass[31m=[32m"border-t border-white/10 pt-6"[31m
      [36m>[31m
        [36m<button[31m
          [33mclass[31m=[32m"w-full py-3 text-gray-400 hover:text-gray-300 text-sm transition-colors"[31m
        [36m>[31m
          [0mI'm okay, continue posting[0m
        [36m</button>[31m
      [36m</div>[31m
      [36m<div[31m
        [33mclass[31m=[32m"bg-red-500/10 border border-red-500/30 rounded-lg p-4"[31m
      [36m>[31m
        [36m<p[31m
          [33mclass[31m=[32m"text-sm text-gray-300 text-center"[31m
        [36m>[31m
          [36m<strong[31m
            [33mclass[31m=[32m"text-red-400"[31m
          [36m>[31m
            [0mEmergency:[0m
          [36m</strong>[31m
          [0m If you are in immediate danger, please call emergency services (100/112) or visit the nearest hospital.[0m
        [36m</p>[31m
      [36m</div>[31m
    [36m</div>[31m
  [36m</div>[31m
[36m</div>[31m

Ignored nodes: comments, script, style
[36m<div[31m
  [33maria-describedby[31m=[32m"crisis-alert-description"[31m
  [33maria-labelledby[31m=[32m"crisis-alert-title"[31m
  [33maria-modal[31m=[32m"true"[31m
  [33mclass[31m=[32m"glass max-w-2xl w-full max-h-[90vh] overflow-y-auto rounded-2xl border-2 border-red-500/30"[31m
  [33mrole[31m=[32m"dialog"[31m
[36m>[31m
  [36m<div[31m
    [33mclass[31m=[32m"sticky top-0 glass p-6 border-b border-white/10 flex items-start justify-between"[31m
  [36m>[31m
    [36m<div[31m
      [33mclass[31m=[32m"flex items-start space-x-3"[31m
    [36m>[31m
      [36m<svg[31m
        [33maria-hidden[31m=[32m"true"[31m
        [33mclass[31m=[32m"lucide lucide-triangle-alert w-6 h-6 text-red-500 flex-shrink-0 mt-1"[31m
        [33mfill[31m=[32m"none"[31m
        [33mheight[31m=[32m"24"[31m
        [33mstroke[31m=[32m"currentColor"[31m
        [33mstroke-linecap[31m=[32m"round"[31m
        [33mstroke-linejoin[31m=[32m"round"[31m
        [33mstroke-width[31m=[32m"2"[31m
        [33mviewBox[31m=[32m"0 0 24 24"[31m
        [33mwidth[31m=[32m"24"[31m
        [33mxmlns[31m=[32m"http://www.w3.org/2000/svg"[31m
      [36m>[31m
        [36m<path[31m
          [33md[31m=[32m"m21.73 18-8-14a2 2 0 0 0-3.48 0l-8 14A2 2 0 0 0 4 21h16a2 2 0 0 0 1.73-3"[31m
        [36m/>[31m
        [36m<path[31m
          [33md[31m=[32m"M12 9v4"[31m
        [36m/>[31m
        [36m<path[31m
          [33md[31m=[32m"M12 17h.01"[31m
        [36m/>[31m
      [36m</svg>[31m
      [36m<div>[31m
        [36m<h2[31m
          [33mclass[31m=[32m"text-2xl font-bold text-white mb-1"[31m
          [33mid[31m=[32m"crisis-modal-title"[31m
        [36m>[31m
          [0m🆘 We're Here to Help[0m
        [36m</h2>[31m
        [36m<p[31m
          [33mclass[31m=[32m"text-gray-300 text-sm"[31m
          [33mid[31m=[32m"crisis-modal-description"[31m
        [36m>[31m
          [0mIf you're thinking about suicide or need immediate support, you're not alone. Help is available 24/7.[0m
        [36m</p>[31m
      [36m</div>[31m
    [36m</div>[31m
  [36m</div>[31m
  [36m<div[31m
    [33mclass[31m=[32m"p-6 space-y-6"[31m
  [36m>[31m
    [36m<div[31m
      [33mclass[31m=[32m"space-y-4"[31m
    [36m>[31m
      [36m<a[31m
        [33mclass[31m=[32m"block glass p-4 rounded-xl border border-white/10 hover:border-primary transition-all group"[31m
        [33mhref[31m=[32m"tel:+91-22-27546669"[31m
        [33mtabindex[31m=[32m"0"[31m
      [36m>[31m
        [36m<div[31m
          [33mclass[31m=[32m"flex items-center justify-between"[31m
        [36m>[31m
          [36m<div>[31m
            [36m<div[31m
              [33mclass[31m=[32m"flex items-center space-x-2 mb-1"[31m
            [36m>[31m
              [36m<h3[31m
                [33mclass[31m=[32m"text-lg font-semibold text-white"[31m
              [36m>[31m
                [0mAasra[0m
              [36m</h3>[31m
              [36m<span[31m
                [33mclass[31m=[32m"px-2 py-0.5 bg-blue-500/20 text-blue-300 text-xs rounded-full"[31m
              [36m>[31m
                [0mMumbai[0m
              [36m</span>[31m
            [36m</div>[31m
            [36m<p[31m
              [33mclass[31m=[32m"text-2xl font-bold text-primary group-hover:text-purple-300 transition-colors"[31m
            [36m>[31m
              [0m+91-22-27546669[0m
            [36m</p>[31m
            [36m<p[31m
              [33mclass[31m=[32m"text-sm text-gray-400 mt-1"[31m
            [36m>[31m
              [0m24/7[0m
            [36m</p>[31m
          [36m</div>[31m
          [36m<svg[31m
            [33maria-hidden[31m=[32m"true"[31m
            [33mclass[31m=[32m"lucide lucide-phone w-8 h-8 text-primary group-hover:text-purple-300 transition-colors"[31m
            [33mfill[31m=[32m"none"[31m
            [33mheight[31m=[32m"24"[31m
            [33mstroke[31m=[32m"currentColor"[31m
            [33mstroke-linecap[31m=[32m"round"[31m
            [33mstroke-linejoin[31m=[32m"round"[31m
            [33mstroke-width[31m=[32m"2"[31m
            [33mviewBox[31m=[32m"0 0 24 24"[31m
            [33mwidth[31m=[32m"24"[31m
            [33mxmlns[31m=[32m"http://www.w3.org/2000/svg"[31m
          [36m>[31m
            [36m<path[31m
              [33md[31m=[32m"M13.832 16.568a1 1 0 0 0 1.213-.303l.355-.465A2 2 0 0 1 17 15h3a2 2 0 0 1 2 2v3a2 2 0 0 1-2 2A18 18 0 0 1 2 4a2 2 0 0 1 2-2h3a2 2 0 0 1 2 2v3a2 2 0 0 1-.8 1.6l-.468.351a1 1 0 0 0-.292 1.233 14 14 0 0 0 6.392 6.384"[31m
            [36m/>[31m
          [36m</svg>[31m
        [36m</div>[31m
      [36m</a>[31m
      [36m<a[31m
        [33mclass[31m=[32m"block glass p-4 rounded-xl border border-white/10 hover:border-primary transition-all group"[31m
        [33mhref[31m=[32m"tel:1860-266-2345"[31m
        [33mtabindex[31m=[32m"0"[31m
      [36m>[31m
        [36m<div[31m
          [33mclass[31m=[32m"flex items-center justify-between"[31m
        [36m>[31m
          [36m<div>[31m
            [36m<div[31m
              [33mclass[31m=[32m"flex items-center space-x-2 mb-1"[31m
            [36m>[31m
              [36m<h3[31m
                [33mclass[31m=[32m"text-lg font-semibold text-white"[31m
              [36m>[31m
                [0mVandrevala Foundation[0m
              [36m</h3>[31m
              [36m<span[31m
                [33mclass[31m=[32m"px-2 py-0.5 bg-blue-500/20 text-blue-300 text-xs rounded-full"[31m
              [36m>[31m
                [0mPan India[0m
              [36m</span>[31m
            [36m</div>[31m
            [36m<p[31m
              [33mclass[31m=[32m"text-2xl font-bold text-primary group-hover:text-purple-300 transition-colors"[31m
            [36m>[31m
              [0m1860-266-2345[0m
            [36m</p>[31m
            [36m<p[31m
              [33mclass[31m=[32m"text-sm text-gray-400 mt-1"[31m
            [36m>[31m
              [0m24/7[0m
            [36m</p>[31m
          [36m</div>[31m
          [36m<svg[31m
            [33maria-hidden[31m=[32m"true"[31m
            [33mclass[31m=[32m"lucide lucide-phone w-8 h-8 text-primary group-hover:text-purple-300 transition-colors"[31m
            [33mfill[31m=[32m"none"[31m
            [33mheight[31m=[32m"24"[31m
            [33mstroke[31m=[32m"currentColor"[31m
            [33mstroke-linecap[31m=[32m"round"[31m
            [33mstroke-linejoin[31m=[32m"round"[31m
            [33mstroke-width[31m=[32m"2"[31m
            [33mviewBox[31m=[32m"0 0 24 24"[31m
            [33mwidth[31m=[32m"24"[31m
            [33mxmlns[31m=[32m"http://www.w3.org/2000/svg"[31m
          [36m>[31m
            [36m<path[31m
              [33md[31m=[32m"M13.832 16.568a1 1 0 0 0 1.213-.303l.355-.465A2 2 0 0 1 17 15h3a2 2 0 0 1 2 2v3a2 2 0 0 1-2 2A18 18 0 0 1 2 4a2 2 0 0 1 2-2h3a2 2 0 0 1 2 2v3a2 2 0 0 1-.8 1.6l-.468.351a1 1 0 0 0-.292 1.233 14 14 0 0 0 6.392 6.384"[31m
            [36m/>[31m
          [36m</svg>[31m
        [36m</div>[31m
      [36m</a>[31m
    [36m</div>[31m
    [36m<div[31m
      [33mclass[31m=[32m"text-center"[31m
    [36m>[31m
      [36m<a[31m
        [33mclass[31m=[32m"inline-block text-primary hover:text-purple-300 font-medium transition-colors"[31m
        [33mhref[31m=[32m"/helplines"[31m
      [36m>[31m
        [0mView All Helplines →[0m
      [36m</a>[31m
    [36m</div>[31m
    [36m<div[31m
      [33mclass[31m=[32m"border-t border-white/10 pt-6"[31m
    [36m>[31m
      [36m<button[31m
        [33mclass[31m=[32m"w-full py-3 text-gray-400 hover:text-gray-300 text-sm transition-colors"[31m
      [36m>[31m
        [0mI'm okay, continue posting[0m
      [36m</button>[31m
    [36m</div>[31m
    [36m<div[31m
      [33mclass[31m=[32m"bg-red-500/10 border border-red-500/30 rounded-lg p-4"[31m
    [36m>[31m
      [36m<p[31m
        [33mclass[31m=[32m"text-sm text-gray-300 text-center"[31m
      [36m>[31m
        [36m<strong[31m
          [33mclass[31m=[32m"text-red-400"[31m
        [36m>[31m
          [0mEmergency:[0m
        [36m</strong>[31m
        [0m If you are in immediate danger, please call emergency services (100/112) or visit the nearest hospital.[0m
      [36m</p>[31m
    [36m</div>[31m
  [36m</div>[31m
[36m</div>[31m

(If this is intentional, then use the `*AllBy*` variant of the query (like `queryAllByText`, `getAllByText`, or `findAllByText`)).

Ignored nodes: comments, script, style
[36m<body>[31m
  [36m<div>[31m
    [36m<div[31m
      [33maria-hidden[31m=[32m"true"[31m
      [33mclass[31m=[32m"fixed inset-0 bg-black/80 backdrop-blur-sm z-50"[31m
      [33mstyle[31m=[32m"opacity: 0;"[31m
    [36m/>[31m
    [36m<div[31m
      [33maria-describedby[31m=[32m"crisis-modal-description"[31m
      [33maria-labelledby[31m=[32m"crisis-modal-title"[31m
      [33maria-modal[31m=[32m"true"[31m
      [33mclass[31m=[32m"fixed inset-0 z-50 flex items-center justify-center p-4"[31m
      [33mrole[31m=[32m"dialog"[31m
      [33mstyle[31m=[32m"opacity: 0; transform: scale(0.95);"[31m
    [36m>[31m
      [36m<div[31m
        [33maria-describedby[31m=[32m"crisis-alert-description"[31m
        [33maria-labelledby[31m=[32m"crisis-alert-title"[31m
        [33maria-modal[31m=[32m"true"[31m
        [33mclass[31m=[32m"glass max-w-2xl w-full max-h-[90vh] overflow-y-auto rounded-2xl border-2 border-red-500/30"[31m
        [33mrole[31m=[32m"dialog"[31m
      [36m>[31m
        [36m<div[31m
          [33mclass[31m=[32m"sticky top-0 glass p-6 border-b border-white/10 flex items-start justify-between"[31m
        [36m>[31m
          [36m<div[31m
            [33mclass[31m=[32m"flex items-start space-x-3"[31m
          [36m>[31m
            [36m<svg[31m
              [33maria-hidden[31m=[32m"true"[31m
              [33mclass[31m=[32m"lucide lucide-triangle-alert w-6 h-6 text-red-500 flex-shrink-0 mt-1"[31m
              [33mfill[31m=[32m"none"[31m
              [33mheight[31m=[32m"24"[31m
              [33mstroke[31m=[32m"currentColor"[31m
              [33mstroke-linecap[31m=[32m"round"[31m
              [33mstroke-linejoin[31m=[32m"round"[31m
              [33mstroke-width[31m=[32m"2"[31m
              [33mviewBox[31m=[32m"0 0 24 24"[31m
              [33mwidth[31m=[32m"24"[31m
              [33mxmlns[31m=[32m"http://www.w3.org/2000/svg"[31m
            [36m>[31m
              [36m<path[31m
                [33md[31m=[32m"m21.73 18-8-14a2 2 0 0 0-3.48 0l-8 14A2 2 0 0 0 4 21h16a2 2 0 0 0 1.73-3"[31m
              [36m/>[31m
              [36m<path[31m
                [33md[31m=[32m"M12 9v4"[31m
              [36m/>[31m
              [36m<path[31m
                [33md[31m=[32m"M12 17h.01"[31m
              [36m/>[31m
            [36m</svg>[31m
            [36m<div>[31m
              [36m<h2[31m
                [33mclass[31m=[32m"text-2xl font-bold text-white mb-1"[31m
                [33mid[31m=[32m"crisis-modal-title"[31m
              [36m>[31m
                [0m🆘 We're Here to Help[0m
              [36m</h2>[31m
              [36m<p[31m
                [33mclass[31m=[32m"text-gray-300 text-sm"[31m
                [33mid[31m=[32m"crisis-modal-description"[31m
              [36m>[31m
                [0mIf you're thinking about suicide or need immediate support, you're not alone. Help is available 24/7.[0m
              [36m</p>[31m
            [36m</div>[31m
          [36m</div>[31m
        [36m</div>[31m
        [36m<div[31m
          [33mclass[31m=[32m"p-6 space-y-6"[31m
        [36m>[31m
          [36m<div[31m
            [33mclass[31m=[32m"space-y-4"[31m
          [36m>[31m
            [36m<a[31m
              [33mclass[31m=[32m"block glass p-4 rounded-xl border border-white/10 hover:border-primary transition-all group"[31m
              [33mhref[31m=[32m"tel:+91-22-27546669"[31m
              [33mtabindex[31m=[32m"0"[31m
            [36m>[31m
              [36m<div[31m
                [33mclass[31m=[32m"flex items-center justify-between"[31m
              [36m>[31m
                [36m<div>[31m
                  [36m<div[31m
                    [33mclass[31m=[32m"flex items-center space-x-2 mb-1"[31m
                  [36m>[31m
                    [36m<h3[31m
                      [33mclass[31m=[32m"text-lg font-semibold text-white"[31m
                    [36m>[31m
                      [0mAasra[0m
                    [36m</h3>[31m
                    [36m<span[31m
                      [33mclass[31m=[32m"px-2 py-0.5 bg-blue-500/20 text-blue-300 text-xs rounded-full"[31m
                    [36m>[31m
                      [0mMumbai[0m
                    [36m</span>[31m
                  [36m</div>[31m
                  [36m<p[31m
                    [33mclass[31m=[32m"text-2xl font-bold text-primary group-hover:text-purple-300 transition-colors"[31m
                  [36m>[31m
                    [0m+91-22-27546669[0m
                  [36m</p>[31m
                  [36m<p[31m
                    [33mclass[31m=[32m"text-sm text-gray-400 mt-1"[31m
                  [36m>[31m
                    [0m24/7[0m
                  [36m</p>[31m
                [36m</div>[31m
                [36m<svg[31m
                  [33maria-hidden[31m=[32m"true"[31m
                  [33mclass[31m=[32m"lucide lucide-phone w-8 h-8 text-primary group-hover:text-purple-300 transition-colors"[31m
                  [33mfill[31m=[32m"none"[31m
                  [33mheight[31m=[32m"24"[31m
                  [33mstroke[31m=[32m"currentColor"[31m
                  [33mstroke-linecap[31m=[32m"round"[31m
                  [33mstroke-linejoin[31m=[32m"round"[31m
                  [33mstroke-width[31m=[32m"2"[31m
                  [33mviewBox[31m=[32m"0 0 24 24"[31m
                  [33mwidth[31m=[32m"24"[31m
                  [33mxmlns[31m=[32m"http://www.w3.org/2000/svg"[31m
                [36m>[31m
                  [36m<path[31m
                    [33md[31m=[32m"M13.832 16.568a1 1 0 0 0 1.213-.303l.355-.465A2 2 0 0 1 17 15h3a2 2 0 0 1 2 2v3a2 2 0 0 1-2 2A18 18 0 0 1 2 4a2 2 0 0 1 2-2h3a2 2 0 0 1 2 2v3a2 2 0 0 1-.8 1.6l-.468.351a1 1 0 0 0-.292 1.233 14 14 0 0 0 6.392 6.384"[31m
                  [36m/>[31m
                [36m</svg>[31m
              [36m</div>[31m
            [36m</a>[31m
            [36m<a[31m
              [33mclass[31m=[32m"block glass p-4 rounded-xl border border-white/10 hover:border-primary transition-all group"[31m
              [33mhref[31m=[32m"tel:1860-266-2345"[31m
              [33mtabindex[31m=[32m"0"[31m
            [36m>[31m
              [36m<div[31m
                [33mclass[31m=[32m"flex items-center justify-between"[31m
              [36m>[31m
                [36m<div>[31m
                  [36m<div[31m
                    [33mclass[31m=[32m"flex items-center space-x-2 mb-1"[31m
                  [36m>[31m
                    [36m<h3[31m
                      [33mclass[31m=[32m"text-lg font-semibold text-white"[31m
                    [36m>[31m
                      [0mVandrevala Foundation[0m
                    [36m</h3>[31m
                    [36m<span[31m
                      [33mclass[31m=[32m"px-2 py-0.5 bg-blue-500/20 text-blue-300 text-xs rounded-full"[31m
                    [36m>[31m
                      [0mPan India[0m
                    [36m</span>[31m
                  [36m</div>[31m
                  [36m<p[31m
                    [33mclass[31m=[32m"text-2xl font-bold text-primary group-hover:text-purple-300 transition-colors"[31m
                  [36m>[31m
                    [0m1860-266-2345[0m
                  [36m</p>[31m
                  [36m<p[31m
                    [33mclass[31m=[32m"text-sm text-gray-400 mt-1"[31m
                  [36m>[31m
                    [0m24/7[0m
                  [36m</p>[31m
                [36m</div>[31m
                [36m<svg[31m
                  [33maria-hidden[31m=[32m"true"[31m
                  [33mclass[31m=[32m"lucide lucide-phone w-8 h-8 text-primary group-hover:text-purple-300 transition-colors"[31m
                  [33mfill[31m=[32m"none"[31m
                  [33mheight[31m=[32m"24"[31m
                  [33mstroke[31m=[32m"currentColor"[31m
                  [33mstroke-linecap[31m=[32m"round"[31m
                  [33mstroke-linejoin[31m=[32m"round"[31m
                  [33mstroke-width[31m=[32m"2"[31m
                  [33mviewBox[31m=[32m"0 0 24 24"[31m
                  [33mwidth[31m=[32m"24"[31m
                  [33mxmlns[31m=[32m"http://www.w3.org/2000/svg"[31m
                [36m>[31m
                  [36m<path[31m
                    [33md[31m=[32m"M13.832 16.568a1 1 0 0 0 1.213-.303l.355-.465A2 2 0 0 1 17 15h3a2 2 0 0 1 2 2v3a2 2 0 0 1-2 2A18 18 0 0 1 2 4a2 2 0 0 1 2-2h3a2 2 0 0 1 2 2v3a2 2 0 0 1-.8 1.6l-.468.351a1 1 0 0 0-.292 1.233 14 14 0 0 0 6.392 6.384"[31m
                  [36m/>[31m
                [36m</svg>[31m
              [36m</div>[31m
            [36m</a>[31m
          [36m</div>[31m
          [36m<div[31m
            [33mclass[31m=[32m"text-center"[31m
          [36m>[31m
            [36m<a[31m
              [33mclass[31m=[32m"inline-block text-primary hover:text-purple-300 font-medium transition-colors"[31m
              [33mhref[31m=[32m"/helplines"[31m
            [36m>[31m
              [0mView All Helplines →[0m
            [36m</a>[31m
          [36m</div>[31m
          [36m<div[31m
            [33mclass[31m=[32m"border-t border-white/10 pt-6"[31m
          [36m>[31m
            [36m<button[31m
              [33mclass[31m=[32m"w-full py-3 text-gray-400 hover:text-gray-300 text-sm transition-colors"[31m
            [36m>[31m
              [0mI'm okay, continue posting[0m
            [36m</button>[31m
          [36m</div>[31m
          [36m<div[31m
            [33mclass[31m=[32m"bg-red-500/10 border border-red-500/30 rounded-lg p-4"[31m
          [36m>[31m
            [36m<p[31m
              [33mclass[31m=[32m"text-sm text-gray-300 text-center"[31m
            [36m>[31m
              [36m<strong[31m
                [33mclass[31m=[32m"text-red-400"[31m
              [36m>[31m
                [0mEmergency:[0m
              [36m</strong>[31m
              [0m If you are in immediate danger, please call emergency services (100/112) or visit the nearest hospital.[0m
            [36m</p>[31m
          [36m</div>[31m
        [36m</div>[31m
      [36m</div>[31m
    [36m</div>[31m
  [36m</div>[31m
[36m</body>[31m[39m
[90mstderr[2m | src/components/crisis/__tests__/CrisisAlertModal.accessibility.test.tsx[2m > [22m[2mCrisisAlertModal Accessibility[2m > [22m[2mFocus Management[2m > [22m[2mshould close modal with Escape key
[22m[39m[HelplineRegistry] Failed to fetch manifest: TypeError: Failed to parse URL from /helplines/registry.signed.json
[90m    at node:internal/deps/undici/undici:14900:13[39m
    at fetchManifest [90m(/home/engine/project/[39msrc/lib/crisisAI/HelplineRegistry.ts:186:22[90m)[39m
    at forceRefresh [90m(/home/engine/project/[39msrc/lib/crisisAI/HelplineRegistry.ts:230:22[90m)[39m
    at refresh [90m(/home/engine/project/[39msrc/lib/crisisAI/HelplineRegistry.ts:263:7[90m)[39m
    at Module.initialize [90m(/home/engine/project/[39msrc/lib/crisisAI/HelplineRegistry.ts:86:3[90m)[39m
    at initRegistry [90m(/home/engine/project/[39msrc/components/crisis/CrisisAlertModal.tsx:48:9[90m)[39m {
  [cause]: TypeError: Invalid URL
  [90m    at new URL (node:internal/url:806:29)[39m
  [90m    at new Request (node:internal/deps/undici/undici:9776:25)[39m
  [90m    at fetch (node:internal/deps/undici/undici:10505:25)[39m
  [90m    at fetch (node:internal/deps/undici/undici:14898:10)[39m
  [90m    at fetch (node:internal/bootstrap/web/exposed-window-or-worker:72:12)[39m
      at fetchManifest [90m(/home/engine/project/[39msrc/lib/crisisAI/HelplineRegistry.ts:186:28[90m)[39m
      at forceRefresh [90m(/home/engine/project/[39msrc/lib/crisisAI/HelplineRegistry.ts:230:28[90m)[39m
      at refresh [90m(/home/engine/project/[39msrc/lib/crisisAI/HelplineRegistry.ts:263:13[90m)[39m
      at Module.initialize [90m(/home/engine/project/[39msrc/lib/crisisAI/HelplineRegistry.ts:86:9[90m)[39m
      at initRegistry [90m(/home/engine/project/[39msrc/components/crisis/CrisisAlertModal.tsx:48:32[90m)[39m {
    code: [32m'ERR_INVALID_URL'[39m,
    input: [32m'/helplines/registry.signed.json'[39m
  }
}

[90mstderr[2m | src/components/crisis/__tests__/CrisisAlertModal.accessibility.test.tsx[2m > [22m[2mCrisisAlertModal Accessibility[2m > [22m[2mFocus Management[2m > [22m[2mshould close modal with Escape key
[22m[39mAn update to CrisisAlertModal inside a test was not wrapped in act(...).

When testing, code that causes React state updates should be wrapped into act(...):

act(() => {
  /* fire events that update state */
});
/* assert on the output */

This ensures that you're testing the behavior the user would see in the browser. Learn more at https://react.dev/link/wrap-tests-with-act
An update to CrisisAlertModal inside a test was not wrapped in act(...).

When testing, code that causes React state updates should be wrapped into act(...):

act(() => {
  /* fire events that update state */
});
/* assert on the output */

This ensures that you're testing the behavior the user would see in the browser. Learn more at https://react.dev/link/wrap-tests-with-act

[90mstderr[2m | src/components/crisis/__tests__/CrisisAlertModal.accessibility.test.tsx[2m > [22m[2mCrisisAlertModal Accessibility[2m > [22m[2mARIA Attributes[2m > [22m[2mshould have proper dialog attributes
[22m[39m[HelplineRegistry] Failed to fetch manifest: TypeError: Failed to parse URL from /helplines/registry.signed.json
[90m    at node:internal/deps/undici/undici:14900:13[39m
    at fetchManifest [90m(/home/engine/project/[39msrc/lib/crisisAI/HelplineRegistry.ts:186:22[90m)[39m
    at forceRefresh [90m(/home/engine/project/[39msrc/lib/crisisAI/HelplineRegistry.ts:230:22[90m)[39m
    at refresh [90m(/home/engine/project/[39msrc/lib/crisisAI/HelplineRegistry.ts:263:7[90m)[39m
    at Module.initialize [90m(/home/engine/project/[39msrc/lib/crisisAI/HelplineRegistry.ts:86:3[90m)[39m
    at initRegistry [90m(/home/engine/project/[39msrc/components/crisis/CrisisAlertModal.tsx:48:9[90m)[39m {
  [cause]: TypeError: Invalid URL
  [90m    at new URL (node:internal/url:806:29)[39m
  [90m    at new Request (node:internal/deps/undici/undici:9776:25)[39m
  [90m    at fetch (node:internal/deps/undici/undici:10505:25)[39m
  [90m    at fetch (node:internal/deps/undici/undici:14898:10)[39m
  [90m    at fetch (node:internal/bootstrap/web/exposed-window-or-worker:72:12)[39m
      at fetchManifest [90m(/home/engine/project/[39msrc/lib/crisisAI/HelplineRegistry.ts:186:28[90m)[39m
      at forceRefresh [90m(/home/engine/project/[39msrc/lib/crisisAI/HelplineRegistry.ts:230:28[90m)[39m
      at refresh [90m(/home/engine/project/[39msrc/lib/crisisAI/HelplineRegistry.ts:263:13[90m)[39m
      at Module.initialize [90m(/home/engine/project/[39msrc/lib/crisisAI/HelplineRegistry.ts:86:9[90m)[39m
      at initRegistry [90m(/home/engine/project/[39msrc/components/crisis/CrisisAlertModal.tsx:48:32[90m)[39m {
    code: [32m'ERR_INVALID_URL'[39m,
    input: [32m'/helplines/registry.signed.json'[39m
  }
}

[90mstderr[2m | src/components/crisis/__tests__/CrisisAlertModal.accessibility.test.tsx[2m > [22m[2mCrisisAlertModal Accessibility[2m > [22m[2mARIA Attributes[2m > [22m[2mshould have proper heading and description
[22m[39m[HelplineRegistry] Failed to fetch manifest: TypeError: Failed to parse URL from /helplines/registry.signed.json
[90m    at node:internal/deps/undici/undici:14900:13[39m
    at fetchManifest [90m(/home/engine/project/[39msrc/lib/crisisAI/HelplineRegistry.ts:186:22[90m)[39m
    at forceRefresh [90m(/home/engine/project/[39msrc/lib/crisisAI/HelplineRegistry.ts:230:22[90m)[39m
    at refresh [90m(/home/engine/project/[39msrc/lib/crisisAI/HelplineRegistry.ts:263:7[90m)[39m
    at Module.initialize [90m(/home/engine/project/[39msrc/lib/crisisAI/HelplineRegistry.ts:86:3[90m)[39m
    at initRegistry [90m(/home/engine/project/[39msrc/components/crisis/CrisisAlertModal.tsx:48:9[90m)[39m {
  [cause]: TypeError: Invalid URL
  [90m    at new URL (node:internal/url:806:29)[39m
  [90m    at new Request (node:internal/deps/undici/undici:9776:25)[39m
  [90m    at fetch (node:internal/deps/undici/undici:10505:25)[39m
  [90m    at fetch (node:internal/deps/undici/undici:14898:10)[39m
  [90m    at fetch (node:internal/bootstrap/web/exposed-window-or-worker:72:12)[39m
      at fetchManifest [90m(/home/engine/project/[39msrc/lib/crisisAI/HelplineRegistry.ts:186:28[90m)[39m
      at forceRefresh [90m(/home/engine/project/[39msrc/lib/crisisAI/HelplineRegistry.ts:230:28[90m)[39m
      at refresh [90m(/home/engine/project/[39msrc/lib/crisisAI/HelplineRegistry.ts:263:13[90m)[39m
      at Module.initialize [90m(/home/engine/project/[39msrc/lib/crisisAI/HelplineRegistry.ts:86:9[90m)[39m
      at initRegistry [90m(/home/engine/project/[39msrc/components/crisis/CrisisAlertModal.tsx:48:32[90m)[39m {
    code: [32m'ERR_INVALID_URL'[39m,
    input: [32m'/helplines/registry.signed.json'[39m
  }
}

 [31m×[39m src/components/crisis/__tests__/CrisisAlertModal.accessibility.test.tsx[2m > [22mCrisisAlertModal Accessibility[2m > [22mFocus Management[2m > [22mshould restore focus to trigger element when closed[33m 1120[2mms[22m[39m
[31m   → Found multiple elements with the role "dialog"

Here are the matching elements:

Ignored nodes: comments, script, style
[36m<div[31m
  [33maria-describedby[31m=[32m"crisis-modal-description"[31m
  [33maria-labelledby[31m=[32m"crisis-modal-title"[31m
  [33maria-modal[31m=[32m"true"[31m
  [33mclass[31m=[32m"fixed inset-0 z-50 flex items-center justify-center p-4"[31m
  [33mrole[31m=[32m"dialog"[31m
  [33mstyle[31m=[32m"opacity: 0.38992646831466116; transform: scale(0.9860947695735486);"[31m
[36m>[31m
  [36m<div[31m
    [33maria-describedby[31m=[32m"crisis-alert-description"[31m
    [33maria-labelledby[31m=[32m"crisis-alert-title"[31m
    [33maria-modal[31m=[32m"true"[31m
    [33mclass[31m=[32m"glass max-w-2xl w-full max-h-[90vh] overflow-y-auto rounded-2xl border-2 border-red-500/30"[31m
    [33mrole[31m=[32m"dialog"[31m
  [36m>[31m
    [36m<div[31m
      [33mclass[31m=[32m"sticky top-0 glass p-6 border-b border-white/10 flex items-start justify-between"[31m
    [36m>[31m
      [36m<div[31m
        [33mclass[31m=[32m"flex items-start space-x-3"[31m
      [36m>[31m
        [36m<svg[31m
          [33maria-hidden[31m=[32m"true"[31m
          [33mclass[31m=[32m"lucide lucide-triangle-alert w-6 h-6 text-red-500 flex-shrink-0 mt-1"[31m
          [33mfill[31m=[32m"none"[31m
          [33mheight[31m=[32m"24"[31m
          [33mstroke[31m=[32m"currentColor"[31m
          [33mstroke-linecap[31m=[32m"round"[31m
          [33mstroke-linejoin[31m=[32m"round"[31m
          [33mstroke-width[31m=[32m"2"[31m
          [33mviewBox[31m=[32m"0 0 24 24"[31m
          [33mwidth[31m=[32m"24"[31m
          [33mxmlns[31m=[32m"http://www.w3.org/2000/svg"[31m
        [36m>[31m
          [36m<path[31m
            [33md[31m=[32m"m21.73 18-8-14a2 2 0 0 0-3.48 0l-8 14A2 2 0 0 0 4 21h16a2 2 0 0 0 1.73-3"[31m
          [36m/>[31m
          [36m<path[31m
            [33md[31m=[32m"M12 9v4"[31m
          [36m/>[31m
          [36m<path[31m
            [33md[31m=[32m"M12 17h.01"[31m
          [36m/>[31m
        [36m</svg>[31m
        [36m<div>[31m
          [36m<h2[31m
            [33mclass[31m=[32m"text-2xl font-bold text-white mb-1"[31m
            [33mid[31m=[32m"crisis-modal-title"[31m
          [36m>[31m
            [0m🆘 We're Here to Help[0m
          [36m</h2>[31m
          [36m<p[31m
            [33mclass[31m=[32m"text-gray-300 text-sm"[31m
            [33mid[31m=[32m"crisis-modal-description"[31m
          [36m>[31m
            [0mIf you're thinking about suicide or need immediate support, you're not alone. Help is available 24/7.[0m
          [36m</p>[31m
        [36m</div>[31m
      [36m</div>[31m
    [36m</div>[31m
    [36m<div[31m
      [33mclass[31m=[32m"p-6 space-y-6"[31m
    [36m>[31m
      [36m<div[31m
        [33mclass[31m=[32m"space-y-4"[31m
      [36m>[31m
        [36m<a[31m
          [33mclass[31m=[32m"block glass p-4 rounded-xl border border-white/10 hover:border-primary transition-all group"[31m
          [33mhref[31m=[32m"tel:+91-22-27546669"[31m
          [33mtabindex[31m=[32m"0"[31m
        [36m>[31m
          [36m<div[31m
            [33mclass[31m=[32m"flex items-center justify-between"[31m
          [36m>[31m
            [36m<div>[31m
              [36m<div[31m
                [33mclass[31m=[32m"flex items-center space-x-2 mb-1"[31m
              [36m>[31m
                [36m<h3[31m
                  [33mclass[31m=[32m"text-lg font-semibold text-white"[31m
                [36m>[31m
                  [0mAasra[0m
                [36m</h3>[31m
                [36m<span[31m
                  [33mclass[31m=[32m"px-2 py-0.5 bg-blue-500/20 text-blue-300 text-xs rounded-full"[31m
                [36m>[31m
                  [0mMumbai[0m
                [36m</span>[31m
              [36m</div>[31m
              [36m<p[31m
                [33mclass[31m=[32m"text-2xl font-bold text-primary group-hover:text-purple-300 transition-colors"[31m
              [36m>[31m
                [0m+91-22-27546669[0m
              [36m</p>[31m
              [36m<p[31m
                [33mclass[31m=[32m"text-sm text-gray-400 mt-1"[31m
              [36m>[31m
                [0m24/7[0m
              [36m</p>[31m
            [36m</div>[31m
            [36m<svg[31m
              [33maria-hidden[31m=[32m"true"[31m
              [33mclass[31m=[32m"lucide lucide-phone w-8 h-8 text-primary group-hover:text-purple-300 transition-colors"[31m
              [33mfill[31m=[32m"none"[31m
              [33mheight[31m=[32m"24"[31m
              [33mstroke[31m=[32m"currentColor"[31m
              [33mstroke-linecap[31m=[32m"round"[31m
              [33mstroke-linejoin[31m=[32m"round"[31m
              [33mstroke-width[31m=[32m"2"[31m
              [33mviewBox[31m=[32m"0 0 24 24"[31m
              [33mwidth[31m=[32m"24"[31m
              [33mxmlns[31m=[32m"http://www.w3.org/2000/svg"[31m
            [36m>[31m
              [36m<path[31m
                [33md[31m=[32m"M13.832 16.568a1 1 0 0 0 1.213-.303l.355-.465A2 2 0 0 1 17 15h3a2 2 0 0 1 2 2v3a2 2 0 0 1-2 2A18 18 0 0 1 2 4a2 2 0 0 1 2-2h3a2 2 0 0 1 2 2v3a2 2 0 0 1-.8 1.6l-.468.351a1 1 0 0 0-.292 1.233 14 14 0 0 0 6.392 6.384"[31m
              [36m/>[31m
            [36m</svg>[31m
          [36m</div>[31m
        [36m</a>[31m
        [36m<a[31m
          [33mclass[31m=[32m"block glass p-4 rounded-xl border border-white/10 hover:border-primary transition-all group"[31m
          [33mhref[31m=[32m"tel:1860-266-2345"[31m
          [33mtabindex[31m=[32m"0"[31m
        [36m>[31m
          [36m<div[31m
            [33mclass[31m=[32m"flex items-center justify-between"[31m
          [36m>[31m
            [36m<div>[31m
              [36m<div[31m
                [33mclass[31m=[32m"flex items-center space-x-2 mb-1"[31m
              [36m>[31m
                [36m<h3[31m
                  [33mclass[31m=[32m"text-lg font-semibold text-white"[31m
                [36m>[31m
                  [0mVandrevala Foundation[0m
                [36m</h3>[31m
                [36m<span[31m
                  [33mclass[31m=[32m"px-2 py-0.5 bg-blue-500/20 text-blue-300 text-xs rounded-full"[31m
                [36m>[31m
                  [0mPan India[0m
                [36m</span>[31m
              [36m</div>[31m
              [36m<p[31m
                [33mclass[31m=[32m"text-2xl font-bold text-primary group-hover:text-purple-300 transition-colors"[31m
              [36m>[31m
                [0m1860-266-2345[0m
              [36m</p>[31m
              [36m<p[31m
                [33mclass[31m=[32m"text-sm text-gray-400 mt-1"[31m
              [36m>[31m
                [0m24/7[0m
              [36m</p>[31m
            [36m</div>[31m
            [36m<svg[31m
              [33maria-hidden[31m=[32m"true"[31m
              [33mclass[31m=[32m"lucide lucide-phone w-8 h-8 text-primary group-hover:text-purple-300 transition-colors"[31m
              [33mfill[31m=[32m"none"[31m
              [33mheight[31m=[32m"24"[31m
              [33mstroke[31m=[32m"currentColor"[31m
              [33mstroke-linecap[31m=[32m"round"[31m
              [33mstroke-linejoin[31m=[32m"round"[31m
              [33mstroke-width[31m=[32m"2"[31m
              [33mviewBox[31m=[32m"0 0 24 24"[31m
              [33mwidth[31m=[32m"24"[31m
              [33mxmlns[31m=[32m"http://www.w3.org/2000/svg"[31m
            [36m>[31m
              [36m<path[31m
                [33md[31m=[32m"M13.832 16.568a1 1 0 0 0 1.213-.303l.355-.465A2 2 0 0 1 17 15h3a2 2 0 0 1 2 2v3a2 2 0 0 1-2 2A18 18 0 0 1 2 4a2 2 0 0 1 2-2h3a2 2 0 0 1 2 2v3a2 2 0 0 1-.8 1.6l-.468.351a1 1 0 0 0-.292 1.233 14 14 0 0 0 6.392 6.384"[31m
              [36m/>[31m
            [36m</svg>[31m
          [36m</div>[31m
        [36m</a>[31m
      [36m</div>[31m
      [36m<div[31m
        [33mclass[31m=[32m"text-center"[31m
      [36m>[31m
        [36m<a[31m
          [33mclass[31m=[32m"inline-block text-primary hover:text-purple-300 font-medium transition-colors"[31m
          [33mhref[31m=[32m"/helplines"[31m
        [36m>[31m
          [0mView All Helplines →[0m
        [36m</a>[31m
      [36m</div>[31m
      [36m<div[31m
        [33mclass[31m=[32m"border-t border-white/10 pt-6"[31m
      [36m>[31m
        [36m<button[31m
          [33mclass[31m=[32m"w-full py-3 text-gray-400 hover:text-gray-300 text-sm transition-colors"[31m
        [36m>[31m
          [0mI'm okay, continue posting[0m
        [36m</button>[31m
      [36m</div>[31m
      [36m<div[31m
        [33mclass[31m=[32m"bg-red-500/10 border border-red-500/30 rounded-lg p-4"[31m
      [36m>[31m
        [36m<p[31m
          [33mclass[31m=[32m"text-sm text-gray-300 text-center"[31m
        [36m>[31m
          [36m<strong[31m
            [33mclass[31m=[32m"text-red-400"[31m
          [36m>[31m
            [0mEmergency:[0m
          [36m</strong>[31m
          [0m If you are in immediate danger, please call emergency services (100/112) or visit the nearest hospital.[0m
        [36m</p>[31m
      [36m</div>[31m
    [36m</div>[31m
  [36m</div>[31m
[36m</div>[31m

Ignored nodes: comments, script, style
[36m<div[31m
  [33maria-describedby[31m=[32m"crisis-alert-description"[31m
  [33maria-labelledby[31m=[32m"crisis-alert-title"[31m
  [33maria-modal[31m=[32m"true"[31m
  [33mclass[31m=[32m"glass max-w-2xl w-full max-h-[90vh] overflow-y-auto rounded-2xl border-2 border-red-500/30"[31m
  [33mrole[31m=[32m"dialog"[31m
[36m>[31m
  [36m<div[31m
    [33mclass[31m=[32m"sticky top-0 glass p-6 border-b border-white/10 flex items-start justify-between"[31m
  [36m>[31m
    [36m<div[31m
      [33mclass[31m=[32m"flex items-start space-x-3"[31m
    [36m>[31m
      [36m<svg[31m
        [33maria-hidden[31m=[32m"true"[31m
        [33mclass[31m=[32m"lucide lucide-triangle-alert w-6 h-6 text-red-500 flex-shrink-0 mt-1"[31m
        [33mfill[31m=[32m"none"[31m
        [33mheight[31m=[32m"24"[31m
        [33mstroke[31m=[32m"currentColor"[31m
        [33mstroke-linecap[31m=[32m"round"[31m
        [33mstroke-linejoin[31m=[32m"round"[31m
        [33mstroke-width[31m=[32m"2"[31m
        [33mviewBox[31m=[32m"0 0 24 24"[31m
        [33mwidth[31m=[32m"24"[31m
        [33mxmlns[31m=[32m"http://www.w3.org/2000/svg"[31m
      [36m>[31m
        [36m<path[31m
          [33md[31m=[32m"m21.73 18-8-14a2 2 0 0 0-3.48 0l-8 14A2 2 0 0 0 4 21h16a2 2 0 0 0 1.73-3"[31m
        [36m/>[31m
        [36m<path[31m
          [33md[31m=[32m"M12 9v4"[31m
        [36m/>[31m
        [36m<path[31m
          [33md[31m=[32m"M12 17h.01"[31m
        [36m/>[31m
      [36m</svg>[31m
      [36m<div>[31m
        [36m<h2[31m
          [33mclass[31m=[32m"text-2xl font-bold text-white mb-1"[31m
          [33mid[31m=[32m"crisis-modal-title"[31m
        [36m>[31m
          [0m🆘 We're Here to Help[0m
        [36m</h2>[31m
        [36m<p[31m
          [33mclass[31m=[32m"text-gray-300 text-sm"[31m
          [33mid[31m=[32m"crisis-modal-description"[31m
        [36m>[31m
          [0mIf you're thinking about suicide or need immediate support, you're not alone. Help is available 24/7.[0m
        [36m</p>[31m
      [36m</div>[31m
    [36m</div>[31m
  [36m</div>[31m
  [36m<div[31m
    [33mclass[31m=[32m"p-6 space-y-6"[31m
  [36m>[31m
    [36m<div[31m
      [33mclass[31m=[32m"space-y-4"[31m
    [36m>[31m
      [36m<a[31m
        [33mclass[31m=[32m"block glass p-4 rounded-xl border border-white/10 hover:border-primary transition-all group"[31m
        [33mhref[31m=[32m"tel:+91-22-27546669"[31m
        [33mtabindex[31m=[32m"0"[31m
      [36m>[31m
        [36m<div[31m
          [33mclass[31m=[32m"flex items-center justify-between"[31m
        [36m>[31m
          [36m<div>[31m
            [36m<div[31m
              [33mclass[31m=[32m"flex items-center space-x-2 mb-1"[31m
            [36m>[31m
              [36m<h3[31m
                [33mclass[31m=[32m"text-lg font-semibold text-white"[31m
              [36m>[31m
                [0mAasra[0m
              [36m</h3>[31m
              [36m<span[31m
                [33mclass[31m=[32m"px-2 py-0.5 bg-blue-500/20 text-blue-300 text-xs rounded-full"[31m
              [36m>[31m
                [0mMumbai[0m
              [36m</span>[31m
            [36m</div>[31m
            [36m<p[31m
              [33mclass[31m=[32m"text-2xl font-bold text-primary group-hover:text-purple-300 transition-colors"[31m
            [36m>[31m
              [0m+91-22-27546669[0m
            [36m</p>[31m
            [36m<p[31m
              [33mclass[31m=[32m"text-sm text-gray-400 mt-1"[31m
            [36m>[31m
              [0m24/7[0m
            [36m</p>[31m
          [36m</div>[31m
          [36m<svg[31m
            [33maria-hidden[31m=[32m"true"[31m
            [33mclass[31m=[32m"lucide lucide-phone w-8 h-8 text-primary group-hover:text-purple-300 transition-colors"[31m
            [33mfill[31m=[32m"none"[31m
            [33mheight[31m=[32m"24"[31m
            [33mstroke[31m=[32m"currentColor"[31m
            [33mstroke-linecap[31m=[32m"round"[31m
            [33mstroke-linejoin[31m=[32m"round"[31m
            [33mstroke-width[31m=[32m"2"[31m
            [33mviewBox[31m=[32m"0 0 24 24"[31m
            [33mwidth[31m=[32m"24"[31m
            [33mxmlns[31m=[32m"http://www.w3.org/2000/svg"[31m
          [36m>[31m
            [36m<path[31m
              [33md[31m=[32m"M13.832 16.568a1 1 0 0 0 1.213-.303l.355-.465A2 2 0 0 1 17 15h3a2 2 0 0 1 2 2v3a2 2 0 0 1-2 2A18 18 0 0 1 2 4a2 2 0 0 1 2-2h3a2 2 0 0 1 2 2v3a2 2 0 0 1-.8 1.6l-.468.351a1 1 0 0 0-.292 1.233 14 14 0 0 0 6.392 6.384"[31m
            [36m/>[31m
          [36m</svg>[31m
        [36m</div>[31m
      [36m</a>[31m
      [36m<a[31m
        [33mclass[31m=[32m"block glass p-4 rounded-xl border border-white/10 hover:border-primary transition-all group"[31m
        [33mhref[31m=[32m"tel:1860-266-2345"[31m
        [33mtabindex[31m=[32m"0"[31m
      [36m>[31m
        [36m<div[31m
          [33mclass[31m=[32m"flex items-center justify-between"[31m
        [36m>[31m
          [36m<div>[31m
            [36m<div[31m
              [33mclass[31m=[32m"flex items-center space-x-2 mb-1"[31m
            [36m>[31m
              [36m<h3[31m
                [33mclass[31m=[32m"text-lg font-semibold text-white"[31m
              [36m>[31m
                [0mVandrevala Foundation[0m
              [36m</h3>[31m
              [36m<span[31m
                [33mclass[31m=[32m"px-2 py-0.5 bg-blue-500/20 text-blue-300 text-xs rounded-full"[31m
              [36m>[31m
                [0mPan India[0m
              [36m</span>[31m
            [36m</div>[31m
            [36m<p[31m
              [33mclass[31m=[32m"text-2xl font-bold text-primary group-hover:text-purple-300 transition-colors"[31m
            [36m>[31m
              [0m1860-266-2345[0m
            [36m</p>[31m
            [36m<p[31m
              [33mclass[31m=[32m"text-sm text-gray-400 mt-1"[31m
            [36m>[31m
              [0m24/7[0m
            [36m</p>[31m
          [36m</div>[31m
          [36m<svg[31m
            [33maria-hidden[31m=[32m"true"[31m
            [33mclass[31m=[32m"lucide lucide-phone w-8 h-8 text-primary group-hover:text-purple-300 transition-colors"[31m
            [33mfill[31m=[32m"none"[31m
            [33mheight[31m=[32m"24"[31m
            [33mstroke[31m=[32m"currentColor"[31m
            [33mstroke-linecap[31m=[32m"round"[31m
            [33mstroke-linejoin[31m=[32m"round"[31m
            [33mstroke-width[31m=[32m"2"[31m
            [33mviewBox[31m=[32m"0 0 24 24"[31m
            [33mwidth[31m=[32m"24"[31m
            [33mxmlns[31m=[32m"http://www.w3.org/2000/svg"[31m
          [36m>[31m
            [36m<path[31m
              [33md[31m=[32m"M13.832 16.568a1 1 0 0 0 1.213-.303l.355-.465A2 2 0 0 1 17 15h3a2 2 0 0 1 2 2v3a2 2 0 0 1-2 2A18 18 0 0 1 2 4a2 2 0 0 1 2-2h3a2 2 0 0 1 2 2v3a2 2 0 0 1-.8 1.6l-.468.351a1 1 0 0 0-.292 1.233 14 14 0 0 0 6.392 6.384"[31m
            [36m/>[31m
          [36m</svg>[31m
        [36m</div>[31m
      [36m</a>[31m
    [36m</div>[31m
    [36m<div[31m
      [33mclass[31m=[32m"text-center"[31m
    [36m>[31m
      [36m<a[31m
        [33mclass[31m=[32m"inline-block text-primary hover:text-purple-300 font-medium transition-colors"[31m
        [33mhref[31m=[32m"/helplines"[31m
      [36m>[31m
        [0mView All Helplines →[0m
      [36m</a>[31m
    [36m</div>[31m
    [36m<div[31m
      [33mclass[31m=[32m"border-t border-white/10 pt-6"[31m
    [36m>[31m
      [36m<button[31m
        [33mclass[31m=[32m"w-full py-3 text-gray-400 hover:text-gray-300 text-sm transition-colors"[31m
      [36m>[31m
        [0mI'm okay, continue posting[0m
      [36m</button>[31m
    [36m</div>[31m
    [36m<div[31m
      [33mclass[31m=[32m"bg-red-500/10 border border-red-500/30 rounded-lg p-4"[31m
    [36m>[31m
      [36m<p[31m
        [33mclass[31m=[32m"text-sm text-gray-300 text-center"[31m
      [36m>[31m
        [36m<strong[31m
          [33mclass[31m=[32m"text-red-400"[31m
        [36m>[31m
          [0mEmergency:[0m
        [36m</strong>[31m
        [0m If you are in immediate danger, please call emergency services (100/112) or visit the nearest hospital.[0m
      [36m</p>[31m
    [36m</div>[31m
  [36m</div>[31m
[36m</div>[31m

(If this is intentional, then use the `*AllBy*` variant of the query (like `queryAllByText`, `getAllByText`, or `findAllByText`)).

Ignored nodes: comments, script, style
[36m<body>[31m
  [36m<div>[31m
    [36m<div>[31m
      [36m<button[31m
        [33mid[31m=[32m"trigger"[31m
      [36m>[31m
        [0mOpen Modal[0m
      [36m</button>[31m
      [36m<div[31m
        [33maria-hidden[31m=[32m"true"[31m
        [33mclass[31m=[32m"fixed inset-0 bg-black/80 backdrop-blur-sm z-50"[31m
        [33mstyle[31m=[32m"opacity: 0.38992646831466116;"[31m
      [36m/>[31m
      [36m<div[31m
        [33maria-describedby[31m=[32m"crisis-modal-description"[31m
        [33maria-labelledby[31m=[32m"crisis-modal-title"[31m
        [33maria-modal[31m=[32m"true"[31m
        [33mclass[31m=[32m"fixed inset-0 z-50 flex items-center justify-center p-4"[31m
        [33mrole[31m=[32m"dialog"[31m
        [33mstyle[31m=[32m"opacity: 0.38992646831466116; transform: scale(0.9860947695735486);"[31m
      [36m>[31m
        [36m<div[31m
          [33maria-describedby[31m=[32m"crisis-alert-description"[31m
          [33maria-labelledby[31m=[32m"crisis-alert-title"[31m
          [33maria-modal[31m=[32m"true"[31m
          [33mclass[31m=[32m"glass max-w-2xl w-full max-h-[90vh] overflow-y-auto rounded-2xl border-2 border-red-500/30"[31m
          [33mrole[31m=[32m"dialog"[31m
        [36m>[31m
          [36m<div[31m
            [33mclass[31m=[32m"sticky top-0 glass p-6 border-b border-white/10 flex items-start justify-between"[31m
          [36m>[31m
            [36m<div[31m
              [33mclass[31m=[32m"flex items-start space-x-3"[31m
            [36m>[31m
              [36m<svg[31m
                [33maria-hidden[31m=[32m"true"[31m
                [33mclass[31m=[32m"lucide lucide-triangle-alert w-6 h-6 text-red-500 flex-shrink-0 mt-1"[31m
                [33mfill[31m=[32m"none"[31m
                [33mheight[31m=[32m"24"[31m
                [33mstroke[31m=[32m"currentColor"[31m
                [33mstroke-linecap[31m=[32m"round"[31m
                [33mstroke-linejoin[31m=[32m"round"[31m
                [33mstroke-width[31m=[32m"2"[31m
                [33mviewBox[31m=[32m"0 0 24 24"[31m
                [33mwidth[31m=[32m"24"[31m
                [33mxmlns[31m=[32m"http://www.w3.org/2000/svg"[31m
              [36m>[31m
                [36m<path[31m
                  [33md[31m=[32m"m21.73 18-8-14a2 2 0 0 0-3.48 0l-8 14A2 2 0 0 0 4 21h16a2 2 0 0 0 1.73-3"[31m
                [36m/>[31m
                [36m<path[31m
                  [33md[31m=[32m"M12 9v4"[31m
                [36m/>[31m
                [36m<path[31m
                  [33md[31m=[32m"M12 17h.01"[31m
                [36m/>[31m
              [36m</svg>[31m
              [36m<div>[31m
                [36m<h2[31m
                  [33mclass[31m=[32m"text-2xl font-bold text-white mb-1"[31m
                  [33mid[31m=[32m"crisis-modal-title"[31m
                [36m>[31m
                  [0m🆘 We're Here to Help[0m
                [36m</h2>[31m
                [36m<p[31m
                  [33mclass[31m=[32m"text-gray-300 text-sm"[31m
                  [33mid[31m=[32m"crisis-modal-description"[31m
                [36m>[31m
                  [0mIf you're thinking about suicide or need immediate support, you're not alone. Help is available 24/7.[0m
                [36m</p>[31m
              [36m</div>[31m
            [36m</div>[31m
          [36m</div>[31m
          [36m<div[31m
            [33mclass[31m=[32m"p-6 space-y-6"[31m
          [36m>[31m
            [36m<div[31m
              [33mclass[31m=[32m"space-y-4"[31m
            [36m>[31m
              [36m<a[31m
                [33mclass[31m=[32m"block glass p-4 rounded-xl border border-white/10 hover:border-primary transition-all group"[31m
                [33mhref[31m=[32m"tel:+91-22-27546669"[31m
                [33mtabindex[31m=[32m"0"[31m
              [36m>[31m
                [36m<div[31m
                  [33mclass[31m=[32m"flex items-center justify-between"[31m
                [36m>[31m
                  [36m<div>[31m
                    [36m<div[31m
                      [33mclass[31m=[32m"flex items-center space-x-2 mb-1"[31m
                    [36m>[31m
                      [36m<h3[31m
                        [33mclass[31m=[32m"text-lg font-semibold text-white"[31m
                      [36m>[31m
                        [0mAasra[0m
                      [36m</h3>[31m
                      [36m<span[31m
                        [33mclass[31m=[32m"px-2 py-0.5 bg-blue-500/20 text-blue-300 text-xs rounded-full"[31m
                      [36m>[31m
                        [0mMumbai[0m
                      [36m</span>[31m
                    [36m</div>[31m
                    [36m<p[31m
                      [33mclass[31m=[32m"text-2xl font-bold text-primary group-hover:text-purple-300 transition-colors"[31m
                    [36m>[31m
                      [0m+91-22-27546669[0m
                    [36m</p>[31m
                    [36m<p[31m
                      [33mclass[31m=[32m"text-sm text-gray-400 mt-1"[31m
                    [36m>[31m
                      [0m24/7[0m
                    [36m</p>[31m
                  [36m</div>[31m
                  [36m<svg[31m
                    [33maria-hidden[31m=[32m"true"[31m
                    [33mclass[31m=[32m"lucide lucide-phone w-8 h-8 text-primary group-hover:text-purple-300 transition-colors"[31m
                    [33mfill[31m=[32m"none"[31m
                    [33mheight[31m=[32m"24"[31m
                    [33mstroke[31m=[32m"currentColor"[31m
                    [33mstroke-linecap[31m=[32m"round"[31m
                    [33mstroke-linejoin[31m=[32m"round"[31m
                    [33mstroke-width[31m=[32m"2"[31m
                    [33mviewBox[31m=[32m"0 0 24 24"[31m
                    [33mwidth[31m=[32m"24"[31m
                    [33mxmlns[31m=[32m"http://www.w3.org/2000/svg"[31m
                  [36m>[31m
                    [36m<path[31m
                      [33md[31m=[32m"M13.832 16.568a1 1 0 0 0 1.213-.303l.355-.465A2 2 0 0 1 17 15h3a2 2 0 0 1 2 2v3a2 2 0 0 1-2 2A18 18 0 0 1 2 4a2 2 0 0 1 2-2h3a2 2 0 0 1 2 2v3a2 2 0 0 1-.8 1.6l-.468.351a1 1 0 0 0-.292 1.233 14 14 0 0 0 6.392 6.384"[31m
                    [36m/>[31m
                  [36m</svg>[31m
                [36m</div>[31m
              [36m</a>[31m
              [36m<a[31m
                [33mclass[31m=[32m"block glass p-4 rounded-xl border border-white/10 hover:border-primary transition-all group"[31m
                [33mhref[31m=[32m"tel:1860-266-2345"[31m
                [33mtabindex[31m=[32m"0"[31m
              [36m>[31m
                [36m<div[31m
                  [33mclass[31m=[32m"flex items-center justify-between"[31m
                [36m>[31m
                  [36m<div>[31m
                    [36m<div[31m
                      [33mclass[31m=[32m"flex items-center space-x-2 mb-1"[31m
                    [36m>[31m
                      [36m<h3[31m
                        [33mclass[31m=[32m"text-lg font-semibold text-white"[31m
                      [36m>[31m
                        [0mVandrevala Foundation[0m
                      [36m</h3>[31m
                      [36m<span[31m
                        [33mclass[31m=[32m"px-2 py-0.5 bg-blue-500/20 text-blue-300 text-xs rounded-full"[31m
                      [36m>[31m
                        [0mPan India[0m
                      [36m</span>[31m
                    [36m</div>[31m
                    [36m<p[31m
                      [33mclass[31m=[32m"text-2xl font-bold text-primary group-hover:text-purple-300 transition-colors"[31m
                    [36m>[31m
                      [0m1860-266-2345[0m
                    [36m</p>[31m
                    [36m<p[31m
                      [33mclass[31m=[32m"text-sm text-gray-400 mt-1"[31m
                    [36m>[31m
                      [0m24/7[0m
                    [36m</p>[31m
                  [36m</div>[31m
                  [36m<svg[31m
                    [33maria-hidden[31m=[32m"true"[31m
                    [33mclass[31m=[32m"lucide lucide-phone w-8 h-8 text-primary group-hover:text-purple-300 transition-colors"[31m
                    [33mfill[31m=[32m"none"[31m
                    [33mheight[31m=[32m"24"[31m
                    [33mstroke[31m=[32m"currentColor"[31m
                    [33mstroke-linecap[31m=[32m"round"[31m
                    [33mstroke-linejoin[31m=[32m"round"[31m
                    [33mstroke-width[31m=[32m"2"[31m
                    [33mviewBox[31m=[32m"0 0 24 24"[31m
                    [33mwidth[31m=[32m"24"[31m
                    [33mxmlns[31m=[32m"http://www.w3.org/2000/svg"[31m
                  [36m>[31m
                    [36m<path[31m
                      [33md[31m=[32m"M13.832 16.568a1 1 0 0 0 1.213-.303l.355-.465A2 2 0 0 1 17 15h3a2 2 0 0 1 2 2v3a2 2 0 0 1-2 2A18 18 0 0 1 2 4a2 2 0 0 1 2-2h3a2 2 0 0 1 2 2v3a2 2 0 0 1-.8 1.6l-.468.351a1 1 0 0 0-.292 1.233 14 14 0 0 0 6.392 6.384"[31m
                    [36m/>[31m
                  [36m</svg>[31m
                [36m</div>[31m
              [36m</a>[31m
            [36m</div>[31m
            [36m<div[31m
              [33mclass[31m=[32m"text-center"[31m
            [36m>[31m
              [36m<a[31m
                [33mclass[31m=[32m"inline-block text-primary hover:text-purple-300 font-medium transition-colors"[31m
                [33mhref[31m=[32m"/helplines"[31m
              [36m>[31m
                [0mView All Helplines →[0m
              [36m</a>[31m
            [36m</div>[31m
            [36m<div[31m
              [33mclass[31m=[32m"border-t border-white/10 pt-6"[31m
            [36m>[31m
              [36m<button[31m
                [33mclass[31m=[32m"w-full py-3 text-gray-400 hover:text-gray-300 text-sm transition-colors"[31m
              [36m>[31m
                [0mI'm okay, continue posting[0m
              [36m</button>[31m
            [36m</div>[31m
            [36m<div[31m
              [33mclass[31m=[32m"bg-red-500/10 border border-red-500/30 rounded-lg p-4"[31m
            [36m>[31m
              [36m<p[31m
                [33mclass[31m=[32m"text-sm text-gray-300 text-center"[31m
              [36m>[31m
                [36m<strong[31m
                  [33mclass[31m=[32m"text-red-400"[31m
                [36m>[31m
                  [0mEmergency:[0m
                [36m</strong>[31m
                [0m If you are in immediate danger, please call emergency services (100/112) or visit the nearest hospital.[0m
              [36m</p>[31m
            [36m</div>[31m
          [36m</div>[31m
        [36m</div>[31m
      [36m</div>[31m
    [36m</div>[31m
  [36m</div>[31m
[36m</body>[31m

Ignored nodes: comments, script, style
[36m<html[31m
  [33mdir[31m=[32m"ltr"[31m
  [33mlang[31m=[32m"en"[31m
[36m>[31m
  [36m<head />[31m
  [36m<body>[31m
    [36m<div>[31m
      [36m<div>[31m
        [36m<button[31m
          [33mid[31m=[32m"trigger"[31m
        [36m>[31m
          [0mOpen Modal[0m
        [36m</button>[31m
        [36m<div[31m
          [33maria-hidden[31m=[32m"true"[31m
          [33mclass[31m=[32m"fixed inset-0 bg-black/80 backdrop-blur-sm z-50"[31m
          [33mstyle[31m=[32m"opacity: 0.38992646831466116;"[31m
        [36m/>[31m
        [36m<div[31m
          [33maria-describedby[31m=[32m"crisis-modal-description"[31m
          [33maria-labelledby[31m=[32m"crisis-modal-title"[31m
          [33maria-modal[31m=[32m"true"[31m
          [33mclass[31m=[32m"fixed inset-0 z-50 flex items-center justify-center p-4"[31m
          [33mrole[31m=[32m"dialog"[31m
          [33mstyle[31m=[32m"opacity: 0.38992646831466116; transform: scale(0.9860947695735486);"[31m
        [36m>[31m
          [36m<div[31m
            [33maria-describedby[31m=[32m"crisis-alert-description"[31m
            [33maria-labelledby[31m=[32m"crisis-alert-title"[31m
            [33maria-modal[31m=[32m"true"[31m
            [33mclass[31m=[32m"glass max-w-2xl w-full max-h-[90vh] overflow-y-auto rounded-2xl border-2 border-red-500/30"[31m
            [33mrole[31m=[32m"dialog"[31m
          [36m>[31m
            [36m<div[31m
              [33mclass[31m=[32m"sticky top-0 glass p-6 border-b border-white/10 flex items-start justify-between"[31m
            [36m>[31m
              [36m<div[31m
                [33mclass[31m=[32m"flex items-start space-x-3"[31m
              [36m>[31m
                [36m<svg[31m
                  [33maria-hidden[31m=[32m"true"[31m
                  [33mclass[31m=[32m"lucide lucide-triangle-alert w-6 h-6 text-red-500 flex-shrink-0 mt-1"[31m
                  [33mfill[31m=[32m"none"[31m
                  [33mheight[31m=[32m"24"[31m
                  [33mstroke[31m=[32m"currentColor"[31m
                  [33mstroke-linecap[31m=[32m"round"[31m
                  [33mstroke-linejoin[31m=[32m"round"[31m
                  [33mstroke-width[31m=[32m"2"[31m
                  [33mviewBox[31m=[32m"0 0 24 24"[31m
                  [33mwidth[31m=[32m"24"[31m
                  [33mxmlns[31m=[32m"http://www.w3.org/2000/svg"[31m
                [36m>[31m
                  [36m<path[31m
                    [33md[31m=[32m"m21.73 18-8-14a2 2 0 0 0-3.48 0l-8 14A2 2 0 0 0 4 21h16a2 2 0 0 0 1.73-3"[31m
                  [36m/>[31m
                  [36m<path[31m
                    [33md[31m=[32m"M12 9v4"[31m
                  [36m/>[31m
                  [36m<path[31m
                    [33md[31m=[32m"M12 17h.01"[31m
                  [36m/>[31m
                [36m</svg>[31m
                [36m<div>[31m
                  [36m<h2[31m
                    [33mclass[31m=[32m"text-2xl font-bold text-white mb-1"[31m
                    [33mid[31m=[32m"crisis-modal-title"[31m
                  [36m>[31m
                    [0m🆘 We're Here to Help[0m
                  [36m</h2>[31m
                  [36m<p[31m
                    [33mclass[31m=[32m"text-gray-300 text-sm"[31m
                    [33mid[31m=[32m"crisis-modal-description"[31m
                  [36m>[31m
                    [0mIf you're thinking about suicide or need immediate support, you're not alone. Help is available 24/7.[0m
                  [36m</p>[31m
                [36m</div>[31m
              [36m</div>[31m
            [36m</div>[31m
            [36m<div[31m
              [33mclass[31m=[32m"p-6 space-y-6"[31m
            [36m>[31m
              [36m<div[31m
                [33mclass[31m=[32m"space-y-4"[31m
              [36m>[31m
                [36m<a[31m
                  [33mclass[31m=[32m"block glass p-4 rounded-xl border border-white/10 hover:border-primary transition-all group"[31m
                  [33mhref[31m=[32m"tel:+91-22-27546669"[31m
                  [33mtabindex[31m=[32m"0"[31m
                [36m>[31m
                  [36m<div[31m
                    [33mclass[31m=[32m"flex items-center justify-between"[31m
                  [36m>[31m
                    [36m<div>[31m
                      [36m<div[31m
                        [33mclass[31m=[32m"flex items-center space-x-2 mb-1"[31m
                      [36m>[31m
                        [36m<h3[31m
                          [33mclass[31m=[32m"text-lg font-semibold text-white"[31m
                        [36m>[31m
                          [0mAasra[0m
                        [36m</h3>[31m
                        [36m<span[31m
                          [33mclass[31m=[32m"px-2 py-0.5 bg-blue-500/20 text-blue-300 text-xs rounded-full"[31m
                        [36m>[31m
                          [0mMumbai[0m
                        [36m</span>[31m
                      [36m</div>[31m
                      [36m<p[31m
                        [33mclass[31m=[32m"text-2xl font-bold text-primary group-hover:text-purple-300 transition-colors"[31m
                      [36m>[31m
                        [0m+91-22-27546669[0m
                      [36m</p>[31m
                      [36m<p[31m
                        [33mclass[31m=[32m"text-sm text-gray-400 mt-1"[31m
                      [36m>[31m
                        [0m24/7[0m
                      [36m</p>[31m
                    [36m</div>[31m
                    [36m<svg[31m
                      [33maria-hidden[31m=[32m"true"[31m
                      [33mclass[31m=[32m"lucide lucide-phone w-8 h-8 text-primary group-hover:text-purple-300 transition-colors"[31m
                      [33mfill[31m=[32m"none"[31m
                      [33mheight[31m=[32m"24"[31m
                      [33mstroke[31m=[32m"currentColor"[31m
                      [33mstroke-linecap[31m=[32m"round"[31m
                      [33mstroke-linejoin[31m=[32m"round"[31m
                      [33mstroke-width[31m=[32m"2"[31m
                      [33mviewBox[31m=[32m"0 0 24 24"[31m
                      [33mwidth[31m=[32m"24"[31m
                      [33mxmlns[31m=[32m"http://www.w3.org/2000/svg"[31m
                    [36m>[31m
                      [36m<path[31m
                        [33md[31m=[32m"M13.832 16.568a1 1 0 0 0 1.213-.303l.355-.465A2 2 0 0 1 17 15h3a2 2 0 0 1 2 2v3a2 2 0 0 1-2 2A18 18 0 0 1 2 4a2 2 0 0 1 2-2h3a2 2 0 0 1 2 2v3a2 2 0 0 1-.8 1.6l-.468.351a1 1 0 0 0-.292 1.233 14 14 0 0 0 6.392 6.384"[31m
                      [36m/>[31m
                    [36m</svg>[31m
                  [36m</div>[31m
                [36m</a>[31m
                [36m<a[31m
                  [33mclass[31m=[32m"block glass p-4 rounded-xl border border-white/10 hover:border-primary transition-all group"[31m
                  [33mhref[31m=[32m"tel:1860-266-2345"[31m
                  [33mtabindex[31m=[32m"0"[31m
                [36m>[31m
                  [36m<div[31m
                    [33mclass[31m=[32m"flex items-center justify-between"[31m
                  [36m>[31m
                    [36m<div>[31m
                      [36m<div[31m
                        [33mclass[31m=[32m"flex items-center space-x-2 mb-1"[31m
                      [36m>[31m
                        [36m<h3[31m
                          [33mclass[31m=[32m"text-lg font-semibold text-white"[31m
                        [36m>[31m
                          [0mVandrevala Foundation[0m
                        [36m</h3>[31m
                        [36m<span[31m
                          [33mclass[31m=[32m"px-2 py-0.5 bg-blue-500/20 text-blue-300 text-xs rounded-full"[31m
                        [36m>[31m
                          [0mPan India[0m
                        [36m</span>[31m
                      [36m</div>[31m
                      [36m<p[31m
                        [33mclass[31m=[32m"text-2xl font-bold text-primary group-hover:text-purple-300 transition-colors"[31m
                      [36m>[31m
                        [0m1860-266-2345[0m
                      [36m</p>[31m
                      [36m<p[31m
                        [33mclass[31m=[32m"text-sm text-gray-400 mt-1"[31m
                      [36m>[31m
                        [0m24/7[0m
                      [36m</p>[31m
                    [36m</div>[31m
                    [36m<svg[31m
                      [33maria-hidden[31m=[32m"true"[31m
                      [33mclass[31m=[32m"lucide lucide-phone w-8 h-8 text-primary group-hover:text-purple-300 transition-colors"[31m
                      [33mfill[31m=[32m"none"[31m
                      [33mheight[31m=[32m"24"[31m
                      [33mstroke[31m=[32m"currentColor"[31m
                      [33mstroke-linecap[31m=[32m"round"[31m
                      [33mstroke-linejoin[31m=[32m"round"[31m
                      [33mstroke-width[31m=[32m"2"[31m
                      [33mviewBox[31m=[32m"0 0 24 24"[31m
                      [33mwidth[31m=[32m"24"[31m
                      [33mxmlns[31m=[32m"http://www.w3.org/2000/svg"[31m
                    [36m>[31m
                      [36m<path[31m
                        [33md[31m=[32m"M13.832 16.568a1 1 0 0 0 1.213-.303l.355-.465A2 2 0 0 1 17 15h3a2 2 0 0 1 2 2v3a2 2 0 0 1-2 2A18 18 0 0 1 2 4a2 2 0 0 1 2-2h3a2 2 0 0 1 2 2v3a2 2 0 0 1-.8 1.6l-.468.351a1 1 0 0 0-.292 1.233 14 14 0 0 0 6.392 6.384"[31m
                      [36m/>[31m
                    [36m</svg>[31m
                  [36m</div>[31m
                [36m</a>[31m
              [36m</div>[31m
              [36m<div[31m
                [33mclass[31m=[32m"text-center"[31m
              [36m>[31m
                [36m<a[31m
                  [33mclass[31m=[32m"inline-block text-primary hover:text-purple-300 font-medium transition-colors"[31m
                  [33mhref[31m=[32m"/helplines"[31m
                [36m>[31m
                  [0mView All Helplines →[0m
                [36m</a>[31m
              [36m</div>[31m
              [36m<div[31m
                [33mclass[31m=[32m"border-t border-white/10 pt-6"[31m
              [36m>[31m
                [36m<button[31m
                  [33mclass[31m=[32m"w-full py-3 text-gray-400 hover:text-gray-300 text-sm transition-colors"[31m
                [36m>[31m
                  [0mI'm okay, continue posting[0m
                [36m</button>[31m
              [36m</div>[31m
              [36m<div[31m
                [33mclass[31m=[32m"bg-red-500/10 border border-red-500/30 rounded-lg p-4"[31m
              [36m>[31m
                [36m<p[31m
                  [33mclass[31m=[32m"text-sm text-gray-300 text-center"[31m
                [36m>[31m
                  [36m<strong[31m
                    [33mclass[31m=[32m"text-red-400"[31m
                  [36m>[31m
                    [0mEmergency:[0m
                  [36m</strong>[31m
                  [0m If you are in immediate danger, please call emergency services (100/112) or visit the nearest hospital.[0m
                [36m</p>[31m
              [36m</div>[31m
            [36m</div>[31m
          [36m</div>[31m
        [36m</div>[31m
      [36m</div>[31m
    [36m</div>[31m
  [36m</body>[31m
[36m</html>[31m[39m
 [31m×[39m src/components/crisis/__tests__/CrisisAlertModal.accessibility.test.tsx[2m > [22mCrisisAlertModal Accessibility[2m > [22mFocus Management[2m > [22mshould close modal with Escape key[32m 47[2mms[22m[39m
[31m   → Found multiple elements with the role "dialog"

Here are the matching elements:

Ignored nodes: comments, script, style
[36m<div[31m
  [33maria-describedby[31m=[32m"crisis-modal-description"[31m
  [33maria-labelledby[31m=[32m"crisis-modal-title"[31m
  [33maria-modal[31m=[32m"true"[31m
  [33mclass[31m=[32m"fixed inset-0 z-50 flex items-center justify-center p-4"[31m
  [33mrole[31m=[32m"dialog"[31m
  [33mstyle[31m=[32m"opacity: 0; transform: scale(0.95);"[31m
[36m>[31m
  [36m<div[31m
    [33maria-describedby[31m=[32m"crisis-alert-description"[31m
    [33maria-labelledby[31m=[32m"crisis-alert-title"[31m
    [33maria-modal[31m=[32m"true"[31m
    [33mclass[31m=[32m"glass max-w-2xl w-full max-h-[90vh] overflow-y-auto rounded-2xl border-2 border-red-500/30"[31m
    [33mrole[31m=[32m"dialog"[31m
  [36m>[31m
    [36m<div[31m
      [33mclass[31m=[32m"sticky top-0 glass p-6 border-b border-white/10 flex items-start justify-between"[31m
    [36m>[31m
      [36m<div[31m
        [33mclass[31m=[32m"flex items-start space-x-3"[31m
      [36m>[31m
        [36m<svg[31m
          [33maria-hidden[31m=[32m"true"[31m
          [33mclass[31m=[32m"lucide lucide-triangle-alert w-6 h-6 text-red-500 flex-shrink-0 mt-1"[31m
          [33mfill[31m=[32m"none"[31m
          [33mheight[31m=[32m"24"[31m
          [33mstroke[31m=[32m"currentColor"[31m
          [33mstroke-linecap[31m=[32m"round"[31m
          [33mstroke-linejoin[31m=[32m"round"[31m
          [33mstroke-width[31m=[32m"2"[31m
          [33mviewBox[31m=[32m"0 0 24 24"[31m
          [33mwidth[31m=[32m"24"[31m
          [33mxmlns[31m=[32m"http://www.w3.org/2000/svg"[31m
        [36m>[31m
          [36m<path[31m
            [33md[31m=[32m"m21.73 18-8-14a2 2 0 0 0-3.48 0l-8 14A2 2 0 0 0 4 21h16a2 2 0 0 0 1.73-3"[31m
          [36m/>[31m
          [36m<path[31m
            [33md[31m=[32m"M12 9v4"[31m
          [36m/>[31m
          [36m<path[31m
            [33md[31m=[32m"M12 17h.01"[31m
          [36m/>[31m
        [36m</svg>[31m
        [36m<div>[31m
          [36m<h2[31m
            [33mclass[31m=[32m"text-2xl font-bold text-white mb-1"[31m
            [33mid[31m=[32m"crisis-modal-title"[31m
          [36m>[31m
            [0m🆘 We're Here to Help[0m
          [36m</h2>[31m
          [36m<p[31m
            [33mclass[31m=[32m"text-gray-300 text-sm"[31m
            [33mid[31m=[32m"crisis-modal-description"[31m
          [36m>[31m
            [0mIf you're thinking about suicide or need immediate support, you're not alone. Help is available 24/7.[0m
          [36m</p>[31m
        [36m</div>[31m
      [36m</div>[31m
    [36m</div>[31m
    [36m<div[31m
      [33mclass[31m=[32m"p-6 space-y-6"[31m
    [36m>[31m
      [36m<div[31m
        [33mclass[31m=[32m"space-y-4"[31m
      [36m>[31m
        [36m<a[31m
          [33mclass[31m=[32m"block glass p-4 rounded-xl border border-white/10 hover:border-primary transition-all group"[31m
          [33mhref[31m=[32m"tel:+91-22-27546669"[31m
          [33mtabindex[31m=[32m"0"[31m
        [36m>[31m
          [36m<div[31m
            [33mclass[31m=[32m"flex items-center justify-between"[31m
          [36m>[31m
            [36m<div>[31m
              [36m<div[31m
                [33mclass[31m=[32m"flex items-center space-x-2 mb-1"[31m
              [36m>[31m
                [36m<h3[31m
                  [33mclass[31m=[32m"text-lg font-semibold text-white"[31m
                [36m>[31m
                  [0mAasra[0m
                [36m</h3>[31m
                [36m<span[31m
                  [33mclass[31m=[32m"px-2 py-0.5 bg-blue-500/20 text-blue-300 text-xs rounded-full"[31m
                [36m>[31m
                  [0mMumbai[0m
                [36m</span>[31m
              [36m</div>[31m
              [36m<p[31m
                [33mclass[31m=[32m"text-2xl font-bold text-primary group-hover:text-purple-300 transition-colors"[31m
              [36m>[31m
                [0m+91-22-27546669[0m
              [36m</p>[31m
              [36m<p[31m
                [33mclass[31m=[32m"text-sm text-gray-400 mt-1"[31m
              [36m>[31m
                [0m24/7[0m
              [36m</p>[31m
            [36m</div>[31m
            [36m<svg[31m
              [33maria-hidden[31m=[32m"true"[31m
              [33mclass[31m=[32m"lucide lucide-phone w-8 h-8 text-primary group-hover:text-purple-300 transition-colors"[31m
              [33mfill[31m=[32m"none"[31m
              [33mheight[31m=[32m"24"[31m
              [33mstroke[31m=[32m"currentColor"[31m
              [33mstroke-linecap[31m=[32m"round"[31m
              [33mstroke-linejoin[31m=[32m"round"[31m
              [33mstroke-width[31m=[32m"2"[31m
              [33mviewBox[31m=[32m"0 0 24 24"[31m
              [33mwidth[31m=[32m"24"[31m
              [33mxmlns[31m=[32m"http://www.w3.org/2000/svg"[31m
            [36m>[31m
              [36m<path[31m
                [33md[31m=[32m"M13.832 16.568a1 1 0 0 0 1.213-.303l.355-.465A2 2 0 0 1 17 15h3a2 2 0 0 1 2 2v3a2 2 0 0 1-2 2A18 18 0 0 1 2 4a2 2 0 0 1 2-2h3a2 2 0 0 1 2 2v3a2 2 0 0 1-.8 1.6l-.468.351a1 1 0 0 0-.292 1.233 14 14 0 0 0 6.392 6.384"[31m
              [36m/>[31m
            [36m</svg>[31m
          [36m</div>[31m
        [36m</a>[31m
        [36m<a[31m
          [33mclass[31m=[32m"block glass p-4 rounded-xl border border-white/10 hover:border-primary transition-all group"[31m
          [33mhref[31m=[32m"tel:1860-266-2345"[31m
          [33mtabindex[31m=[32m"0"[31m
        [36m>[31m
          [36m<div[31m
            [33mclass[31m=[32m"flex items-center justify-between"[31m
          [36m>[31m
            [36m<div>[31m
              [36m<div[31m
                [33mclass[31m=[32m"flex items-center space-x-2 mb-1"[31m
              [36m>[31m
                [36m<h3[31m
                  [33mclass[31m=[32m"text-lg font-semibold text-white"[31m
                [36m>[31m
                  [0mVandrevala Foundation[0m
                [36m</h3>[31m
                [36m<span[31m
                  [33mclass[31m=[32m"px-2 py-0.5 bg-blue-500/20 text-blue-300 text-xs rounded-full"[31m
                [36m>[31m
                  [0mPan India[0m
                [36m</span>[31m
              [36m</div>[31m
              [36m<p[31m
                [33mclass[31m=[32m"text-2xl font-bold text-primary group-hover:text-purple-300 transition-colors"[31m
              [36m>[31m
                [0m1860-266-2345[0m
              [36m</p>[31m
              [36m<p[31m
                [33mclass[31m=[32m"text-sm text-gray-400 mt-1"[31m
              [36m>[31m
                [0m24/7[0m
              [36m</p>[31m
            [36m</div>[31m
            [36m<svg[31m
              [33maria-hidden[31m=[32m"true"[31m
              [33mclass[31m=[32m"lucide lucide-phone w-8 h-8 text-primary group-hover:text-purple-300 transition-colors"[31m
              [33mfill[31m=[32m"none"[31m
              [33mheight[31m=[32m"24"[31m
              [33mstroke[31m=[32m"currentColor"[31m
              [33mstroke-linecap[31m=[32m"round"[31m
              [33mstroke-linejoin[31m=[32m"round"[31m
              [33mstroke-width[31m=[32m"2"[31m
              [33mviewBox[31m=[32m"0 0 24 24"[31m
              [33mwidth[31m=[32m"24"[31m
              [33mxmlns[31m=[32m"http://www.w3.org/2000/svg"[31m
            [36m>[31m
              [36m<path[31m
                [33md[31m=[32m"M13.832 16.568a1 1 0 0 0 1.213-.303l.355-.465A2 2 0 0 1 17 15h3a2 2 0 0 1 2 2v3a2 2 0 0 1-2 2A18 18 0 0 1 2 4a2 2 0 0 1 2-2h3a2 2 0 0 1 2 2v3a2 2 0 0 1-.8 1.6l-.468.351a1 1 0 0 0-.292 1.233 14 14 0 0 0 6.392 6.384"[31m
              [36m/>[31m
            [36m</svg>[31m
          [36m</div>[31m
        [36m</a>[31m
      [36m</div>[31m
      [36m<div[31m
        [33mclass[31m=[32m"text-center"[31m
      [36m>[31m
        [36m<a[31m
          [33mclass[31m=[32m"inline-block text-primary hover:text-purple-300 font-medium transition-colors"[31m
          [33mhref[31m=[32m"/helplines"[31m
        [36m>[31m
          [0mView All Helplines →[0m
        [36m</a>[31m
      [36m</div>[31m
      [36m<div[31m
        [33mclass[31m=[32m"border-t border-white/10 pt-6"[31m
      [36m>[31m
        [36m<button[31m
          [33mclass[31m=[32m"w-full py-3 text-gray-400 hover:text-gray-300 text-sm transition-colors"[31m
        [36m>[31m
          [0mI'm okay, continue posting[0m
        [36m</button>[31m
      [36m</div>[31m
      [36m<div[31m
        [33mclass[31m=[32m"bg-red-500/10 border border-red-500/30 rounded-lg p-4"[31m
      [36m>[31m
        [36m<p[31m
          [33mclass[31m=[32m"text-sm text-gray-300 text-center"[31m
        [36m>[31m
          [36m<strong[31m
            [33mclass[31m=[32m"text-red-400"[31m
          [36m>[31m
            [0mEmergency:[0m
          [36m</strong>[31m
          [0m If you are in immediate danger, please call emergency services (100/112) or visit the nearest hospital.[0m
        [36m</p>[31m
      [36m</div>[31m
    [36m</div>[31m
  [36m</div>[31m
[36m</div>[31m

Ignored nodes: comments, script, style
[36m<div[31m
  [33maria-describedby[31m=[32m"crisis-alert-description"[31m
  [33maria-labelledby[31m=[32m"crisis-alert-title"[31m
  [33maria-modal[31m=[32m"true"[31m
  [33mclass[31m=[32m"glass max-w-2xl w-full max-h-[90vh] overflow-y-auto rounded-2xl border-2 border-red-500/30"[31m
  [33mrole[31m=[32m"dialog"[31m
[36m>[31m
  [36m<div[31m
    [33mclass[31m=[32m"sticky top-0 glass p-6 border-b border-white/10 flex items-start justify-between"[31m
  [36m>[31m
    [36m<div[31m
      [33mclass[31m=[32m"flex items-start space-x-3"[31m
    [36m>[31m
      [36m<svg[31m
        [33maria-hidden[31m=[32m"true"[31m
        [33mclass[31m=[32m"lucide lucide-triangle-alert w-6 h-6 text-red-500 flex-shrink-0 mt-1"[31m
        [33mfill[31m=[32m"none"[31m
        [33mheight[31m=[32m"24"[31m
        [33mstroke[31m=[32m"currentColor"[31m
        [33mstroke-linecap[31m=[32m"round"[31m
        [33mstroke-linejoin[31m=[32m"round"[31m
        [33mstroke-width[31m=[32m"2"[31m
        [33mviewBox[31m=[32m"0 0 24 24"[31m
        [33mwidth[31m=[32m"24"[31m
        [33mxmlns[31m=[32m"http://www.w3.org/2000/svg"[31m
      [36m>[31m
        [36m<path[31m
          [33md[31m=[32m"m21.73 18-8-14a2 2 0 0 0-3.48 0l-8 14A2 2 0 0 0 4 21h16a2 2 0 0 0 1.73-3"[31m
        [36m/>[31m
        [36m<path[31m
          [33md[31m=[32m"M12 9v4"[31m
        [36m/>[31m
        [36m<path[31m
          [33md[31m=[32m"M12 17h.01"[31m
        [36m/>[31m
      [36m</svg>[31m
      [36m<div>[31m
        [36m<h2[31m
          [33mclass[31m=[32m"text-2xl font-bold text-white mb-1"[31m
          [33mid[31m=[32m"crisis-modal-title"[31m
        [36m>[31m
          [0m🆘 We're Here to Help[0m
        [36m</h2>[31m
        [36m<p[31m
          [33mclass[31m=[32m"text-gray-300 text-sm"[31m
          [33mid[31m=[32m"crisis-modal-description"[31m
        [36m>[31m
          [0mIf you're thinking about suicide or need immediate support, you're not alone. Help is available 24/7.[0m
        [36m</p>[31m
      [36m</div>[31m
    [36m</div>[31m
  [36m</div>[31m
  [36m<div[31m
    [33mclass[31m=[32m"p-6 space-y-6"[31m
  [36m>[31m
    [36m<div[31m
      [33mclass[31m=[32m"space-y-4"[31m
    [36m>[31m
      [36m<a[31m
        [33mclass[31m=[32m"block glass p-4 rounded-xl border border-white/10 hover:border-primary transition-all group"[31m
        [33mhref[31m=[32m"tel:+91-22-27546669"[31m
        [33mtabindex[31m=[32m"0"[31m
      [36m>[31m
        [36m<div[31m
          [33mclass[31m=[32m"flex items-center justify-between"[31m
        [36m>[31m
          [36m<div>[31m
            [36m<div[31m
              [33mclass[31m=[32m"flex items-center space-x-2 mb-1"[31m
            [36m>[31m
              [36m<h3[31m
                [33mclass[31m=[32m"text-lg font-semibold text-white"[31m
              [36m>[31m
                [0mAasra[0m
              [36m</h3>[31m
              [36m<span[31m
                [33mclass[31m=[32m"px-2 py-0.5 bg-blue-500/20 text-blue-300 text-xs rounded-full"[31m
              [36m>[31m
                [0mMumbai[0m
              [36m</span>[31m
            [36m</div>[31m
            [36m<p[31m
              [33mclass[31m=[32m"text-2xl font-bold text-primary group-hover:text-purple-300 transition-colors"[31m
            [36m>[31m
              [0m+91-22-27546669[0m
            [36m</p>[31m
            [36m<p[31m
              [33mclass[31m=[32m"text-sm text-gray-400 mt-1"[31m
            [36m>[31m
              [0m24/7[0m
            [36m</p>[31m
          [36m</div>[31m
          [36m<svg[31m
            [33maria-hidden[31m=[32m"true"[31m
            [33mclass[31m=[32m"lucide lucide-phone w-8 h-8 text-primary group-hover:text-purple-300 transition-colors"[31m
            [33mfill[31m=[32m"none"[31m
            [33mheight[31m=[32m"24"[31m
            [33mstroke[31m=[32m"currentColor"[31m
            [33mstroke-linecap[31m=[32m"round"[31m
            [33mstroke-linejoin[31m=[32m"round"[31m
            [33mstroke-width[31m=[32m"2"[31m
            [33mviewBox[31m=[32m"0 0 24 24"[31m
            [33mwidth[31m=[32m"24"[31m
            [33mxmlns[31m=[32m"http://www.w3.org/2000/svg"[31m
          [36m>[31m
            [36m<path[31m
              [33md[31m=[32m"M13.832 16.568a1 1 0 0 0 1.213-.303l.355-.465A2 2 0 0 1 17 15h3a2 2 0 0 1 2 2v3a2 2 0 0 1-2 2A18 18 0 0 1 2 4a2 2 0 0 1 2-2h3a2 2 0 0 1 2 2v3a2 2 0 0 1-.8 1.6l-.468.351a1 1 0 0 0-.292 1.233 14 14 0 0 0 6.392 6.384"[31m
            [36m/>[31m
          [36m</svg>[31m
        [36m</div>[31m
      [36m</a>[31m
      [36m<a[31m
        [33mclass[31m=[32m"block glass p-4 rounded-xl border border-white/10 hover:border-primary transition-all group"[31m
        [33mhref[31m=[32m"tel:1860-266-2345"[31m
        [33mtabindex[31m=[32m"0"[31m
      [36m>[31m
        [36m<div[31m
          [33mclass[31m=[32m"flex items-center justify-between"[31m
        [36m>[31m
          [36m<div>[31m
            [36m<div[31m
              [33mclass[31m=[32m"flex items-center space-x-2 mb-1"[31m
            [36m>[31m
              [36m<h3[31m
                [33mclass[31m=[32m"text-lg font-semibold text-white"[31m
              [36m>[31m
                [0mVandrevala Foundation[0m
              [36m</h3>[31m
              [36m<span[31m
                [33mclass[31m=[32m"px-2 py-0.5 bg-blue-500/20 text-blue-300 text-xs rounded-full"[31m
              [36m>[31m
                [0mPan India[0m
              [36m</span>[31m
            [36m</div>[31m
            [36m<p[31m
              [33mclass[31m=[32m"text-2xl font-bold text-primary group-hover:text-purple-300 transition-colors"[31m
            [36m>[31m
              [0m1860-266-2345[0m
            [36m</p>[31m
            [36m<p[31m
              [33mclass[31m=[32m"text-sm text-gray-400 mt-1"[31m
            [36m>[31m
              [0m24/7[0m
            [36m</p>[31m
          [36m</div>[31m
          [36m<svg[31m
            [33maria-hidden[31m=[32m"true"[31m
            [33mclass[31m=[32m"lucide lucide-phone w-8 h-8 text-primary group-hover:text-purple-300 transition-colors"[31m
            [33mfill[31m=[32m"none"[31m
            [33mheight[31m=[32m"24"[31m
            [33mstroke[31m=[32m"currentColor"[31m
            [33mstroke-linecap[31m=[32m"round"[31m
            [33mstroke-linejoin[31m=[32m"round"[31m
            [33mstroke-width[31m=[32m"2"[31m
            [33mviewBox[31m=[32m"0 0 24 24"[31m
            [33mwidth[31m=[32m"24"[31m
            [33mxmlns[31m=[32m"http://www.w3.org/2000/svg"[31m
          [36m>[31m
            [36m<path[31m
              [33md[31m=[32m"M13.832 16.568a1 1 0 0 0 1.213-.303l.355-.465A2 2 0 0 1 17 15h3a2 2 0 0 1 2 2v3a2 2 0 0 1-2 2A18 18 0 0 1 2 4a2 2 0 0 1 2-2h3a2 2 0 0 1 2 2v3a2 2 0 0 1-.8 1.6l-.468.351a1 1 0 0 0-.292 1.233 14 14 0 0 0 6.392 6.384"[31m
            [36m/>[31m
          [36m</svg>[31m
        [36m</div>[31m
      [36m</a>[31m
    [36m</div>[31m
    [36m<div[31m
      [33mclass[31m=[32m"text-center"[31m
    [36m>[31m
      [36m<a[31m
        [33mclass[31m=[32m"inline-block text-primary hover:text-purple-300 font-medium transition-colors"[31m
        [33mhref[31m=[32m"/helplines"[31m
      [36m>[31m
        [0mView All Helplines →[0m
      [36m</a>[31m
    [36m</div>[31m
    [36m<div[31m
      [33mclass[31m=[32m"border-t border-white/10 pt-6"[31m
    [36m>[31m
      [36m<button[31m
        [33mclass[31m=[32m"w-full py-3 text-gray-400 hover:text-gray-300 text-sm transition-colors"[31m
      [36m>[31m
        [0mI'm okay, continue posting[0m
      [36m</button>[31m
    [36m</div>[31m
    [36m<div[31m
      [33mclass[31m=[32m"bg-red-500/10 border border-red-500/30 rounded-lg p-4"[31m
    [36m>[31m
      [36m<p[31m
        [33mclass[31m=[32m"text-sm text-gray-300 text-center"[31m
      [36m>[31m
        [36m<strong[31m
          [33mclass[31m=[32m"text-red-400"[31m
        [36m>[31m
          [0mEmergency:[0m
        [36m</strong>[31m
        [0m If you are in immediate danger, please call emergency services (100/112) or visit the nearest hospital.[0m
      [36m</p>[31m
    [36m</div>[31m
  [36m</div>[31m
[36m</div>[31m

(If this is intentional, then use the `*AllBy*` variant of the query (like `queryAllByText`, `getAllByText`, or `findAllByText`)).

Ignored nodes: comments, script, style
[36m<body>[31m
  [36m<div>[31m
    [36m<div[31m
      [33maria-hidden[31m=[32m"true"[31m
      [33mclass[31m=[32m"fixed inset-0 bg-black/80 backdrop-blur-sm z-50"[31m
      [33mstyle[31m=[32m"opacity: 0;"[31m
    [36m/>[31m
    [36m<div[31m
      [33maria-describedby[31m=[32m"crisis-modal-description"[31m
      [33maria-labelledby[31m=[32m"crisis-modal-title"[31m
      [33maria-modal[31m=[32m"true"[31m
      [33mclass[31m=[32m"fixed inset-0 z-50 flex items-center justify-center p-4"[31m
      [33mrole[31m=[32m"dialog"[31m
      [33mstyle[31m=[32m"opacity: 0; transform: scale(0.95);"[31m
    [36m>[31m
      [36m<div[31m
        [33maria-describedby[31m=[32m"crisis-alert-description"[31m
        [33maria-labelledby[31m=[32m"crisis-alert-title"[31m
        [33maria-modal[31m=[32m"true"[31m
        [33mclass[31m=[32m"glass max-w-2xl w-full max-h-[90vh] overflow-y-auto rounded-2xl border-2 border-red-500/30"[31m
        [33mrole[31m=[32m"dialog"[31m
      [36m>[31m
        [36m<div[31m
          [33mclass[31m=[32m"sticky top-0 glass p-6 border-b border-white/10 flex items-start justify-between"[31m
        [36m>[31m
          [36m<div[31m
            [33mclass[31m=[32m"flex items-start space-x-3"[31m
          [36m>[31m
            [36m<svg[31m
              [33maria-hidden[31m=[32m"true"[31m
              [33mclass[31m=[32m"lucide lucide-triangle-alert w-6 h-6 text-red-500 flex-shrink-0 mt-1"[31m
              [33mfill[31m=[32m"none"[31m
              [33mheight[31m=[32m"24"[31m
              [33mstroke[31m=[32m"currentColor"[31m
              [33mstroke-linecap[31m=[32m"round"[31m
              [33mstroke-linejoin[31m=[32m"round"[31m
              [33mstroke-width[31m=[32m"2"[31m
              [33mviewBox[31m=[32m"0 0 24 24"[31m
              [33mwidth[31m=[32m"24"[31m
              [33mxmlns[31m=[32m"http://www.w3.org/2000/svg"[31m
            [36m>[31m
              [36m<path[31m
                [33md[31m=[32m"m21.73 18-8-14a2 2 0 0 0-3.48 0l-8 14A2 2 0 0 0 4 21h16a2 2 0 0 0 1.73-3"[31m
              [36m/>[31m
              [36m<path[31m
                [33md[31m=[32m"M12 9v4"[31m
              [36m/>[31m
              [36m<path[31m
                [33md[31m=[32m"M12 17h.01"[31m
              [36m/>[31m
            [36m</svg>[31m
            [36m<div>[31m
              [36m<h2[31m
                [33mclass[31m=[32m"text-2xl font-bold text-white mb-1"[31m
                [33mid[31m=[32m"crisis-modal-title"[31m
              [36m>[31m
                [0m🆘 We're Here to Help[0m
              [36m</h2>[31m
              [36m<p[31m
                [33mclass[31m=[32m"text-gray-300 text-sm"[31m
                [33mid[31m=[32m"crisis-modal-description"[31m
              [36m>[31m
                [0mIf you're thinking about suicide or need immediate support, you're not alone. Help is available 24/7.[0m
              [36m</p>[31m
            [36m</div>[31m
          [36m</div>[31m
        [36m</div>[31m
        [36m<div[31m
          [33mclass[31m=[32m"p-6 space-y-6"[31m
        [36m>[31m
          [36m<div[31m
            [33mclass[31m=[32m"space-y-4"[31m
          [36m>[31m
            [36m<a[31m
              [33mclass[31m=[32m"block glass p-4 rounded-xl border border-white/10 hover:border-primary transition-all group"[31m
              [33mhref[31m=[32m"tel:+91-22-27546669"[31m
              [33mtabindex[31m=[32m"0"[31m
            [36m>[31m
              [36m<div[31m
                [33mclass[31m=[32m"flex items-center justify-between"[31m
              [36m>[31m
                [36m<div>[31m
                  [36m<div[31m
                    [33mclass[31m=[32m"flex items-center space-x-2 mb-1"[31m
                  [36m>[31m
                    [36m<h3[31m
                      [33mclass[31m=[32m"text-lg font-semibold text-white"[31m
                    [36m>[31m
                      [0mAasra[0m
                    [36m</h3>[31m
                    [36m<span[31m
                      [33mclass[31m=[32m"px-2 py-0.5 bg-blue-500/20 text-blue-300 text-xs rounded-full"[31m
                    [36m>[31m
                      [0mMumbai[0m
                    [36m</span>[31m
                  [36m</div>[31m
                  [36m<p[31m
                    [33mclass[31m=[32m"text-2xl font-bold text-primary group-hover:text-purple-300 transition-colors"[31m
                  [36m>[31m
                    [0m+91-22-27546669[0m
                  [36m</p>[31m
                  [36m<p[31m
                    [33mclass[31m=[32m"text-sm text-gray-400 mt-1"[31m
                  [36m>[31m
                    [0m24/7[0m
                  [36m</p>[31m
                [36m</div>[31m
                [36m<svg[31m
                  [33maria-hidden[31m=[32m"true"[31m
                  [33mclass[31m=[32m"lucide lucide-phone w-8 h-8 text-primary group-hover:text-purple-300 transition-colors"[31m
                  [33mfill[31m=[32m"none"[31m
                  [33mheight[31m=[32m"24"[31m
                  [33mstroke[31m=[32m"currentColor"[31m
                  [33mstroke-linecap[31m=[32m"round"[31m
                  [33mstroke-linejoin[31m=[32m"round"[31m
                  [33mstroke-width[31m=[32m"2"[31m
                  [33mviewBox[31m=[32m"0 0 24 24"[31m
                  [33mwidth[31m=[32m"24"[31m
                  [33mxmlns[31m=[32m"http://www.w3.org/2000/svg"[31m
                [36m>[31m
                  [36m<path[31m
                    [33md[31m=[32m"M13.832 16.568a1 1 0 0 0 1.213-.303l.355-.465A2 2 0 0 1 17 15h3a2 2 0 0 1 2 2v3a2 2 0 0 1-2 2A18 18 0 0 1 2 4a2 2 0 0 1 2-2h3a2 2 0 0 1 2 2v3a2 2 0 0 1-.8 1.6l-.468.351a1 1 0 0 0-.292 1.233 14 14 0 0 0 6.392 6.384"[31m
                  [36m/>[31m
                [36m</svg>[31m
              [36m</div>[31m
            [36m</a>[31m
            [36m<a[31m
              [33mclass[31m=[32m"block glass p-4 rounded-xl border border-white/10 hover:border-primary transition-all group"[31m
              [33mhref[31m=[32m"tel:1860-266-2345"[31m
              [33mtabindex[31m=[32m"0"[31m
            [36m>[31m
              [36m<div[31m
                [33mclass[31m=[32m"flex items-center justify-between"[31m
              [36m>[31m
                [36m<div>[31m
                  [36m<div[31m
                    [33mclass[31m=[32m"flex items-center space-x-2 mb-1"[31m
                  [36m>[31m
                    [36m<h3[31m
                      [33mclass[31m=[32m"text-lg font-semibold text-white"[31m
                    [36m>[31m
                      [0mVandrevala Foundation[0m
                    [36m</h3>[31m
                    [36m<span[31m
                      [33mclass[31m=[32m"px-2 py-0.5 bg-blue-500/20 text-blue-300 text-xs rounded-full"[31m
                    [36m>[31m
                      [0mPan India[0m
                    [36m</span>[31m
                  [36m</div>[31m
                  [36m<p[31m
                    [33mclass[31m=[32m"text-2xl font-bold text-primary group-hover:text-purple-300 transition-colors"[31m
                  [36m>[31m
                    [0m1860-266-2345[0m
                  [36m</p>[31m
                  [36m<p[31m
                    [33mclass[31m=[32m"text-sm text-gray-400 mt-1"[31m
                  [36m>[31m
                    [0m24/7[0m
                  [36m</p>[31m
                [36m</div>[31m
                [36m<svg[31m
                  [33maria-hidden[31m=[32m"true"[31m
                  [33mclass[31m=[32m"lucide lucide-phone w-8 h-8 text-primary group-hover:text-purple-300 transition-colors"[31m
                  [33mfill[31m=[32m"none"[31m
                  [33mheight[31m=[32m"24"[31m
                  [33mstroke[31m=[32m"currentColor"[31m
                  [33mstroke-linecap[31m=[32m"round"[31m
                  [33mstroke-linejoin[31m=[32m"round"[31m
                  [33mstroke-width[31m=[32m"2"[31m
                  [33mviewBox[31m=[32m"0 0 24 24"[31m
                  [33mwidth[31m=[32m"24"[31m
                  [33mxmlns[31m=[32m"http://www.w3.org/2000/svg"[31m
                [36m>[31m
                  [36m<path[31m
                    [33md[31m=[32m"M13.832 16.568a1 1 0 0 0 1.213-.303l.355-.465A2 2 0 0 1 17 15h3a2 2 0 0 1 2 2v3a2 2 0 0 1-2 2A18 18 0 0 1 2 4a2 2 0 0 1 2-2h3a2 2 0 0 1 2 2v3a2 2 0 0 1-.8 1.6l-.468.351a1 1 0 0 0-.292 1.233 14 14 0 0 0 6.392 6.384"[31m
                  [36m/>[31m
                [36m</svg>[31m
              [36m</div>[31m
            [36m</a>[31m
          [36m</div>[31m
          [36m<div[31m
            [33mclass[31m=[32m"text-center"[31m
          [36m>[31m
            [36m<a[31m
              [33mclass[31m=[32m"inline-block text-primary hover:text-purple-300 font-medium transition-colors"[31m
              [33mhref[31m=[32m"/helplines"[31m
            [36m>[31m
              [0mView All Helplines →[0m
            [36m</a>[31m
          [36m</div>[31m
          [36m<div[31m
            [33mclass[31m=[32m"border-t border-white/10 pt-6"[31m
          [36m>[31m
            [36m<button[31m
              [33mclass[31m=[32m"w-full py-3 text-gray-400 hover:text-gray-300 text-sm transition-colors"[31m
            [36m>[31m
              [0mI'm okay, continue posting[0m
            [36m</button>[31m
          [36m</div>[31m
          [36m<div[31m
            [33mclass[31m=[32m"bg-red-500/10 border border-red-500/30 rounded-lg p-4"[31m
          [36m>[31m
            [36m<p[31m
              [33mclass[31m=[32m"text-sm text-gray-300 text-center"[31m
            [36m>[31m
              [36m<strong[31m
                [33mclass[31m=[32m"text-red-400"[31m
              [36m>[31m
                [0mEmergency:[0m
              [36m</strong>[31m
              [0m If you are in immediate danger, please call emergency services (100/112) or visit the nearest hospital.[0m
            [36m</p>[31m
          [36m</div>[31m
        [36m</div>[31m
      [36m</div>[31m
    [36m</div>[31m
  [36m</div>[31m
[36m</body>[31m[39m
[90mstderr[2m | src/components/crisis/__tests__/CrisisAlertModal.accessibility.test.tsx[2m > [22m[2mCrisisAlertModal Accessibility[2m > [22m[2mARIA Attributes[2m > [22m[2mshould have proper heading and description
[22m[39mAn update to CrisisAlertModal inside a test was not wrapped in act(...).

When testing, code that causes React state updates should be wrapped into act(...):

act(() => {
  /* fire events that update state */
});
/* assert on the output */

This ensures that you're testing the behavior the user would see in the browser. Learn more at https://react.dev/link/wrap-tests-with-act
An update to CrisisAlertModal inside a test was not wrapped in act(...).

When testing, code that causes React state updates should be wrapped into act(...):

act(() => {
  /* fire events that update state */
});
/* assert on the output */

This ensures that you're testing the behavior the user would see in the browser. Learn more at https://react.dev/link/wrap-tests-with-act

[90mstderr[2m | src/components/crisis/__tests__/CrisisAlertModal.accessibility.test.tsx[2m > [22m[2mCrisisAlertModal Accessibility[2m > [22m[2mARIA Attributes[2m > [22m[2mshould have accessible helpline links
[22m[39m[HelplineRegistry] Failed to fetch manifest: TypeError: Failed to parse URL from /helplines/registry.signed.json
[90m    at node:internal/deps/undici/undici:14900:13[39m
    at fetchManifest [90m(/home/engine/project/[39msrc/lib/crisisAI/HelplineRegistry.ts:186:22[90m)[39m
    at forceRefresh [90m(/home/engine/project/[39msrc/lib/crisisAI/HelplineRegistry.ts:230:22[90m)[39m
    at refresh [90m(/home/engine/project/[39msrc/lib/crisisAI/HelplineRegistry.ts:263:7[90m)[39m
    at Module.initialize [90m(/home/engine/project/[39msrc/lib/crisisAI/HelplineRegistry.ts:86:3[90m)[39m
    at initRegistry [90m(/home/engine/project/[39msrc/components/crisis/CrisisAlertModal.tsx:48:9[90m)[39m {
  [cause]: TypeError: Invalid URL
  [90m    at new URL (node:internal/url:806:29)[39m
  [90m    at new Request (node:internal/deps/undici/undici:9776:25)[39m
  [90m    at fetch (node:internal/deps/undici/undici:10505:25)[39m
  [90m    at fetch (node:internal/deps/undici/undici:14898:10)[39m
  [90m    at fetch (node:internal/bootstrap/web/exposed-window-or-worker:72:12)[39m
      at fetchManifest [90m(/home/engine/project/[39msrc/lib/crisisAI/HelplineRegistry.ts:186:28[90m)[39m
      at forceRefresh [90m(/home/engine/project/[39msrc/lib/crisisAI/HelplineRegistry.ts:230:28[90m)[39m
      at refresh [90m(/home/engine/project/[39msrc/lib/crisisAI/HelplineRegistry.ts:263:13[90m)[39m
      at Module.initialize [90m(/home/engine/project/[39msrc/lib/crisisAI/HelplineRegistry.ts:86:9[90m)[39m
      at initRegistry [90m(/home/engine/project/[39msrc/components/crisis/CrisisAlertModal.tsx:48:32[90m)[39m {
    code: [32m'ERR_INVALID_URL'[39m,
    input: [32m'/helplines/registry.signed.json'[39m
  }
}

[90mstderr[2m | src/components/crisis/__tests__/CrisisAlertModal.accessibility.test.tsx[2m > [22m[2mCrisisAlertModal Accessibility[2m > [22m[2mARIA Attributes[2m > [22m[2mshould have accessible helpline links
[22m[39mAn update to CrisisAlertModal inside a test was not wrapped in act(...).

When testing, code that causes React state updates should be wrapped into act(...):

act(() => {
  /* fire events that update state */
});
/* assert on the output */

This ensures that you're testing the behavior the user would see in the browser. Learn more at https://react.dev/link/wrap-tests-with-act
An update to CrisisAlertModal inside a test was not wrapped in act(...).

When testing, code that causes React state updates should be wrapped into act(...):

act(() => {
  /* fire events that update state */
});
/* assert on the output */

This ensures that you're testing the behavior the user would see in the browser. Learn more at https://react.dev/link/wrap-tests-with-act

[90mstderr[2m | src/components/crisis/__tests__/CrisisAlertModal.accessibility.test.tsx[2m > [22m[2mCrisisAlertModal Accessibility[2m > [22m[2mKeyboard Navigation[2m > [22m[2mshould activate helpline links with Enter key
[22m[39m[HelplineRegistry] Failed to fetch manifest: TypeError: Failed to parse URL from /helplines/registry.signed.json
[90m    at node:internal/deps/undici/undici:14900:13[39m
    at fetchManifest [90m(/home/engine/project/[39msrc/lib/crisisAI/HelplineRegistry.ts:186:22[90m)[39m
    at forceRefresh [90m(/home/engine/project/[39msrc/lib/crisisAI/HelplineRegistry.ts:230:22[90m)[39m
    at refresh [90m(/home/engine/project/[39msrc/lib/crisisAI/HelplineRegistry.ts:263:7[90m)[39m
    at Module.initialize [90m(/home/engine/project/[39msrc/lib/crisisAI/HelplineRegistry.ts:86:3[90m)[39m
    at initRegistry [90m(/home/engine/project/[39msrc/components/crisis/CrisisAlertModal.tsx:48:9[90m)[39m {
  [cause]: TypeError: Invalid URL
  [90m    at new URL (node:internal/url:806:29)[39m
  [90m    at new Request (node:internal/deps/undici/undici:9776:25)[39m
  [90m    at fetch (node:internal/deps/undici/undici:10505:25)[39m
  [90m    at fetch (node:internal/deps/undici/undici:14898:10)[39m
  [90m    at fetch (node:internal/bootstrap/web/exposed-window-or-worker:72:12)[39m
      at fetchManifest [90m(/home/engine/project/[39msrc/lib/crisisAI/HelplineRegistry.ts:186:28[90m)[39m
      at forceRefresh [90m(/home/engine/project/[39msrc/lib/crisisAI/HelplineRegistry.ts:230:28[90m)[39m
      at refresh [90m(/home/engine/project/[39msrc/lib/crisisAI/HelplineRegistry.ts:263:13[90m)[39m
      at Module.initialize [90m(/home/engine/project/[39msrc/lib/crisisAI/HelplineRegistry.ts:86:9[90m)[39m
      at initRegistry [90m(/home/engine/project/[39msrc/components/crisis/CrisisAlertModal.tsx:48:32[90m)[39m {
    code: [32m'ERR_INVALID_URL'[39m,
    input: [32m'/helplines/registry.signed.json'[39m
  }
}

[90mstderr[2m | src/components/crisis/__tests__/CrisisAlertModal.accessibility.test.tsx[2m > [22m[2mCrisisAlertModal Accessibility[2m > [22m[2mKeyboard Navigation[2m > [22m[2mshould activate helpline links with Enter key
[22m[39mNot implemented: navigation to another Document

[90mstderr[2m | src/components/crisis/__tests__/CrisisAlertModal.accessibility.test.tsx[2m > [22m[2mCrisisAlertModal Accessibility[2m > [22m[2mKeyboard Navigation[2m > [22m[2mshould activate continue button with Enter and Space
[22m[39m[HelplineRegistry] Failed to fetch manifest: TypeError: Failed to parse URL from /helplines/registry.signed.json
[90m    at node:internal/deps/undici/undici:14900:13[39m
    at fetchManifest [90m(/home/engine/project/[39msrc/lib/crisisAI/HelplineRegistry.ts:186:22[90m)[39m
    at forceRefresh [90m(/home/engine/project/[39msrc/lib/crisisAI/HelplineRegistry.ts:230:22[90m)[39m
    at refresh [90m(/home/engine/project/[39msrc/lib/crisisAI/HelplineRegistry.ts:263:7[90m)[39m
    at Module.initialize [90m(/home/engine/project/[39msrc/lib/crisisAI/HelplineRegistry.ts:86:3[90m)[39m
    at initRegistry [90m(/home/engine/project/[39msrc/components/crisis/CrisisAlertModal.tsx:48:9[90m)[39m {
  [cause]: TypeError: Invalid URL
  [90m    at new URL (node:internal/url:806:29)[39m
  [90m    at new Request (node:internal/deps/undici/undici:9776:25)[39m
  [90m    at fetch (node:internal/deps/undici/undici:10505:25)[39m
  [90m    at fetch (node:internal/deps/undici/undici:14898:10)[39m
  [90m    at fetch (node:internal/bootstrap/web/exposed-window-or-worker:72:12)[39m
      at fetchManifest [90m(/home/engine/project/[39msrc/lib/crisisAI/HelplineRegistry.ts:186:28[90m)[39m
      at forceRefresh [90m(/home/engine/project/[39msrc/lib/crisisAI/HelplineRegistry.ts:230:28[90m)[39m
      at refresh [90m(/home/engine/project/[39msrc/lib/crisisAI/HelplineRegistry.ts:263:13[90m)[39m
      at Module.initialize [90m(/home/engine/project/[39msrc/lib/crisisAI/HelplineRegistry.ts:86:9[90m)[39m
      at initRegistry [90m(/home/engine/project/[39msrc/components/crisis/CrisisAlertModal.tsx:48:32[90m)[39m {
    code: [32m'ERR_INVALID_URL'[39m,
    input: [32m'/helplines/registry.signed.json'[39m
  }
}

[90mstderr[2m | src/components/crisis/__tests__/CrisisAlertModal.accessibility.test.tsx[2m > [22m[2mCrisisAlertModal Accessibility[2m > [22m[2mKeyboard Navigation[2m > [22m[2mshould navigate through all interactive elements
[22m[39m[HelplineRegistry] Failed to fetch manifest: TypeError: Failed to parse URL from /helplines/registry.signed.json
[90m    at node:internal/deps/undici/undici:14900:13[39m
    at fetchManifest [90m(/home/engine/project/[39msrc/lib/crisisAI/HelplineRegistry.ts:186:22[90m)[39m
    at forceRefresh [90m(/home/engine/project/[39msrc/lib/crisisAI/HelplineRegistry.ts:230:22[90m)[39m
    at refresh [90m(/home/engine/project/[39msrc/lib/crisisAI/HelplineRegistry.ts:263:7[90m)[39m
    at Module.initialize [90m(/home/engine/project/[39msrc/lib/crisisAI/HelplineRegistry.ts:86:3[90m)[39m
    at initRegistry [90m(/home/engine/project/[39msrc/components/crisis/CrisisAlertModal.tsx:48:9[90m)[39m {
  [cause]: TypeError: Invalid URL
  [90m    at new URL (node:internal/url:806:29)[39m
  [90m    at new Request (node:internal/deps/undici/undici:9776:25)[39m
  [90m    at fetch (node:internal/deps/undici/undici:10505:25)[39m
  [90m    at fetch (node:internal/deps/undici/undici:14898:10)[39m
  [90m    at fetch (node:internal/bootstrap/web/exposed-window-or-worker:72:12)[39m
      at fetchManifest [90m(/home/engine/project/[39msrc/lib/crisisAI/HelplineRegistry.ts:186:28[90m)[39m
      at forceRefresh [90m(/home/engine/project/[39msrc/lib/crisisAI/HelplineRegistry.ts:230:28[90m)[39m
      at refresh [90m(/home/engine/project/[39msrc/lib/crisisAI/HelplineRegistry.ts:263:13[90m)[39m
      at Module.initialize [90m(/home/engine/project/[39msrc/lib/crisisAI/HelplineRegistry.ts:86:9[90m)[39m
      at initRegistry [90m(/home/engine/project/[39msrc/components/crisis/CrisisAlertModal.tsx:48:32[90m)[39m {
    code: [32m'ERR_INVALID_URL'[39m,
    input: [32m'/helplines/registry.signed.json'[39m
  }
}

[90mstderr[2m | src/components/crisis/__tests__/CrisisAlertModal.accessibility.test.tsx[2m > [22m[2mCrisisAlertModal Accessibility[2m > [22m[2mScreen Reader Support[2m > [22m[2mshould have descriptive content for all interactive elements
[22m[39m[HelplineRegistry] Failed to fetch manifest: TypeError: Failed to parse URL from /helplines/registry.signed.json
[90m    at node:internal/deps/undici/undici:14900:13[39m
    at fetchManifest [90m(/home/engine/project/[39msrc/lib/crisisAI/HelplineRegistry.ts:186:22[90m)[39m
    at forceRefresh [90m(/home/engine/project/[39msrc/lib/crisisAI/HelplineRegistry.ts:230:22[90m)[39m
    at refresh [90m(/home/engine/project/[39msrc/lib/crisisAI/HelplineRegistry.ts:263:7[90m)[39m
    at Module.initialize [90m(/home/engine/project/[39msrc/lib/crisisAI/HelplineRegistry.ts:86:3[90m)[39m
    at initRegistry [90m(/home/engine/project/[39msrc/components/crisis/CrisisAlertModal.tsx:48:9[90m)[39m {
  [cause]: TypeError: Invalid URL
  [90m    at new URL (node:internal/url:806:29)[39m
  [90m    at new Request (node:internal/deps/undici/undici:9776:25)[39m
  [90m    at fetch (node:internal/deps/undici/undici:10505:25)[39m
  [90m    at fetch (node:internal/deps/undici/undici:14898:10)[39m
  [90m    at fetch (node:internal/bootstrap/web/exposed-window-or-worker:72:12)[39m
      at fetchManifest [90m(/home/engine/project/[39msrc/lib/crisisAI/HelplineRegistry.ts:186:28[90m)[39m
      at forceRefresh [90m(/home/engine/project/[39msrc/lib/crisisAI/HelplineRegistry.ts:230:28[90m)[39m
      at refresh [90m(/home/engine/project/[39msrc/lib/crisisAI/HelplineRegistry.ts:263:13[90m)[39m
      at Module.initialize [90m(/home/engine/project/[39msrc/lib/crisisAI/HelplineRegistry.ts:86:9[90m)[39m
      at initRegistry [90m(/home/engine/project/[39msrc/components/crisis/CrisisAlertModal.tsx:48:32[90m)[39m {
    code: [32m'ERR_INVALID_URL'[39m,
    input: [32m'/helplines/registry.signed.json'[39m
  }
}

 [32m✓[39m src/components/crisis/__tests__/CrisisAlertModal.accessibility.test.tsx[2m > [22mCrisisAlertModal Accessibility[2m > [22mARIA Attributes[2m > [22mshould have accessible helpline links[32m 168[2mms[22m[39m
 [31m×[39m src/components/crisis/__tests__/CrisisAlertModal.accessibility.test.tsx[2m > [22mCrisisAlertModal Accessibility[2m > [22mARIA Attributes[2m > [22mshould have proper dialog attributes[32m 72[2mms[22m[39m
[31m   → Found multiple elements with the role "dialog"

Here are the matching elements:

Ignored nodes: comments, script, style
[36m<div[31m
  [33maria-describedby[31m=[32m"crisis-modal-description"[31m
  [33maria-labelledby[31m=[32m"crisis-modal-title"[31m
  [33maria-modal[31m=[32m"true"[31m
  [33mclass[31m=[32m"fixed inset-0 z-50 flex items-center justify-center p-4"[31m
  [33mrole[31m=[32m"dialog"[31m
  [33mstyle[31m=[32m"opacity: 0; transform: scale(0.95);"[31m
[36m>[31m
  [36m<div[31m
    [33maria-describedby[31m=[32m"crisis-alert-description"[31m
    [33maria-labelledby[31m=[32m"crisis-alert-title"[31m
    [33maria-modal[31m=[32m"true"[31m
    [33mclass[31m=[32m"glass max-w-2xl w-full max-h-[90vh] overflow-y-auto rounded-2xl border-2 border-red-500/30"[31m
    [33mrole[31m=[32m"dialog"[31m
  [36m>[31m
    [36m<div[31m
      [33mclass[31m=[32m"sticky top-0 glass p-6 border-b border-white/10 flex items-start justify-between"[31m
    [36m>[31m
      [36m<div[31m
        [33mclass[31m=[32m"flex items-start space-x-3"[31m
      [36m>[31m
        [36m<svg[31m
          [33maria-hidden[31m=[32m"true"[31m
          [33mclass[31m=[32m"lucide lucide-triangle-alert w-6 h-6 text-red-500 flex-shrink-0 mt-1"[31m
          [33mfill[31m=[32m"none"[31m
          [33mheight[31m=[32m"24"[31m
          [33mstroke[31m=[32m"currentColor"[31m
          [33mstroke-linecap[31m=[32m"round"[31m
          [33mstroke-linejoin[31m=[32m"round"[31m
          [33mstroke-width[31m=[32m"2"[31m
          [33mviewBox[31m=[32m"0 0 24 24"[31m
          [33mwidth[31m=[32m"24"[31m
          [33mxmlns[31m=[32m"http://www.w3.org/2000/svg"[31m
        [36m>[31m
          [36m<path[31m
            [33md[31m=[32m"m21.73 18-8-14a2 2 0 0 0-3.48 0l-8 14A2 2 0 0 0 4 21h16a2 2 0 0 0 1.73-3"[31m
          [36m/>[31m
          [36m<path[31m
            [33md[31m=[32m"M12 9v4"[31m
          [36m/>[31m
          [36m<path[31m
            [33md[31m=[32m"M12 17h.01"[31m
          [36m/>[31m
        [36m</svg>[31m
        [36m<div>[31m
          [36m<h2[31m
            [33mclass[31m=[32m"text-2xl font-bold text-white mb-1"[31m
            [33mid[31m=[32m"crisis-modal-title"[31m
          [36m>[31m
            [0m🆘 We're Here to Help[0m
          [36m</h2>[31m
          [36m<p[31m
            [33mclass[31m=[32m"text-gray-300 text-sm"[31m
            [33mid[31m=[32m"crisis-modal-description"[31m
          [36m>[31m
            [0mIf you're thinking about suicide or need immediate support, you're not alone. Help is available 24/7.[0m
          [36m</p>[31m
        [36m</div>[31m
      [36m</div>[31m
    [36m</div>[31m
    [36m<div[31m
      [33mclass[31m=[32m"p-6 space-y-6"[31m
    [36m>[31m
      [36m<div[31m
        [33mclass[31m=[32m"space-y-4"[31m
      [36m>[31m
        [36m<a[31m
          [33mclass[31m=[32m"block glass p-4 rounded-xl border border-white/10 hover:border-primary transition-all group"[31m
          [33mhref[31m=[32m"tel:+91-22-27546669"[31m
          [33mtabindex[31m=[32m"0"[31m
        [36m>[31m
          [36m<div[31m
            [33mclass[31m=[32m"flex items-center justify-between"[31m
          [36m>[31m
            [36m<div>[31m
              [36m<div[31m
                [33mclass[31m=[32m"flex items-center space-x-2 mb-1"[31m
              [36m>[31m
                [36m<h3[31m
                  [33mclass[31m=[32m"text-lg font-semibold text-white"[31m
                [36m>[31m
                  [0mAasra[0m
                [36m</h3>[31m
                [36m<span[31m
                  [33mclass[31m=[32m"px-2 py-0.5 bg-blue-500/20 text-blue-300 text-xs rounded-full"[31m
                [36m>[31m
                  [0mMumbai[0m
                [36m</span>[31m
              [36m</div>[31m
              [36m<p[31m
                [33mclass[31m=[32m"text-2xl font-bold text-primary group-hover:text-purple-300 transition-colors"[31m
              [36m>[31m
                [0m+91-22-27546669[0m
              [36m</p>[31m
              [36m<p[31m
                [33mclass[31m=[32m"text-sm text-gray-400 mt-1"[31m
              [36m>[31m
                [0m24/7[0m
              [36m</p>[31m
            [36m</div>[31m
            [36m<svg[31m
              [33maria-hidden[31m=[32m"true"[31m
              [33mclass[31m=[32m"lucide lucide-phone w-8 h-8 text-primary group-hover:text-purple-300 transition-colors"[31m
              [33mfill[31m=[32m"none"[31m
              [33mheight[31m=[32m"24"[31m
              [33mstroke[31m=[32m"currentColor"[31m
              [33mstroke-linecap[31m=[32m"round"[31m
              [33mstroke-linejoin[31m=[32m"round"[31m
              [33mstroke-width[31m=[32m"2"[31m
              [33mviewBox[31m=[32m"0 0 24 24"[31m
              [33mwidth[31m=[32m"24"[31m
              [33mxmlns[31m=[32m"http://www.w3.org/2000/svg"[31m
            [36m>[31m
              [36m<path[31m
                [33md[31m=[32m"M13.832 16.568a1 1 0 0 0 1.213-.303l.355-.465A2 2 0 0 1 17 15h3a2 2 0 0 1 2 2v3a2 2 0 0 1-2 2A18 18 0 0 1 2 4a2 2 0 0 1 2-2h3a2 2 0 0 1 2 2v3a2 2 0 0 1-.8 1.6l-.468.351a1 1 0 0 0-.292 1.233 14 14 0 0 0 6.392 6.384"[31m
              [36m/>[31m
            [36m</svg>[31m
          [36m</div>[31m
        [36m</a>[31m
        [36m<a[31m
          [33mclass[31m=[32m"block glass p-4 rounded-xl border border-white/10 hover:border-primary transition-all group"[31m
          [33mhref[31m=[32m"tel:1860-266-2345"[31m
          [33mtabindex[31m=[32m"0"[31m
        [36m>[31m
          [36m<div[31m
            [33mclass[31m=[32m"flex items-center justify-between"[31m
          [36m>[31m
            [36m<div>[31m
              [36m<div[31m
                [33mclass[31m=[32m"flex items-center space-x-2 mb-1"[31m
              [36m>[31m
                [36m<h3[31m
                  [33mclass[31m=[32m"text-lg font-semibold text-white"[31m
                [36m>[31m
                  [0mVandrevala Foundation[0m
                [36m</h3>[31m
                [36m<span[31m
                  [33mclass[31m=[32m"px-2 py-0.5 bg-blue-500/20 text-blue-300 text-xs rounded-full"[31m
                [36m>[31m
                  [0mPan India[0m
                [36m</span>[31m
              [36m</div>[31m
              [36m<p[31m
                [33mclass[31m=[32m"text-2xl font-bold text-primary group-hover:text-purple-300 transition-colors"[31m
              [36m>[31m
                [0m1860-266-2345[0m
              [36m</p>[31m
              [36m<p[31m
                [33mclass[31m=[32m"text-sm text-gray-400 mt-1"[31m
              [36m>[31m
                [0m24/7[0m
              [36m</p>[31m
            [36m</div>[31m
            [36m<svg[31m
              [33maria-hidden[31m=[32m"true"[31m
              [33mclass[31m=[32m"lucide lucide-phone w-8 h-8 text-primary group-hover:text-purple-300 transition-colors"[31m
              [33mfill[31m=[32m"none"[31m
              [33mheight[31m=[32m"24"[31m
              [33mstroke[31m=[32m"currentColor"[31m
              [33mstroke-linecap[31m=[32m"round"[31m
              [33mstroke-linejoin[31m=[32m"round"[31m
              [33mstroke-width[31m=[32m"2"[31m
              [33mviewBox[31m=[32m"0 0 24 24"[31m
              [33mwidth[31m=[32m"24"[31m
              [33mxmlns[31m=[32m"http://www.w3.org/2000/svg"[31m
            [36m>[31m
              [36m<path[31m
                [33md[31m=[32m"M13.832 16.568a1 1 0 0 0 1.213-.303l.355-.465A2 2 0 0 1 17 15h3a2 2 0 0 1 2 2v3a2 2 0 0 1-2 2A18 18 0 0 1 2 4a2 2 0 0 1 2-2h3a2 2 0 0 1 2 2v3a2 2 0 0 1-.8 1.6l-.468.351a1 1 0 0 0-.292 1.233 14 14 0 0 0 6.392 6.384"[31m
              [36m/>[31m
            [36m</svg>[31m
          [36m</div>[31m
        [36m</a>[31m
      [36m</div>[31m
      [36m<div[31m
        [33mclass[31m=[32m"text-center"[31m
      [36m>[31m
        [36m<a[31m
          [33mclass[31m=[32m"inline-block text-primary hover:text-purple-300 font-medium transition-colors"[31m
          [33mhref[31m=[32m"/helplines"[31m
        [36m>[31m
          [0mView All Helplines →[0m
        [36m</a>[31m
      [36m</div>[31m
      [36m<div[31m
        [33mclass[31m=[32m"border-t border-white/10 pt-6"[31m
      [36m>[31m
        [36m<button[31m
          [33mclass[31m=[32m"w-full py-3 text-gray-400 hover:text-gray-300 text-sm transition-colors"[31m
        [36m>[31m
          [0mI'm okay, continue posting[0m
        [36m</button>[31m
      [36m</div>[31m
      [36m<div[31m
        [33mclass[31m=[32m"bg-red-500/10 border border-red-500/30 rounded-lg p-4"[31m
      [36m>[31m
        [36m<p[31m
          [33mclass[31m=[32m"text-sm text-gray-300 text-center"[31m
        [36m>[31m
          [36m<strong[31m
            [33mclass[31m=[32m"text-red-400"[31m
          [36m>[31m
            [0mEmergency:[0m
          [36m</strong>[31m
          [0m If you are in immediate danger, please call emergency services (100/112) or visit the nearest hospital.[0m
        [36m</p>[31m
      [36m</div>[31m
    [36m</div>[31m
  [36m</div>[31m
[36m</div>[31m

Ignored nodes: comments, script, style
[36m<div[31m
  [33maria-describedby[31m=[32m"crisis-alert-description"[31m
  [33maria-labelledby[31m=[32m"crisis-alert-title"[31m
  [33maria-modal[31m=[32m"true"[31m
  [33mclass[31m=[32m"glass max-w-2xl w-full max-h-[90vh] overflow-y-auto rounded-2xl border-2 border-red-500/30"[31m
  [33mrole[31m=[32m"dialog"[31m
[36m>[31m
  [36m<div[31m
    [33mclass[31m=[32m"sticky top-0 glass p-6 border-b border-white/10 flex items-start justify-between"[31m
  [36m>[31m
    [36m<div[31m
      [33mclass[31m=[32m"flex items-start space-x-3"[31m
    [36m>[31m
      [36m<svg[31m
        [33maria-hidden[31m=[32m"true"[31m
        [33mclass[31m=[32m"lucide lucide-triangle-alert w-6 h-6 text-red-500 flex-shrink-0 mt-1"[31m
        [33mfill[31m=[32m"none"[31m
        [33mheight[31m=[32m"24"[31m
        [33mstroke[31m=[32m"currentColor"[31m
        [33mstroke-linecap[31m=[32m"round"[31m
        [33mstroke-linejoin[31m=[32m"round"[31m
        [33mstroke-width[31m=[32m"2"[31m
        [33mviewBox[31m=[32m"0 0 24 24"[31m
        [33mwidth[31m=[32m"24"[31m
        [33mxmlns[31m=[32m"http://www.w3.org/2000/svg"[31m
      [36m>[31m
        [36m<path[31m
          [33md[31m=[32m"m21.73 18-8-14a2 2 0 0 0-3.48 0l-8 14A2 2 0 0 0 4 21h16a2 2 0 0 0 1.73-3"[31m
        [36m/>[31m
        [36m<path[31m
          [33md[31m=[32m"M12 9v4"[31m
        [36m/>[31m
        [36m<path[31m
          [33md[31m=[32m"M12 17h.01"[31m
        [36m/>[31m
      [36m</svg>[31m
      [36m<div>[31m
        [36m<h2[31m
          [33mclass[31m=[32m"text-2xl font-bold text-white mb-1"[31m
          [33mid[31m=[32m"crisis-modal-title"[31m
        [36m>[31m
          [0m🆘 We're Here to Help[0m
        [36m</h2>[31m
        [36m<p[31m
          [33mclass[31m=[32m"text-gray-300 text-sm"[31m
          [33mid[31m=[32m"crisis-modal-description"[31m
        [36m>[31m
          [0mIf you're thinking about suicide or need immediate support, you're not alone. Help is available 24/7.[0m
        [36m</p>[31m
      [36m</div>[31m
    [36m</div>[31m
  [36m</div>[31m
  [36m<div[31m
    [33mclass[31m=[32m"p-6 space-y-6"[31m
  [36m>[31m
    [36m<div[31m
      [33mclass[31m=[32m"space-y-4"[31m
    [36m>[31m
      [36m<a[31m
        [33mclass[31m=[32m"block glass p-4 rounded-xl border border-white/10 hover:border-primary transition-all group"[31m
        [33mhref[31m=[32m"tel:+91-22-27546669"[31m
        [33mtabindex[31m=[32m"0"[31m
      [36m>[31m
        [36m<div[31m
          [33mclass[31m=[32m"flex items-center justify-between"[31m
        [36m>[31m
          [36m<div>[31m
            [36m<div[31m
              [33mclass[31m=[32m"flex items-center space-x-2 mb-1"[31m
            [36m>[31m
              [36m<h3[31m
                [33mclass[31m=[32m"text-lg font-semibold text-white"[31m
              [36m>[31m
                [0mAasra[0m
              [36m</h3>[31m
              [36m<span[31m
                [33mclass[31m=[32m"px-2 py-0.5 bg-blue-500/20 text-blue-300 text-xs rounded-full"[31m
              [36m>[31m
                [0mMumbai[0m
              [36m</span>[31m
            [36m</div>[31m
            [36m<p[31m
              [33mclass[31m=[32m"text-2xl font-bold text-primary group-hover:text-purple-300 transition-colors"[31m
            [36m>[31m
              [0m+91-22-27546669[0m
            [36m</p>[31m
            [36m<p[31m
              [33mclass[31m=[32m"text-sm text-gray-400 mt-1"[31m
            [36m>[31m
              [0m24/7[0m
            [36m</p>[31m
          [36m</div>[31m
          [36m<svg[31m
            [33maria-hidden[31m=[32m"true"[31m
            [33mclass[31m=[32m"lucide lucide-phone w-8 h-8 text-primary group-hover:text-purple-300 transition-colors"[31m
            [33mfill[31m=[32m"none"[31m
            [33mheight[31m=[32m"24"[31m
            [33mstroke[31m=[32m"currentColor"[31m
            [33mstroke-linecap[31m=[32m"round"[31m
            [33mstroke-linejoin[31m=[32m"round"[31m
            [33mstroke-width[31m=[32m"2"[31m
            [33mviewBox[31m=[32m"0 0 24 24"[31m
            [33mwidth[31m=[32m"24"[31m
            [33mxmlns[31m=[32m"http://www.w3.org/2000/svg"[31m
          [36m>[31m
            [36m<path[31m
              [33md[31m=[32m"M13.832 16.568a1 1 0 0 0 1.213-.303l.355-.465A2 2 0 0 1 17 15h3a2 2 0 0 1 2 2v3a2 2 0 0 1-2 2A18 18 0 0 1 2 4a2 2 0 0 1 2-2h3a2 2 0 0 1 2 2v3a2 2 0 0 1-.8 1.6l-.468.351a1 1 0 0 0-.292 1.233 14 14 0 0 0 6.392 6.384"[31m
            [36m/>[31m
          [36m</svg>[31m
        [36m</div>[31m
      [36m</a>[31m
      [36m<a[31m
        [33mclass[31m=[32m"block glass p-4 rounded-xl border border-white/10 hover:border-primary transition-all group"[31m
        [33mhref[31m=[32m"tel:1860-266-2345"[31m
        [33mtabindex[31m=[32m"0"[31m
      [36m>[31m
        [36m<div[31m
          [33mclass[31m=[32m"flex items-center justify-between"[31m
        [36m>[31m
          [36m<div>[31m
            [36m<div[31m
              [33mclass[31m=[32m"flex items-center space-x-2 mb-1"[31m
            [36m>[31m
              [36m<h3[31m
                [33mclass[31m=[32m"text-lg font-semibold text-white"[31m
              [36m>[31m
                [0mVandrevala Foundation[0m
              [36m</h3>[31m
              [36m<span[31m
                [33mclass[31m=[32m"px-2 py-0.5 bg-blue-500/20 text-blue-300 text-xs rounded-full"[31m
              [36m>[31m
                [0mPan India[0m
              [36m</span>[31m
            [36m</div>[31m
            [36m<p[31m
              [33mclass[31m=[32m"text-2xl font-bold text-primary group-hover:text-purple-300 transition-colors"[31m
            [36m>[31m
              [0m1860-266-2345[0m
            [36m</p>[31m
            [36m<p[31m
              [33mclass[31m=[32m"text-sm text-gray-400 mt-1"[31m
            [36m>[31m
              [0m24/7[0m
            [36m</p>[31m
          [36m</div>[31m
          [36m<svg[31m
            [33maria-hidden[31m=[32m"true"[31m
            [33mclass[31m=[32m"lucide lucide-phone w-8 h-8 text-primary group-hover:text-purple-300 transition-colors"[31m
            [33mfill[31m=[32m"none"[31m
            [33mheight[31m=[32m"24"[31m
            [33mstroke[31m=[32m"currentColor"[31m
            [33mstroke-linecap[31m=[32m"round"[31m
            [33mstroke-linejoin[31m=[32m"round"[31m
            [33mstroke-width[31m=[32m"2"[31m
            [33mviewBox[31m=[32m"0 0 24 24"[31m
            [33mwidth[31m=[32m"24"[31m
            [33mxmlns[31m=[32m"http://www.w3.org/2000/svg"[31m
          [36m>[31m
            [36m<path[31m
              [33md[31m=[32m"M13.832 16.568a1 1 0 0 0 1.213-.303l.355-.465A2 2 0 0 1 17 15h3a2 2 0 0 1 2 2v3a2 2 0 0 1-2 2A18 18 0 0 1 2 4a2 2 0 0 1 2-2h3a2 2 0 0 1 2 2v3a2 2 0 0 1-.8 1.6l-.468.351a1 1 0 0 0-.292 1.233 14 14 0 0 0 6.392 6.384"[31m
            [36m/>[31m
          [36m</svg>[31m
        [36m</div>[31m
      [36m</a>[31m
    [36m</div>[31m
    [36m<div[31m
      [33mclass[31m=[32m"text-center"[31m
    [36m>[31m
      [36m<a[31m
        [33mclass[31m=[32m"inline-block text-primary hover:text-purple-300 font-medium transition-colors"[31m
        [33mhref[31m=[32m"/helplines"[31m
      [36m>[31m
        [0mView All Helplines →[0m
      [36m</a>[31m
    [36m</div>[31m
    [36m<div[31m
      [33mclass[31m=[32m"border-t border-white/10 pt-6"[31m
    [36m>[31m
      [36m<button[31m
        [33mclass[31m=[32m"w-full py-3 text-gray-400 hover:text-gray-300 text-sm transition-colors"[31m
      [36m>[31m
        [0mI'm okay, continue posting[0m
      [36m</button>[31m
    [36m</div>[31m
    [36m<div[31m
      [33mclass[31m=[32m"bg-red-500/10 border border-red-500/30 rounded-lg p-4"[31m
    [36m>[31m
      [36m<p[31m
        [33mclass[31m=[32m"text-sm text-gray-300 text-center"[31m
      [36m>[31m
        [36m<strong[31m
          [33mclass[31m=[32m"text-red-400"[31m
        [36m>[31m
          [0mEmergency:[0m
        [36m</strong>[31m
        [0m If you are in immediate danger, please call emergency services (100/112) or visit the nearest hospital.[0m
      [36m</p>[31m
    [36m</div>[31m
  [36m</div>[31m
[36m</div>[31m

(If this is intentional, then use the `*AllBy*` variant of the query (like `queryAllByText`, `getAllByText`, or `findAllByText`)).

Ignored nodes: comments, script, style
[36m<body>[31m
  [36m<div>[31m
    [36m<div[31m
      [33maria-hidden[31m=[32m"true"[31m
      [33mclass[31m=[32m"fixed inset-0 bg-black/80 backdrop-blur-sm z-50"[31m
      [33mstyle[31m=[32m"opacity: 0;"[31m
    [36m/>[31m
    [36m<div[31m
      [33maria-describedby[31m=[32m"crisis-modal-description"[31m
      [33maria-labelledby[31m=[32m"crisis-modal-title"[31m
      [33maria-modal[31m=[32m"true"[31m
      [33mclass[31m=[32m"fixed inset-0 z-50 flex items-center justify-center p-4"[31m
      [33mrole[31m=[32m"dialog"[31m
      [33mstyle[31m=[32m"opacity: 0; transform: scale(0.95);"[31m
    [36m>[31m
      [36m<div[31m
        [33maria-describedby[31m=[32m"crisis-alert-description"[31m
        [33maria-labelledby[31m=[32m"crisis-alert-title"[31m
        [33maria-modal[31m=[32m"true"[31m
        [33mclass[31m=[32m"glass max-w-2xl w-full max-h-[90vh] overflow-y-auto rounded-2xl border-2 border-red-500/30"[31m
        [33mrole[31m=[32m"dialog"[31m
      [36m>[31m
        [36m<div[31m
          [33mclass[31m=[32m"sticky top-0 glass p-6 border-b border-white/10 flex items-start justify-between"[31m
        [36m>[31m
          [36m<div[31m
            [33mclass[31m=[32m"flex items-start space-x-3"[31m
          [36m>[31m
            [36m<svg[31m
              [33maria-hidden[31m=[32m"true"[31m
              [33mclass[31m=[32m"lucide lucide-triangle-alert w-6 h-6 text-red-500 flex-shrink-0 mt-1"[31m
              [33mfill[31m=[32m"none"[31m
              [33mheight[31m=[32m"24"[31m
              [33mstroke[31m=[32m"currentColor"[31m
              [33mstroke-linecap[31m=[32m"round"[31m
              [33mstroke-linejoin[31m=[32m"round"[31m
              [33mstroke-width[31m=[32m"2"[31m
              [33mviewBox[31m=[32m"0 0 24 24"[31m
              [33mwidth[31m=[32m"24"[31m
              [33mxmlns[31m=[32m"http://www.w3.org/2000/svg"[31m
            [36m>[31m
              [36m<path[31m
                [33md[31m=[32m"m21.73 18-8-14a2 2 0 0 0-3.48 0l-8 14A2 2 0 0 0 4 21h16a2 2 0 0 0 1.73-3"[31m
              [36m/>[31m
              [36m<path[31m
                [33md[31m=[32m"M12 9v4"[31m
              [36m/>[31m
              [36m<path[31m
                [33md[31m=[32m"M12 17h.01"[31m
              [36m/>[31m
            [36m</svg>[31m
            [36m<div>[31m
              [36m<h2[31m
                [33mclass[31m=[32m"text-2xl font-bold text-white mb-1"[31m
                [33mid[31m=[32m"crisis-modal-title"[31m
              [36m>[31m
                [0m🆘 We're Here to Help[0m
              [36m</h2>[31m
              [36m<p[31m
                [33mclass[31m=[32m"text-gray-300 text-sm"[31m
                [33mid[31m=[32m"crisis-modal-description"[31m
              [36m>[31m
                [0mIf you're thinking about suicide or need immediate support, you're not alone. Help is available 24/7.[0m
              [36m</p>[31m
            [36m</div>[31m
          [36m</div>[31m
        [36m</div>[31m
        [36m<div[31m
          [33mclass[31m=[32m"p-6 space-y-6"[31m
        [36m>[31m
          [36m<div[31m
            [33mclass[31m=[32m"space-y-4"[31m
          [36m>[31m
            [36m<a[31m
              [33mclass[31m=[32m"block glass p-4 rounded-xl border border-white/10 hover:border-primary transition-all group"[31m
              [33mhref[31m=[32m"tel:+91-22-27546669"[31m
              [33mtabindex[31m=[32m"0"[31m
            [36m>[31m
              [36m<div[31m
                [33mclass[31m=[32m"flex items-center justify-between"[31m
              [36m>[31m
                [36m<div>[31m
                  [36m<div[31m
                    [33mclass[31m=[32m"flex items-center space-x-2 mb-1"[31m
                  [36m>[31m
                    [36m<h3[31m
                      [33mclass[31m=[32m"text-lg font-semibold text-white"[31m
                    [36m>[31m
                      [0mAasra[0m
                    [36m</h3>[31m
                    [36m<span[31m
                      [33mclass[31m=[32m"px-2 py-0.5 bg-blue-500/20 text-blue-300 text-xs rounded-full"[31m
                    [36m>[31m
                      [0mMumbai[0m
                    [36m</span>[31m
                  [36m</div>[31m
                  [36m<p[31m
                    [33mclass[31m=[32m"text-2xl font-bold text-primary group-hover:text-purple-300 transition-colors"[31m
                  [36m>[31m
                    [0m+91-22-27546669[0m
                  [36m</p>[31m
                  [36m<p[31m
                    [33mclass[31m=[32m"text-sm text-gray-400 mt-1"[31m
                  [36m>[31m
                    [0m24/7[0m
                  [36m</p>[31m
                [36m</div>[31m
                [36m<svg[31m
                  [33maria-hidden[31m=[32m"true"[31m
                  [33mclass[31m=[32m"lucide lucide-phone w-8 h-8 text-primary group-hover:text-purple-300 transition-colors"[31m
                  [33mfill[31m=[32m"none"[31m
                  [33mheight[31m=[32m"24"[31m
                  [33mstroke[31m=[32m"currentColor"[31m
                  [33mstroke-linecap[31m=[32m"round"[31m
                  [33mstroke-linejoin[31m=[32m"round"[31m
                  [33mstroke-width[31m=[32m"2"[31m
                  [33mviewBox[31m=[32m"0 0 24 24"[31m
                  [33mwidth[31m=[32m"24"[31m
                  [33mxmlns[31m=[32m"http://www.w3.org/2000/svg"[31m
                [36m>[31m
                  [36m<path[31m
                    [33md[31m=[32m"M13.832 16.568a1 1 0 0 0 1.213-.303l.355-.465A2 2 0 0 1 17 15h3a2 2 0 0 1 2 2v3a2 2 0 0 1-2 2A18 18 0 0 1 2 4a2 2 0 0 1 2-2h3a2 2 0 0 1 2 2v3a2 2 0 0 1-.8 1.6l-.468.351a1 1 0 0 0-.292 1.233 14 14 0 0 0 6.392 6.384"[31m
                  [36m/>[31m
                [36m</svg>[31m
              [36m</div>[31m
            [36m</a>[31m
            [36m<a[31m
              [33mclass[31m=[32m"block glass p-4 rounded-xl border border-white/10 hover:border-primary transition-all group"[31m
              [33mhref[31m=[32m"tel:1860-266-2345"[31m
              [33mtabindex[31m=[32m"0"[31m
            [36m>[31m
              [36m<div[31m
                [33mclass[31m=[32m"flex items-center justify-between"[31m
              [36m>[31m
                [36m<div>[31m
                  [36m<div[31m
                    [33mclass[31m=[32m"flex items-center space-x-2 mb-1"[31m
                  [36m>[31m
                    [36m<h3[31m
                      [33mclass[31m=[32m"text-lg font-semibold text-white"[31m
                    [36m>[31m
                      [0mVandrevala Foundation[0m
                    [36m</h3>[31m
                    [36m<span[31m
                      [33mclass[31m=[32m"px-2 py-0.5 bg-blue-500/20 text-blue-300 text-xs rounded-full"[31m
                    [36m>[31m
                      [0mPan India[0m
                    [36m</span>[31m
                  [36m</div>[31m
                  [36m<p[31m
                    [33mclass[31m=[32m"text-2xl font-bold text-primary group-hover:text-purple-300 transition-colors"[31m
                  [36m>[31m
                    [0m1860-266-2345[0m
                  [36m</p>[31m
                  [36m<p[31m
                    [33mclass[31m=[32m"text-sm text-gray-400 mt-1"[31m
                  [36m>[31m
                    [0m24/7[0m
                  [36m</p>[31m
                [36m</div>[31m
                [36m<svg[31m
                  [33maria-hidden[31m=[32m"true"[31m
                  [33mclass[31m=[32m"lucide lucide-phone w-8 h-8 text-primary group-hover:text-purple-300 transition-colors"[31m
                  [33mfill[31m=[32m"none"[31m
                  [33mheight[31m=[32m"24"[31m
                  [33mstroke[31m=[32m"currentColor"[31m
                  [33mstroke-linecap[31m=[32m"round"[31m
                  [33mstroke-linejoin[31m=[32m"round"[31m
                  [33mstroke-width[31m=[32m"2"[31m
                  [33mviewBox[31m=[32m"0 0 24 24"[31m
                  [33mwidth[31m=[32m"24"[31m
                  [33mxmlns[31m=[32m"http://www.w3.org/2000/svg"[31m
                [36m>[31m
                  [36m<path[31m
                    [33md[31m=[32m"M13.832 16.568a1 1 0 0 0 1.213-.303l.355-.465A2 2 0 0 1 17 15h3a2 2 0 0 1 2 2v3a2 2 0 0 1-2 2A18 18 0 0 1 2 4a2 2 0 0 1 2-2h3a2 2 0 0 1 2 2v3a2 2 0 0 1-.8 1.6l-.468.351a1 1 0 0 0-.292 1.233 14 14 0 0 0 6.392 6.384"[31m
                  [36m/>[31m
                [36m</svg>[31m
              [36m</div>[31m
            [36m</a>[31m
          [36m</div>[31m
          [36m<div[31m
            [33mclass[31m=[32m"text-center"[31m
          [36m>[31m
            [36m<a[31m
              [33mclass[31m=[32m"inline-block text-primary hover:text-purple-300 font-medium transition-colors"[31m
              [33mhref[31m=[32m"/helplines"[31m
            [36m>[31m
              [0mView All Helplines →[0m
            [36m</a>[31m
          [36m</div>[31m
          [36m<div[31m
            [33mclass[31m=[32m"border-t border-white/10 pt-6"[31m
          [36m>[31m
            [36m<button[31m
              [33mclass[31m=[32m"w-full py-3 text-gray-400 hover:text-gray-300 text-sm transition-colors"[31m
            [36m>[31m
              [0mI'm okay, continue posting[0m
            [36m</button>[31m
          [36m</div>[31m
          [36m<div[31m
            [33mclass[31m=[32m"bg-red-500/10 border border-red-500/30 rounded-lg p-4"[31m
          [36m>[31m
            [36m<p[31m
              [33mclass[31m=[32m"text-sm text-gray-300 text-center"[31m
            [36m>[31m
              [36m<strong[31m
                [33mclass[31m=[32m"text-red-400"[31m
              [36m>[31m
                [0mEmergency:[0m
              [36m</strong>[31m
              [0m If you are in immediate danger, please call emergency services (100/112) or visit the nearest hospital.[0m
            [36m</p>[31m
          [36m</div>[31m
        [36m</div>[31m
      [36m</div>[31m
    [36m</div>[31m
  [36m</div>[31m
[36m</body>[31m[39m
 [32m✓[39m src/components/crisis/__tests__/CrisisAlertModal.accessibility.test.tsx[2m > [22mCrisisAlertModal Accessibility[2m > [22mARIA Attributes[2m > [22mshould have proper heading and description[32m 80[2mms[22m[39m
[90mstderr[2m | src/components/crisis/__tests__/CrisisAlertModal.accessibility.test.tsx[2m > [22m[2mCrisisAlertModal Accessibility[2m > [22m[2mScreen Reader Support[2m > [22m[2mshould have descriptive content for all interactive elements
[22m[39mAn update to CrisisAlertModal inside a test was not wrapped in act(...).

When testing, code that causes React state updates should be wrapped into act(...):

act(() => {
  /* fire events that update state */
});
/* assert on the output */

This ensures that you're testing the behavior the user would see in the browser. Learn more at https://react.dev/link/wrap-tests-with-act
An update to CrisisAlertModal inside a test was not wrapped in act(...).

When testing, code that causes React state updates should be wrapped into act(...):

act(() => {
  /* fire events that update state */
});
/* assert on the output */

This ensures that you're testing the behavior the user would see in the browser. Learn more at https://react.dev/link/wrap-tests-with-act

[90mstderr[2m | src/components/crisis/__tests__/CrisisAlertModal.accessibility.test.tsx[2m > [22m[2mCrisisAlertModal Accessibility[2m > [22m[2mScreen Reader Support[2m > [22m[2mshould announce modal title and description
[22m[39m[HelplineRegistry] Failed to fetch manifest: TypeError: Failed to parse URL from /helplines/registry.signed.json
[90m    at node:internal/deps/undici/undici:14900:13[39m
    at fetchManifest [90m(/home/engine/project/[39msrc/lib/crisisAI/HelplineRegistry.ts:186:22[90m)[39m
    at forceRefresh [90m(/home/engine/project/[39msrc/lib/crisisAI/HelplineRegistry.ts:230:22[90m)[39m
    at refresh [90m(/home/engine/project/[39msrc/lib/crisisAI/HelplineRegistry.ts:263:7[90m)[39m
    at Module.initialize [90m(/home/engine/project/[39msrc/lib/crisisAI/HelplineRegistry.ts:86:3[90m)[39m
    at initRegistry [90m(/home/engine/project/[39msrc/components/crisis/CrisisAlertModal.tsx:48:9[90m)[39m {
  [cause]: TypeError: Invalid URL
  [90m    at new URL (node:internal/url:806:29)[39m
  [90m    at new Request (node:internal/deps/undici/undici:9776:25)[39m
  [90m    at fetch (node:internal/deps/undici/undici:10505:25)[39m
  [90m    at fetch (node:internal/deps/undici/undici:14898:10)[39m
  [90m    at fetch (node:internal/bootstrap/web/exposed-window-or-worker:72:12)[39m
      at fetchManifest [90m(/home/engine/project/[39msrc/lib/crisisAI/HelplineRegistry.ts:186:28[90m)[39m
      at forceRefresh [90m(/home/engine/project/[39msrc/lib/crisisAI/HelplineRegistry.ts:230:28[90m)[39m
      at refresh [90m(/home/engine/project/[39msrc/lib/crisisAI/HelplineRegistry.ts:263:13[90m)[39m
      at Module.initialize [90m(/home/engine/project/[39msrc/lib/crisisAI/HelplineRegistry.ts:86:9[90m)[39m
      at initRegistry [90m(/home/engine/project/[39msrc/components/crisis/CrisisAlertModal.tsx:48:32[90m)[39m {
    code: [32m'ERR_INVALID_URL'[39m,
    input: [32m'/helplines/registry.signed.json'[39m
  }
}

[90mstderr[2m | src/components/crisis/__tests__/CrisisAlertModal.accessibility.test.tsx[2m > [22m[2mCrisisAlertModal Accessibility[2m > [22m[2mScreen Reader Support[2m > [22m[2mshould provide context for helpline numbers
[22m[39m[HelplineRegistry] Failed to fetch manifest: TypeError: Failed to parse URL from /helplines/registry.signed.json
[90m    at node:internal/deps/undici/undici:14900:13[39m
    at fetchManifest [90m(/home/engine/project/[39msrc/lib/crisisAI/HelplineRegistry.ts:186:22[90m)[39m
    at forceRefresh [90m(/home/engine/project/[39msrc/lib/crisisAI/HelplineRegistry.ts:230:22[90m)[39m
    at refresh [90m(/home/engine/project/[39msrc/lib/crisisAI/HelplineRegistry.ts:263:7[90m)[39m
    at Module.initialize [90m(/home/engine/project/[39msrc/lib/crisisAI/HelplineRegistry.ts:86:3[90m)[39m
    at initRegistry [90m(/home/engine/project/[39msrc/components/crisis/CrisisAlertModal.tsx:48:9[90m)[39m {
  [cause]: TypeError: Invalid URL
  [90m    at new URL (node:internal/url:806:29)[39m
  [90m    at new Request (node:internal/deps/undici/undici:9776:25)[39m
  [90m    at fetch (node:internal/deps/undici/undici:10505:25)[39m
  [90m    at fetch (node:internal/deps/undici/undici:14898:10)[39m
  [90m    at fetch (node:internal/bootstrap/web/exposed-window-or-worker:72:12)[39m
      at fetchManifest [90m(/home/engine/project/[39msrc/lib/crisisAI/HelplineRegistry.ts:186:28[90m)[39m
      at forceRefresh [90m(/home/engine/project/[39msrc/lib/crisisAI/HelplineRegistry.ts:230:28[90m)[39m
      at refresh [90m(/home/engine/project/[39msrc/lib/crisisAI/HelplineRegistry.ts:263:13[90m)[39m
      at Module.initialize [90m(/home/engine/project/[39msrc/lib/crisisAI/HelplineRegistry.ts:86:9[90m)[39m
      at initRegistry [90m(/home/engine/project/[39msrc/components/crisis/CrisisAlertModal.tsx:48:32[90m)[39m {
    code: [32m'ERR_INVALID_URL'[39m,
    input: [32m'/helplines/registry.signed.json'[39m
  }
}

 [32m✓[39m src/components/crisis/__tests__/CrisisAlertModal.accessibility.test.tsx[2m > [22mCrisisAlertModal Accessibility[2m > [22mKeyboard Navigation[2m > [22mshould activate helpline links with Enter key[32m 107[2mms[22m[39m
 [32m✓[39m src/components/crisis/__tests__/CrisisAlertModal.accessibility.test.tsx[2m > [22mCrisisAlertModal Accessibility[2m > [22mKeyboard Navigation[2m > [22mshould activate continue button with Enter and Space[32m 55[2mms[22m[39m
 [31m×[39m src/components/crisis/__tests__/CrisisAlertModal.accessibility.test.tsx[2m > [22mCrisisAlertModal Accessibility[2m > [22mKeyboard Navigation[2m > [22mshould navigate through all interactive elements[32m 31[2mms[22m[39m
[31m   → Found multiple elements with the role "dialog"

Here are the matching elements:

Ignored nodes: comments, script, style
[36m<div[31m
  [33maria-describedby[31m=[32m"crisis-modal-description"[31m
  [33maria-labelledby[31m=[32m"crisis-modal-title"[31m
  [33maria-modal[31m=[32m"true"[31m
  [33mclass[31m=[32m"fixed inset-0 z-50 flex items-center justify-center p-4"[31m
  [33mrole[31m=[32m"dialog"[31m
  [33mstyle[31m=[32m"opacity: 0; transform: scale(0.95);"[31m
[36m>[31m
  [36m<div[31m
    [33maria-describedby[31m=[32m"crisis-alert-description"[31m
    [33maria-labelledby[31m=[32m"crisis-alert-title"[31m
    [33maria-modal[31m=[32m"true"[31m
    [33mclass[31m=[32m"glass max-w-2xl w-full max-h-[90vh] overflow-y-auto rounded-2xl border-2 border-red-500/30"[31m
    [33mrole[31m=[32m"dialog"[31m
  [36m>[31m
    [36m<div[31m
      [33mclass[31m=[32m"sticky top-0 glass p-6 border-b border-white/10 flex items-start justify-between"[31m
    [36m>[31m
      [36m<div[31m
        [33mclass[31m=[32m"flex items-start space-x-3"[31m
      [36m>[31m
        [36m<svg[31m
          [33maria-hidden[31m=[32m"true"[31m
          [33mclass[31m=[32m"lucide lucide-triangle-alert w-6 h-6 text-red-500 flex-shrink-0 mt-1"[31m
          [33mfill[31m=[32m"none"[31m
          [33mheight[31m=[32m"24"[31m
          [33mstroke[31m=[32m"currentColor"[31m
          [33mstroke-linecap[31m=[32m"round"[31m
          [33mstroke-linejoin[31m=[32m"round"[31m
          [33mstroke-width[31m=[32m"2"[31m
          [33mviewBox[31m=[32m"0 0 24 24"[31m
          [33mwidth[31m=[32m"24"[31m
          [33mxmlns[31m=[32m"http://www.w3.org/2000/svg"[31m
        [36m>[31m
          [36m<path[31m
            [33md[31m=[32m"m21.73 18-8-14a2 2 0 0 0-3.48 0l-8 14A2 2 0 0 0 4 21h16a2 2 0 0 0 1.73-3"[31m
          [36m/>[31m
          [36m<path[31m
            [33md[31m=[32m"M12 9v4"[31m
          [36m/>[31m
          [36m<path[31m
            [33md[31m=[32m"M12 17h.01"[31m
          [36m/>[31m
        [36m</svg>[31m
        [36m<div>[31m
          [36m<h2[31m
            [33mclass[31m=[32m"text-2xl font-bold text-white mb-1"[31m
            [33mid[31m=[32m"crisis-modal-title"[31m
          [36m>[31m
            [0m🆘 We're Here to Help[0m
          [36m</h2>[31m
          [36m<p[31m
            [33mclass[31m=[32m"text-gray-300 text-sm"[31m
            [33mid[31m=[32m"crisis-modal-description"[31m
          [36m>[31m
            [0mIf you're thinking about suicide or need immediate support, you're not alone. Help is available 24/7.[0m
          [36m</p>[31m
        [36m</div>[31m
      [36m</div>[31m
    [36m</div>[31m
    [36m<div[31m
      [33mclass[31m=[32m"p-6 space-y-6"[31m
    [36m>[31m
      [36m<div[31m
        [33mclass[31m=[32m"space-y-4"[31m
      [36m>[31m
        [36m<a[31m
          [33mclass[31m=[32m"block glass p-4 rounded-xl border border-white/10 hover:border-primary transition-all group"[31m
          [33mhref[31m=[32m"tel:+91-22-27546669"[31m
          [33mtabindex[31m=[32m"0"[31m
        [36m>[31m
          [36m<div[31m
            [33mclass[31m=[32m"flex items-center justify-between"[31m
          [36m>[31m
            [36m<div>[31m
              [36m<div[31m
                [33mclass[31m=[32m"flex items-center space-x-2 mb-1"[31m
              [36m>[31m
                [36m<h3[31m
                  [33mclass[31m=[32m"text-lg font-semibold text-white"[31m
                [36m>[31m
                  [0mAasra[0m
                [36m</h3>[31m
                [36m<span[31m
                  [33mclass[31m=[32m"px-2 py-0.5 bg-blue-500/20 text-blue-300 text-xs rounded-full"[31m
                [36m>[31m
                  [0mMumbai[0m
                [36m</span>[31m
              [36m</div>[31m
              [36m<p[31m
                [33mclass[31m=[32m"text-2xl font-bold text-primary group-hover:text-purple-300 transition-colors"[31m
              [36m>[31m
                [0m+91-22-27546669[0m
              [36m</p>[31m
              [36m<p[31m
                [33mclass[31m=[32m"text-sm text-gray-400 mt-1"[31m
              [36m>[31m
                [0m24/7[0m
              [36m</p>[31m
            [36m</div>[31m
            [36m<svg[31m
              [33maria-hidden[31m=[32m"true"[31m
              [33mclass[31m=[32m"lucide lucide-phone w-8 h-8 text-primary group-hover:text-purple-300 transition-colors"[31m
              [33mfill[31m=[32m"none"[31m
              [33mheight[31m=[32m"24"[31m
              [33mstroke[31m=[32m"currentColor"[31m
              [33mstroke-linecap[31m=[32m"round"[31m
              [33mstroke-linejoin[31m=[32m"round"[31m
              [33mstroke-width[31m=[32m"2"[31m
              [33mviewBox[31m=[32m"0 0 24 24"[31m
              [33mwidth[31m=[32m"24"[31m
              [33mxmlns[31m=[32m"http://www.w3.org/2000/svg"[31m
            [36m>[31m
              [36m<path[31m
                [33md[31m=[32m"M13.832 16.568a1 1 0 0 0 1.213-.303l.355-.465A2 2 0 0 1 17 15h3a2 2 0 0 1 2 2v3a2 2 0 0 1-2 2A18 18 0 0 1 2 4a2 2 0 0 1 2-2h3a2 2 0 0 1 2 2v3a2 2 0 0 1-.8 1.6l-.468.351a1 1 0 0 0-.292 1.233 14 14 0 0 0 6.392 6.384"[31m
              [36m/>[31m
            [36m</svg>[31m
          [36m</div>[31m
        [36m</a>[31m
        [36m<a[31m
          [33mclass[31m=[32m"block glass p-4 rounded-xl border border-white/10 hover:border-primary transition-all group"[31m
          [33mhref[31m=[32m"tel:1860-266-2345"[31m
          [33mtabindex[31m=[32m"0"[31m
        [36m>[31m
          [36m<div[31m
            [33mclass[31m=[32m"flex items-center justify-between"[31m
          [36m>[31m
            [36m<div>[31m
              [36m<div[31m
                [33mclass[31m=[32m"flex items-center space-x-2 mb-1"[31m
              [36m>[31m
                [36m<h3[31m
                  [33mclass[31m=[32m"text-lg font-semibold text-white"[31m
                [36m>[31m
                  [0mVandrevala Foundation[0m
                [36m</h3>[31m
                [36m<span[31m
                  [33mclass[31m=[32m"px-2 py-0.5 bg-blue-500/20 text-blue-300 text-xs rounded-full"[31m
                [36m>[31m
                  [0mPan India[0m
                [36m</span>[31m
              [36m</div>[31m
              [36m<p[31m
                [33mclass[31m=[32m"text-2xl font-bold text-primary group-hover:text-purple-300 transition-colors"[31m
              [36m>[31m
                [0m1860-266-2345[0m
              [36m</p>[31m
              [36m<p[31m
                [33mclass[31m=[32m"text-sm text-gray-400 mt-1"[31m
              [36m>[31m
                [0m24/7[0m
              [36m</p>[31m
            [36m</div>[31m
            [36m<svg[31m
              [33maria-hidden[31m=[32m"true"[31m
              [33mclass[31m=[32m"lucide lucide-phone w-8 h-8 text-primary group-hover:text-purple-300 transition-colors"[31m
              [33mfill[31m=[32m"none"[31m
              [33mheight[31m=[32m"24"[31m
              [33mstroke[31m=[32m"currentColor"[31m
              [33mstroke-linecap[31m=[32m"round"[31m
              [33mstroke-linejoin[31m=[32m"round"[31m
              [33mstroke-width[31m=[32m"2"[31m
              [33mviewBox[31m=[32m"0 0 24 24"[31m
              [33mwidth[31m=[32m"24"[31m
              [33mxmlns[31m=[32m"http://www.w3.org/2000/svg"[31m
            [36m>[31m
              [36m<path[31m
                [33md[31m=[32m"M13.832 16.568a1 1 0 0 0 1.213-.303l.355-.465A2 2 0 0 1 17 15h3a2 2 0 0 1 2 2v3a2 2 0 0 1-2 2A18 18 0 0 1 2 4a2 2 0 0 1 2-2h3a2 2 0 0 1 2 2v3a2 2 0 0 1-.8 1.6l-.468.351a1 1 0 0 0-.292 1.233 14 14 0 0 0 6.392 6.384"[31m
              [36m/>[31m
            [36m</svg>[31m
          [36m</div>[31m
        [36m</a>[31m
      [36m</div>[31m
      [36m<div[31m
        [33mclass[31m=[32m"text-center"[31m
      [36m>[31m
        [36m<a[31m
          [33mclass[31m=[32m"inline-block text-primary hover:text-purple-300 font-medium transition-colors"[31m
          [33mhref[31m=[32m"/helplines"[31m
        [36m>[31m
          [0mView All Helplines →[0m
        [36m</a>[31m
      [36m</div>[31m
      [36m<div[31m
        [33mclass[31m=[32m"border-t border-white/10 pt-6"[31m
      [36m>[31m
        [36m<button[31m
          [33mclass[31m=[32m"w-full py-3 text-gray-400 hover:text-gray-300 text-sm transition-colors"[31m
        [36m>[31m
          [0mI'm okay, continue posting[0m
        [36m</button>[31m
      [36m</div>[31m
      [36m<div[31m
        [33mclass[31m=[32m"bg-red-500/10 border border-red-500/30 rounded-lg p-4"[31m
      [36m>[31m
        [36m<p[31m
          [33mclass[31m=[32m"text-sm text-gray-300 text-center"[31m
        [36m>[31m
          [36m<strong[31m
            [33mclass[31m=[32m"text-red-400"[31m
          [36m>[31m
            [0mEmergency:[0m
          [36m</strong>[31m
          [0m If you are in immediate danger, please call emergency services (100/112) or visit the nearest hospital.[0m
        [36m</p>[31m
      [36m</div>[31m
    [36m</div>[31m
  [36m</div>[31m
[36m</div>[31m

Ignored nodes: comments, script, style
[36m<div[31m
  [33maria-describedby[31m=[32m"crisis-alert-description"[31m
  [33maria-labelledby[31m=[32m"crisis-alert-title"[31m
  [33maria-modal[31m=[32m"true"[31m
  [33mclass[31m=[32m"glass max-w-2xl w-full max-h-[90vh] overflow-y-auto rounded-2xl border-2 border-red-500/30"[31m
  [33mrole[31m=[32m"dialog"[31m
[36m>[31m
  [36m<div[31m
    [33mclass[31m=[32m"sticky top-0 glass p-6 border-b border-white/10 flex items-start justify-between"[31m
  [36m>[31m
    [36m<div[31m
      [33mclass[31m=[32m"flex items-start space-x-3"[31m
    [36m>[31m
      [36m<svg[31m
        [33maria-hidden[31m=[32m"true"[31m
        [33mclass[31m=[32m"lucide lucide-triangle-alert w-6 h-6 text-red-500 flex-shrink-0 mt-1"[31m
        [33mfill[31m=[32m"none"[31m
        [33mheight[31m=[32m"24"[31m
        [33mstroke[31m=[32m"currentColor"[31m
        [33mstroke-linecap[31m=[32m"round"[31m
        [33mstroke-linejoin[31m=[32m"round"[31m
        [33mstroke-width[31m=[32m"2"[31m
        [33mviewBox[31m=[32m"0 0 24 24"[31m
        [33mwidth[31m=[32m"24"[31m
        [33mxmlns[31m=[32m"http://www.w3.org/2000/svg"[31m
      [36m>[31m
        [36m<path[31m
          [33md[31m=[32m"m21.73 18-8-14a2 2 0 0 0-3.48 0l-8 14A2 2 0 0 0 4 21h16a2 2 0 0 0 1.73-3"[31m
        [36m/>[31m
        [36m<path[31m
          [33md[31m=[32m"M12 9v4"[31m
        [36m/>[31m
        [36m<path[31m
          [33md[31m=[32m"M12 17h.01"[31m
        [36m/>[31m
      [36m</svg>[31m
      [36m<div>[31m
        [36m<h2[31m
          [33mclass[31m=[32m"text-2xl font-bold text-white mb-1"[31m
          [33mid[31m=[32m"crisis-modal-title"[31m
        [36m>[31m
          [0m🆘 We're Here to Help[0m
        [36m</h2>[31m
        [36m<p[31m
          [33mclass[31m=[32m"text-gray-300 text-sm"[31m
          [33mid[31m=[32m"crisis-modal-description"[31m
        [36m>[31m
          [0mIf you're thinking about suicide or need immediate support, you're not alone. Help is available 24/7.[0m
        [36m</p>[31m
      [36m</div>[31m
    [36m</div>[31m
  [36m</div>[31m
  [36m<div[31m
    [33mclass[31m=[32m"p-6 space-y-6"[31m
  [36m>[31m
    [36m<div[31m
      [33mclass[31m=[32m"space-y-4"[31m
    [36m>[31m
      [36m<a[31m
        [33mclass[31m=[32m"block glass p-4 rounded-xl border border-white/10 hover:border-primary transition-all group"[31m
        [33mhref[31m=[32m"tel:+91-22-27546669"[31m
        [33mtabindex[31m=[32m"0"[31m
      [36m>[31m
        [36m<div[31m
          [33mclass[31m=[32m"flex items-center justify-between"[31m
        [36m>[31m
          [36m<div>[31m
            [36m<div[31m
              [33mclass[31m=[32m"flex items-center space-x-2 mb-1"[31m
            [36m>[31m
              [36m<h3[31m
                [33mclass[31m=[32m"text-lg font-semibold text-white"[31m
              [36m>[31m
                [0mAasra[0m
              [36m</h3>[31m
              [36m<span[31m
                [33mclass[31m=[32m"px-2 py-0.5 bg-blue-500/20 text-blue-300 text-xs rounded-full"[31m
              [36m>[31m
                [0mMumbai[0m
              [36m</span>[31m
            [36m</div>[31m
            [36m<p[31m
              [33mclass[31m=[32m"text-2xl font-bold text-primary group-hover:text-purple-300 transition-colors"[31m
            [36m>[31m
              [0m+91-22-27546669[0m
            [36m</p>[31m
            [36m<p[31m
              [33mclass[31m=[32m"text-sm text-gray-400 mt-1"[31m
            [36m>[31m
              [0m24/7[0m
            [36m</p>[31m
          [36m</div>[31m
          [36m<svg[31m
            [33maria-hidden[31m=[32m"true"[31m
            [33mclass[31m=[32m"lucide lucide-phone w-8 h-8 text-primary group-hover:text-purple-300 transition-colors"[31m
            [33mfill[31m=[32m"none"[31m
            [33mheight[31m=[32m"24"[31m
            [33mstroke[31m=[32m"currentColor"[31m
            [33mstroke-linecap[31m=[32m"round"[31m
            [33mstroke-linejoin[31m=[32m"round"[31m
            [33mstroke-width[31m=[32m"2"[31m
            [33mviewBox[31m=[32m"0 0 24 24"[31m
            [33mwidth[31m=[32m"24"[31m
            [33mxmlns[31m=[32m"http://www.w3.org/2000/svg"[31m
          [36m>[31m
            [36m<path[31m
              [33md[31m=[32m"M13.832 16.568a1 1 0 0 0 1.213-.303l.355-.465A2 2 0 0 1 17 15h3a2 2 0 0 1 2 2v3a2 2 0 0 1-2 2A18 18 0 0 1 2 4a2 2 0 0 1 2-2h3a2 2 0 0 1 2 2v3a2 2 0 0 1-.8 1.6l-.468.351a1 1 0 0 0-.292 1.233 14 14 0 0 0 6.392 6.384"[31m
            [36m/>[31m
          [36m</svg>[31m
        [36m</div>[31m
      [36m</a>[31m
      [36m<a[31m
        [33mclass[31m=[32m"block glass p-4 rounded-xl border border-white/10 hover:border-primary transition-all group"[31m
        [33mhref[31m=[32m"tel:1860-266-2345"[31m
        [33mtabindex[31m=[32m"0"[31m
      [36m>[31m
        [36m<div[31m
          [33mclass[31m=[32m"flex items-center justify-between"[31m
        [36m>[31m
          [36m<div>[31m
            [36m<div[31m
              [33mclass[31m=[32m"flex items-center space-x-2 mb-1"[31m
            [36m>[31m
              [36m<h3[31m
                [33mclass[31m=[32m"text-lg font-semibold text-white"[31m
              [36m>[31m
                [0mVandrevala Foundation[0m
              [36m</h3>[31m
              [36m<span[31m
                [33mclass[31m=[32m"px-2 py-0.5 bg-blue-500/20 text-blue-300 text-xs rounded-full"[31m
              [36m>[31m
                [0mPan India[0m
              [36m</span>[31m
            [36m</div>[31m
            [36m<p[31m
              [33mclass[31m=[32m"text-2xl font-bold text-primary group-hover:text-purple-300 transition-colors"[31m
            [36m>[31m
              [0m1860-266-2345[0m
            [36m</p>[31m
            [36m<p[31m
              [33mclass[31m=[32m"text-sm text-gray-400 mt-1"[31m
            [36m>[31m
              [0m24/7[0m
            [36m</p>[31m
          [36m</div>[31m
          [36m<svg[31m
            [33maria-hidden[31m=[32m"true"[31m
            [33mclass[31m=[32m"lucide lucide-phone w-8 h-8 text-primary group-hover:text-purple-300 transition-colors"[31m
            [33mfill[31m=[32m"none"[31m
            [33mheight[31m=[32m"24"[31m
            [33mstroke[31m=[32m"currentColor"[31m
            [33mstroke-linecap[31m=[32m"round"[31m
            [33mstroke-linejoin[31m=[32m"round"[31m
            [33mstroke-width[31m=[32m"2"[31m
            [33mviewBox[31m=[32m"0 0 24 24"[31m
            [33mwidth[31m=[32m"24"[31m
            [33mxmlns[31m=[32m"http://www.w3.org/2000/svg"[31m
          [36m>[31m
            [36m<path[31m
              [33md[31m=[32m"M13.832 16.568a1 1 0 0 0 1.213-.303l.355-.465A2 2 0 0 1 17 15h3a2 2 0 0 1 2 2v3a2 2 0 0 1-2 2A18 18 0 0 1 2 4a2 2 0 0 1 2-2h3a2 2 0 0 1 2 2v3a2 2 0 0 1-.8 1.6l-.468.351a1 1 0 0 0-.292 1.233 14 14 0 0 0 6.392 6.384"[31m
            [36m/>[31m
          [36m</svg>[31m
        [36m</div>[31m
      [36m</a>[31m
    [36m</div>[31m
    [36m<div[31m
      [33mclass[31m=[32m"text-center"[31m
    [36m>[31m
      [36m<a[31m
        [33mclass[31m=[32m"inline-block text-primary hover:text-purple-300 font-medium transition-colors"[31m
        [33mhref[31m=[32m"/helplines"[31m
      [36m>[31m
        [0mView All Helplines →[0m
      [36m</a>[31m
    [36m</div>[31m
    [36m<div[31m
      [33mclass[31m=[32m"border-t border-white/10 pt-6"[31m
    [36m>[31m
      [36m<button[31m
        [33mclass[31m=[32m"w-full py-3 text-gray-400 hover:text-gray-300 text-sm transition-colors"[31m
      [36m>[31m
        [0mI'm okay, continue posting[0m
      [36m</button>[31m
    [36m</div>[31m
    [36m<div[31m
      [33mclass[31m=[32m"bg-red-500/10 border border-red-500/30 rounded-lg p-4"[31m
    [36m>[31m
      [36m<p[31m
        [33mclass[31m=[32m"text-sm text-gray-300 text-center"[31m
      [36m>[31m
        [36m<strong[31m
          [33mclass[31m=[32m"text-red-400"[31m
        [36m>[31m
          [0mEmergency:[0m
        [36m</strong>[31m
        [0m If you are in immediate danger, please call emergency services (100/112) or visit the nearest hospital.[0m
      [36m</p>[31m
    [36m</div>[31m
  [36m</div>[31m
[36m</div>[31m

(If this is intentional, then use the `*AllBy*` variant of the query (like `queryAllByText`, `getAllByText`, or `findAllByText`)).

Ignored nodes: comments, script, style
[36m<body>[31m
  [36m<div>[31m
    [36m<div[31m
      [33maria-hidden[31m=[32m"true"[31m
      [33mclass[31m=[32m"fixed inset-0 bg-black/80 backdrop-blur-sm z-50"[31m
      [33mstyle[31m=[32m"opacity: 0;"[31m
    [36m/>[31m
    [36m<div[31m
      [33maria-describedby[31m=[32m"crisis-modal-description"[31m
      [33maria-labelledby[31m=[32m"crisis-modal-title"[31m
      [33maria-modal[31m=[32m"true"[31m
      [33mclass[31m=[32m"fixed inset-0 z-50 flex items-center justify-center p-4"[31m
      [33mrole[31m=[32m"dialog"[31m
      [33mstyle[31m=[32m"opacity: 0; transform: scale(0.95);"[31m
    [36m>[31m
      [36m<div[31m
        [33maria-describedby[31m=[32m"crisis-alert-description"[31m
        [33maria-labelledby[31m=[32m"crisis-alert-title"[31m
        [33maria-modal[31m=[32m"true"[31m
        [33mclass[31m=[32m"glass max-w-2xl w-full max-h-[90vh] overflow-y-auto rounded-2xl border-2 border-red-500/30"[31m
        [33mrole[31m=[32m"dialog"[31m
      [36m>[31m
        [36m<div[31m
          [33mclass[31m=[32m"sticky top-0 glass p-6 border-b border-white/10 flex items-start justify-between"[31m
        [36m>[31m
          [36m<div[31m
            [33mclass[31m=[32m"flex items-start space-x-3"[31m
          [36m>[31m
            [36m<svg[31m
              [33maria-hidden[31m=[32m"true"[31m
              [33mclass[31m=[32m"lucide lucide-triangle-alert w-6 h-6 text-red-500 flex-shrink-0 mt-1"[31m
              [33mfill[31m=[32m"none"[31m
              [33mheight[31m=[32m"24"[31m
              [33mstroke[31m=[32m"currentColor"[31m
              [33mstroke-linecap[31m=[32m"round"[31m
              [33mstroke-linejoin[31m=[32m"round"[31m
              [33mstroke-width[31m=[32m"2"[31m
              [33mviewBox[31m=[32m"0 0 24 24"[31m
              [33mwidth[31m=[32m"24"[31m
              [33mxmlns[31m=[32m"http://www.w3.org/2000/svg"[31m
            [36m>[31m
              [36m<path[31m
                [33md[31m=[32m"m21.73 18-8-14a2 2 0 0 0-3.48 0l-8 14A2 2 0 0 0 4 21h16a2 2 0 0 0 1.73-3"[31m
              [36m/>[31m
              [36m<path[31m
                [33md[31m=[32m"M12 9v4"[31m
              [36m/>[31m
              [36m<path[31m
                [33md[31m=[32m"M12 17h.01"[31m
              [36m/>[31m
            [36m</svg>[31m
            [36m<div>[31m
              [36m<h2[31m
                [33mclass[31m=[32m"text-2xl font-bold text-white mb-1"[31m
                [33mid[31m=[32m"crisis-modal-title"[31m
              [36m>[31m
                [0m🆘 We're Here to Help[0m
              [36m</h2>[31m
              [36m<p[31m
                [33mclass[31m=[32m"text-gray-300 text-sm"[31m
                [33mid[31m=[32m"crisis-modal-description"[31m
              [36m>[31m
                [0mIf you're thinking about suicide or need immediate support, you're not alone. Help is available 24/7.[0m
              [36m</p>[31m
            [36m</div>[31m
          [36m</div>[31m
        [36m</div>[31m
        [36m<div[31m
          [33mclass[31m=[32m"p-6 space-y-6"[31m
        [36m>[31m
          [36m<div[31m
            [33mclass[31m=[32m"space-y-4"[31m
          [36m>[31m
            [36m<a[31m
              [33mclass[31m=[32m"block glass p-4 rounded-xl border border-white/10 hover:border-primary transition-all group"[31m
              [33mhref[31m=[32m"tel:+91-22-27546669"[31m
              [33mtabindex[31m=[32m"0"[31m
            [36m>[31m
              [36m<div[31m
                [33mclass[31m=[32m"flex items-center justify-between"[31m
              [36m>[31m
                [36m<div>[31m
                  [36m<div[31m
                    [33mclass[31m=[32m"flex items-center space-x-2 mb-1"[31m
                  [36m>[31m
                    [36m<h3[31m
                      [33mclass[31m=[32m"text-lg font-semibold text-white"[31m
                    [36m>[31m
                      [0mAasra[0m
                    [36m</h3>[31m
                    [36m<span[31m
                      [33mclass[31m=[32m"px-2 py-0.5 bg-blue-500/20 text-blue-300 text-xs rounded-full"[31m
                    [36m>[31m
                      [0mMumbai[0m
                    [36m</span>[31m
                  [36m</div>[31m
                  [36m<p[31m
                    [33mclass[31m=[32m"text-2xl font-bold text-primary group-hover:text-purple-300 transition-colors"[31m
                  [36m>[31m
                    [0m+91-22-27546669[0m
                  [36m</p>[31m
                  [36m<p[31m
                    [33mclass[31m=[32m"text-sm text-gray-400 mt-1"[31m
                  [36m>[31m
                    [0m24/7[0m
                  [36m</p>[31m
                [36m</div>[31m
                [36m<svg[31m
                  [33maria-hidden[31m=[32m"true"[31m
                  [33mclass[31m=[32m"lucide lucide-phone w-8 h-8 text-primary group-hover:text-purple-300 transition-colors"[31m
                  [33mfill[31m=[32m"none"[31m
                  [33mheight[31m=[32m"24"[31m
                  [33mstroke[31m=[32m"currentColor"[31m
                  [33mstroke-linecap[31m=[32m"round"[31m
                  [33mstroke-linejoin[31m=[32m"round"[31m
                  [33mstroke-width[31m=[32m"2"[31m
                  [33mviewBox[31m=[32m"0 0 24 24"[31m
                  [33mwidth[31m=[32m"24"[31m
                  [33mxmlns[31m=[32m"http://www.w3.org/2000/svg"[31m
                [36m>[31m
                  [36m<path[31m
                    [33md[31m=[32m"M13.832 16.568a1 1 0 0 0 1.213-.303l.355-.465A2 2 0 0 1 17 15h3a2 2 0 0 1 2 2v3a2 2 0 0 1-2 2A18 18 0 0 1 2 4a2 2 0 0 1 2-2h3a2 2 0 0 1 2 2v3a2 2 0 0 1-.8 1.6l-.468.351a1 1 0 0 0-.292 1.233 14 14 0 0 0 6.392 6.384"[31m
                  [36m/>[31m
                [36m</svg>[31m
              [36m</div>[31m
            [36m</a>[31m
            [36m<a[31m
              [33mclass[31m=[32m"block glass p-4 rounded-xl border border-white/10 hover:border-primary transition-all group"[31m
              [33mhref[31m=[32m"tel:1860-266-2345"[31m
              [33mtabindex[31m=[32m"0"[31m
            [36m>[31m
              [36m<div[31m
                [33mclass[31m=[32m"flex items-center justify-between"[31m
              [36m>[31m
                [36m<div>[31m
                  [36m<div[31m
                    [33mclass[31m=[32m"flex items-center space-x-2 mb-1"[31m
                  [36m>[31m
                    [36m<h3[31m
                      [33mclass[31m=[32m"text-lg font-semibold text-white"[31m
                    [36m>[31m
                      [0mVandrevala Foundation[0m
                    [36m</h3>[31m
                    [36m<span[31m
                      [33mclass[31m=[32m"px-2 py-0.5 bg-blue-500/20 text-blue-300 text-xs rounded-full"[31m
                    [36m>[31m
                      [0mPan India[0m
                    [36m</span>[31m
                  [36m</div>[31m
                  [36m<p[31m
                    [33mclass[31m=[32m"text-2xl font-bold text-primary group-hover:text-purple-300 transition-colors"[31m
                  [36m>[31m
                    [0m1860-266-2345[0m
                  [36m</p>[31m
                  [36m<p[31m
                    [33mclass[31m=[32m"text-sm text-gray-400 mt-1"[31m
                  [36m>[31m
                    [0m24/7[0m
                  [36m</p>[31m
                [36m</div>[31m
                [36m<svg[31m
                  [33maria-hidden[31m=[32m"true"[31m
                  [33mclass[31m=[32m"lucide lucide-phone w-8 h-8 text-primary group-hover:text-purple-300 transition-colors"[31m
                  [33mfill[31m=[32m"none"[31m
                  [33mheight[31m=[32m"24"[31m
                  [33mstroke[31m=[32m"currentColor"[31m
                  [33mstroke-linecap[31m=[32m"round"[31m
                  [33mstroke-linejoin[31m=[32m"round"[31m
                  [33mstroke-width[31m=[32m"2"[31m
                  [33mviewBox[31m=[32m"0 0 24 24"[31m
                  [33mwidth[31m=[32m"24"[31m
                  [33mxmlns[31m=[32m"http://www.w3.org/2000/svg"[31m
                [36m>[31m
                  [36m<path[31m
                    [33md[31m=[32m"M13.832 16.568a1 1 0 0 0 1.213-.303l.355-.465A2 2 0 0 1 17 15h3a2 2 0 0 1 2 2v3a2 2 0 0 1-2 2A18 18 0 0 1 2 4a2 2 0 0 1 2-2h3a2 2 0 0 1 2 2v3a2 2 0 0 1-.8 1.6l-.468.351a1 1 0 0 0-.292 1.233 14 14 0 0 0 6.392 6.384"[31m
                  [36m/>[31m
                [36m</svg>[31m
              [36m</div>[31m
            [36m</a>[31m
          [36m</div>[31m
          [36m<div[31m
            [33mclass[31m=[32m"text-center"[31m
          [36m>[31m
            [36m<a[31m
              [33mclass[31m=[32m"inline-block text-primary hover:text-purple-300 font-medium transition-colors"[31m
              [33mhref[31m=[32m"/helplines"[31m
            [36m>[31m
              [0mView All Helplines →[0m
            [36m</a>[31m
          [36m</div>[31m
          [36m<div[31m
            [33mclass[31m=[32m"border-t border-white/10 pt-6"[31m
          [36m>[31m
            [36m<button[31m
              [33mclass[31m=[32m"w-full py-3 text-gray-400 hover:text-gray-300 text-sm transition-colors"[31m
            [36m>[31m
              [0mI'm okay, continue posting[0m
            [36m</button>[31m
          [36m</div>[31m
          [36m<div[31m
            [33mclass[31m=[32m"bg-red-500/10 border border-red-500/30 rounded-lg p-4"[31m
          [36m>[31m
            [36m<p[31m
              [33mclass[31m=[32m"text-sm text-gray-300 text-center"[31m
            [36m>[31m
              [36m<strong[31m
                [33mclass[31m=[32m"text-red-400"[31m
              [36m>[31m
                [0mEmergency:[0m
              [36m</strong>[31m
              [0m If you are in immediate danger, please call emergency services (100/112) or visit the nearest hospital.[0m
            [36m</p>[31m
          [36m</div>[31m
        [36m</div>[31m
      [36m</div>[31m
    [36m</div>[31m
  [36m</div>[31m
[36m</body>[31m[39m
 [32m✓[39m src/components/crisis/__tests__/CrisisAlertModal.accessibility.test.tsx[2m > [22mCrisisAlertModal Accessibility[2m > [22mScreen Reader Support[2m > [22mshould have descriptive content for all interactive elements[32m 157[2mms[22m[39m
 [31m×[39m src/components/crisis/__tests__/CrisisAlertModal.accessibility.test.tsx[2m > [22mCrisisAlertModal Accessibility[2m > [22mScreen Reader Support[2m > [22mshould announce modal title and description[32m 52[2mms[22m[39m
[31m   → Found multiple elements with the role "dialog"

Here are the matching elements:

Ignored nodes: comments, script, style
[36m<div[31m
  [33maria-describedby[31m=[32m"crisis-modal-description"[31m
  [33maria-labelledby[31m=[32m"crisis-modal-title"[31m
  [33maria-modal[31m=[32m"true"[31m
  [33mclass[31m=[32m"fixed inset-0 z-50 flex items-center justify-center p-4"[31m
  [33mrole[31m=[32m"dialog"[31m
  [33mstyle[31m=[32m"opacity: 0; transform: scale(0.95);"[31m
[36m>[31m
  [36m<div[31m
    [33maria-describedby[31m=[32m"crisis-alert-description"[31m
    [33maria-labelledby[31m=[32m"crisis-alert-title"[31m
    [33maria-modal[31m=[32m"true"[31m
    [33mclass[31m=[32m"glass max-w-2xl w-full max-h-[90vh] overflow-y-auto rounded-2xl border-2 border-red-500/30"[31m
    [33mrole[31m=[32m"dialog"[31m
  [36m>[31m
    [36m<div[31m
      [33mclass[31m=[32m"sticky top-0 glass p-6 border-b border-white/10 flex items-start justify-between"[31m
    [36m>[31m
      [36m<div[31m
        [33mclass[31m=[32m"flex items-start space-x-3"[31m
      [36m>[31m
        [36m<svg[31m
          [33maria-hidden[31m=[32m"true"[31m
          [33mclass[31m=[32m"lucide lucide-triangle-alert w-6 h-6 text-red-500 flex-shrink-0 mt-1"[31m
          [33mfill[31m=[32m"none"[31m
          [33mheight[31m=[32m"24"[31m
          [33mstroke[31m=[32m"currentColor"[31m
          [33mstroke-linecap[31m=[32m"round"[31m
          [33mstroke-linejoin[31m=[32m"round"[31m
          [33mstroke-width[31m=[32m"2"[31m
          [33mviewBox[31m=[32m"0 0 24 24"[31m
          [33mwidth[31m=[32m"24"[31m
          [33mxmlns[31m=[32m"http://www.w3.org/2000/svg"[31m
        [36m>[31m
          [36m<path[31m
            [33md[31m=[32m"m21.73 18-8-14a2 2 0 0 0-3.48 0l-8 14A2 2 0 0 0 4 21h16a2 2 0 0 0 1.73-3"[31m
          [36m/>[31m
          [36m<path[31m
            [33md[31m=[32m"M12 9v4"[31m
          [36m/>[31m
          [36m<path[31m
            [33md[31m=[32m"M12 17h.01"[31m
          [36m/>[31m
        [36m</svg>[31m
        [36m<div>[31m
          [36m<h2[31m
            [33mclass[31m=[32m"text-2xl font-bold text-white mb-1"[31m
            [33mid[31m=[32m"crisis-modal-title"[31m
          [36m>[31m
            [0m🆘 We're Here to Help[0m
          [36m</h2>[31m
          [36m<p[31m
            [33mclass[31m=[32m"text-gray-300 text-sm"[31m
            [33mid[31m=[32m"crisis-modal-description"[31m
          [36m>[31m
            [0mIf you're thinking about suicide or need immediate support, you're not alone. Help is available 24/7.[0m
          [36m</p>[31m
        [36m</div>[31m
      [36m</div>[31m
    [36m</div>[31m
    [36m<div[31m
      [33mclass[31m=[32m"p-6 space-y-6"[31m
    [36m>[31m
      [36m<div[31m
        [33mclass[31m=[32m"space-y-4"[31m
      [36m>[31m
        [36m<a[31m
          [33mclass[31m=[32m"block glass p-4 rounded-xl border border-white/10 hover:border-primary transition-all group"[31m
          [33mhref[31m=[32m"tel:+91-22-27546669"[31m
          [33mtabindex[31m=[32m"0"[31m
        [36m>[31m
          [36m<div[31m
            [33mclass[31m=[32m"flex items-center justify-between"[31m
          [36m>[31m
            [36m<div>[31m
              [36m<div[31m
                [33mclass[31m=[32m"flex items-center space-x-2 mb-1"[31m
              [36m>[31m
                [36m<h3[31m
                  [33mclass[31m=[32m"text-lg font-semibold text-white"[31m
                [36m>[31m
                  [0mAasra[0m
                [36m</h3>[31m
                [36m<span[31m
                  [33mclass[31m=[32m"px-2 py-0.5 bg-blue-500/20 text-blue-300 text-xs rounded-full"[31m
                [36m>[31m
                  [0mMumbai[0m
                [36m</span>[31m
              [36m</div>[31m
              [36m<p[31m
                [33mclass[31m=[32m"text-2xl font-bold text-primary group-hover:text-purple-300 transition-colors"[31m
              [36m>[31m
                [0m+91-22-27546669[0m
              [36m</p>[31m
              [36m<p[31m
                [33mclass[31m=[32m"text-sm text-gray-400 mt-1"[31m
              [36m>[31m
                [0m24/7[0m
              [36m</p>[31m
            [36m</div>[31m
            [36m<svg[31m
              [33maria-hidden[31m=[32m"true"[31m
              [33mclass[31m=[32m"lucide lucide-phone w-8 h-8 text-primary group-hover:text-purple-300 transition-colors"[31m
              [33mfill[31m=[32m"none"[31m
              [33mheight[31m=[32m"24"[31m
              [33mstroke[31m=[32m"currentColor"[31m
              [33mstroke-linecap[31m=[32m"round"[31m
              [33mstroke-linejoin[31m=[32m"round"[31m
              [33mstroke-width[31m=[32m"2"[31m
              [33mviewBox[31m=[32m"0 0 24 24"[31m
              [33mwidth[31m=[32m"24"[31m
              [33mxmlns[31m=[32m"http://www.w3.org/2000/svg"[31m
            [36m>[31m
              [36m<path[31m
                [33md[31m=[32m"M13.832 16.568a1 1 0 0 0 1.213-.303l.355-.465A2 2 0 0 1 17 15h3a2 2 0 0 1 2 2v3a2 2 0 0 1-2 2A18 18 0 0 1 2 4a2 2 0 0 1 2-2h3a2 2 0 0 1 2 2v3a2 2 0 0 1-.8 1.6l-.468.351a1 1 0 0 0-.292 1.233 14 14 0 0 0 6.392 6.384"[31m
              [36m/>[31m
            [36m</svg>[31m
          [36m</div>[31m
        [36m</a>[31m
        [36m<a[31m
          [33mclass[31m=[32m"block glass p-4 rounded-xl border border-white/10 hover:border-primary transition-all group"[31m
          [33mhref[31m=[32m"tel:1860-266-2345"[31m
          [33mtabindex[31m=[32m"0"[31m
        [36m>[31m
          [36m<div[31m
            [33mclass[31m=[32m"flex items-center justify-between"[31m
          [36m>[31m
            [36m<div>[31m
              [36m<div[31m
                [33mclass[31m=[32m"flex items-center space-x-2 mb-1"[31m
              [36m>[31m
                [36m<h3[31m
                  [33mclass[31m=[32m"text-lg font-semibold text-white"[31m
                [36m>[31m
                  [0mVandrevala Foundation[0m
                [36m</h3>[31m
                [36m<span[31m
                  [33mclass[31m=[32m"px-2 py-0.5 bg-blue-500/20 text-blue-300 text-xs rounded-full"[31m
                [36m>[31m
                  [0mPan India[0m
                [36m</span>[31m
              [36m</div>[31m
              [36m<p[31m
                [33mclass[31m=[32m"text-2xl font-bold text-primary group-hover:text-purple-300 transition-colors"[31m
              [36m>[31m
                [0m1860-266-2345[0m
              [36m</p>[31m
              [36m<p[31m
                [33mclass[31m=[32m"text-sm text-gray-400 mt-1"[31m
              [36m>[31m
                [0m24/7[0m
              [36m</p>[31m
            [36m</div>[31m
            [36m<svg[31m
              [33maria-hidden[31m=[32m"true"[31m
              [33mclass[31m=[32m"lucide lucide-phone w-8 h-8 text-primary group-hover:text-purple-300 transition-colors"[31m
              [33mfill[31m=[32m"none"[31m
              [33mheight[31m=[32m"24"[31m
              [33mstroke[31m=[32m"currentColor"[31m
              [33mstroke-linecap[31m=[32m"round"[31m
              [33mstroke-linejoin[31m=[32m"round"[31m
              [33mstroke-width[31m=[32m"2"[31m
              [33mviewBox[31m=[32m"0 0 24 24"[31m
              [33mwidth[31m=[32m"24"[31m
              [33mxmlns[31m=[32m"http://www.w3.org/2000/svg"[31m
            [36m>[31m
              [36m<path[31m
                [33md[31m=[32m"M13.832 16.568a1 1 0 0 0 1.213-.303l.355-.465A2 2 0 0 1 17 15h3a2 2 0 0 1 2 2v3a2 2 0 0 1-2 2A18 18 0 0 1 2 4a2 2 0 0 1 2-2h3a2 2 0 0 1 2 2v3a2 2 0 0 1-.8 1.6l-.468.351a1 1 0 0 0-.292 1.233 14 14 0 0 0 6.392 6.384"[31m
              [36m/>[31m
            [36m</svg>[31m
          [36m</div>[31m
        [36m</a>[31m
      [36m</div>[31m
      [36m<div[31m
        [33mclass[31m=[32m"text-center"[31m
      [36m>[31m
        [36m<a[31m
          [33mclass[31m=[32m"inline-block text-primary hover:text-purple-300 font-medium transition-colors"[31m
          [33mhref[31m=[32m"/helplines"[31m
        [36m>[31m
          [0mView All Helplines →[0m
        [36m</a>[31m
      [36m</div>[31m
      [36m<div[31m
        [33mclass[31m=[32m"border-t border-white/10 pt-6"[31m
      [36m>[31m
        [36m<button[31m
          [33mclass[31m=[32m"w-full py-3 text-gray-400 hover:text-gray-300 text-sm transition-colors"[31m
        [36m>[31m
          [0mI'm okay, continue posting[0m
        [36m</button>[31m
      [36m</div>[31m
      [36m<div[31m
        [33mclass[31m=[32m"bg-red-500/10 border border-red-500/30 rounded-lg p-4"[31m
      [36m>[31m
        [36m<p[31m
          [33mclass[31m=[32m"text-sm text-gray-300 text-center"[31m
        [36m>[31m
          [36m<strong[31m
            [33mclass[31m=[32m"text-red-400"[31m
          [36m>[31m
            [0mEmergency:[0m
          [36m</strong>[31m
          [0m If you are in immediate danger, please call emergency services (100/112) or visit the nearest hospital.[0m
        [36m</p>[31m
      [36m</div>[31m
    [36m</div>[31m
  [36m</div>[31m
[36m</div>[31m

Ignored nodes: comments, script, style
[36m<div[31m
  [33maria-describedby[31m=[32m"crisis-alert-description"[31m
  [33maria-labelledby[31m=[32m"crisis-alert-title"[31m
  [33maria-modal[31m=[32m"true"[31m
  [33mclass[31m=[32m"glass max-w-2xl w-full max-h-[90vh] overflow-y-auto rounded-2xl border-2 border-red-500/30"[31m
  [33mrole[31m=[32m"dialog"[31m
[36m>[31m
  [36m<div[31m
    [33mclass[31m=[32m"sticky top-0 glass p-6 border-b border-white/10 flex items-start justify-between"[31m
  [36m>[31m
    [36m<div[31m
      [33mclass[31m=[32m"flex items-start space-x-3"[31m
    [36m>[31m
      [36m<svg[31m
        [33maria-hidden[31m=[32m"true"[31m
        [33mclass[31m=[32m"lucide lucide-triangle-alert w-6 h-6 text-red-500 flex-shrink-0 mt-1"[31m
        [33mfill[31m=[32m"none"[31m
        [33mheight[31m=[32m"24"[31m
        [33mstroke[31m=[32m"currentColor"[31m
        [33mstroke-linecap[31m=[32m"round"[31m
        [33mstroke-linejoin[31m=[32m"round"[31m
        [33mstroke-width[31m=[32m"2"[31m
        [33mviewBox[31m=[32m"0 0 24 24"[31m
        [33mwidth[31m=[32m"24"[31m
        [33mxmlns[31m=[32m"http://www.w3.org/2000/svg"[31m
      [36m>[31m
        [36m<path[31m
          [33md[31m=[32m"m21.73 18-8-14a2 2 0 0 0-3.48 0l-8 14A2 2 0 0 0 4 21h16a2 2 0 0 0 1.73-3"[31m
        [36m/>[31m
        [36m<path[31m
          [33md[31m=[32m"M12 9v4"[31m
        [36m/>[31m
        [36m<path[31m
          [33md[31m=[32m"M12 17h.01"[31m
        [36m/>[31m
      [36m</svg>[31m
      [36m<div>[31m
        [36m<h2[31m
          [33mclass[31m=[32m"text-2xl font-bold text-white mb-1"[31m
          [33mid[31m=[32m"crisis-modal-title"[31m
        [36m>[31m
          [0m🆘 We're Here to Help[0m
        [36m</h2>[31m
        [36m<p[31m
          [33mclass[31m=[32m"text-gray-300 text-sm"[31m
          [33mid[31m=[32m"crisis-modal-description"[31m
        [36m>[31m
          [0mIf you're thinking about suicide or need immediate support, you're not alone. Help is available 24/7.[0m
        [36m</p>[31m
      [36m</div>[31m
    [36m</div>[31m
  [36m</div>[31m
  [36m<div[31m
    [33mclass[31m=[32m"p-6 space-y-6"[31m
  [36m>[31m
    [36m<div[31m
      [33mclass[31m=[32m"space-y-4"[31m
    [36m>[31m
      [36m<a[31m
        [33mclass[31m=[32m"block glass p-4 rounded-xl border border-white/10 hover:border-primary transition-all group"[31m
        [33mhref[31m=[32m"tel:+91-22-27546669"[31m
        [33mtabindex[31m=[32m"0"[31m
      [36m>[31m
        [36m<div[31m
          [33mclass[31m=[32m"flex items-center justify-between"[31m
        [36m>[31m
          [36m<div>[31m
            [36m<div[31m
              [33mclass[31m=[32m"flex items-center space-x-2 mb-1"[31m
            [36m>[31m
              [36m<h3[31m
                [33mclass[31m=[32m"text-lg font-semibold text-white"[31m
              [36m>[31m
                [0mAasra[0m
              [36m</h3>[31m
              [36m<span[31m
                [33mclass[31m=[32m"px-2 py-0.5 bg-blue-500/20 text-blue-300 text-xs rounded-full"[31m
              [36m>[31m
                [0mMumbai[0m
              [36m</span>[31m
            [36m</div>[31m
            [36m<p[31m
              [33mclass[31m=[32m"text-2xl font-bold text-primary group-hover:text-purple-300 transition-colors"[31m
            [36m>[31m
              [0m+91-22-27546669[0m
            [36m</p>[31m
            [36m<p[31m
              [33mclass[31m=[32m"text-sm text-gray-400 mt-1"[31m
            [36m>[31m
              [0m24/7[0m
            [36m</p>[31m
          [36m</div>[31m
          [36m<svg[31m
            [33maria-hidden[31m=[32m"true"[31m
            [33mclass[31m=[32m"lucide lucide-phone w-8 h-8 text-primary group-hover:text-purple-300 transition-colors"[31m
            [33mfill[31m=[32m"none"[31m
            [33mheight[31m=[32m"24"[31m
            [33mstroke[31m=[32m"currentColor"[31m
            [33mstroke-linecap[31m=[32m"round"[31m
            [33mstroke-linejoin[31m=[32m"round"[31m
            [33mstroke-width[31m=[32m"2"[31m
            [33mviewBox[31m=[32m"0 0 24 24"[31m
            [33mwidth[31m=[32m"24"[31m
            [33mxmlns[31m=[32m"http://www.w3.org/2000/svg"[31m
          [36m>[31m
            [36m<path[31m
              [33md[31m=[32m"M13.832 16.568a1 1 0 0 0 1.213-.303l.355-.465A2 2 0 0 1 17 15h3a2 2 0 0 1 2 2v3a2 2 0 0 1-2 2A18 18 0 0 1 2 4a2 2 0 0 1 2-2h3a2 2 0 0 1 2 2v3a2 2 0 0 1-.8 1.6l-.468.351a1 1 0 0 0-.292 1.233 14 14 0 0 0 6.392 6.384"[31m
            [36m/>[31m
          [36m</svg>[31m
        [36m</div>[31m
      [36m</a>[31m
      [36m<a[31m
        [33mclass[31m=[32m"block glass p-4 rounded-xl border border-white/10 hover:border-primary transition-all group"[31m
        [33mhref[31m=[32m"tel:1860-266-2345"[31m
        [33mtabindex[31m=[32m"0"[31m
      [36m>[31m
        [36m<div[31m
          [33mclass[31m=[32m"flex items-center justify-between"[31m
        [36m>[31m
          [36m<div>[31m
            [36m<div[31m
              [33mclass[31m=[32m"flex items-center space-x-2 mb-1"[31m
            [36m>[31m
              [36m<h3[31m
                [33mclass[31m=[32m"text-lg font-semibold text-white"[31m
              [36m>[31m
                [0mVandrevala Foundation[0m
              [36m</h3>[31m
              [36m<span[31m
                [33mclass[31m=[32m"px-2 py-0.5 bg-blue-500/20 text-blue-300 text-xs rounded-full"[31m
              [36m>[31m
                [0mPan India[0m
              [36m</span>[31m
            [36m</div>[31m
            [36m<p[31m
              [33mclass[31m=[32m"text-2xl font-bold text-primary group-hover:text-purple-300 transition-colors"[31m
            [36m>[31m
              [0m1860-266-2345[0m
            [36m</p>[31m
            [36m<p[31m
              [33mclass[31m=[32m"text-sm text-gray-400 mt-1"[31m
            [36m>[31m
              [0m24/7[0m
            [36m</p>[31m
          [36m</div>[31m
          [36m<svg[31m
            [33maria-hidden[31m=[32m"true"[31m
            [33mclass[31m=[32m"lucide lucide-phone w-8 h-8 text-primary group-hover:text-purple-300 transition-colors"[31m
            [33mfill[31m=[32m"none"[31m
            [33mheight[31m=[32m"24"[31m
            [33mstroke[31m=[32m"currentColor"[31m
            [33mstroke-linecap[31m=[32m"round"[31m
            [33mstroke-linejoin[31m=[32m"round"[31m
            [33mstroke-width[31m=[32m"2"[31m
            [33mviewBox[31m=[32m"0 0 24 24"[31m
            [33mwidth[31m=[32m"24"[31m
            [33mxmlns[31m=[32m"http://www.w3.org/2000/svg"[31m
          [36m>[31m
            [36m<path[31m
              [33md[31m=[32m"M13.832 16.568a1 1 0 0 0 1.213-.303l.355-.465A2 2 0 0 1 17 15h3a2 2 0 0 1 2 2v3a2 2 0 0 1-2 2A18 18 0 0 1 2 4a2 2 0 0 1 2-2h3a2 2 0 0 1 2 2v3a2 2 0 0 1-.8 1.6l-.468.351a1 1 0 0 0-.292 1.233 14 14 0 0 0 6.392 6.384"[31m
            [36m/>[31m
          [36m</svg>[31m
        [36m</div>[31m
      [36m</a>[31m
    [36m</div>[31m
    [36m<div[31m
      [33mclass[31m=[32m"text-center"[31m
    [36m>[31m
      [36m<a[31m
        [33mclass[31m=[32m"inline-block text-primary hover:text-purple-300 font-medium transition-colors"[31m
        [33mhref[31m=[32m"/helplines"[31m
      [36m>[31m
        [0mView All Helplines →[0m
      [36m</a>[31m
    [36m</div>[31m
    [36m<div[31m
      [33mclass[31m=[32m"border-t border-white/10 pt-6"[31m
    [36m>[31m
      [36m<button[31m
        [33mclass[31m=[32m"w-full py-3 text-gray-400 hover:text-gray-300 text-sm transition-colors"[31m
      [36m>[31m
        [0mI'm okay, continue posting[0m
      [36m</button>[31m
    [36m</div>[31m
    [36m<div[31m
      [33mclass[31m=[32m"bg-red-500/10 border border-red-500/30 rounded-lg p-4"[31m
    [36m>[31m
      [36m<p[31m
        [33mclass[31m=[32m"text-sm text-gray-300 text-center"[31m
      [36m>[31m
        [36m<strong[31m
          [33mclass[31m=[32m"text-red-400"[31m
        [36m>[31m
          [0mEmergency:[0m
        [36m</strong>[31m
        [0m If you are in immediate danger, please call emergency services (100/112) or visit the nearest hospital.[0m
      [36m</p>[31m
    [36m</div>[31m
  [36m</div>[31m
[36m</div>[31m

(If this is intentional, then use the `*AllBy*` variant of the query (like `queryAllByText`, `getAllByText`, or `findAllByText`)).

Ignored nodes: comments, script, style
[36m<body>[31m
  [36m<div>[31m
    [36m<div[31m
      [33maria-hidden[31m=[32m"true"[31m
      [33mclass[31m=[32m"fixed inset-0 bg-black/80 backdrop-blur-sm z-50"[31m
      [33mstyle[31m=[32m"opacity: 0;"[31m
    [36m/>[31m
    [36m<div[31m
      [33maria-describedby[31m=[32m"crisis-modal-description"[31m
      [33maria-labelledby[31m=[32m"crisis-modal-title"[31m
      [33maria-modal[31m=[32m"true"[31m
      [33mclass[31m=[32m"fixed inset-0 z-50 flex items-center justify-center p-4"[31m
      [33mrole[31m=[32m"dialog"[31m
      [33mstyle[31m=[32m"opacity: 0; transform: scale(0.95);"[31m
    [36m>[31m
      [36m<div[31m
        [33maria-describedby[31m=[32m"crisis-alert-description"[31m
        [33maria-labelledby[31m=[32m"crisis-alert-title"[31m
        [33maria-modal[31m=[32m"true"[31m
        [33mclass[31m=[32m"glass max-w-2xl w-full max-h-[90vh] overflow-y-auto rounded-2xl border-2 border-red-500/30"[31m
        [33mrole[31m=[32m"dialog"[31m
      [36m>[31m
        [36m<div[31m
          [33mclass[31m=[32m"sticky top-0 glass p-6 border-b border-white/10 flex items-start justify-between"[31m
        [36m>[31m
          [36m<div[31m
            [33mclass[31m=[32m"flex items-start space-x-3"[31m
          [36m>[31m
            [36m<svg[31m
              [33maria-hidden[31m=[32m"true"[31m
              [33mclass[31m=[32m"lucide lucide-triangle-alert w-6 h-6 text-red-500 flex-shrink-0 mt-1"[31m
              [33mfill[31m=[32m"none"[31m
              [33mheight[31m=[32m"24"[31m
              [33mstroke[31m=[32m"currentColor"[31m
              [33mstroke-linecap[31m=[32m"round"[31m
              [33mstroke-linejoin[31m=[32m"round"[31m
              [33mstroke-width[31m=[32m"2"[31m
              [33mviewBox[31m=[32m"0 0 24 24"[31m
              [33mwidth[31m=[32m"24"[31m
              [33mxmlns[31m=[32m"http://www.w3.org/2000/svg"[31m
            [36m>[31m
              [36m<path[31m
                [33md[31m=[32m"m21.73 18-8-14a2 2 0 0 0-3.48 0l-8 14A2 2 0 0 0 4 21h16a2 2 0 0 0 1.73-3"[31m
              [36m/>[31m
              [36m<path[31m
                [33md[31m=[32m"M12 9v4"[31m
              [36m/>[31m
              [36m<path[31m
                [33md[31m=[32m"M12 17h.01"[31m
              [36m/>[31m
            [36m</svg>[31m
            [36m<div>[31m
              [36m<h2[31m
                [33mclass[31m=[32m"text-2xl font-bold text-white mb-1"[31m
                [33mid[31m=[32m"crisis-modal-title"[31m
              [36m>[31m
                [0m🆘 We're Here to Help[0m
              [36m</h2>[31m
              [36m<p[31m
                [33mclass[31m=[32m"text-gray-300 text-sm"[31m
                [33mid[31m=[32m"crisis-modal-description"[31m
              [36m>[31m
                [0mIf you're thinking about suicide or need immediate support, you're not alone. Help is available 24/7.[0m
              [36m</p>[31m
            [36m</div>[31m
          [36m</div>[31m
        [36m</div>[31m
        [36m<div[31m
          [33mclass[31m=[32m"p-6 space-y-6"[31m
        [36m>[31m
          [36m<div[31m
            [33mclass[31m=[32m"space-y-4"[31m
          [36m>[31m
            [36m<a[31m
              [33mclass[31m=[32m"block glass p-4 rounded-xl border border-white/10 hover:border-primary transition-all group"[31m
              [33mhref[31m=[32m"tel:+91-22-27546669"[31m
              [33mtabindex[31m=[32m"0"[31m
            [36m>[31m
              [36m<div[31m
                [33mclass[31m=[32m"flex items-center justify-between"[31m
              [36m>[31m
                [36m<div>[31m
                  [36m<div[31m
                    [33mclass[31m=[32m"flex items-center space-x-2 mb-1"[31m
                  [36m>[31m
                    [36m<h3[31m
                      [33mclass[31m=[32m"text-lg font-semibold text-white"[31m
                    [36m>[31m
                      [0mAasra[0m
                    [36m</h3>[31m
                    [36m<span[31m
                      [33mclass[31m=[32m"px-2 py-0.5 bg-blue-500/20 text-blue-300 text-xs rounded-full"[31m
                    [36m>[31m
                      [0mMumbai[0m
                    [36m</span>[31m
                  [36m</div>[31m
                  [36m<p[31m
                    [33mclass[31m=[32m"text-2xl font-bold text-primary group-hover:text-purple-300 transition-colors"[31m
                  [36m>[31m
                    [0m+91-22-27546669[0m
                  [36m</p>[31m
                  [36m<p[31m
                    [33mclass[31m=[32m"text-sm text-gray-400 mt-1"[31m
                  [36m>[31m
                    [0m24/7[0m
                  [36m</p>[31m
                [36m</div>[31m
                [36m<svg[31m
                  [33maria-hidden[31m=[32m"true"[31m
                  [33mclass[31m=[32m"lucide lucide-phone w-8 h-8 text-primary group-hover:text-purple-300 transition-colors"[31m
                  [33mfill[31m=[32m"none"[31m
                  [33mheight[31m=[32m"24"[31m
                  [33mstroke[31m=[32m"currentColor"[31m
                  [33mstroke-linecap[31m=[32m"round"[31m
                  [33mstroke-linejoin[31m=[32m"round"[31m
                  [33mstroke-width[31m=[32m"2"[31m
                  [33mviewBox[31m=[32m"0 0 24 24"[31m
                  [33mwidth[31m=[32m"24"[31m
                  [33mxmlns[31m=[32m"http://www.w3.org/2000/svg"[31m
                [36m>[31m
                  [36m<path[31m
                    [33md[31m=[32m"M13.832 16.568a1 1 0 0 0 1.213-.303l.355-.465A2 2 0 0 1 17 15h3a2 2 0 0 1 2 2v3a2 2 0 0 1-2 2A18 18 0 0 1 2 4a2 2 0 0 1 2-2h3a2 2 0 0 1 2 2v3a2 2 0 0 1-.8 1.6l-.468.351a1 1 0 0 0-.292 1.233 14 14 0 0 0 6.392 6.384"[31m
                  [36m/>[31m
                [36m</svg>[31m
              [36m</div>[31m
            [36m</a>[31m
            [36m<a[31m
              [33mclass[31m=[32m"block glass p-4 rounded-xl border border-white/10 hover:border-primary transition-all group"[31m
              [33mhref[31m=[32m"tel:1860-266-2345"[31m
              [33mtabindex[31m=[32m"0"[31m
            [36m>[31m
              [36m<div[31m
                [33mclass[31m=[32m"flex items-center justify-between"[31m
              [36m>[31m
                [36m<div>[31m
                  [36m<div[31m
                    [33mclass[31m=[32m"flex items-center space-x-2 mb-1"[31m
                  [36m>[31m
                    [36m<h3[31m
                      [33mclass[31m=[32m"text-lg font-semibold text-white"[31m
                    [36m>[31m
                      [0mVandrevala Foundation[0m
                    [36m</h3>[31m
                    [36m<span[31m
                      [33mclass[31m=[32m"px-2 py-0.5 bg-blue-500/20 text-blue-300 text-xs rounded-full"[31m
                    [36m>[31m
                      [0mPan India[0m
                    [36m</span>[31m
                  [36m</div>[31m
                  [36m<p[31m
                    [33mclass[31m=[32m"text-2xl font-bold text-primary group-hover:text-purple-300 transition-colors"[31m
                  [36m>[31m
                    [0m1860-266-2345[0m
                  [36m</p>[31m
                  [36m<p[31m
                    [33mclass[31m=[32m"text-sm text-gray-400 mt-1"[31m
                  [36m>[31m
                    [0m24/7[0m
                  [36m</p>[31m
                [36m</div>[31m
                [36m<svg[31m
                  [33maria-hidden[31m=[32m"true"[31m
                  [33mclass[31m=[32m"lucide lucide-phone w-8 h-8 text-primary group-hover:text-purple-300 transition-colors"[31m
                  [33mfill[31m=[32m"none"[31m
                  [33mheight[31m=[32m"24"[31m
                  [33mstroke[31m=[32m"currentColor"[31m
                  [33mstroke-linecap[31m=[32m"round"[31m
                  [33mstroke-linejoin[31m=[32m"round"[31m
                  [33mstroke-width[31m=[32m"2"[31m
                  [33mviewBox[31m=[32m"0 0 24 24"[31m
                  [33mwidth[31m=[32m"24"[31m
                  [33mxmlns[31m=[32m"http://www.w3.org/2000/svg"[31m
                [36m>[31m
                  [36m<path[31m
                    [33md[31m=[32m"M13.832 16.568a1 1 0 0 0 1.213-.303l.355-.465A2 2 0 0 1 17 15h3a2 2 0 0 1 2 2v3a2 2 0 0 1-2 2A18 18 0 0 1 2 4a2 2 0 0 1 2-2h3a2 2 0 0 1 2 2v3a2 2 0 0 1-.8 1.6l-.468.351a1 1 0 0 0-.292 1.233 14 14 0 0 0 6.392 6.384"[31m
                  [36m/>[31m
                [36m</svg>[31m
              [36m</div>[31m
            [36m</a>[31m
          [36m</div>[31m
          [36m<div[31m
            [33mclass[31m=[32m"text-center"[31m
          [36m>[31m
            [36m<a[31m
              [33mclass[31m=[32m"inline-block text-primary hover:text-purple-300 font-medium transition-colors"[31m
              [33mhref[31m=[32m"/helplines"[31m
            [36m>[31m
              [0mView All Helplines →[0m
            [36m</a>[31m
          [36m</div>[31m
          [36m<div[31m
            [33mclass[31m=[32m"border-t border-white/10 pt-6"[31m
          [36m>[31m
            [36m<button[31m
              [33mclass[31m=[32m"w-full py-3 text-gray-400 hover:text-gray-300 text-sm transition-colors"[31m
            [36m>[31m
              [0mI'm okay, continue posting[0m
            [36m</button>[31m
          [36m</div>[31m
          [36m<div[31m
            [33mclass[31m=[32m"bg-red-500/10 border border-red-500/30 rounded-lg p-4"[31m
          [36m>[31m
            [36m<p[31m
              [33mclass[31m=[32m"text-sm text-gray-300 text-center"[31m
            [36m>[31m
              [36m<strong[31m
                [33mclass[31m=[32m"text-red-400"[31m
              [36m>[31m
                [0mEmergency:[0m
              [36m</strong>[31m
              [0m If you are in immediate danger, please call emergency services (100/112) or visit the nearest hospital.[0m
            [36m</p>[31m
          [36m</div>[31m
        [36m</div>[31m
      [36m</div>[31m
    [36m</div>[31m
  [36m</div>[31m
[36m</body>[31m[39m
[90mstderr[2m | src/components/crisis/__tests__/CrisisAlertModal.accessibility.test.tsx[2m > [22m[2mCrisisAlertModal Accessibility[2m > [22m[2mScreen Reader Support[2m > [22m[2mshould provide context for helpline numbers
[22m[39mAn update to CrisisAlertModal inside a test was not wrapped in act(...).

When testing, code that causes React state updates should be wrapped into act(...):

act(() => {
  /* fire events that update state */
});
/* assert on the output */

This ensures that you're testing the behavior the user would see in the browser. Learn more at https://react.dev/link/wrap-tests-with-act
An update to CrisisAlertModal inside a test was not wrapped in act(...).

When testing, code that causes React state updates should be wrapped into act(...):

act(() => {
  /* fire events that update state */
});
/* assert on the output */

This ensures that you're testing the behavior the user would see in the browser. Learn more at https://react.dev/link/wrap-tests-with-act

[90mstderr[2m | src/components/crisis/__tests__/CrisisAlertModal.accessibility.test.tsx[2m > [22m[2mCrisisAlertModal Accessibility[2m > [22m[2mVisual Accessibility[2m > [22m[2mshould have sufficient contrast for interactive elements
[22m[39m[HelplineRegistry] Failed to fetch manifest: TypeError: Failed to parse URL from /helplines/registry.signed.json
[90m    at node:internal/deps/undici/undici:14900:13[39m
    at fetchManifest [90m(/home/engine/project/[39msrc/lib/crisisAI/HelplineRegistry.ts:186:22[90m)[39m
    at forceRefresh [90m(/home/engine/project/[39msrc/lib/crisisAI/HelplineRegistry.ts:230:22[90m)[39m
    at refresh [90m(/home/engine/project/[39msrc/lib/crisisAI/HelplineRegistry.ts:263:7[90m)[39m
    at Module.initialize [90m(/home/engine/project/[39msrc/lib/crisisAI/HelplineRegistry.ts:86:3[90m)[39m
    at initRegistry [90m(/home/engine/project/[39msrc/components/crisis/CrisisAlertModal.tsx:48:9[90m)[39m {
  [cause]: TypeError: Invalid URL
  [90m    at new URL (node:internal/url:806:29)[39m
  [90m    at new Request (node:internal/deps/undici/undici:9776:25)[39m
  [90m    at fetch (node:internal/deps/undici/undici:10505:25)[39m
  [90m    at fetch (node:internal/deps/undici/undici:14898:10)[39m
  [90m    at fetch (node:internal/bootstrap/web/exposed-window-or-worker:72:12)[39m
      at fetchManifest [90m(/home/engine/project/[39msrc/lib/crisisAI/HelplineRegistry.ts:186:28[90m)[39m
      at forceRefresh [90m(/home/engine/project/[39msrc/lib/crisisAI/HelplineRegistry.ts:230:28[90m)[39m
      at refresh [90m(/home/engine/project/[39msrc/lib/crisisAI/HelplineRegistry.ts:263:13[90m)[39m
      at Module.initialize [90m(/home/engine/project/[39msrc/lib/crisisAI/HelplineRegistry.ts:86:9[90m)[39m
      at initRegistry [90m(/home/engine/project/[39msrc/components/crisis/CrisisAlertModal.tsx:48:32[90m)[39m {
    code: [32m'ERR_INVALID_URL'[39m,
    input: [32m'/helplines/registry.signed.json'[39m
  }
}

[90mstderr[2m | src/components/crisis/__tests__/CrisisAlertModal.accessibility.test.tsx[2m > [22m[2mCrisisAlertModal Accessibility[2m > [22m[2mVisual Accessibility[2m > [22m[2mshould have sufficient contrast for interactive elements
[22m[39mAn update to CrisisAlertModal inside a test was not wrapped in act(...).

When testing, code that causes React state updates should be wrapped into act(...):

act(() => {
  /* fire events that update state */
});
/* assert on the output */

This ensures that you're testing the behavior the user would see in the browser. Learn more at https://react.dev/link/wrap-tests-with-act
An update to CrisisAlertModal inside a test was not wrapped in act(...).

When testing, code that causes React state updates should be wrapped into act(...):

act(() => {
  /* fire events that update state */
});
/* assert on the output */

This ensures that you're testing the behavior the user would see in the browser. Learn more at https://react.dev/link/wrap-tests-with-act

[90mstderr[2m | src/components/crisis/__tests__/CrisisAlertModal.accessibility.test.tsx[2m > [22m[2mCrisisAlertModal Accessibility[2m > [22m[2mVisual Accessibility[2m > [22m[2mshould have visible focus indicators
[22m[39m[HelplineRegistry] Failed to fetch manifest: TypeError: Failed to parse URL from /helplines/registry.signed.json
[90m    at node:internal/deps/undici/undici:14900:13[39m
    at fetchManifest [90m(/home/engine/project/[39msrc/lib/crisisAI/HelplineRegistry.ts:186:22[90m)[39m
    at forceRefresh [90m(/home/engine/project/[39msrc/lib/crisisAI/HelplineRegistry.ts:230:22[90m)[39m
    at refresh [90m(/home/engine/project/[39msrc/lib/crisisAI/HelplineRegistry.ts:263:7[90m)[39m
    at Module.initialize [90m(/home/engine/project/[39msrc/lib/crisisAI/HelplineRegistry.ts:86:3[90m)[39m
    at initRegistry [90m(/home/engine/project/[39msrc/components/crisis/CrisisAlertModal.tsx:48:9[90m)[39m {
  [cause]: TypeError: Invalid URL
  [90m    at new URL (node:internal/url:806:29)[39m
  [90m    at new Request (node:internal/deps/undici/undici:9776:25)[39m
  [90m    at fetch (node:internal/deps/undici/undici:10505:25)[39m
  [90m    at fetch (node:internal/deps/undici/undici:14898:10)[39m
  [90m    at fetch (node:internal/bootstrap/web/exposed-window-or-worker:72:12)[39m
      at fetchManifest [90m(/home/engine/project/[39msrc/lib/crisisAI/HelplineRegistry.ts:186:28[90m)[39m
      at forceRefresh [90m(/home/engine/project/[39msrc/lib/crisisAI/HelplineRegistry.ts:230:28[90m)[39m
      at refresh [90m(/home/engine/project/[39msrc/lib/crisisAI/HelplineRegistry.ts:263:13[90m)[39m
      at Module.initialize [90m(/home/engine/project/[39msrc/lib/crisisAI/HelplineRegistry.ts:86:9[90m)[39m
      at initRegistry [90m(/home/engine/project/[39msrc/components/crisis/CrisisAlertModal.tsx:48:32[90m)[39m {
    code: [32m'ERR_INVALID_URL'[39m,
    input: [32m'/helplines/registry.signed.json'[39m
  }
}

[90mstderr[2m | src/components/crisis/__tests__/CrisisAlertModal.accessibility.test.tsx[2m > [22m[2mCrisisAlertModal Accessibility[2m > [22m[2mVisual Accessibility[2m > [22m[2mshould have visible focus indicators
[22m[39mAn update to CrisisAlertModal inside a test was not wrapped in act(...).

When testing, code that causes React state updates should be wrapped into act(...):

act(() => {
  /* fire events that update state */
});
/* assert on the output */

This ensures that you're testing the behavior the user would see in the browser. Learn more at https://react.dev/link/wrap-tests-with-act
An update to CrisisAlertModal inside a test was not wrapped in act(...).

When testing, code that causes React state updates should be wrapped into act(...):

act(() => {
  /* fire events that update state */
});
/* assert on the output */

This ensures that you're testing the behavior the user would see in the browser. Learn more at https://react.dev/link/wrap-tests-with-act

[90mstderr[2m | src/components/crisis/__tests__/CrisisAlertModal.accessibility.test.tsx[2m > [22m[2mCrisisAlertModal Accessibility[2m > [22m[2mModal Behavior[2m > [22m[2mshould prevent interaction with background
[22m[39m[HelplineRegistry] Failed to fetch manifest: TypeError: Failed to parse URL from /helplines/registry.signed.json
[90m    at node:internal/deps/undici/undici:14900:13[39m
    at fetchManifest [90m(/home/engine/project/[39msrc/lib/crisisAI/HelplineRegistry.ts:186:22[90m)[39m
    at forceRefresh [90m(/home/engine/project/[39msrc/lib/crisisAI/HelplineRegistry.ts:230:22[90m)[39m
    at refresh [90m(/home/engine/project/[39msrc/lib/crisisAI/HelplineRegistry.ts:263:7[90m)[39m
    at Module.initialize [90m(/home/engine/project/[39msrc/lib/crisisAI/HelplineRegistry.ts:86:3[90m)[39m
    at initRegistry [90m(/home/engine/project/[39msrc/components/crisis/CrisisAlertModal.tsx:48:9[90m)[39m {
  [cause]: TypeError: Invalid URL
  [90m    at new URL (node:internal/url:806:29)[39m
  [90m    at new Request (node:internal/deps/undici/undici:9776:25)[39m
  [90m    at fetch (node:internal/deps/undici/undici:10505:25)[39m
  [90m    at fetch (node:internal/deps/undici/undici:14898:10)[39m
  [90m    at fetch (node:internal/bootstrap/web/exposed-window-or-worker:72:12)[39m
      at fetchManifest [90m(/home/engine/project/[39msrc/lib/crisisAI/HelplineRegistry.ts:186:28[90m)[39m
      at forceRefresh [90m(/home/engine/project/[39msrc/lib/crisisAI/HelplineRegistry.ts:230:28[90m)[39m
      at refresh [90m(/home/engine/project/[39msrc/lib/crisisAI/HelplineRegistry.ts:263:13[90m)[39m
      at Module.initialize [90m(/home/engine/project/[39msrc/lib/crisisAI/HelplineRegistry.ts:86:9[90m)[39m
      at initRegistry [90m(/home/engine/project/[39msrc/components/crisis/CrisisAlertModal.tsx:48:32[90m)[39m {
    code: [32m'ERR_INVALID_URL'[39m,
    input: [32m'/helplines/registry.signed.json'[39m
  }
}

[90mstderr[2m | src/components/crisis/__tests__/CrisisAlertModal.accessibility.test.tsx[2m > [22m[2mCrisisAlertModal Accessibility[2m > [22m[2mModal Behavior[2m > [22m[2mshould handle ZK proof section when enabled
[22m[39m[HelplineRegistry] Failed to fetch manifest: TypeError: Failed to parse URL from /helplines/registry.signed.json
[90m    at node:internal/deps/undici/undici:14900:13[39m
    at fetchManifest [90m(/home/engine/project/[39msrc/lib/crisisAI/HelplineRegistry.ts:186:22[90m)[39m
    at forceRefresh [90m(/home/engine/project/[39msrc/lib/crisisAI/HelplineRegistry.ts:230:22[90m)[39m
    at refresh [90m(/home/engine/project/[39msrc/lib/crisisAI/HelplineRegistry.ts:263:7[90m)[39m
    at Module.initialize [90m(/home/engine/project/[39msrc/lib/crisisAI/HelplineRegistry.ts:86:3[90m)[39m
    at initRegistry [90m(/home/engine/project/[39msrc/components/crisis/CrisisAlertModal.tsx:48:9[90m)[39m {
  [cause]: TypeError: Invalid URL
  [90m    at new URL (node:internal/url:806:29)[39m
  [90m    at new Request (node:internal/deps/undici/undici:9776:25)[39m
  [90m    at fetch (node:internal/deps/undici/undici:10505:25)[39m
  [90m    at fetch (node:internal/deps/undici/undici:14898:10)[39m
  [90m    at fetch (node:internal/bootstrap/web/exposed-window-or-worker:72:12)[39m
      at fetchManifest [90m(/home/engine/project/[39msrc/lib/crisisAI/HelplineRegistry.ts:186:28[90m)[39m
      at forceRefresh [90m(/home/engine/project/[39msrc/lib/crisisAI/HelplineRegistry.ts:230:28[90m)[39m
      at refresh [90m(/home/engine/project/[39msrc/lib/crisisAI/HelplineRegistry.ts:263:13[90m)[39m
      at Module.initialize [90m(/home/engine/project/[39msrc/lib/crisisAI/HelplineRegistry.ts:86:9[90m)[39m
      at initRegistry [90m(/home/engine/project/[39msrc/components/crisis/CrisisAlertModal.tsx:48:32[90m)[39m {
    code: [32m'ERR_INVALID_URL'[39m,
    input: [32m'/helplines/registry.signed.json'[39m
  }
}

[90mstdout[2m | src/components/crisis/__tests__/CrisisAlertModal.accessibility.test.tsx[2m > [22m[2mCrisisAlertModal Accessibility[2m > [22m[2mModal Behavior[2m > [22m[2mshould handle ZK proof section when enabled
[22m[39mZK proof completed: [33mtrue[39m

 [32m✓[39m src/components/crisis/__tests__/CrisisAlertModal.accessibility.test.tsx[2m > [22mCrisisAlertModal Accessibility[2m > [22mScreen Reader Support[2m > [22mshould provide context for helpline numbers[32m 100[2mms[22m[39m
 [32m✓[39m src/components/crisis/__tests__/CrisisAlertModal.accessibility.test.tsx[2m > [22mCrisisAlertModal Accessibility[2m > [22mVisual Accessibility[2m > [22mshould have sufficient contrast for interactive elements[32m 36[2mms[22m[39m
 [32m✓[39m src/components/crisis/__tests__/CrisisAlertModal.accessibility.test.tsx[2m > [22mCrisisAlertModal Accessibility[2m > [22mVisual Accessibility[2m > [22mshould have visible focus indicators[32m 26[2mms[22m[39m
 [31m×[39m src/components/crisis/__tests__/CrisisAlertModal.accessibility.test.tsx[2m > [22mCrisisAlertModal Accessibility[2m > [22mModal Behavior[2m > [22mshould prevent interaction with background[32m 23[2mms[22m[39m
[31m   → Found multiple elements with the role "dialog"

Here are the matching elements:

Ignored nodes: comments, script, style
[36m<div[31m
  [33maria-describedby[31m=[32m"crisis-modal-description"[31m
  [33maria-labelledby[31m=[32m"crisis-modal-title"[31m
  [33maria-modal[31m=[32m"true"[31m
  [33mclass[31m=[32m"fixed inset-0 z-50 flex items-center justify-center p-4"[31m
  [33mrole[31m=[32m"dialog"[31m
  [33mstyle[31m=[32m"opacity: 0; transform: scale(0.95);"[31m
[36m>[31m
  [36m<div[31m
    [33maria-describedby[31m=[32m"crisis-alert-description"[31m
    [33maria-labelledby[31m=[32m"crisis-alert-title"[31m
    [33maria-modal[31m=[32m"true"[31m
    [33mclass[31m=[32m"glass max-w-2xl w-full max-h-[90vh] overflow-y-auto rounded-2xl border-2 border-red-500/30"[31m
    [33mrole[31m=[32m"dialog"[31m
  [36m>[31m
    [36m<div[31m
      [33mclass[31m=[32m"sticky top-0 glass p-6 border-b border-white/10 flex items-start justify-between"[31m
    [36m>[31m
      [36m<div[31m
        [33mclass[31m=[32m"flex items-start space-x-3"[31m
      [36m>[31m
        [36m<svg[31m
          [33maria-hidden[31m=[32m"true"[31m
          [33mclass[31m=[32m"lucide lucide-triangle-alert w-6 h-6 text-red-500 flex-shrink-0 mt-1"[31m
          [33mfill[31m=[32m"none"[31m
          [33mheight[31m=[32m"24"[31m
          [33mstroke[31m=[32m"currentColor"[31m
          [33mstroke-linecap[31m=[32m"round"[31m
          [33mstroke-linejoin[31m=[32m"round"[31m
          [33mstroke-width[31m=[32m"2"[31m
          [33mviewBox[31m=[32m"0 0 24 24"[31m
          [33mwidth[31m=[32m"24"[31m
          [33mxmlns[31m=[32m"http://www.w3.org/2000/svg"[31m
        [36m>[31m
          [36m<path[31m
            [33md[31m=[32m"m21.73 18-8-14a2 2 0 0 0-3.48 0l-8 14A2 2 0 0 0 4 21h16a2 2 0 0 0 1.73-3"[31m
          [36m/>[31m
          [36m<path[31m
            [33md[31m=[32m"M12 9v4"[31m
          [36m/>[31m
          [36m<path[31m
            [33md[31m=[32m"M12 17h.01"[31m
          [36m/>[31m
        [36m</svg>[31m
        [36m<div>[31m
          [36m<h2[31m
            [33mclass[31m=[32m"text-2xl font-bold text-white mb-1"[31m
            [33mid[31m=[32m"crisis-modal-title"[31m
          [36m>[31m
            [0m🆘 We're Here to Help[0m
          [36m</h2>[31m
          [36m<p[31m
            [33mclass[31m=[32m"text-gray-300 text-sm"[31m
            [33mid[31m=[32m"crisis-modal-description"[31m
          [36m>[31m
            [0mIf you're thinking about suicide or need immediate support, you're not alone. Help is available 24/7.[0m
          [36m</p>[31m
        [36m</div>[31m
      [36m</div>[31m
    [36m</div>[31m
    [36m<div[31m
      [33mclass[31m=[32m"p-6 space-y-6"[31m
    [36m>[31m
      [36m<div[31m
        [33mclass[31m=[32m"space-y-4"[31m
      [36m>[31m
        [36m<a[31m
          [33mclass[31m=[32m"block glass p-4 rounded-xl border border-white/10 hover:border-primary transition-all group"[31m
          [33mhref[31m=[32m"tel:+91-22-27546669"[31m
          [33mtabindex[31m=[32m"0"[31m
        [36m>[31m
          [36m<div[31m
            [33mclass[31m=[32m"flex items-center justify-between"[31m
          [36m>[31m
            [36m<div>[31m
              [36m<div[31m
                [33mclass[31m=[32m"flex items-center space-x-2 mb-1"[31m
              [36m>[31m
                [36m<h3[31m
                  [33mclass[31m=[32m"text-lg font-semibold text-white"[31m
                [36m>[31m
                  [0mAasra[0m
                [36m</h3>[31m
                [36m<span[31m
                  [33mclass[31m=[32m"px-2 py-0.5 bg-blue-500/20 text-blue-300 text-xs rounded-full"[31m
                [36m>[31m
                  [0mMumbai[0m
                [36m</span>[31m
              [36m</div>[31m
              [36m<p[31m
                [33mclass[31m=[32m"text-2xl font-bold text-primary group-hover:text-purple-300 transition-colors"[31m
              [36m>[31m
                [0m+91-22-27546669[0m
              [36m</p>[31m
              [36m<p[31m
                [33mclass[31m=[32m"text-sm text-gray-400 mt-1"[31m
              [36m>[31m
                [0m24/7[0m
              [36m</p>[31m
            [36m</div>[31m
            [36m<svg[31m
              [33maria-hidden[31m=[32m"true"[31m
              [33mclass[31m=[32m"lucide lucide-phone w-8 h-8 text-primary group-hover:text-purple-300 transition-colors"[31m
              [33mfill[31m=[32m"none"[31m
              [33mheight[31m=[32m"24"[31m
              [33mstroke[31m=[32m"currentColor"[31m
              [33mstroke-linecap[31m=[32m"round"[31m
              [33mstroke-linejoin[31m=[32m"round"[31m
              [33mstroke-width[31m=[32m"2"[31m
              [33mviewBox[31m=[32m"0 0 24 24"[31m
              [33mwidth[31m=[32m"24"[31m
              [33mxmlns[31m=[32m"http://www.w3.org/2000/svg"[31m
            [36m>[31m
              [36m<path[31m
                [33md[31m=[32m"M13.832 16.568a1 1 0 0 0 1.213-.303l.355-.465A2 2 0 0 1 17 15h3a2 2 0 0 1 2 2v3a2 2 0 0 1-2 2A18 18 0 0 1 2 4a2 2 0 0 1 2-2h3a2 2 0 0 1 2 2v3a2 2 0 0 1-.8 1.6l-.468.351a1 1 0 0 0-.292 1.233 14 14 0 0 0 6.392 6.384"[31m
              [36m/>[31m
            [36m</svg>[31m
          [36m</div>[31m
        [36m</a>[31m
        [36m<a[31m
          [33mclass[31m=[32m"block glass p-4 rounded-xl border border-white/10 hover:border-primary transition-all group"[31m
          [33mhref[31m=[32m"tel:1860-266-2345"[31m
          [33mtabindex[31m=[32m"0"[31m
        [36m>[31m
          [36m<div[31m
            [33mclass[31m=[32m"flex items-center justify-between"[31m
          [36m>[31m
            [36m<div>[31m
              [36m<div[31m
                [33mclass[31m=[32m"flex items-center space-x-2 mb-1"[31m
              [36m>[31m
                [36m<h3[31m
                  [33mclass[31m=[32m"text-lg font-semibold text-white"[31m
                [36m>[31m
                  [0mVandrevala Foundation[0m
                [36m</h3>[31m
                [36m<span[31m
                  [33mclass[31m=[32m"px-2 py-0.5 bg-blue-500/20 text-blue-300 text-xs rounded-full"[31m
                [36m>[31m
                  [0mPan India[0m
                [36m</span>[31m
              [36m</div>[31m
              [36m<p[31m
                [33mclass[31m=[32m"text-2xl font-bold text-primary group-hover:text-purple-300 transition-colors"[31m
              [36m>[31m
                [0m1860-266-2345[0m
              [36m</p>[31m
              [36m<p[31m
                [33mclass[31m=[32m"text-sm text-gray-400 mt-1"[31m
              [36m>[31m
                [0m24/7[0m
              [36m</p>[31m
            [36m</div>[31m
            [36m<svg[31m
              [33maria-hidden[31m=[32m"true"[31m
              [33mclass[31m=[32m"lucide lucide-phone w-8 h-8 text-primary group-hover:text-purple-300 transition-colors"[31m
              [33mfill[31m=[32m"none"[31m
              [33mheight[31m=[32m"24"[31m
              [33mstroke[31m=[32m"currentColor"[31m
              [33mstroke-linecap[31m=[32m"round"[31m
              [33mstroke-linejoin[31m=[32m"round"[31m
              [33mstroke-width[31m=[32m"2"[31m
              [33mviewBox[31m=[32m"0 0 24 24"[31m
              [33mwidth[31m=[32m"24"[31m
              [33mxmlns[31m=[32m"http://www.w3.org/2000/svg"[31m
            [36m>[31m
              [36m<path[31m
                [33md[31m=[32m"M13.832 16.568a1 1 0 0 0 1.213-.303l.355-.465A2 2 0 0 1 17 15h3a2 2 0 0 1 2 2v3a2 2 0 0 1-2 2A18 18 0 0 1 2 4a2 2 0 0 1 2-2h3a2 2 0 0 1 2 2v3a2 2 0 0 1-.8 1.6l-.468.351a1 1 0 0 0-.292 1.233 14 14 0 0 0 6.392 6.384"[31m
              [36m/>[31m
            [36m</svg>[31m
          [36m</div>[31m
        [36m</a>[31m
      [36m</div>[31m
      [36m<div[31m
        [33mclass[31m=[32m"text-center"[31m
      [36m>[31m
        [36m<a[31m
          [33mclass[31m=[32m"inline-block text-primary hover:text-purple-300 font-medium transition-colors"[31m
          [33mhref[31m=[32m"/helplines"[31m
        [36m>[31m
          [0mView All Helplines →[0m
        [36m</a>[31m
      [36m</div>[31m
      [36m<div[31m
        [33mclass[31m=[32m"border-t border-white/10 pt-6"[31m
      [36m>[31m
        [36m<button[31m
          [33mclass[31m=[32m"w-full py-3 text-gray-400 hover:text-gray-300 text-sm transition-colors"[31m
        [36m>[31m
          [0mI'm okay, continue posting[0m
        [36m</button>[31m
      [36m</div>[31m
      [36m<div[31m
        [33mclass[31m=[32m"bg-red-500/10 border border-red-500/30 rounded-lg p-4"[31m
      [36m>[31m
        [36m<p[31m
          [33mclass[31m=[32m"text-sm text-gray-300 text-center"[31m
        [36m>[31m
          [36m<strong[31m
            [33mclass[31m=[32m"text-red-400"[31m
          [36m>[31m
            [0mEmergency:[0m
          [36m</strong>[31m
          [0m If you are in immediate danger, please call emergency services (100/112) or visit the nearest hospital.[0m
        [36m</p>[31m
      [36m</div>[31m
    [36m</div>[31m
  [36m</div>[31m
[36m</div>[31m

Ignored nodes: comments, script, style
[36m<div[31m
  [33maria-describedby[31m=[32m"crisis-alert-description"[31m
  [33maria-labelledby[31m=[32m"crisis-alert-title"[31m
  [33maria-modal[31m=[32m"true"[31m
  [33mclass[31m=[32m"glass max-w-2xl w-full max-h-[90vh] overflow-y-auto rounded-2xl border-2 border-red-500/30"[31m
  [33mrole[31m=[32m"dialog"[31m
[36m>[31m
  [36m<div[31m
    [33mclass[31m=[32m"sticky top-0 glass p-6 border-b border-white/10 flex items-start justify-between"[31m
  [36m>[31m
    [36m<div[31m
      [33mclass[31m=[32m"flex items-start space-x-3"[31m
    [36m>[31m
      [36m<svg[31m
        [33maria-hidden[31m=[32m"true"[31m
        [33mclass[31m=[32m"lucide lucide-triangle-alert w-6 h-6 text-red-500 flex-shrink-0 mt-1"[31m
        [33mfill[31m=[32m"none"[31m
        [33mheight[31m=[32m"24"[31m
        [33mstroke[31m=[32m"currentColor"[31m
        [33mstroke-linecap[31m=[32m"round"[31m
        [33mstroke-linejoin[31m=[32m"round"[31m
        [33mstroke-width[31m=[32m"2"[31m
        [33mviewBox[31m=[32m"0 0 24 24"[31m
        [33mwidth[31m=[32m"24"[31m
        [33mxmlns[31m=[32m"http://www.w3.org/2000/svg"[31m
      [36m>[31m
        [36m<path[31m
          [33md[31m=[32m"m21.73 18-8-14a2 2 0 0 0-3.48 0l-8 14A2 2 0 0 0 4 21h16a2 2 0 0 0 1.73-3"[31m
        [36m/>[31m
        [36m<path[31m
          [33md[31m=[32m"M12 9v4"[31m
        [36m/>[31m
        [36m<path[31m
          [33md[31m=[32m"M12 17h.01"[31m
        [36m/>[31m
      [36m</svg>[31m
      [36m<div>[31m
        [36m<h2[31m
          [33mclass[31m=[32m"text-2xl font-bold text-white mb-1"[31m
          [33mid[31m=[32m"crisis-modal-title"[31m
        [36m>[31m
          [0m🆘 We're Here to Help[0m
        [36m</h2>[31m
        [36m<p[31m
          [33mclass[31m=[32m"text-gray-300 text-sm"[31m
          [33mid[31m=[32m"crisis-modal-description"[31m
        [36m>[31m
          [0mIf you're thinking about suicide or need immediate support, you're not alone. Help is available 24/7.[0m
        [36m</p>[31m
      [36m</div>[31m
    [36m</div>[31m
  [36m</div>[31m
  [36m<div[31m
    [33mclass[31m=[32m"p-6 space-y-6"[31m
  [36m>[31m
    [36m<div[31m
      [33mclass[31m=[32m"space-y-4"[31m
    [36m>[31m
      [36m<a[31m
        [33mclass[31m=[32m"block glass p-4 rounded-xl border border-white/10 hover:border-primary transition-all group"[31m
        [33mhref[31m=[32m"tel:+91-22-27546669"[31m
        [33mtabindex[31m=[32m"0"[31m
      [36m>[31m
        [36m<div[31m
          [33mclass[31m=[32m"flex items-center justify-between"[31m
        [36m>[31m
          [36m<div>[31m
            [36m<div[31m
              [33mclass[31m=[32m"flex items-center space-x-2 mb-1"[31m
            [36m>[31m
              [36m<h3[31m
                [33mclass[31m=[32m"text-lg font-semibold text-white"[31m
              [36m>[31m
                [0mAasra[0m
              [36m</h3>[31m
              [36m<span[31m
                [33mclass[31m=[32m"px-2 py-0.5 bg-blue-500/20 text-blue-300 text-xs rounded-full"[31m
              [36m>[31m
                [0mMumbai[0m
              [36m</span>[31m
            [36m</div>[31m
            [36m<p[31m
              [33mclass[31m=[32m"text-2xl font-bold text-primary group-hover:text-purple-300 transition-colors"[31m
            [36m>[31m
              [0m+91-22-27546669[0m
            [36m</p>[31m
            [36m<p[31m
              [33mclass[31m=[32m"text-sm text-gray-400 mt-1"[31m
            [36m>[31m
              [0m24/7[0m
            [36m</p>[31m
          [36m</div>[31m
          [36m<svg[31m
            [33maria-hidden[31m=[32m"true"[31m
            [33mclass[31m=[32m"lucide lucide-phone w-8 h-8 text-primary group-hover:text-purple-300 transition-colors"[31m
            [33mfill[31m=[32m"none"[31m
            [33mheight[31m=[32m"24"[31m
            [33mstroke[31m=[32m"currentColor"[31m
            [33mstroke-linecap[31m=[32m"round"[31m
            [33mstroke-linejoin[31m=[32m"round"[31m
            [33mstroke-width[31m=[32m"2"[31m
            [33mviewBox[31m=[32m"0 0 24 24"[31m
            [33mwidth[31m=[32m"24"[31m
            [33mxmlns[31m=[32m"http://www.w3.org/2000/svg"[31m
          [36m>[31m
            [36m<path[31m
              [33md[31m=[32m"M13.832 16.568a1 1 0 0 0 1.213-.303l.355-.465A2 2 0 0 1 17 15h3a2 2 0 0 1 2 2v3a2 2 0 0 1-2 2A18 18 0 0 1 2 4a2 2 0 0 1 2-2h3a2 2 0 0 1 2 2v3a2 2 0 0 1-.8 1.6l-.468.351a1 1 0 0 0-.292 1.233 14 14 0 0 0 6.392 6.384"[31m
            [36m/>[31m
          [36m</svg>[31m
        [36m</div>[31m
      [36m</a>[31m
      [36m<a[31m
        [33mclass[31m=[32m"block glass p-4 rounded-xl border border-white/10 hover:border-primary transition-all group"[31m
        [33mhref[31m=[32m"tel:1860-266-2345"[31m
        [33mtabindex[31m=[32m"0"[31m
      [36m>[31m
        [36m<div[31m
          [33mclass[31m=[32m"flex items-center justify-between"[31m
        [36m>[31m
          [36m<div>[31m
            [36m<div[31m
              [33mclass[31m=[32m"flex items-center space-x-2 mb-1"[31m
            [36m>[31m
              [36m<h3[31m
                [33mclass[31m=[32m"text-lg font-semibold text-white"[31m
              [36m>[31m
                [0mVandrevala Foundation[0m
              [36m</h3>[31m
              [36m<span[31m
                [33mclass[31m=[32m"px-2 py-0.5 bg-blue-500/20 text-blue-300 text-xs rounded-full"[31m
              [36m>[31m
                [0mPan India[0m
              [36m</span>[31m
            [36m</div>[31m
            [36m<p[31m
              [33mclass[31m=[32m"text-2xl font-bold text-primary group-hover:text-purple-300 transition-colors"[31m
            [36m>[31m
              [0m1860-266-2345[0m
            [36m</p>[31m
            [36m<p[31m
              [33mclass[31m=[32m"text-sm text-gray-400 mt-1"[31m
            [36m>[31m
              [0m24/7[0m
            [36m</p>[31m
          [36m</div>[31m
          [36m<svg[31m
            [33maria-hidden[31m=[32m"true"[31m
            [33mclass[31m=[32m"lucide lucide-phone w-8 h-8 text-primary group-hover:text-purple-300 transition-colors"[31m
            [33mfill[31m=[32m"none"[31m
            [33mheight[31m=[32m"24"[31m
            [33mstroke[31m=[32m"currentColor"[31m
            [33mstroke-linecap[31m=[32m"round"[31m
            [33mstroke-linejoin[31m=[32m"round"[31m
            [33mstroke-width[31m=[32m"2"[31m
            [33mviewBox[31m=[32m"0 0 24 24"[31m
            [33mwidth[31m=[32m"24"[31m
            [33mxmlns[31m=[32m"http://www.w3.org/2000/svg"[31m
          [36m>[31m
            [36m<path[31m
              [33md[31m=[32m"M13.832 16.568a1 1 0 0 0 1.213-.303l.355-.465A2 2 0 0 1 17 15h3a2 2 0 0 1 2 2v3a2 2 0 0 1-2 2A18 18 0 0 1 2 4a2 2 0 0 1 2-2h3a2 2 0 0 1 2 2v3a2 2 0 0 1-.8 1.6l-.468.351a1 1 0 0 0-.292 1.233 14 14 0 0 0 6.392 6.384"[31m
            [36m/>[31m
          [36m</svg>[31m
        [36m</div>[31m
      [36m</a>[31m
    [36m</div>[31m
    [36m<div[31m
      [33mclass[31m=[32m"text-center"[31m
    [36m>[31m
      [36m<a[31m
        [33mclass[31m=[32m"inline-block text-primary hover:text-purple-300 font-medium transition-colors"[31m
        [33mhref[31m=[32m"/helplines"[31m
      [36m>[31m
        [0mView All Helplines →[0m
      [36m</a>[31m
    [36m</div>[31m
    [36m<div[31m
      [33mclass[31m=[32m"border-t border-white/10 pt-6"[31m
    [36m>[31m
      [36m<button[31m
        [33mclass[31m=[32m"w-full py-3 text-gray-400 hover:text-gray-300 text-sm transition-colors"[31m
      [36m>[31m
        [0mI'm okay, continue posting[0m
      [36m</button>[31m
    [36m</div>[31m
    [36m<div[31m
      [33mclass[31m=[32m"bg-red-500/10 border border-red-500/30 rounded-lg p-4"[31m
    [36m>[31m
      [36m<p[31m
        [33mclass[31m=[32m"text-sm text-gray-300 text-center"[31m
      [36m>[31m
        [36m<strong[31m
          [33mclass[31m=[32m"text-red-400"[31m
        [36m>[31m
          [0mEmergency:[0m
        [36m</strong>[31m
        [0m If you are in immediate danger, please call emergency services (100/112) or visit the nearest hospital.[0m
      [36m</p>[31m
    [36m</div>[31m
  [36m</div>[31m
[36m</div>[31m

(If this is intentional, then use the `*AllBy*` variant of the query (like `queryAllByText`, `getAllByText`, or `findAllByText`)).

Ignored nodes: comments, script, style
[36m<body>[31m
  [36m<div>[31m
    [36m<div[31m
      [33maria-hidden[31m=[32m"true"[31m
      [33mclass[31m=[32m"fixed inset-0 bg-black/80 backdrop-blur-sm z-50"[31m
      [33mstyle[31m=[32m"opacity: 0;"[31m
    [36m/>[31m
    [36m<div[31m
      [33maria-describedby[31m=[32m"crisis-modal-description"[31m
      [33maria-labelledby[31m=[32m"crisis-modal-title"[31m
      [33maria-modal[31m=[32m"true"[31m
      [33mclass[31m=[32m"fixed inset-0 z-50 flex items-center justify-center p-4"[31m
      [33mrole[31m=[32m"dialog"[31m
      [33mstyle[31m=[32m"opacity: 0; transform: scale(0.95);"[31m
    [36m>[31m
      [36m<div[31m
        [33maria-describedby[31m=[32m"crisis-alert-description"[31m
        [33maria-labelledby[31m=[32m"crisis-alert-title"[31m
        [33maria-modal[31m=[32m"true"[31m
        [33mclass[31m=[32m"glass max-w-2xl w-full max-h-[90vh] overflow-y-auto rounded-2xl border-2 border-red-500/30"[31m
        [33mrole[31m=[32m"dialog"[31m
      [36m>[31m
        [36m<div[31m
          [33mclass[31m=[32m"sticky top-0 glass p-6 border-b border-white/10 flex items-start justify-between"[31m
        [36m>[31m
          [36m<div[31m
            [33mclass[31m=[32m"flex items-start space-x-3"[31m
          [36m>[31m
            [36m<svg[31m
              [33maria-hidden[31m=[32m"true"[31m
              [33mclass[31m=[32m"lucide lucide-triangle-alert w-6 h-6 text-red-500 flex-shrink-0 mt-1"[31m
              [33mfill[31m=[32m"none"[31m
              [33mheight[31m=[32m"24"[31m
              [33mstroke[31m=[32m"currentColor"[31m
              [33mstroke-linecap[31m=[32m"round"[31m
              [33mstroke-linejoin[31m=[32m"round"[31m
              [33mstroke-width[31m=[32m"2"[31m
              [33mviewBox[31m=[32m"0 0 24 24"[31m
              [33mwidth[31m=[32m"24"[31m
              [33mxmlns[31m=[32m"http://www.w3.org/2000/svg"[31m
            [36m>[31m
              [36m<path[31m
                [33md[31m=[32m"m21.73 18-8-14a2 2 0 0 0-3.48 0l-8 14A2 2 0 0 0 4 21h16a2 2 0 0 0 1.73-3"[31m
              [36m/>[31m
              [36m<path[31m
                [33md[31m=[32m"M12 9v4"[31m
              [36m/>[31m
              [36m<path[31m
                [33md[31m=[32m"M12 17h.01"[31m
              [36m/>[31m
            [36m</svg>[31m
            [36m<div>[31m
              [36m<h2[31m
                [33mclass[31m=[32m"text-2xl font-bold text-white mb-1"[31m
                [33mid[31m=[32m"crisis-modal-title"[31m
              [36m>[31m
                [0m🆘 We're Here to Help[0m
              [36m</h2>[31m
              [36m<p[31m
                [33mclass[31m=[32m"text-gray-300 text-sm"[31m
                [33mid[31m=[32m"crisis-modal-description"[31m
              [36m>[31m
                [0mIf you're thinking about suicide or need immediate support, you're not alone. Help is available 24/7.[0m
              [36m</p>[31m
            [36m</div>[31m
          [36m</div>[31m
        [36m</div>[31m
        [36m<div[31m
          [33mclass[31m=[32m"p-6 space-y-6"[31m
        [36m>[31m
          [36m<div[31m
            [33mclass[31m=[32m"space-y-4"[31m
          [36m>[31m
            [36m<a[31m
              [33mclass[31m=[32m"block glass p-4 rounded-xl border border-white/10 hover:border-primary transition-all group"[31m
              [33mhref[31m=[32m"tel:+91-22-27546669"[31m
              [33mtabindex[31m=[32m"0"[31m
            [36m>[31m
              [36m<div[31m
                [33mclass[31m=[32m"flex items-center justify-between"[31m
              [36m>[31m
                [36m<div>[31m
                  [36m<div[31m
                    [33mclass[31m=[32m"flex items-center space-x-2 mb-1"[31m
                  [36m>[31m
                    [36m<h3[31m
                      [33mclass[31m=[32m"text-lg font-semibold text-white"[31m
                    [36m>[31m
                      [0mAasra[0m
                    [36m</h3>[31m
                    [36m<span[31m
                      [33mclass[31m=[32m"px-2 py-0.5 bg-blue-500/20 text-blue-300 text-xs rounded-full"[31m
                    [36m>[31m
                      [0mMumbai[0m
                    [36m</span>[31m
                  [36m</div>[31m
                  [36m<p[31m
                    [33mclass[31m=[32m"text-2xl font-bold text-primary group-hover:text-purple-300 transition-colors"[31m
                  [36m>[31m
                    [0m+91-22-27546669[0m
                  [36m</p>[31m
                  [36m<p[31m
                    [33mclass[31m=[32m"text-sm text-gray-400 mt-1"[31m
                  [36m>[31m
                    [0m24/7[0m
                  [36m</p>[31m
                [36m</div>[31m
                [36m<svg[31m
                  [33maria-hidden[31m=[32m"true"[31m
                  [33mclass[31m=[32m"lucide lucide-phone w-8 h-8 text-primary group-hover:text-purple-300 transition-colors"[31m
                  [33mfill[31m=[32m"none"[31m
                  [33mheight[31m=[32m"24"[31m
                  [33mstroke[31m=[32m"currentColor"[31m
                  [33mstroke-linecap[31m=[32m"round"[31m
                  [33mstroke-linejoin[31m=[32m"round"[31m
                  [33mstroke-width[31m=[32m"2"[31m
                  [33mviewBox[31m=[32m"0 0 24 24"[31m
                  [33mwidth[31m=[32m"24"[31m
                  [33mxmlns[31m=[32m"http://www.w3.org/2000/svg"[31m
                [36m>[31m
                  [36m<path[31m
                    [33md[31m=[32m"M13.832 16.568a1 1 0 0 0 1.213-.303l.355-.465A2 2 0 0 1 17 15h3a2 2 0 0 1 2 2v3a2 2 0 0 1-2 2A18 18 0 0 1 2 4a2 2 0 0 1 2-2h3a2 2 0 0 1 2 2v3a2 2 0 0 1-.8 1.6l-.468.351a1 1 0 0 0-.292 1.233 14 14 0 0 0 6.392 6.384"[31m
                  [36m/>[31m
                [36m</svg>[31m
              [36m</div>[31m
            [36m</a>[31m
            [36m<a[31m
              [33mclass[31m=[32m"block glass p-4 rounded-xl border border-white/10 hover:border-primary transition-all group"[31m
              [33mhref[31m=[32m"tel:1860-266-2345"[31m
              [33mtabindex[31m=[32m"0"[31m
            [36m>[31m
              [36m<div[31m
                [33mclass[31m=[32m"flex items-center justify-between"[31m
              [36m>[31m
                [36m<div>[31m
                  [36m<div[31m
                    [33mclass[31m=[32m"flex items-center space-x-2 mb-1"[31m
                  [36m>[31m
                    [36m<h3[31m
                      [33mclass[31m=[32m"text-lg font-semibold text-white"[31m
                    [36m>[31m
                      [0mVandrevala Foundation[0m
                    [36m</h3>[31m
                    [36m<span[31m
                      [33mclass[31m=[32m"px-2 py-0.5 bg-blue-500/20 text-blue-300 text-xs rounded-full"[31m
                    [36m>[31m
                      [0mPan India[0m
                    [36m</span>[31m
                  [36m</div>[31m
                  [36m<p[31m
                    [33mclass[31m=[32m"text-2xl font-bold text-primary group-hover:text-purple-300 transition-colors"[31m
                  [36m>[31m
                    [0m1860-266-2345[0m
                  [36m</p>[31m
                  [36m<p[31m
                    [33mclass[31m=[32m"text-sm text-gray-400 mt-1"[31m
                  [36m>[31m
                    [0m24/7[0m
                  [36m</p>[31m
                [36m</div>[31m
                [36m<svg[31m
                  [33maria-hidden[31m=[32m"true"[31m
                  [33mclass[31m=[32m"lucide lucide-phone w-8 h-8 text-primary group-hover:text-purple-300 transition-colors"[31m
                  [33mfill[31m=[32m"none"[31m
                  [33mheight[31m=[32m"24"[31m
                  [33mstroke[31m=[32m"currentColor"[31m
                  [33mstroke-linecap[31m=[32m"round"[31m
                  [33mstroke-linejoin[31m=[32m"round"[31m
                  [33mstroke-width[31m=[32m"2"[31m
                  [33mviewBox[31m=[32m"0 0 24 24"[31m
                  [33mwidth[31m=[32m"24"[31m
                  [33mxmlns[31m=[32m"http://www.w3.org/2000/svg"[31m
                [36m>[31m
                  [36m<path[31m
                    [33md[31m=[32m"M13.832 16.568a1 1 0 0 0 1.213-.303l.355-.465A2 2 0 0 1 17 15h3a2 2 0 0 1 2 2v3a2 2 0 0 1-2 2A18 18 0 0 1 2 4a2 2 0 0 1 2-2h3a2 2 0 0 1 2 2v3a2 2 0 0 1-.8 1.6l-.468.351a1 1 0 0 0-.292 1.233 14 14 0 0 0 6.392 6.384"[31m
                  [36m/>[31m
                [36m</svg>[31m
              [36m</div>[31m
            [36m</a>[31m
          [36m</div>[31m
          [36m<div[31m
            [33mclass[31m=[32m"text-center"[31m
          [36m>[31m
            [36m<a[31m
              [33mclass[31m=[32m"inline-block text-primary hover:text-purple-300 font-medium transition-colors"[31m
              [33mhref[31m=[32m"/helplines"[31m
            [36m>[31m
              [0mView All Helplines →[0m
            [36m</a>[31m
          [36m</div>[31m
          [36m<div[31m
            [33mclass[31m=[32m"border-t border-white/10 pt-6"[31m
          [36m>[31m
            [36m<button[31m
              [33mclass[31m=[32m"w-full py-3 text-gray-400 hover:text-gray-300 text-sm transition-colors"[31m
            [36m>[31m
              [0mI'm okay, continue posting[0m
            [36m</button>[31m
          [36m</div>[31m
          [36m<div[31m
            [33mclass[31m=[32m"bg-red-500/10 border border-red-500/30 rounded-lg p-4"[31m
          [36m>[31m
            [36m<p[31m
              [33mclass[31m=[32m"text-sm text-gray-300 text-center"[31m
            [36m>[31m
              [36m<strong[31m
                [33mclass[31m=[32m"text-red-400"[31m
              [36m>[31m
                [0mEmergency:[0m
              [36m</strong>[31m
              [0m If you are in immediate danger, please call emergency services (100/112) or visit the nearest hospital.[0m
            [36m</p>[31m
          [36m</div>[31m
        [36m</div>[31m
      [36m</div>[31m
    [36m</div>[31m
  [36m</div>[31m
[36m</body>[31m[39m
 [32m✓[39m src/components/crisis/__tests__/CrisisAlertModal.accessibility.test.tsx[2m > [22mCrisisAlertModal Accessibility[2m > [22mModal Behavior[2m > [22mshould handle ZK proof section when enabled[32m 63[2mms[22m[39m
[90mstderr[2m | src/components/mentorship/__tests__/BookingForm.test.tsx[2m > [22m[2mBookingForm[2m > [22m[2mshould render booking form with header
[22m[39mThe result of getSnapshot should be cached to avoid an infinite loop

 [31m×[39m src/components/mentorship/__tests__/BookingForm.test.tsx[2m > [22mBookingForm[2m > [22mshould render booking form with header[33m 314[2mms[22m[39m
[31m   → Maximum update depth exceeded. This can happen when a component repeatedly calls setState inside componentWillUpdate or componentDidUpdate. React limits the number of nested updates to prevent infinite loops.[39m
 [31m×[39m src/components/mentorship/__tests__/BookingForm.test.tsx[2m > [22mBookingForm[2m > [22mshould display availability schedule picker[32m 182[2mms[22m[39m
[31m   → Maximum update depth exceeded. This can happen when a component repeatedly calls setState inside componentWillUpdate or componentDidUpdate. React limits the number of nested updates to prevent infinite loops.[39m
 [31m×[39m src/components/mentorship/__tests__/BookingForm.test.tsx[2m > [22mBookingForm[2m > [22mshould allow selection of time slots[32m 154[2mms[22m[39m
[31m   → Maximum update depth exceeded. This can happen when a component repeatedly calls setState inside componentWillUpdate or componentDidUpdate. React limits the number of nested updates to prevent infinite loops.[39m
 [31m×[39m src/components/mentorship/__tests__/BookingForm.test.tsx[2m > [22mBookingForm[2m > [22mshould display notes textarea[32m 191[2mms[22m[39m
[31m   → Maximum update depth exceeded. This can happen when a component repeatedly calls setState inside componentWillUpdate or componentDidUpdate. React limits the number of nested updates to prevent infinite loops.[39m
 [31m×[39m src/components/mentorship/__tests__/BookingForm.test.tsx[2m > [22mBookingForm[2m > [22mshould track character count for notes[32m 136[2mms[22m[39m
[31m   → Maximum update depth exceeded. This can happen when a component repeatedly calls setState inside componentWillUpdate or componentDidUpdate. React limits the number of nested updates to prevent infinite loops.[39m
 [31m×[39m src/components/mentorship/__tests__/BookingForm.test.tsx[2m > [22mBookingForm[2m > [22mshould disable confirm button when no time slot is selected[32m 142[2mms[22m[39m
[31m   → Maximum update depth exceeded. This can happen when a component repeatedly calls setState inside componentWillUpdate or componentDidUpdate. React limits the number of nested updates to prevent infinite loops.[39m
 [31m×[39m src/components/mentorship/__tests__/BookingForm.test.tsx[2m > [22mBookingForm[2m > [22mshould enable confirm button when time slot is selected[32m 135[2mms[22m[39m
[31m   → Maximum update depth exceeded. This can happen when a component repeatedly calls setState inside componentWillUpdate or componentDidUpdate. React limits the number of nested updates to prevent infinite loops.[39m
 [31m×[39m src/components/mentorship/__tests__/BookingForm.test.tsx[2m > [22mBookingForm[2m > [22mshould call onClose when cancel button is clicked[32m 126[2mms[22m[39m
[31m   → Maximum update depth exceeded. This can happen when a component repeatedly calls setState inside componentWillUpdate or componentDidUpdate. React limits the number of nested updates to prevent infinite loops.[39m
 [31m×[39m src/components/mentorship/__tests__/BookingForm.test.tsx[2m > [22mBookingForm[2m > [22mshould call onClose when X button is clicked[32m 128[2mms[22m[39m
[31m   → Maximum update depth exceeded. This can happen when a component repeatedly calls setState inside componentWillUpdate or componentDidUpdate. React limits the number of nested updates to prevent infinite loops.[39m
 [31m×[39m src/components/mentorship/__tests__/BookingForm.test.tsx[2m > [22mBookingForm[2m > [22mshould add booking to store on successful submission[32m 198[2mms[22m[39m
[31m   → Maximum update depth exceeded. This can happen when a component repeatedly calls setState inside componentWillUpdate or componentDidUpdate. React limits the number of nested updates to prevent infinite loops.[39m
 [31m×[39m src/components/mentorship/__tests__/BookingForm.test.tsx[2m > [22mBookingForm[2m > [22mshould decrement mentor capacity on successful booking[32m 134[2mms[22m[39m
[31m   → Maximum update depth exceeded. This can happen when a component repeatedly calls setState inside componentWillUpdate or componentDidUpdate. React limits the number of nested updates to prevent infinite loops.[39m
 [31m×[39m src/components/mentorship/__tests__/BookingForm.test.tsx[2m > [22mBookingForm[2m > [22mshould show success message when booking is confirmed[32m 137[2mms[22m[39m
[31m   → Maximum update depth exceeded. This can happen when a component repeatedly calls setState inside componentWillUpdate or componentDidUpdate. React limits the number of nested updates to prevent infinite loops.[39m
 [31m×[39m src/components/mentorship/__tests__/BookingForm.test.tsx[2m > [22mBookingForm[2m > [22mshould show waitlist message when mentor is at capacity[32m 141[2mms[22m[39m
[31m   → Maximum update depth exceeded. This can happen when a component repeatedly calls setState inside componentWillUpdate or componentDidUpdate. React limits the number of nested updates to prevent infinite loops.[39m
 [32m✓[39m src/lib/messaging/__tests__/DoubleRatchetIntegration.test.ts[2m > [22mDouble Ratchet Integration[2m > [22mshould generate different keys for consecutive messages[32m 9[2mms[22m[39m
 [32m✓[39m src/lib/messaging/__tests__/DoubleRatchetIntegration.test.ts[2m > [22mDouble Ratchet Integration[2m > [22mshould include ratchet metadata in encrypted payload[32m 2[2mms[22m[39m
 [32m✓[39m src/lib/messaging/__tests__/DoubleRatchetIntegration.test.ts[2m > [22mDouble Ratchet Integration[2m > [22mshould advance ratchet for each offline message without reusing keys[32m 3[2mms[22m[39m
 [32m✓[39m src/lib/messaging/__tests__/DoubleRatchetIntegration.test.ts[2m > [22mDouble Ratchet Integration[2m > [22mshould maintain state through offline queue flush[32m 2[2mms[22m[39m
 [32m✓[39m src/lib/messaging/__tests__/DoubleRatchetIntegration.test.ts[2m > [22mDouble Ratchet Integration[2m > [22mshould reject out-of-order inbound messages[32m 2[2mms[22m[39m
 [32m✓[39m src/lib/messaging/__tests__/DoubleRatchetIntegration.test.ts[2m > [22mDouble Ratchet Integration[2m > [22mshould allow forward jumps in index[32m 3[2mms[22m[39m
 [32m✓[39m src/lib/messaging/__tests__/DoubleRatchetIntegration.test.ts[2m > [22mDouble Ratchet Integration[2m > [22mshould prevent replay of already-received index[32m 1[2mms[22m[39m
 [32m✓[39m src/lib/messaging/__tests__/DoubleRatchetIntegration.test.ts[2m > [22mDouble Ratchet Integration[2m > [22mshould advance merkle commitment with each message[32m 1[2mms[22m[39m
 [32m✓[39m src/lib/messaging/__tests__/DoubleRatchetIntegration.test.ts[2m > [22mDouble Ratchet Integration[2m > [22mshould restore merkle commitment from serialized state[32m 7[2mms[22m[39m
 [32m✓[39m src/lib/messaging/__tests__/DoubleRatchetIntegration.test.ts[2m > [22mDouble Ratchet Integration[2m > [22mshould detect attempted index tampering[32m 1[2mms[22m[39m
 [32m✓[39m src/lib/messaging/__tests__/DoubleRatchetIntegration.test.ts[2m > [22mDouble Ratchet Integration[2m > [22mshould enforce strict ordering on inbound messages[32m 1[2mms[22m[39m
 [32m✓[39m src/lib/messaging/__tests__/DoubleRatchetIntegration.test.ts[2m > [22mDouble Ratchet Integration[2m > [22mshould persist session state correctly[32m 1[2mms[22m[39m
 [32m✓[39m src/lib/messaging/__tests__/DoubleRatchetIntegration.test.ts[2m > [22mDouble Ratchet Integration[2m > [22mshould handle multiple serialization rounds[32m 3[2mms[22m[39m
 [32m✓[39m src/lib/messaging/__tests__/DoubleRatchetIntegration.test.ts[2m > [22mDouble Ratchet Integration[2m > [22mshould maintain independent sessions per thread[32m 1[2mms[22m[39m
 [32m✓[39m src/lib/messaging/__tests__/DoubleRatchetIntegration.test.ts[2m > [22mDouble Ratchet Integration[2m > [22mshould track state independently per thread[32m 1[2mms[22m[39m
 [32m✓[39m src/lib/messaging/__tests__/DoubleRatchetIntegration.test.ts[2m > [22mDouble Ratchet Integration[2m > [22mshould simulate complete messaging flow[32m 1[2mms[22m[39m
 [31m×[39m src/components/mentorship/__tests__/BookingForm.test.tsx[2m > [22mBookingForm[2m > [22mshould include notes in the booking[32m 131[2mms[22m[39m
[31m   → Maximum update depth exceeded. This can happen when a component repeatedly calls setState inside componentWillUpdate or componentDidUpdate. React limits the number of nested updates to prevent infinite loops.[39m
 [31m×[39m src/components/mentorship/__tests__/BookingForm.test.tsx[2m > [22mBookingForm[2m > [22mshould call onBookingComplete callback when booking is successful[32m 167[2mms[22m[39m
[31m   → Maximum update depth exceeded. This can happen when a component repeatedly calls setState inside componentWillUpdate or componentDidUpdate. React limits the number of nested updates to prevent infinite loops.[39m
 [32m✓[39m src/lib/routing/__tests__/OnionRouter.test.ts[2m > [22mOnionRouter v2[2m > [22mshould initialize successfully[32m 4[2mms[22m[39m
 [32m✓[39m src/components/memorial/__tests__/TributeCard.test.tsx[2m > [22mTributeCard[2m > [22mStatus Indicators[2m > [22mshould display draft status badge[32m 76[2mms[22m[39m
 [32m✓[39m src/components/memorial/__tests__/TributeCard.test.tsx[2m > [22mTributeCard[2m > [22mStatus Indicators[2m > [22mshould display published status badge[32m 18[2mms[22m[39m
 [32m✓[39m src/components/memorial/__tests__/TributeCard.test.tsx[2m > [22mTributeCard[2m > [22mStatus Indicators[2m > [22mshould display pending review status badge[32m 11[2mms[22m[39m
 [32m✓[39m src/components/memorial/__tests__/TributeCard.test.tsx[2m > [22mTributeCard[2m > [22mStatus Indicators[2m > [22mshould display rejected status badge[32m 9[2mms[22m[39m
 [32m✓[39m src/components/memorial/__tests__/TributeCard.test.tsx[2m > [22mTributeCard[2m > [22mCosigner Information[2m > [22mshould display cosigner count for drafts[32m 14[2mms[22m[39m
 [32m✓[39m src/components/memorial/__tests__/TributeCard.test.tsx[2m > [22mTributeCard[2m > [22mCosigner Information[2m > [22mshould show consensus reached message when 3+ cosigners[32m 27[2mms[22m[39m
 [32m✓[39m src/components/memorial/__tests__/TributeCard.test.tsx[2m > [22mTributeCard[2m > [22mCosigner Information[2m > [22mshould display cosigner button for drafts needing signatures[32m 128[2mms[22m[39m
 [32m✓[39m src/components/memorial/__tests__/TributeCard.test.tsx[2m > [22mTributeCard[2m > [22mCollege and Date Display[2m > [22mshould display college affiliation when present[32m 9[2mms[22m[39m
 [32m✓[39m src/components/memorial/__tests__/TributeCard.test.tsx[2m > [22mTributeCard[2m > [22mCollege and Date Display[2m > [22mshould display date of remembrance when present[32m 8[2mms[22m[39m
 [32m✓[39m src/components/memorial/__tests__/TributeCard.test.tsx[2m > [22mTributeCard[2m > [22mModerator Decision[2m > [22mshould display moderator approval decision[32m 11[2mms[22m[39m
 [32m✓[39m src/components/memorial/__tests__/TributeCard.test.tsx[2m > [22mTributeCard[2m > [22mModerator Decision[2m > [22mshould display moderator rejection decision[32m 43[2mms[22m[39m
 [32m✓[39m src/components/memorial/__tests__/TributeCard.test.tsx[2m > [22mTributeCard[2m > [22mAudit Trail[2m > [22mshould display audit trail toggle[32m 8[2mms[22m[39m
 [32m✓[39m src/components/memorial/__tests__/TributeCard.test.tsx[2m > [22mTributeCard[2m > [22mAudit Trail[2m > [22mshould expand audit trail when clicked[32m 160[2mms[22m[39m
 [32m✓[39m src/components/memorial/__tests__/TributeCard.test.tsx[2m > [22mTributeCard[2m > [22mPublished Tribute Features[2m > [22mshould display candle count for published tributes[32m 28[2mms[22m[39m
 [32m✓[39m src/components/memorial/__tests__/TributeCard.test.tsx[2m > [22mTributeCard[2m > [22mPublished Tribute Features[2m > [22mshould display light candle button for published tributes[32m 57[2mms[22m[39m
 [32m✓[39m src/components/memorial/__tests__/TributeCard.test.tsx[2m > [22mTributeCard[2m > [22mPublished Tribute Features[2m > [22mshould call lightCandle when button clicked[32m 103[2mms[22m[39m
 [32m✓[39m src/components/memorial/__tests__/TributeCard.test.tsx[2m > [22mTributeCard[2m > [22mPublished Tribute Features[2m > [22mshould display milestone badge when achieved[32m 11[2mms[22m[39m
 [32m✓[39m src/components/memorial/__tests__/TributeCard.test.tsx[2m > [22mTributeCard[2m > [22mCosigner Interaction[2m > [22mshould call onCosignClick when cosign button clicked[32m 89[2mms[22m[39m
 [32m✓[39m src/components/memorial/__tests__/TributeCard.test.tsx[2m > [22mTributeCard[2m > [22mCosigner Interaction[2m > [22mshould not show cosign button for published tributes[32m 64[2mms[22m[39m
 [32m✓[39m src/components/memorial/__tests__/TributeCard.test.tsx[2m > [22mTributeCard[2m > [22mTribute Content[2m > [22mshould display person name[32m 7[2mms[22m[39m
 [32m✓[39m src/components/memorial/__tests__/TributeCard.test.tsx[2m > [22mTributeCard[2m > [22mTribute Content[2m > [22mshould display tribute message[32m 6[2mms[22m[39m
 [32m✓[39m src/components/memorial/__tests__/TributeCard.test.tsx[2m > [22mTributeCard[2m > [22mTribute Content[2m > [22mshould display creation date[32m 7[2mms[22m[39m
 [32m✓[39m src/lib/routing/__tests__/OnionRouter.test.ts[2m > [22mOnionRouter v2[2m > [22mshould route message through 3+ hops with multi-hop encryption integrity[33m 631[2mms[22m[39m
 [32m✓[39m src/lib/routing/__tests__/OnionRouter.test.ts[2m > [22mOnionRouter v2[2m > [22mshould assign guard/middle/exit roles correctly[33m 1175[2mms[22m[39m
 [32m✓[39m src/lib/routing/__tests__/OnionRouter.test.ts[2m > [22mOnionRouter v2[2m > [22mshould decrypt envelope and verify payload integrity[33m 643[2mms[22m[39m
 [32m✓[39m src/lib/routing/__tests__/OnionRouter.test.ts[2m > [22mOnionRouter v2[2m > [22mshould prevent compromised relay from reconstructing full payload[33m 747[2mms[22m[39m
[90mstderr[2m | src/components/feed/__tests__/RecorderPrivacyGate.test.tsx[2m > [22m[2mRecorderPrivacyGate[2m > [22m[2mdisplays loading state initially
[22m[39mReact does not recognize the `whileHover` prop on a DOM element. If you intentionally want it to appear in the DOM as a custom attribute, spell it as lowercase `whilehover` instead. If you accidentally passed it from a parent component, remove it from the DOM element.
React does not recognize the `whileTap` prop on a DOM element. If you intentionally want it to appear in the DOM as a custom attribute, spell it as lowercase `whiletap` instead. If you accidentally passed it from a parent component, remove it from the DOM element.

 [31m×[39m src/components/feed/__tests__/RecorderPrivacyGate.test.tsx[2m > [22mRecorderPrivacyGate[2m > [22mrenders nothing when closed[32m 24[2mms[22m[39m
[31m   → expected undefined to be +0 // Object.is equality[39m
 [31m×[39m src/components/feed/__tests__/RecorderPrivacyGate.test.tsx[2m > [22mRecorderPrivacyGate[2m > [22mdisplays loading state initially[33m 1034[2mms[22m[39m
[31m   → Unable to find an element with the text: /loading/i. This could be because the text is broken up by multiple elements. In this case, you can provide a function for your text matcher to make your matcher more flexible.

Ignored nodes: comments, script, style
[36m<body>[31m
  [36m<div>[31m
    [36m<div[31m
      [33manimate[31m=[32m"[object Object]"[31m
      [33mclass[31m=[32m"fixed inset-0 z-40"[31m
      [33mexit[31m=[32m"[object Object]"[31m
      [33minitial[31m=[32m"[object Object]"[31m
    [36m>[31m
      [36m<div[31m
        [33manimate[31m=[32m"[object Object]"[31m
        [33mclass[31m=[32m"fixed inset-0 bg-black/50 backdrop-blur-sm"[31m
        [33mexit[31m=[32m"[object Object]"[31m
        [33minitial[31m=[32m"[object Object]"[31m
      [36m/>[31m
      [36m<div[31m
        [33manimate[31m=[32m"[object Object]"[31m
        [33mclass[31m=[32m"fixed inset-0 flex items-center justify-center p-4 pointer-events-none"[31m
        [33mexit[31m=[32m"[object Object]"[31m
        [33minitial[31m=[32m"[object Object]"[31m
      [36m>[31m
        [36m<div[31m
          [33mclass[31m=[32m"glass rounded-2xl border border-white/10 max-w-2xl w-full max-h-[90vh] overflow-y-auto pointer-events-auto"[31m
        [36m>[31m
          [36m<div[31m
            [33mclass[31m=[32m"sticky top-0 glass p-6 border-b border-white/10 flex items-start justify-between"[31m
          [36m>[31m
            [36m<div[31m
              [33mclass[31m=[32m"flex items-start space-x-3"[31m
            [36m>[31m
              [36m<svg[31m
                [33maria-hidden[31m=[32m"true"[31m
                [33mclass[31m=[32m"lucide lucide-shield-alert w-6 h-6 text-primary flex-shrink-0 mt-0.5"[31m
                [33mfill[31m=[32m"none"[31m
                [33mheight[31m=[32m"24"[31m
                [33mstroke[31m=[32m"currentColor"[31m
                [33mstroke-linecap[31m=[32m"round"[31m
                [33mstroke-linejoin[31m=[32m"round"[31m
                [33mstroke-width[31m=[32m"2"[31m
                [33mviewBox[31m=[32m"0 0 24 24"[31m
                [33mwidth[31m=[32m"24"[31m
                [33mxmlns[31m=[32m"http://www.w3.org/2000/svg"[31m
              [36m>[31m
                [36m<path[31m
                  [33md[31m=[32m"M20 13c0 5-3.5 7.5-7.66 8.95a1 1 0 0 1-.67-.01C7.5 20.5 4 18 4 13V6a1 1 0 0 1 1-1c2 0 4.5-1.2 6.24-2.72a1.17 1.17 0 0 1 1.52 0C14.51 3.81 17 5 19 5a1 1 0 0 1 1 1z"[31m
                [36m/>[31m
                [36m<path[31m
                  [33md[31m=[32m"M12 8v4"[31m
                [36m/>[31m
                [36m<path[31m
                  [33md[31m=[32m"M12 16h.01"[31m
                [36m/>[31m
              [36m</svg>[31m
              [36m<div>[31m
                [36m<h2[31m
                  [33mclass[31m=[32m"text-2xl font-bold text-white mb-1"[31m
                [36m>[31m
                  [0m🔒 Privacy Check[0m
                [36m</h2>[31m
                [36m<p[31m
                  [33mclass[31m=[32m"text-gray-300 text-sm"[31m
                [36m>[31m
                  [0mReview privacy settings before sharing.[0m
                [36m</p>[31m
              [36m</div>[31m
            [36m</div>[31m
          [36m</div>[31m
          [36m<div[31m
            [33mclass[31m=[32m"p-6 space-y-6"[31m
          [36m>[31m
            [36m<div[31m
              [33mclass[31m=[32m"bg-surface/50 rounded-lg border border-white/10 p-4 space-y-3"[31m
            [36m>[31m
              [36m<h3[31m
                [33mclass[31m=[32m"text-lg font-semibold text-white flex items-center space-x-2"[31m
              [36m>[31m
                [36m<span>[31m
                  [0m🛡️ Your Privacy Status[0m
                [36m</span>[31m
              [36m</h3>[31m
              [36m<div[31m
                [33mclass[31m=[32m"space-y-2 text-sm text-gray-300"[31m
              [36m>[31m
                [36m<div[31m
                  [33mclass[31m=[32m"flex items-center space-x-2"[31m
                [36m>[31m
                  [36m<span[31m
                    [33mclass[31m=[32m"text-green-400"[31m
                  [36m>[31m
                    [0m✓[0m
                  [36m</span>[31m
                  [36m<span>[31m
                    [0mWebRTC IP leak protection: [0m
                    [0mActive[0m
                  [36m</span>[31m
                [36m</div>[31m
                [36m<div[31m
                  [33mclass[31m=[32m"flex items-center space-x-2"[31m
                [36m>[31m
                  [36m<span[31m
                    [33mclass[31m=[32m"text-green-400"[31m
                  [36m>[31m
                    [0m✓[0m
                  [36m</span>[31m
                  [36m<span>[31m
                    [0mCookies blocked: [0m
                    [0mYes[0m
                  [36m</span>[31m
                [36m</div>[31m
                [36m<div[31m
                  [33mclass[31m=[32m"flex items-center space-x-2"[31m
                [36m>[31m
                  [36m<span[31m
                    [33mclass[31m=[32m"text-green-400"[31m
                  [36m>[31m
                    [0m✓[0m
                  [36m</span>[31m
                  [36m<span>[31m
                    [0mHTTPS enforced: [0m
                    [0mYes[0m
                  [36m</span>[31m
                [36m</div>[31m
              [36m</div>[31m
            [36m</div>[31m
            [36m<div[31m
              [33mclass[31m=[32m"rounded-lg border p-4 bg-green-500/10 border-green-500/30"[31m
            [36m>[31m
              [36m<div[31m
                [33mclass[31m=[32m"flex items-start space-x-3"[31m
              [36m>[31m
                [36m<svg[31m
                  [33maria-hidden[31m=[32m"true"[31m
                  [33mclass[31m=[32m"lucide lucide-circle-alert w-5 h-5 flex-shrink-0 mt-0.5 text-green-400"[31m
                  [33mfill[31m=[32m"none"[31m
                  [33mheight[31m=[32m"24"[31m
                  [33mstroke[31m=[32m"currentColor"[31m
                  [33mstroke-linecap[31m=[32m"round"[31m
                  [33mstroke-linejoin[31m=[32m"round"[31m
                  [33mstroke-width[31m=[32m"2"[31m
                  [33mviewBox[31m=[32m"0 0 24 24"[31m
                  [33mwidth[31m=[32m"24"[31m
                  [33mxmlns[31m=[32m"http://www.w3.org/2000/svg"[31m
                [36m>[31m
                  [36m<circle[31m
                    [33mcx[31m=[32m"12"[31m
                    [33mcy[31m=[32m"12"[31m
                    [33mr[31m=[32m"10"[31m
                  [36m/>[31m
                  [36m<line[31m
                    [33mx1[31m=[32m"12"[31m
                    [33mx2[31m=[32m"12"[31m
                    [33my1[31m=[32m"8"[31m
                    [33my2[31m=[32m"12"[31m
                  [36m/>[31m
                  [36m<line[31m
                    [33mx1[31m=[32m"12"[31m
                    [33mx2[31m=[32m"12.01"[31m
                    [33my1[31m=[32m"16"[31m
                    [33my2[31m=[32m"16"[31m
                  [36m/>[31m
                [36m</svg>[31m
                [36m<div[31m
                  [33mclass[31m=[32m"text-sm"[31m
                [36m>[31m
                  [36m<p[31m
                    [33mclass[31m=[32m"font-semibold text-white mb-1"[31m
                  [36m>[31m
                    [0mFingerprint Risk:[0m
                    [0m [0m
                    [36m<span[31m
                      [33mclass[31m=[32m"text-green-400"[31m
                    [36m>[31m
                      [0mLOW[0m
                    [36m</span>[31m
                  [36m</p>[31m
                  [36m<p[31m
                    [33mclass[31m=[32m"text-gray-300"[31m
                  [36m>[31m
                    [0mYour fingerprint looks unique but stable. Standard protections apply.[0m
                  [36m</p>[31m
                [36m</div>[31m
              [36m</div>[31m
            [36m</div>[31m
            [36m<div[31m
              [33mclass[31m=[32m"space-y-3"[31m
            [36m>[31m
              [36m<h3[31m
                [33mclass[31m=[32m"text-lg font-semibold text-white"[31m
              [36m>[31m
                [0m✅ Acknowledgments Required[0m
              [36m</h3>[31m
              [36m<button[31m
                [33mclass[31m=[32m"w-full text-left p-4 rounded-lg border transition-all bg-surface/50 border-white/10 hover:border-white/20"[31m
                [33mtype[31m=[32m"button"[31m
              [36m>[31m
                [36m<div[31m
                  [33mclass[31m=[32m"flex items-start space-x-3"[31m
                [36m>[31m
                  [36m<div[31m
                    [33mclass[31m=[32m"flex-shrink-0 w-5 h-5 rounded border-2 flex items-center justify-center transition-all border-gray-400"[31m
                  [36m/>[31m
                  [36m<div[31m
                    [33mclass[31m=[32m"text-sm flex-1"[31m
                  [36m>[31m
                    [36m<p[31m
                      [33mclass[31m=[32m"font-semibold text-white"[31m
                    [36m>[31m
                      [0mData Handling Transparency[0m
                    [36m</p>[31m
                    [36m<p[31m
                      [33mclass[31m=[32m"text-gray-300 mt-1"[31m
                    [36m>[31m
                      [0mYour content is encrypted, stored locally, and never sold. We collect no behavioral tracking data.[0m
                    [36m</p>[31m
                  [36m</div>[31m
                [36m</div>[31m
              [36m</button>[31m
              [36m<button[31m
                [33mclass[31m=[32m"w-full text-left p-4 rounded-lg border transition-all bg-surface/50 border-white/10 hover:border-white/20"[31m
                [33mtype[31m=[32m"button"[31m
              [36m>[31m
                [36m<div[31m
                  [33mclass[31m=[32m"flex items-start space-x-3"[31m
                [36m>[31m
                  [36m<div[31m
                    [33mclass[31m=[32m"flex-shrink-0 w-5 h-5 rounded border-2 flex items-center justify-center transition-all border-gray-400"[31m
                  [36m/>[31m
                  [36m<div[31m
                    [33mclass[31m=[32m"text-sm flex-1"[31m
                  [36m>[31m
                    [36m<p[31m
                      [33mclass[31m=[32m"font-semibold text-white"[31m
                    [36m>[31m
                      [0mAnonymization & Privacy[0m
                    [36m</p>[31m
                    [36m<p[31m
                      [33mclass[31m=[32m"text-gray-300 mt-1"[31m
                    [36m>[31m
                      [0mYour identity remains protected. We use cryptographic techniques to verify authenticity without exposing who you are.[0m
                    [36m</p>[31m
                  [36m</div>[31m
                [36m</div>[31m
              [36m</button>[31m
              [36m<div[31m
                [33mclass[31m=[32m"w-full text-left p-4 rounded-lg border transition-all bg-surface/50 border-white/10"[31m
              [36m>[31m
                [36m<div[31m
                  [33mclass[31m=[32m"flex items-start space-x-3"[31m
                [36m>[31m
                  [36m<div[31m
                    [33mclass[31m=[32m"flex-shrink-0 w-5 h-5 rounded border-2 flex items-center justify-center transition-all border-gray-400"[31m
                  [36m/>[31m
                  [36m<div[31m
                    [33mclass[31m=[32m"text-sm flex-1"[31m
                  [36m>[31m
                    [36m<p[31m
                      [33mclass[31m=[32m"font-semibold text-white"[31m
                    [36m>[31m
                      [0mBrowser Fingerprint Protection[0m
                    [36m</p>[31m
                    [36m<p[31m
                      [33mclass[31m=[32m"text-gray-300 mt-1"[31m
                    [36m>[31m
                      [0mStatus: [0m
                      [0m○ Disabled[0m
                    [36m</p>[31m
                    [36m<p[31m
                      [33mclass[31m=[32m"text-xs text-gray-400 mt-1"[31m
                    [36m>[31m
                      [0mEnable in Settings → Privacy → Browser Fingerprint Protection[0m
                    [36m</p>[31m
                  [36m</div>[31m
                [36m</div>[31m
              [36m</div>[31m
            [36m</div>[31m
            [36m<div[31m
              [33mclass[31m=[32m"flex flex-col-reverse sm:flex-row gap-3 border-t border-white/10 pt-6"[31m
            [36m>[31m
              [36m<button[31m
                [33mclass[31m=[32m"flex-1 px-4 py-3 text-gray-300 hover:text-white rounded-lg border border-white/10 hover:border-white/20 transition-colors"[31m
                [33mtype[31m=[32m"button"[31m
              [36m>[31m
                [0mCancel[0m
              [36m</button>[31m
              [36m<button[31m
                [33mclass[31m=[32m"flex-1 px-4 py-3 rounded-lg font-semibold transition-all bg-gray-600 text-gray-300 cursor-not-allowed opacity-50"[31m
                [33mdisabled[31m=[32m""[31m
                [33mtype[31m=[32m"button"[31m
                [33mwhilehover[31m=[32m"[object Object]"[31m
                [33mwhiletap[31m=[32m"[object Object]"[31m
              [36m>[31m
                [0mContinue to Recording[0m
              [36m</button>[31m
            [36m</div>[31m
            [36m<div[31m
              [33mclass[31m=[32m"bg-yellow-500/10 border border-yellow-500/30 rounded-lg p-4"[31m
            [36m>[31m
              [36m<p[31m
                [33mclass[31m=[32m"text-sm text-yellow-300"[31m
              [36m>[31m
                [0m⚠️ Please acknowledge all privacy terms before proceeding.[0m
              [36m</p>[31m
            [36m</div>[31m
            [36m<div[31m
              [33mclass[31m=[32m"text-xs text-gray-400 text-center"[31m
            [36m>[31m
              [0mYour privacy is protected by SafeVoice's end-to-end encryption and zero-tracking policies. [0m
            [36m</div>[31m
          [36m</div>[31m
        [36m</div>[31m
      [36m</div>[31m
    [36m</div>[31m
  [36m</div>[31m
[36m</body>[31m

Ignored nodes: comments, script, style
[36m<html>[31m
  [36m<head />[31m
  [36m<body>[31m
    [36m<div>[31m
      [36m<div[31m
        [33manimate[31m=[32m"[object Object]"[31m
        [33mclass[31m=[32m"fixed inset-0 z-40"[31m
        [33mexit[31m=[32m"[object Object]"[31m
        [33minitial[31m=[32m"[object Object]"[31m
      [36m>[31m
        [36m<div[31m
          [33manimate[31m=[32m"[object Object]"[31m
          [33mclass[31m=[32m"fixed inset-0 bg-black/50 backdrop-blur-sm"[31m
          [33mexit[31m=[32m"[object Object]"[31m
          [33minitial[31m=[32m"[object Object]"[31m
        [36m/>[31m
        [36m<div[31m
          [33manimate[31m=[32m"[object Object]"[31m
          [33mclass[31m=[32m"fixed inset-0 flex items-center justify-center p-4 pointer-events-none"[31m
          [33mexit[31m=[32m"[object Object]"[31m
          [33minitial[31m=[32m"[object Object]"[31m
        [36m>[31m
          [36m<div[31m
            [33mclass[31m=[32m"glass rounded-2xl border border-white/10 max-w-2xl w-full max-h-[90vh] overflow-y-auto pointer-events-auto"[31m
          [36m>[31m
            [36m<div[31m
              [33mclass[31m=[32m"sticky top-0 glass p-6 border-b border-white/10 flex items-start justify-between"[31m
            [36m>[31m
              [36m<div[31m
                [33mclass[31m=[32m"flex items-start space-x-3"[31m
              [36m>[31m
                [36m<svg[31m
                  [33maria-hidden[31m=[32m"true"[31m
                  [33mclass[31m=[32m"lucide lucide-shield-alert w-6 h-6 text-primary flex-shrink-0 mt-0.5"[31m
                  [33mfill[31m=[32m"none"[31m
                  [33mheight[31m=[32m"24"[31m
                  [33mstroke[31m=[32m"currentColor"[31m
                  [33mstroke-linecap[31m=[32m"round"[31m
                  [33mstroke-linejoin[31m=[32m"round"[31m
                  [33mstroke-width[31m=[32m"2"[31m
                  [33mviewBox[31m=[32m"0 0 24 24"[31m
                  [33mwidth[31m=[32m"24"[31m
                  [33mxmlns[31m=[32m"http://www.w3.org/2000/svg"[31m
                [36m>[31m
                  [36m<path[31m
                    [33md[31m=[32m"M20 13c0 5-3.5 7.5-7.66 8.95a1 1 0 0 1-.67-.01C7.5 20.5 4 18 4 13V6a1 1 0 0 1 1-1c2 0 4.5-1.2 6.24-2.72a1.17 1.17 0 0 1 1.52 0C14.51 3.81 17 5 19 5a1 1 0 0 1 1 1z"[31m
                  [36m/>[31m
                  [36m<path[31m
                    [33md[31m=[32m"M12 8v4"[31m
                  [36m/>[31m
                  [36m<path[31m
                    [33md[31m=[32m"M12 16h.01"[31m
                  [36m/>[31m
                [36m</svg>[31m
                [36m<div>[31m
                  [36m<h2[31m
                    [33mclass[31m=[32m"text-2xl font-bold text-white mb-1"[31m
                  [36m>[31m
                    [0m🔒 Privacy Check[0m
                  [36m</h2>[31m
                  [36m<p[31m
                    [33mclass[31m=[32m"text-gray-300 text-sm"[31m
                  [36m>[31m
                    [0mReview privacy settings before sharing.[0m
                  [36m</p>[31m
                [36m</div>[31m
              [36m</div>[31m
            [36m</div>[31m
            [36m<div[31m
              [33mclass[31m=[32m"p-6 space-y-6"[31m
            [36m>[31m
              [36m<div[31m
                [33mclass[31m=[32m"bg-surface/50 rounded-lg border border-white/10 p-4 space-y-3"[31m
              [36m>[31m
                [36m<h3[31m
                  [33mclass[31m=[32m"text-lg font-semibold text-white flex items-center space-x-2"[31m
                [36m>[31m
                  [36m<span>[31m
                    [0m🛡️ Your Privacy Status[0m
                  [36m</span>[31m
                [36m</h3>[31m
                [36m<div[31m
                  [33mclass[31m=[32m"space-y-2 text-sm text-gray-300"[31m
                [36m>[31m
                  [36m<div[31m
                    [33mclass[31m=[32m"flex items-center space-x-2"[31m
                  [36m>[31m
                    [36m<span[31m
                      [33mclass[31m=[32m"text-green-400"[31m
                    [36m>[31m
                      [0m✓[0m
                    [36m</span>[31m
                    [36m<span>[31m
                      [0mWebRTC IP leak protection: [0m
                      [0mActive[0m
                    [36m</span>[31m
                  [36m</div>[31m
                  [36m<div[31m
                    [33mclass[31m=[32m"flex items-center space-x-2"[31m
                  [36m>[31m
                    [36m<span[31m
                      [33mclass[31m=[32m"text-green-400"[31m
                    [36m>[31m
                      [0m✓[0m
                    [36m</span>[31m
                    [36m<span>[31m
                      [0mCookies blocked: [0m
                      [0mYes[0m
                    [36m</span>[31m
                  [36m</div>[31m
                  [36m<div[31m
                    [33mclass[31m=[32m"flex items-center space-x-2"[31m
                  [36m>[31m
                    [36m<span[31m
                      [33mclass[31m=[32m"text-green-400"[31m
                    [36m>[31m
                      [0m✓[0m
                    [36m</span>[31m
                    [36m<span>[31m
                      [0mHTTPS enforced: [0m
                      [0mYes[0m
                    [36m</span>[31m
                  [36m</div>[31m
                [36m</div>[31m
              [36m</div>[31m
              [36m<div[31m
                [33mclass[31m=[32m"rounded-lg border p-4 bg-green-500/10 border-green-500/30"[31m
              [36m>[31m
                [36m<div[31m
                  [33mclass[31m=[32m"flex items-start space-x-3"[31m
                [36m>[31m
                  [36m<svg[31m
                    [33maria-hidden[31m=[32m"true"[31m
                    [33mclass[31m=[32m"lucide lucide-circle-alert w-5 h-5 flex-shrink-0 mt-0.5 text-green-400"[31m
                    [33mfill[31m=[32m"none"[31m
                    [33mheight[31m=[32m"24"[31m
                    [33mstroke[31m=[32m"currentColor"[31m
                    [33mstroke-linecap[31m=[32m"round"[31m
                    [33mstroke-linejoin[31m=[32m"round"[31m
                    [33mstroke-width[31m=[32m"2"[31m
                    [33mviewBox[31m=[32m"0 0 24 24"[31m
                    [33mwidth[31m=[32m"24"[31m
                    [33mxmlns[31m=[32m"http://www.w3.org/2000/svg"[31m
                  [36m>[31m
                    [36m<circle[31m
                      [33mcx[31m=[32m"12"[31m
                      [33mcy[31m=[32m"12"[31m
                      [33mr[31m=[32m"10"[31m
                    [36m/>[31m
                    [36m<line[31m
                      [33mx1[31m=[32m"12"[31m
                      [33mx2[31m=[32m"12"[31m
                      [33my1[31m=[32m"8"[31m
                      [33my2[31m=[32m"12"[31m
                    [36m/>[31m
                    [36m<line[31m
                      [33mx1[31m=[32m"12"[31m
                      [33mx2[31m=[32m"12.01"[31m
                      [33my1[31m=[32m"16"[31m
                      [33my2[31m=[32m"16"[31m
                    [36m/>[31m
                  [36m</svg>[31m
                  [36m<div[31m
                    [33mclass[31m=[32m"text-sm"[31m
                  [36m>[31m
                    [36m<p[31m
                      [33mclass[31m=[32m"font-semibold text-white mb-1"[31m
                    [36m>[31m
                      [0mFingerprint Risk:[0m
                      [0m [0m
                      [36m<span[31m
                        [33mclass[31m=[32m"text-green-400"[31m
                      [36m>[31m
                        [0mLOW[0m
                      [36m</span>[31m
                    [36m</p>[31m
                    [36m<p[31m
                      [33mclass[31m=[32m"text-gray-300"[31m
                    [36m>[31m
                      [0mYour fingerprint looks unique but stable. Standard protections apply.[0m
                    [36m</p>[31m
                  [36m</div>[31m
                [36m</div>[31m
              [36m</div>[31m
              [36m<div[31m
                [33mclass[31m=[32m"space-y-3"[31m
              [36m>[31m
                [36m<h3[31m
                  [33mclass[31m=[32m"text-lg font-semibold text-white"[31m
                [36m>[31m
                  [0m✅ Acknowledgments Required[0m
                [36m</h3>[31m
                [36m<button[31m
                  [33mclass[31m=[32m"w-full text-left p-4 rounded-lg border transition-all bg-surface/50 border-white/10 hover:border-white/20"[31m
                  [33mtype[31m=[32m"button"[31m
                [36m>[31m
                  [36m<div[31m
                    [33mclass[31m=[32m"flex items-start space-x-3"[31m
                  [36m>[31m
                    [36m<div[31m
                      [33mclass[31m=[32m"flex-shrink-0 w-5 h-5 rounded border-2 flex items-center justify-center transition-all border-gray-400"[31m
                    [36m/>[31m
                    [36m<div[31m
                      [33mclass[31m=[32m"text-sm flex-1"[31m
                    [36m>[31m
                      [36m<p[31m
                        [33mclass[31m=[32m"font-semibold text-white"[31m
                      [36m>[31m
                        [0mData Handling Transparency[0m
                      [36m</p>[31m
                      [36m<p[31m
                        [33mclass[31m=[32m"text-gray-300 mt-1"[31m
                      [36m>[31m
                        [0mYour content is encrypted, stored locally, and never sold. We collect no behavioral tracking data.[0m
                      [36m</p>[31m
                    [36m</div>[31m
                  [36m</div>[31m
                [36m</button>[31m
                [36m<button[31m
                  [33mclass[31m=[32m"w-full text-left p-4 rounded-lg border transition-all bg-surface/50 border-white/10 hover:border-white/20"[31m
                  [33mtype[31m=[32m"button"[31m
                [36m>[31m
                  [36m<div[31m
                    [33mclass[31m=[32m"flex items-start space-x-3"[31m
                  [36m>[31m
                    [36m<div[31m
                      [33mclass[31m=[32m"flex-shrink-0 w-5 h-5 rounded border-2 flex items-center justify-center transition-all border-gray-400"[31m
                    [36m/>[31m
                    [36m<div[31m
                      [33mclass[31m=[32m"text-sm flex-1"[31m
                    [36m>[31m
                      [36m<p[31m
                        [33mclass[31m=[32m"font-semibold text-white"[31m
                      [36m>[31m
                        [0mAnonymization & Privacy[0m
                      [36m</p>[31m
                      [36m<p[31m
                        [33mclass[31m=[32m"text-gray-300 mt-1"[31m
                      [36m>[31m
                        [0mYour identity remains protected. We use cryptographic techniques to verify authenticity without exposing who you are.[0m
                      [36m</p>[31m
                    [36m</div>[31m
                  [36m</div>[31m
                [36m</button>[31m
                [36m<div[31m
                  [33mclass[31m=[32m"w-full text-left p-4 rounded-lg border transition-all bg-surface/50 border-white/10"[31m
                [36m>[31m
                  [36m<div[31m
                    [33mclass[31m=[32m"flex items-start space-x-3"[31m
                  [36m>[31m
                    [36m<div[31m
                      [33mclass[31m=[32m"flex-shrink-0 w-5 h-5 rounded border-2 flex items-center justify-center transition-all border-gray-400"[31m
                    [36m/>[31m
                    [36m<div[31m
                      [33mclass[31m=[32m"text-sm flex-1"[31m
                    [36m>[31m
                      [36m<p[31m
                        [33mclass[31m=[32m"font-semibold text-white"[31m
                      [36m>[31m
                        [0mBrowser Fingerprint Protection[0m
                      [36m</p>[31m
                      [36m<p[31m
                        [33mclass[31m=[32m"text-gray-300 mt-1"[31m
                      [36m>[31m
                        [0mStatus: [0m
                        [0m○ Disabled[0m
                      [36m</p>[31m
                      [36m<p[31m
                        [33mclass[31m=[32m"text-xs text-gray-400 mt-1"[31m
                      [36m>[31m
                        [0mEnable in Settings → Privacy → Browser Fingerprint Protection[0m
                      [36m</p>[31m
                    [36m</div>[31m
                  [36m</div>[31m
                [36m</div>[31m
              [36m</div>[31m
              [36m<div[31m
                [33mclass[31m=[32m"flex flex-col-reverse sm:flex-row gap-3 border-t border-white/10 pt-6"[31m
              [36m>[31m
                [36m<button[31m
                  [33mclass[31m=[32m"flex-1 px-4 py-3 text-gray-300 hover:text-white rounded-lg border border-white/10 hover:border-white/20 transition-colors"[31m
                  [33mtype[31m=[32m"button"[31m
                [36m>[31m
                  [0mCancel[0m
                [36m</button>[31m
                [36m<button[31m
                  [33mclass[31m=[32m"flex-1 px-4 py-3 rounded-lg font-semibold transition-all bg-gray-600 text-gray-300 cursor-not-allowed opacity-50"[31m
                  [33mdisabled[31m=[32m""[31m
                  [33mtype[31m=[32m"button"[31m
                  [33mwhilehover[31m=[32m"[object Object]"[31m
                  [33mwhiletap[31m=[32m"[object Object]"[31m
                [36m>[31m
                  [0mContinue to Recording[0m
                [36m</button>[31m
              [36m</div>[31m
              [36m<div[31m
                [33mclass[31m=[32m"bg-yellow-500/10 border border-yellow-500/30 rounded-lg p-4"[31m
              [36m>[31m
                [36m<p[31m
                  [33mclass[31m=[32m"text-sm text-yellow-300"[31m
                [36m>[31m
                  [0m⚠️ Please acknowledge all privacy terms before proceeding.[0m
                [36m</p>[31m
              [36m</div>[31m
              [36m<div[31m
                [33mclass[31m=[32m"text-xs text-gray-400 text-center"[31m
              [36m>[31m
                [0mYour privacy is protected by SafeVoice's end-to-end encryption and zero-tracking policies. [0m
              [36m</div>[31m
            [36m</div>[31m
          [36m</div>[31m
        [36m</div>[31m
      [36m</div>[31m
    [36m</div>[31m
  [36m</body>[31m
[36m</html>[31m[39m
 [31m×[39m src/components/feed/__tests__/RecorderPrivacyGate.test.tsx[2m > [22mRecorderPrivacyGate[2m > [22mdisplays privacy check UI with checklist items[32m 40[2mms[22m[39m
[31m   → Found multiple elements with the text: /browser fingerprint protection/i

Here are the matching elements:

Ignored nodes: comments, script, style
[36m<p[31m
  [33mclass[31m=[32m"font-semibold text-white"[31m
[36m>[31m
  [0mBrowser Fingerprint Protection[0m
[36m</p>[31m

Ignored nodes: comments, script, style
[36m<p[31m
  [33mclass[31m=[32m"text-xs text-gray-400 mt-1"[31m
[36m>[31m
  [0mEnable in Settings → Privacy → Browser Fingerprint Protection[0m
[36m</p>[31m

(If this is intentional, then use the `*AllBy*` variant of the query (like `queryAllByText`, `getAllByText`, or `findAllByText`)).

Ignored nodes: comments, script, style
[36m<body>[31m
  [36m<div>[31m
    [36m<div[31m
      [33manimate[31m=[32m"[object Object]"[31m
      [33mclass[31m=[32m"fixed inset-0 z-40"[31m
      [33mexit[31m=[32m"[object Object]"[31m
      [33minitial[31m=[32m"[object Object]"[31m
    [36m>[31m
      [36m<div[31m
        [33manimate[31m=[32m"[object Object]"[31m
        [33mclass[31m=[32m"fixed inset-0 bg-black/50 backdrop-blur-sm"[31m
        [33mexit[31m=[32m"[object Object]"[31m
        [33minitial[31m=[32m"[object Object]"[31m
      [36m/>[31m
      [36m<div[31m
        [33manimate[31m=[32m"[object Object]"[31m
        [33mclass[31m=[32m"fixed inset-0 flex items-center justify-center p-4 pointer-events-none"[31m
        [33mexit[31m=[32m"[object Object]"[31m
        [33minitial[31m=[32m"[object Object]"[31m
      [36m>[31m
        [36m<div[31m
          [33mclass[31m=[32m"glass rounded-2xl border border-white/10 max-w-2xl w-full max-h-[90vh] overflow-y-auto pointer-events-auto"[31m
        [36m>[31m
          [36m<div[31m
            [33mclass[31m=[32m"sticky top-0 glass p-6 border-b border-white/10 flex items-start justify-between"[31m
          [36m>[31m
            [36m<div[31m
              [33mclass[31m=[32m"flex items-start space-x-3"[31m
            [36m>[31m
              [36m<svg[31m
                [33maria-hidden[31m=[32m"true"[31m
                [33mclass[31m=[32m"lucide lucide-shield-alert w-6 h-6 text-primary flex-shrink-0 mt-0.5"[31m
                [33mfill[31m=[32m"none"[31m
                [33mheight[31m=[32m"24"[31m
                [33mstroke[31m=[32m"currentColor"[31m
                [33mstroke-linecap[31m=[32m"round"[31m
                [33mstroke-linejoin[31m=[32m"round"[31m
                [33mstroke-width[31m=[32m"2"[31m
                [33mviewBox[31m=[32m"0 0 24 24"[31m
                [33mwidth[31m=[32m"24"[31m
                [33mxmlns[31m=[32m"http://www.w3.org/2000/svg"[31m
              [36m>[31m
                [36m<path[31m
                  [33md[31m=[32m"M20 13c0 5-3.5 7.5-7.66 8.95a1 1 0 0 1-.67-.01C7.5 20.5 4 18 4 13V6a1 1 0 0 1 1-1c2 0 4.5-1.2 6.24-2.72a1.17 1.17 0 0 1 1.52 0C14.51 3.81 17 5 19 5a1 1 0 0 1 1 1z"[31m
                [36m/>[31m
                [36m<path[31m
                  [33md[31m=[32m"M12 8v4"[31m
                [36m/>[31m
                [36m<path[31m
                  [33md[31m=[32m"M12 16h.01"[31m
                [36m/>[31m
              [36m</svg>[31m
              [36m<div>[31m
                [36m<h2[31m
                  [33mclass[31m=[32m"text-2xl font-bold text-white mb-1"[31m
                [36m>[31m
                  [0m🔒 Privacy Check[0m
                [36m</h2>[31m
                [36m<p[31m
                  [33mclass[31m=[32m"text-gray-300 text-sm"[31m
                [36m>[31m
                  [0mReview privacy settings before sharing.[0m
                [36m</p>[31m
              [36m</div>[31m
            [36m</div>[31m
          [36m</div>[31m
          [36m<div[31m
            [33mclass[31m=[32m"p-6 space-y-6"[31m
          [36m>[31m
            [36m<div[31m
              [33mclass[31m=[32m"bg-surface/50 rounded-lg border border-white/10 p-4 space-y-3"[31m
            [36m>[31m
              [36m<h3[31m
                [33mclass[31m=[32m"text-lg font-semibold text-white flex items-center space-x-2"[31m
              [36m>[31m
                [36m<span>[31m
                  [0m🛡️ Your Privacy Status[0m
                [36m</span>[31m
              [36m</h3>[31m
              [36m<div[31m
                [33mclass[31m=[32m"space-y-2 text-sm text-gray-300"[31m
              [36m>[31m
                [36m<div[31m
                  [33mclass[31m=[32m"flex items-center space-x-2"[31m
                [36m>[31m
                  [36m<span[31m
                    [33mclass[31m=[32m"text-green-400"[31m
                  [36m>[31m
                    [0m✓[0m
                  [36m</span>[31m
                  [36m<span>[31m
                    [0mWebRTC IP leak protection: [0m
                    [0mActive[0m
                  [36m</span>[31m
                [36m</div>[31m
                [36m<div[31m
                  [33mclass[31m=[32m"flex items-center space-x-2"[31m
                [36m>[31m
                  [36m<span[31m
                    [33mclass[31m=[32m"text-green-400"[31m
                  [36m>[31m
                    [0m✓[0m
                  [36m</span>[31m
                  [36m<span>[31m
                    [0mCookies blocked: [0m
                    [0mYes[0m
                  [36m</span>[31m
                [36m</div>[31m
                [36m<div[31m
                  [33mclass[31m=[32m"flex items-center space-x-2"[31m
                [36m>[31m
                  [36m<span[31m
                    [33mclass[31m=[32m"text-green-400"[31m
                  [36m>[31m
                    [0m✓[0m
                  [36m</span>[31m
                  [36m<span>[31m
                    [0mHTTPS enforced: [0m
                    [0mYes[0m
                  [36m</span>[31m
                [36m</div>[31m
              [36m</div>[31m
            [36m</div>[31m
            [36m<div[31m
              [33mclass[31m=[32m"rounded-lg border p-4 bg-green-500/10 border-green-500/30"[31m
            [36m>[31m
              [36m<div[31m
                [33mclass[31m=[32m"flex items-start space-x-3"[31m
              [36m>[31m
                [36m<svg[31m
                  [33maria-hidden[31m=[32m"true"[31m
                  [33mclass[31m=[32m"lucide lucide-circle-alert w-5 h-5 flex-shrink-0 mt-0.5 text-green-400"[31m
                  [33mfill[31m=[32m"none"[31m
                  [33mheight[31m=[32m"24"[31m
                  [33mstroke[31m=[32m"currentColor"[31m
                  [33mstroke-linecap[31m=[32m"round"[31m
                  [33mstroke-linejoin[31m=[32m"round"[31m
                  [33mstroke-width[31m=[32m"2"[31m
                  [33mviewBox[31m=[32m"0 0 24 24"[31m
                  [33mwidth[31m=[32m"24"[31m
                  [33mxmlns[31m=[32m"http://www.w3.org/2000/svg"[31m
                [36m>[31m
                  [36m<circle[31m
                    [33mcx[31m=[32m"12"[31m
                    [33mcy[31m=[32m"12"[31m
                    [33mr[31m=[32m"10"[31m
                  [36m/>[31m
                  [36m<line[31m
                    [33mx1[31m=[32m"12"[31m
                    [33mx2[31m=[32m"12"[31m
                    [33my1[31m=[32m"8"[31m
                    [33my2[31m=[32m"12"[31m
                  [36m/>[31m
                  [36m<line[31m
                    [33mx1[31m=[32m"12"[31m
                    [33mx2[31m=[32m"12.01"[31m
                    [33my1[31m=[32m"16"[31m
                    [33my2[31m=[32m"16"[31m
                  [36m/>[31m
                [36m</svg>[31m
                [36m<div[31m
                  [33mclass[31m=[32m"text-sm"[31m
                [36m>[31m
                  [36m<p[31m
                    [33mclass[31m=[32m"font-semibold text-white mb-1"[31m
                  [36m>[31m
                    [0mFingerprint Risk:[0m
                    [0m [0m
                    [36m<span[31m
                      [33mclass[31m=[32m"text-green-400"[31m
                    [36m>[31m
                      [0mLOW[0m
                    [36m</span>[31m
                  [36m</p>[31m
                  [36m<p[31m
                    [33mclass[31m=[32m"text-gray-300"[31m
                  [36m>[31m
                    [0mYour fingerprint looks unique but stable. Standard protections apply.[0m
                  [36m</p>[31m
                [36m</div>[31m
              [36m</div>[31m
            [36m</div>[31m
            [36m<div[31m
              [33mclass[31m=[32m"space-y-3"[31m
            [36m>[31m
              [36m<h3[31m
                [33mclass[31m=[32m"text-lg font-semibold text-white"[31m
              [36m>[31m
                [0m✅ Acknowledgments Required[0m
              [36m</h3>[31m
              [36m<button[31m
                [33mclass[31m=[32m"w-full text-left p-4 rounded-lg border transition-all bg-surface/50 border-white/10 hover:border-white/20"[31m
                [33mtype[31m=[32m"button"[31m
              [36m>[31m
                [36m<div[31m
                  [33mclass[31m=[32m"flex items-start space-x-3"[31m
                [36m>[31m
                  [36m<div[31m
                    [33mclass[31m=[32m"flex-shrink-0 w-5 h-5 rounded border-2 flex items-center justify-center transition-all border-gray-400"[31m
                  [36m/>[31m
                  [36m<div[31m
                    [33mclass[31m=[32m"text-sm flex-1"[31m
                  [36m>[31m
                    [36m<p[31m
                      [33mclass[31m=[32m"font-semibold text-white"[31m
                    [36m>[31m
                      [0mData Handling Transparency[0m
                    [36m</p>[31m
                    [36m<p[31m
                      [33mclass[31m=[32m"text-gray-300 mt-1"[31m
                    [36m>[31m
                      [0mYour content is encrypted, stored locally, and never sold. We collect no behavioral tracking data.[0m
                    [36m</p>[31m
                  [36m</div>[31m
                [36m</div>[31m
              [36m</button>[31m
              [36m<button[31m
                [33mclass[31m=[32m"w-full text-left p-4 rounded-lg border transition-all bg-surface/50 border-white/10 hover:border-white/20"[31m
                [33mtype[31m=[32m"button"[31m
              [36m>[31m
                [36m<div[31m
                  [33mclass[31m=[32m"flex items-start space-x-3"[31m
                [36m>[31m
                  [36m<div[31m
                    [33mclass[31m=[32m"flex-shrink-0 w-5 h-5 rounded border-2 flex items-center justify-center transition-all border-gray-400"[31m
                  [36m/>[31m
                  [36m<div[31m
                    [33mclass[31m=[32m"text-sm flex-1"[31m
                  [36m>[31m
                    [36m<p[31m
                      [33mclass[31m=[32m"font-semibold text-white"[31m
                    [36m>[31m
                      [0mAnonymization & Privacy[0m
                    [36m</p>[31m
                    [36m<p[31m
                      [33mclass[31m=[32m"text-gray-300 mt-1"[31m
                    [36m>[31m
                      [0mYour identity remains protected. We use cryptographic techniques to verify authenticity without exposing who you are.[0m
                    [36m</p>[31m
                  [36m</div>[31m
                [36m</div>[31m
              [36m</button>[31m
              [36m<div[31m
                [33mclass[31m=[32m"w-full text-left p-4 rounded-lg border transition-all bg-surface/50 border-white/10"[31m
              [36m>[31m
                [36m<div[31m
                  [33mclass[31m=[32m"flex items-start space-x-3"[31m
                [36m>[31m
                  [36m<div[31m
                    [33mclass[31m=[32m"flex-shrink-0 w-5 h-5 rounded border-2 flex items-center justify-center transition-all border-gray-400"[31m
                  [36m/>[31m
                  [36m<div[31m
                    [33mclass[31m=[32m"text-sm flex-1"[31m
                  [36m>[31m
                    [36m<p[31m
                      [33mclass[31m=[32m"font-semibold text-white"[31m
                    [36m>[31m
                      [0mBrowser Fingerprint Protection[0m
                    [36m</p>[31m
                    [36m<p[31m
                      [33mclass[31m=[32m"text-gray-300 mt-1"[31m
                    [36m>[31m
                      [0mStatus: [0m
                      [0m○ Disabled[0m
                    [36m</p>[31m
                    [36m<p[31m
                      [33mclass[31m=[32m"text-xs text-gray-400 mt-1"[31m
                    [36m>[31m
                      [0mEnable in Settings → Privacy → Browser Fingerprint Protection[0m
                    [36m</p>[31m
                  [36m</div>[31m
                [36m</div>[31m
              [36m</div>[31m
            [36m</div>[31m
            [36m<div[31m
              [33mclass[31m=[32m"flex flex-col-reverse sm:flex-row gap-3 border-t border-white/10 pt-6"[31m
            [36m>[31m
              [36m<button[31m
                [33mclass[31m=[32m"flex-1 px-4 py-3 text-gray-300 hover:text-white rounded-lg border border-white/10 hover:border-white/20 transition-colors"[31m
                [33mtype[31m=[32m"button"[31m
              [36m>[31m
                [0mCancel[0m
              [36m</button>[31m
              [36m<button[31m
                [33mclass[31m=[32m"flex-1 px-4 py-3 rounded-lg font-semibold transition-all bg-gray-600 text-gray-300 cursor-not-allowed opacity-50"[31m
                [33mdisabled[31m=[32m""[31m
                [33mtype[31m=[32m"button"[31m
                [33mwhilehover[31m=[32m"[object Object]"[31m
                [33mwhiletap[31m=[32m"[object Object]"[31m
              [36m>[31m
                [0mContinue to Recording[0m
              [36m</button>[31m
            [36m</div>[31m
            [36m<div[31m
              [33mclass[31m=[32m"bg-yellow-500/10 border border-yellow-500/30 rounded-lg p-4"[31m
            [36m>[31m
              [36m<p[31m
                [33mclass[31m=[32m"text-sm text-yellow-300"[31m
              [36m>[31m
                [0m⚠️ Please acknowledge all privacy terms before proceeding.[0m
              [36m</p>[31m
            [36m</div>[31m
            [36m<div[31m
              [33mclass[31m=[32m"text-xs text-gray-400 text-center"[31m
            [36m>[31m
              [0mYour privacy is protected by SafeVoice's end-to-end encryption and zero-tracking policies. [0m
            [36m</div>[31m
          [36m</div>[31m
        [36m</div>[31m
      [36m</div>[31m
    [36m</div>[31m
  [36m</div>[31m
[36m</body>[31m[39m
 [32m✓[39m src/components/feed/__tests__/RecorderPrivacyGate.test.tsx[2m > [22mRecorderPrivacyGate[2m > [22mshows privacy status information[32m 24[2mms[22m[39m
 [32m✓[39m src/components/feed/__tests__/RecorderPrivacyGate.test.tsx[2m > [22mRecorderPrivacyGate[2m > [22mdisplays crisis mode title when isCrisisMode is true[32m 18[2mms[22m[39m
 [32m✓[39m src/components/feed/__tests__/RecorderPrivacyGate.test.tsx[2m > [22mRecorderPrivacyGate[2m > [22mallows acknowledging data handling[32m 135[2mms[22m[39m
 [32m✓[39m src/components/feed/__tests__/RecorderPrivacyGate.test.tsx[2m > [22mRecorderPrivacyGate[2m > [22mallows acknowledging anonymization[32m 47[2mms[22m[39m
 [32m✓[39m src/components/feed/__tests__/RecorderPrivacyGate.test.tsx[2m > [22mRecorderPrivacyGate[2m > [22mdisables approve button until all checks are complete[32m 94[2mms[22m[39m
 [32m✓[39m src/components/feed/__tests__/RecorderPrivacyGate.test.tsx[2m > [22mRecorderPrivacyGate[2m > [22mcalls onApproved callback when all checks are complete and approve is clicked[32m 129[2mms[22m[39m
 [32m✓[39m src/components/feed/__tests__/RecorderPrivacyGate.test.tsx[2m > [22mRecorderPrivacyGate[2m > [22mcalls onDismissed callback when cancel is clicked[32m 66[2mms[22m[39m
 [32m✓[39m src/lib/routing/__tests__/OnionRouter.test.ts[2m > [22mOnionRouter v2[2m > [22mshould rebuild circuit after forced health failure[33m 1727[2mms[22m[39m
 [32m✓[39m src/lib/routing/__tests__/OnionRouter.test.ts[2m > [22mOnionRouter v2[2m > [22mshould fallback to direct routing when no relays available[32m 3[2mms[22m[39m
 [31m×[39m src/components/feed/__tests__/RecorderPrivacyGate.test.tsx[2m > [22mRecorderPrivacyGate[2m > [22mdisplays fingerprint risk level when available[33m 1040[2mms[22m[39m
[31m   → Unable to find an element with the text: /fingerprint risk.*high/i. This could be because the text is broken up by multiple elements. In this case, you can provide a function for your text matcher to make your matcher more flexible.

Ignored nodes: comments, script, style
[36m<body>[31m
  [36m<div>[31m
    [36m<div[31m
      [33manimate[31m=[32m"[object Object]"[31m
      [33mclass[31m=[32m"fixed inset-0 z-40"[31m
      [33mexit[31m=[32m"[object Object]"[31m
      [33minitial[31m=[32m"[object Object]"[31m
    [36m>[31m
      [36m<div[31m
        [33manimate[31m=[32m"[object Object]"[31m
        [33mclass[31m=[32m"fixed inset-0 bg-black/50 backdrop-blur-sm"[31m
        [33mexit[31m=[32m"[object Object]"[31m
        [33minitial[31m=[32m"[object Object]"[31m
      [36m/>[31m
      [36m<div[31m
        [33manimate[31m=[32m"[object Object]"[31m
        [33mclass[31m=[32m"fixed inset-0 flex items-center justify-center p-4 pointer-events-none"[31m
        [33mexit[31m=[32m"[object Object]"[31m
        [33minitial[31m=[32m"[object Object]"[31m
      [36m>[31m
        [36m<div[31m
          [33mclass[31m=[32m"glass rounded-2xl border border-white/10 max-w-2xl w-full max-h-[90vh] overflow-y-auto pointer-events-auto"[31m
        [36m>[31m
          [36m<div[31m
            [33mclass[31m=[32m"sticky top-0 glass p-6 border-b border-white/10 flex items-start justify-between"[31m
          [36m>[31m
            [36m<div[31m
              [33mclass[31m=[32m"flex items-start space-x-3"[31m
            [36m>[31m
              [36m<svg[31m
                [33maria-hidden[31m=[32m"true"[31m
                [33mclass[31m=[32m"lucide lucide-shield-alert w-6 h-6 text-primary flex-shrink-0 mt-0.5"[31m
                [33mfill[31m=[32m"none"[31m
                [33mheight[31m=[32m"24"[31m
                [33mstroke[31m=[32m"currentColor"[31m
                [33mstroke-linecap[31m=[32m"round"[31m
                [33mstroke-linejoin[31m=[32m"round"[31m
                [33mstroke-width[31m=[32m"2"[31m
                [33mviewBox[31m=[32m"0 0 24 24"[31m
                [33mwidth[31m=[32m"24"[31m
                [33mxmlns[31m=[32m"http://www.w3.org/2000/svg"[31m
              [36m>[31m
                [36m<path[31m
                  [33md[31m=[32m"M20 13c0 5-3.5 7.5-7.66 8.95a1 1 0 0 1-.67-.01C7.5 20.5 4 18 4 13V6a1 1 0 0 1 1-1c2 0 4.5-1.2 6.24-2.72a1.17 1.17 0 0 1 1.52 0C14.51 3.81 17 5 19 5a1 1 0 0 1 1 1z"[31m
                [36m/>[31m
                [36m<path[31m
                  [33md[31m=[32m"M12 8v4"[31m
                [36m/>[31m
                [36m<path[31m
                  [33md[31m=[32m"M12 16h.01"[31m
                [36m/>[31m
              [36m</svg>[31m
              [36m<div>[31m
                [36m<h2[31m
                  [33mclass[31m=[32m"text-2xl font-bold text-white mb-1"[31m
                [36m>[31m
                  [0m🔒 Privacy Check[0m
                [36m</h2>[31m
                [36m<p[31m
                  [33mclass[31m=[32m"text-gray-300 text-sm"[31m
                [36m>[31m
                  [0mReview privacy settings before sharing.[0m
                [36m</p>[31m
              [36m</div>[31m
            [36m</div>[31m
          [36m</div>[31m
          [36m<div[31m
            [33mclass[31m=[32m"p-6 space-y-6"[31m
          [36m>[31m
            [36m<div[31m
              [33mclass[31m=[32m"bg-surface/50 rounded-lg border border-white/10 p-4 space-y-3"[31m
            [36m>[31m
              [36m<h3[31m
                [33mclass[31m=[32m"text-lg font-semibold text-white flex items-center space-x-2"[31m
              [36m>[31m
                [36m<span>[31m
                  [0m🛡️ Your Privacy Status[0m
                [36m</span>[31m
              [36m</h3>[31m
              [36m<div[31m
                [33mclass[31m=[32m"space-y-2 text-sm text-gray-300"[31m
              [36m>[31m
                [36m<div[31m
                  [33mclass[31m=[32m"flex items-center space-x-2"[31m
                [36m>[31m
                  [36m<span[31m
                    [33mclass[31m=[32m"text-green-400"[31m
                  [36m>[31m
                    [0m✓[0m
                  [36m</span>[31m
                  [36m<span>[31m
                    [0mWebRTC IP leak protection: [0m
                    [0mActive[0m
                  [36m</span>[31m
                [36m</div>[31m
                [36m<div[31m
                  [33mclass[31m=[32m"flex items-center space-x-2"[31m
                [36m>[31m
                  [36m<span[31m
                    [33mclass[31m=[32m"text-green-400"[31m
                  [36m>[31m
                    [0m✓[0m
                  [36m</span>[31m
                  [36m<span>[31m
                    [0mCookies blocked: [0m
                    [0mYes[0m
                  [36m</span>[31m
                [36m</div>[31m
                [36m<div[31m
                  [33mclass[31m=[32m"flex items-center space-x-2"[31m
                [36m>[31m
                  [36m<span[31m
                    [33mclass[31m=[32m"text-green-400"[31m
                  [36m>[31m
                    [0m✓[0m
                  [36m</span>[31m
                  [36m<span>[31m
                    [0mHTTPS enforced: [0m
                    [0mYes[0m
                  [36m</span>[31m
                [36m</div>[31m
              [36m</div>[31m
            [36m</div>[31m
            [36m<div[31m
              [33mclass[31m=[32m"rounded-lg border p-4 bg-red-500/10 border-red-500/30"[31m
            [36m>[31m
              [36m<div[31m
                [33mclass[31m=[32m"flex items-start space-x-3"[31m
              [36m>[31m
                [36m<svg[31m
                  [33maria-hidden[31m=[32m"true"[31m
                  [33mclass[31m=[32m"lucide lucide-circle-alert w-5 h-5 flex-shrink-0 mt-0.5 text-red-400"[31m
                  [33mfill[31m=[32m"none"[31m
                  [33mheight[31m=[32m"24"[31m
                  [33mstroke[31m=[32m"currentColor"[31m
                  [33mstroke-linecap[31m=[32m"round"[31m
                  [33mstroke-linejoin[31m=[32m"round"[31m
                  [33mstroke-width[31m=[32m"2"[31m
                  [33mviewBox[31m=[32m"0 0 24 24"[31m
                  [33mwidth[31m=[32m"24"[31m
                  [33mxmlns[31m=[32m"http://www.w3.org/2000/svg"[31m
                [36m>[31m
                  [36m<circle[31m
                    [33mcx[31m=[32m"12"[31m
                    [33mcy[31m=[32m"12"[31m
                    [33mr[31m=[32m"10"[31m
                  [36m/>[31m
                  [36m<line[31m
                    [33mx1[31m=[32m"12"[31m
                    [33mx2[31m=[32m"12"[31m
                    [33my1[31m=[32m"8"[31m
                    [33my2[31m=[32m"12"[31m
                  [36m/>[31m
                  [36m<line[31m
                    [33mx1[31m=[32m"12"[31m
                    [33mx2[31m=[32m"12.01"[31m
                    [33my1[31m=[32m"16"[31m
                    [33my2[31m=[32m"16"[31m
                  [36m/>[31m
                [36m</svg>[31m
                [36m<div[31m
                  [33mclass[31m=[32m"text-sm"[31m
                [36m>[31m
                  [36m<p[31m
                    [33mclass[31m=[32m"font-semibold text-white mb-1"[31m
                  [36m>[31m
                    [0mFingerprint Risk:[0m
                    [0m [0m
                    [36m<span[31m
                      [33mclass[31m=[32m"text-red-400"[31m
                    [36m>[31m
                      [0mHIGH[0m
                    [36m</span>[31m
                  [36m</p>[31m
                  [36m<p[31m
                    [33mclass[31m=[32m"text-gray-300"[31m
                  [36m>[31m
                    [0mMultiple tracking signals detected. Consider enabling additional protections.[0m
                  [36m</p>[31m
                [36m</div>[31m
              [36m</div>[31m
            [36m</div>[31m
            [36m<div[31m
              [33mclass[31m=[32m"space-y-3"[31m
            [36m>[31m
              [36m<h3[31m
                [33mclass[31m=[32m"text-lg font-semibold text-white"[31m
              [36m>[31m
                [0m✅ Acknowledgments Required[0m
              [36m</h3>[31m
              [36m<button[31m
                [33mclass[31m=[32m"w-full text-left p-4 rounded-lg border transition-all bg-surface/50 border-white/10 hover:border-white/20"[31m
                [33mtype[31m=[32m"button"[31m
              [36m>[31m
                [36m<div[31m
                  [33mclass[31m=[32m"flex items-start space-x-3"[31m
                [36m>[31m
                  [36m<div[31m
                    [33mclass[31m=[32m"flex-shrink-0 w-5 h-5 rounded border-2 flex items-center justify-center transition-all border-gray-400"[31m
                  [36m/>[31m
                  [36m<div[31m
                    [33mclass[31m=[32m"text-sm flex-1"[31m
                  [36m>[31m
                    [36m<p[31m
                      [33mclass[31m=[32m"font-semibold text-white"[31m
                    [36m>[31m
                      [0mData Handling Transparency[0m
                    [36m</p>[31m
                    [36m<p[31m
                      [33mclass[31m=[32m"text-gray-300 mt-1"[31m
                    [36m>[31m
                      [0mYour content is encrypted, stored locally, and never sold. We collect no behavioral tracking data.[0m
                    [36m</p>[31m
                  [36m</div>[31m
                [36m</div>[31m
              [36m</button>[31m
              [36m<button[31m
                [33mclass[31m=[32m"w-full text-left p-4 rounded-lg border transition-all bg-surface/50 border-white/10 hover:border-white/20"[31m
                [33mtype[31m=[32m"button"[31m
              [36m>[31m
                [36m<div[31m
                  [33mclass[31m=[32m"flex items-start space-x-3"[31m
                [36m>[31m
                  [36m<div[31m
                    [33mclass[31m=[32m"flex-shrink-0 w-5 h-5 rounded border-2 flex items-center justify-center transition-all border-gray-400"[31m
                  [36m/>[31m
                  [36m<div[31m
                    [33mclass[31m=[32m"text-sm flex-1"[31m
                  [36m>[31m
                    [36m<p[31m
                      [33mclass[31m=[32m"font-semibold text-white"[31m
                    [36m>[31m
                      [0mAnonymization & Privacy[0m
                    [36m</p>[31m
                    [36m<p[31m
                      [33mclass[31m=[32m"text-gray-300 mt-1"[31m
                    [36m>[31m
                      [0mYour identity remains protected. We use cryptographic techniques to verify authenticity without exposing who you are.[0m
                    [36m</p>[31m
                  [36m</div>[31m
                [36m</div>[31m
              [36m</button>[31m
              [36m<div[31m
                [33mclass[31m=[32m"w-full text-left p-4 rounded-lg border transition-all bg-surface/50 border-white/10"[31m
              [36m>[31m
                [36m<div[31m
                  [33mclass[31m=[32m"flex items-start space-x-3"[31m
                [36m>[31m
                  [36m<div[31m
                    [33mclass[31m=[32m"flex-shrink-0 w-5 h-5 rounded border-2 flex items-center justify-center transition-all border-gray-400"[31m
                  [36m/>[31m
                  [36m<div[31m
                    [33mclass[31m=[32m"text-sm flex-1"[31m
                  [36m>[31m
                    [36m<p[31m
                      [33mclass[31m=[32m"font-semibold text-white"[31m
                    [36m>[31m
                      [0mBrowser Fingerprint Protection[0m
                    [36m</p>[31m
                    [36m<p[31m
                      [33mclass[31m=[32m"text-gray-300 mt-1"[31m
                    [36m>[31m
                      [0mStatus: [0m
                      [0m○ Disabled[0m
                    [36m</p>[31m
                    [36m<p[31m
                      [33mclass[31m=[32m"text-xs text-gray-400 mt-1"[31m
                    [36m>[31m
                      [0mEnable in Settings → Privacy → Browser Fingerprint Protection[0m
                    [36m</p>[31m
                  [36m</div>[31m
                [36m</div>[31m
              [36m</div>[31m
            [36m</div>[31m
            [36m<div[31m
              [33mclass[31m=[32m"flex flex-col-reverse sm:flex-row gap-3 border-t border-white/10 pt-6"[31m
            [36m>[31m
              [36m<button[31m
                [33mclass[31m=[32m"flex-1 px-4 py-3 text-gray-300 hover:text-white rounded-lg border border-white/10 hover:border-white/20 transition-colors"[31m
                [33mtype[31m=[32m"button"[31m
              [36m>[31m
                [0mCancel[0m
              [36m</button>[31m
              [36m<button[31m
                [33mclass[31m=[32m"flex-1 px-4 py-3 rounded-lg font-semibold transition-all bg-gray-600 text-gray-300 cursor-not-allowed opacity-50"[31m
                [33mdisabled[31m=[32m""[31m
                [33mtype[31m=[32m"button"[31m
                [33mwhilehover[31m=[32m"[object Object]"[31m
                [33mwhiletap[31m=[32m"[object Object]"[31m
              [36m>[31m
                [0mContinue to Recording[0m
              [36m</button>[31m
            [36m</div>[31m
            [36m<div[31m
              [33mclass[31m=[32m"bg-yellow-500/10 border border-yellow-500/30 rounded-lg p-4"[31m
            [36m>[31m
              [36m<p[31m
                [33mclass[31m=[32m"text-sm text-yellow-300"[31m
              [36m>[31m
                [0m⚠️ Please acknowledge all privacy terms before proceeding.[0m
              [36m</p>[31m
            [36m</div>[31m
            [36m<div[31m
              [33mclass[31m=[32m"text-xs text-gray-400 text-center"[31m
            [36m>[31m
              [0mYour privacy is protected by SafeVoice's end-to-end encryption and zero-tracking policies. [0m
            [36m</div>[31m
          [36m</div>[31m
        [36m</div>[31m
      [36m</div>[31m
    [36m</div>[31m
  [36m</div>[31m
[36m</body>[31m

Ignored nodes: comments, script, style
[36m<html>[31m
  [36m<head />[31m
  [36m<body>[31m
    [36m<div>[31m
      [36m<div[31m
        [33manimate[31m=[32m"[object Object]"[31m
        [33mclass[31m=[32m"fixed inset-0 z-40"[31m
        [33mexit[31m=[32m"[object Object]"[31m
        [33minitial[31m=[32m"[object Object]"[31m
      [36m>[31m
        [36m<div[31m
          [33manimate[31m=[32m"[object Object]"[31m
          [33mclass[31m=[32m"fixed inset-0 bg-black/50 backdrop-blur-sm"[31m
          [33mexit[31m=[32m"[object Object]"[31m
          [33minitial[31m=[32m"[object Object]"[31m
        [36m/>[31m
        [36m<div[31m
          [33manimate[31m=[32m"[object Object]"[31m
          [33mclass[31m=[32m"fixed inset-0 flex items-center justify-center p-4 pointer-events-none"[31m
          [33mexit[31m=[32m"[object Object]"[31m
          [33minitial[31m=[32m"[object Object]"[31m
        [36m>[31m
          [36m<div[31m
            [33mclass[31m=[32m"glass rounded-2xl border border-white/10 max-w-2xl w-full max-h-[90vh] overflow-y-auto pointer-events-auto"[31m
          [36m>[31m
            [36m<div[31m
              [33mclass[31m=[32m"sticky top-0 glass p-6 border-b border-white/10 flex items-start justify-between"[31m
            [36m>[31m
              [36m<div[31m
                [33mclass[31m=[32m"flex items-start space-x-3"[31m
              [36m>[31m
                [36m<svg[31m
                  [33maria-hidden[31m=[32m"true"[31m
                  [33mclass[31m=[32m"lucide lucide-shield-alert w-6 h-6 text-primary flex-shrink-0 mt-0.5"[31m
                  [33mfill[31m=[32m"none"[31m
                  [33mheight[31m=[32m"24"[31m
                  [33mstroke[31m=[32m"currentColor"[31m
                  [33mstroke-linecap[31m=[32m"round"[31m
                  [33mstroke-linejoin[31m=[32m"round"[31m
                  [33mstroke-width[31m=[32m"2"[31m
                  [33mviewBox[31m=[32m"0 0 24 24"[31m
                  [33mwidth[31m=[32m"24"[31m
                  [33mxmlns[31m=[32m"http://www.w3.org/2000/svg"[31m
                [36m>[31m
                  [36m<path[31m
                    [33md[31m=[32m"M20 13c0 5-3.5 7.5-7.66 8.95a1 1 0 0 1-.67-.01C7.5 20.5 4 18 4 13V6a1 1 0 0 1 1-1c2 0 4.5-1.2 6.24-2.72a1.17 1.17 0 0 1 1.52 0C14.51 3.81 17 5 19 5a1 1 0 0 1 1 1z"[31m
                  [36m/>[31m
                  [36m<path[31m
                    [33md[31m=[32m"M12 8v4"[31m
                  [36m/>[31m
                  [36m<path[31m
                    [33md[31m=[32m"M12 16h.01"[31m
                  [36m/>[31m
                [36m</svg>[31m
                [36m<div>[31m
                  [36m<h2[31m
                    [33mclass[31m=[32m"text-2xl font-bold text-white mb-1"[31m
                  [36m>[31m
                    [0m🔒 Privacy Check[0m
                  [36m</h2>[31m
                  [36m<p[31m
                    [33mclass[31m=[32m"text-gray-300 text-sm"[31m
                  [36m>[31m
                    [0mReview privacy settings before sharing.[0m
                  [36m</p>[31m
                [36m</div>[31m
              [36m</div>[31m
            [36m</div>[31m
            [36m<div[31m
              [33mclass[31m=[32m"p-6 space-y-6"[31m
            [36m>[31m
              [36m<div[31m
                [33mclass[31m=[32m"bg-surface/50 rounded-lg border border-white/10 p-4 space-y-3"[31m
              [36m>[31m
                [36m<h3[31m
                  [33mclass[31m=[32m"text-lg font-semibold text-white flex items-center space-x-2"[31m
                [36m>[31m
                  [36m<span>[31m
                    [0m🛡️ Your Privacy Status[0m
                  [36m</span>[31m
                [36m</h3>[31m
                [36m<div[31m
                  [33mclass[31m=[32m"space-y-2 text-sm text-gray-300"[31m
                [36m>[31m
                  [36m<div[31m
                    [33mclass[31m=[32m"flex items-center space-x-2"[31m
                  [36m>[31m
                    [36m<span[31m
                      [33mclass[31m=[32m"text-green-400"[31m
                    [36m>[31m
                      [0m✓[0m
                    [36m</span>[31m
                    [36m<span>[31m
                      [0mWebRTC IP leak protection: [0m
                      [0mActive[0m
                    [36m</span>[31m
                  [36m</div>[31m
                  [36m<div[31m
                    [33mclass[31m=[32m"flex items-center space-x-2"[31m
                  [36m>[31m
                    [36m<span[31m
                      [33mclass[31m=[32m"text-green-400"[31m
                    [36m>[31m
                      [0m✓[0m
                    [36m</span>[31m
                    [36m<span>[31m
                      [0mCookies blocked: [0m
                      [0mYes[0m
                    [36m</span>[31m
                  [36m</div>[31m
                  [36m<div[31m
                    [33mclass[31m=[32m"flex items-center space-x-2"[31m
                  [36m>[31m
                    [36m<span[31m
                      [33mclass[31m=[32m"text-green-400"[31m
                    [36m>[31m
                      [0m✓[0m
                    [36m</span>[31m
                    [36m<span>[31m
                      [0mHTTPS enforced: [0m
                      [0mYes[0m
                    [36m</span>[31m
                  [36m</div>[31m
                [36m</div>[31m
              [36m</div>[31m
              [36m<div[31m
                [33mclass[31m=[32m"rounded-lg border p-4 bg-red-500/10 border-red-500/30"[31m
              [36m>[31m
                [36m<div[31m
                  [33mclass[31m=[32m"flex items-start space-x-3"[31m
                [36m>[31m
                  [36m<svg[31m
                    [33maria-hidden[31m=[32m"true"[31m
                    [33mclass[31m=[32m"lucide lucide-circle-alert w-5 h-5 flex-shrink-0 mt-0.5 text-red-400"[31m
                    [33mfill[31m=[32m"none"[31m
                    [33mheight[31m=[32m"24"[31m
                    [33mstroke[31m=[32m"currentColor"[31m
                    [33mstroke-linecap[31m=[32m"round"[31m
                    [33mstroke-linejoin[31m=[32m"round"[31m
                    [33mstroke-width[31m=[32m"2"[31m
                    [33mviewBox[31m=[32m"0 0 24 24"[31m
                    [33mwidth[31m=[32m"24"[31m
                    [33mxmlns[31m=[32m"http://www.w3.org/2000/svg"[31m
                  [36m>[31m
                    [36m<circle[31m
                      [33mcx[31m=[32m"12"[31m
                      [33mcy[31m=[32m"12"[31m
                      [33mr[31m=[32m"10"[31m
                    [36m/>[31m
                    [36m<line[31m
                      [33mx1[31m=[32m"12"[31m
                      [33mx2[31m=[32m"12"[31m
                      [33my1[31m=[32m"8"[31m
                      [33my2[31m=[32m"12"[31m
                    [36m/>[31m
                    [36m<line[31m
                      [33mx1[31m=[32m"12"[31m
                      [33mx2[31m=[32m"12.01"[31m
                      [33my1[31m=[32m"16"[31m
                      [33my2[31m=[32m"16"[31m
                    [36m/>[31m
                  [36m</svg>[31m
                  [36m<div[31m
                    [33mclass[31m=[32m"text-sm"[31m
                  [36m>[31m
                    [36m<p[31m
                      [33mclass[31m=[32m"font-semibold text-white mb-1"[31m
                    [36m>[31m
                      [0mFingerprint Risk:[0m
                      [0m [0m
                      [36m<span[31m
                        [33mclass[31m=[32m"text-red-400"[31m
                      [36m>[31m
                        [0mHIGH[0m
                      [36m</span>[31m
                    [36m</p>[31m
                    [36m<p[31m
                      [33mclass[31m=[32m"text-gray-300"[31m
                    [36m>[31m
                      [0mMultiple tracking signals detected. Consider enabling additional protections.[0m
                    [36m</p>[31m
                  [36m</div>[31m
                [36m</div>[31m
              [36m</div>[31m
              [36m<div[31m
                [33mclass[31m=[32m"space-y-3"[31m
              [36m>[31m
                [36m<h3[31m
                  [33mclass[31m=[32m"text-lg font-semibold text-white"[31m
                [36m>[31m
                  [0m✅ Acknowledgments Required[0m
                [36m</h3>[31m
                [36m<button[31m
                  [33mclass[31m=[32m"w-full text-left p-4 rounded-lg border transition-all bg-surface/50 border-white/10 hover:border-white/20"[31m
                  [33mtype[31m=[32m"button"[31m
                [36m>[31m
                  [36m<div[31m
                    [33mclass[31m=[32m"flex items-start space-x-3"[31m
                  [36m>[31m
                    [36m<div[31m
                      [33mclass[31m=[32m"flex-shrink-0 w-5 h-5 rounded border-2 flex items-center justify-center transition-all border-gray-400"[31m
                    [36m/>[31m
                    [36m<div[31m
                      [33mclass[31m=[32m"text-sm flex-1"[31m
                    [36m>[31m
                      [36m<p[31m
                        [33mclass[31m=[32m"font-semibold text-white"[31m
                      [36m>[31m
                        [0mData Handling Transparency[0m
                      [36m</p>[31m
                      [36m<p[31m
                        [33mclass[31m=[32m"text-gray-300 mt-1"[31m
                      [36m>[31m
                        [0mYour content is encrypted, stored locally, and never sold. We collect no behavioral tracking data.[0m
                      [36m</p>[31m
                    [36m</div>[31m
                  [36m</div>[31m
                [36m</button>[31m
                [36m<button[31m
                  [33mclass[31m=[32m"w-full text-left p-4 rounded-lg border transition-all bg-surface/50 border-white/10 hover:border-white/20"[31m
                  [33mtype[31m=[32m"button"[31m
                [36m>[31m
                  [36m<div[31m
                    [33mclass[31m=[32m"flex items-start space-x-3"[31m
                  [36m>[31m
                    [36m<div[31m
                      [33mclass[31m=[32m"flex-shrink-0 w-5 h-5 rounded border-2 flex items-center justify-center transition-all border-gray-400"[31m
                    [36m/>[31m
                    [36m<div[31m
                      [33mclass[31m=[32m"text-sm flex-1"[31m
                    [36m>[31m
                      [36m<p[31m
                        [33mclass[31m=[32m"font-semibold text-white"[31m
                      [36m>[31m
                        [0mAnonymization & Privacy[0m
                      [36m</p>[31m
                      [36m<p[31m
                        [33mclass[31m=[32m"text-gray-300 mt-1"[31m
                      [36m>[31m
                        [0mYour identity remains protected. We use cryptographic techniques to verify authenticity without exposing who you are.[0m
                      [36m</p>[31m
                    [36m</div>[31m
                  [36m</div>[31m
                [36m</button>[31m
                [36m<div[31m
                  [33mclass[31m=[32m"w-full text-left p-4 rounded-lg border transition-all bg-surface/50 border-white/10"[31m
                [36m>[31m
                  [36m<div[31m
                    [33mclass[31m=[32m"flex items-start space-x-3"[31m
                  [36m>[31m
                    [36m<div[31m
                      [33mclass[31m=[32m"flex-shrink-0 w-5 h-5 rounded border-2 flex items-center justify-center transition-all border-gray-400"[31m
                    [36m/>[31m
                    [36m<div[31m
                      [33mclass[31m=[32m"text-sm flex-1"[31m
                    [36m>[31m
                      [36m<p[31m
                        [33mclass[31m=[32m"font-semibold text-white"[31m
                      [36m>[31m
                        [0mBrowser Fingerprint Protection[0m
                      [36m</p>[31m
                      [36m<p[31m
                        [33mclass[31m=[32m"text-gray-300 mt-1"[31m
                      [36m>[31m
                        [0mStatus: [0m
                        [0m○ Disabled[0m
                      [36m</p>[31m
                      [36m<p[31m
                        [33mclass[31m=[32m"text-xs text-gray-400 mt-1"[31m
                      [36m>[31m
                        [0mEnable in Settings → Privacy → Browser Fingerprint Protection[0m
                      [36m</p>[31m
                    [36m</div>[31m
                  [36m</div>[31m
                [36m</div>[31m
              [36m</div>[31m
              [36m<div[31m
                [33mclass[31m=[32m"flex flex-col-reverse sm:flex-row gap-3 border-t border-white/10 pt-6"[31m
              [36m>[31m
                [36m<button[31m
                  [33mclass[31m=[32m"flex-1 px-4 py-3 text-gray-300 hover:text-white rounded-lg border border-white/10 hover:border-white/20 transition-colors"[31m
                  [33mtype[31m=[32m"button"[31m
                [36m>[31m
                  [0mCancel[0m
                [36m</button>[31m
                [36m<button[31m
                  [33mclass[31m=[32m"flex-1 px-4 py-3 rounded-lg font-semibold transition-all bg-gray-600 text-gray-300 cursor-not-allowed opacity-50"[31m
                  [33mdisabled[31m=[32m""[31m
                  [33mtype[31m=[32m"button"[31m
                  [33mwhilehover[31m=[32m"[object Object]"[31m
                  [33mwhiletap[31m=[32m"[object Object]"[31m
                [36m>[31m
                  [0mContinue to Recording[0m
                [36m</button>[31m
              [36m</div>[31m
              [36m<div[31m
                [33mclass[31m=[32m"bg-yellow-500/10 border border-yellow-500/30 rounded-lg p-4"[31m
              [36m>[31m
                [36m<p[31m
                  [33mclass[31m=[32m"text-sm text-yellow-300"[31m
                [36m>[31m
                  [0m⚠️ Please acknowledge all privacy terms before proceeding.[0m
                [36m</p>[31m
              [36m</div>[31m
              [36m<div[31m
                [33mclass[31m=[32m"text-xs text-gray-400 text-center"[31m
              [36m>[31m
                [0mYour privacy is protected by SafeVoice's end-to-end encryption and zero-tracking policies. [0m
              [36m</div>[31m
            [36m</div>[31m
          [36m</div>[31m
        [36m</div>[31m
      [36m</div>[31m
    [36m</div>[31m
  [36m</body>[31m
[36m</html>[31m[39m
 [32m✓[39m src/components/feed/__tests__/RecorderPrivacyGate.test.tsx[2m > [22mRecorderPrivacyGate[2m > [22mshows warning when fingerprint risk is high[32m 27[2mms[22m[39m
[90mstderr[2m | src/components/feed/__tests__/RecorderPrivacyGate.test.tsx[2m > [22m[2mRecorderPrivacyGate[2m > [22m[2mprevents approval with blocked reasons
[22m[39mAn update to RecorderPrivacyGate inside a test was not wrapped in act(...).

When testing, code that causes React state updates should be wrapped into act(...):

act(() => {
  /* fire events that update state */
});
/* assert on the output */

This ensures that you're testing the behavior the user would see in the browser. Learn more at https://react.dev/link/wrap-tests-with-act

 [32m✓[39m src/components/feed/__tests__/RecorderPrivacyGate.test.tsx[2m > [22mRecorderPrivacyGate[2m > [22mdisplays continue to crisis support button when in crisis mode[32m 131[2mms[22m[39m
 [32m✓[39m src/components/feed/__tests__/RecorderPrivacyGate.test.tsx[2m > [22mRecorderPrivacyGate[2m > [22mprevents approval with blocked reasons[32m 19[2mms[22m[39m
 [32m✓[39m src/lib/routing/__tests__/OnionRouter.test.ts[2m > [22mOnionRouter v2[2m > [22mshould apply timing jitter when enabled[33m 1032[2mms[22m[39m
 [32m✓[39m src/lib/routing/__tests__/OnionRouter.test.ts[2m > [22mOnionRouter v2[2m > [22mshould verify relay directory Ed25519 signature[32m 70[2mms[22m[39m
 [32m✓[39m src/lib/routing/__tests__/OnionRouter.test.ts[2m > [22mOnionRouter v2[2m > [22mshould record routing metadata and provide statistics[33m 1207[2mms[22m[39m
 [32m✓[39m src/lib/routing/__tests__/OnionRouter.test.ts[2m > [22mOnionRouter v2[2m > [22mshould handle circuit rebuild attempt before fallback[33m 1264[2mms[22m[39m
 [32m✓[39m src/lib/routing/__tests__/OnionRouter.test.ts[2m > [22mOnionRouter v2[2m > [22mshould support 5-hop circuits[33m 1746[2mms[22m[39m
 [31m×[39m src/App.accessibility.test.tsx[2m > [22mApp Accessibility[2m > [22mBasic Structure[2m > [22mshould render app structure[32m 24[2mms[22m[39m
[31m   → No QueryClient set, use QueryClientProvider to set one[39m
 [31m×[39m src/App.accessibility.test.tsx[2m > [22mApp Accessibility[2m > [22mBasic Structure[2m > [22mshould have proper main element[32m 3[2mms[22m[39m
[31m   → No QueryClient set, use QueryClientProvider to set one[39m
 [31m×[39m src/App.accessibility.test.tsx[2m > [22mApp Accessibility[2m > [22mSkip Link[2m > [22mshould render skip link[32m 3[2mms[22m[39m
[31m   → No QueryClient set, use QueryClientProvider to set one[39m
 [31m×[39m src/App.accessibility.test.tsx[2m > [22mApp Accessibility[2m > [22mSkip Link[2m > [22mshould make skip link visible on focus[32m 3[2mms[22m[39m
[31m   → No QueryClient set, use QueryClientProvider to set one[39m
 [31m×[39m src/App.accessibility.test.tsx[2m > [22mApp Accessibility[2m > [22mSkip Link[2m > [22mshould activate skip link with keyboard[32m 5[2mms[22m[39m
[31m   → No QueryClient set, use QueryClientProvider to set one[39m
 [31m×[39m src/App.accessibility.test.tsx[2m > [22mApp Accessibility[2m > [22mNavigation[2m > [22mshould have navigation elements[32m 3[2mms[22m[39m
[31m   → No QueryClient set, use QueryClientProvider to set one[39m
 [31m×[39m src/App.accessibility.test.tsx[2m > [22mApp Accessibility[2m > [22mNavigation[2m > [22mshould maintain logical tab order[32m 3[2mms[22m[39m
[31m   → No QueryClient set, use QueryClientProvider to set one[39m
 [31m×[39m src/App.accessibility.test.tsx[2m > [22mApp Accessibility[2m > [22mFocus Management[2m > [22mshould handle route changes[32m 3[2mms[22m[39m
[31m   → No QueryClient set, use QueryClientProvider to set one[39m
 [31m×[39m src/App.accessibility.test.tsx[2m > [22mApp Accessibility[2m > [22mFocus Management[2m > [22mshould focus main content elements[32m 3[2mms[22m[39m
[31m   → No QueryClient set, use QueryClientProvider to set one[39m
 [31m×[39m src/App.accessibility.test.tsx[2m > [22mApp Accessibility[2m > [22mModal Accessibility[2m > [22mshould render modal when open[32m 3[2mms[22m[39m
[31m   → No QueryClient set, use QueryClientProvider to set one[39m
 [31m×[39m src/App.accessibility.test.tsx[2m > [22mApp Accessibility[2m > [22mModal Accessibility[2m > [22mshould have proper modal attributes when open[32m 3[2mms[22m[39m
[31m   → No QueryClient set, use QueryClientProvider to set one[39m
 [31m×[39m src/App.accessibility.test.tsx[2m > [22mApp Accessibility[2m > [22mError Handling[2m > [22mshould handle missing localStorage gracefully[32m 17[2mms[22m[39m
[31m   → expected [Function] to not throw an error but 'Error: No QueryClient set, use QueryC…' was thrown[39m
 [31m×[39m src/App.accessibility.test.tsx[2m > [22mApp Accessibility[2m > [22mPerformance[2m > [22mshould render without errors[32m 1[2mms[22m[39m
[31m   → window.localStorage.setItem is not a function[39m
 [31m×[39m src/App.accessibility.test.tsx[2m > [22mApp Accessibility[2m > [22mPerformance[2m > [22mshould render quickly[32m 1[2mms[22m[39m
[31m   → window.localStorage.setItem is not a function[39m
 [32m✓[39m src/lib/routing/__tests__/OnionRouter.test.ts[2m > [22mOnionRouter v2[2m > [22mshould maintain circuit statistics[33m 1069[2mms[22m[39m
 [32m✓[39m src/lib/encryption/__tests__/DoubleRatchetSession.test.ts[2m > [22mDoubleRatchetSession[2m > [22mshould generate unique message keys on consecutive calls[32m 7[2mms[22m[39m
 [32m✓[39m src/lib/encryption/__tests__/DoubleRatchetSession.test.ts[2m > [22mDoubleRatchetSession[2m > [22mshould increment index on each call[32m 3[2mms[22m[39m
 [32m✓[39m src/lib/encryption/__tests__/DoubleRatchetSession.test.ts[2m > [22mDoubleRatchetSession[2m > [22mshould generate unique nonce material per key[32m 1[2mms[22m[39m
 [32m✓[39m src/lib/encryption/__tests__/DoubleRatchetSession.test.ts[2m > [22mDoubleRatchetSession[2m > [22mshould enforce receive index ordering[32m 2[2mms[22m[39m
 [32m✓[39m src/lib/encryption/__tests__/DoubleRatchetSession.test.ts[2m > [22mDoubleRatchetSession[2m > [22mshould reject out-of-order inbound messages[32m 1[2mms[22m[39m
 [32m✓[39m src/lib/encryption/__tests__/DoubleRatchetSession.test.ts[2m > [22mDoubleRatchetSession[2m > [22mshould reject duplicate inbound indexes[32m 1[2mms[22m[39m
 [32m✓[39m src/lib/encryption/__tests__/DoubleRatchetSession.test.ts[2m > [22mDoubleRatchetSession[2m > [22mshould prevent decryption with future keys[32m 1[2mms[22m[39m
 [32m✓[39m src/lib/encryption/__tests__/DoubleRatchetSession.test.ts[2m > [22mDoubleRatchetSession[2m > [22mshould never reuse a message key[32m 3[2mms[22m[39m
 [32m✓[39m src/lib/encryption/__tests__/DoubleRatchetSession.test.ts[2m > [22mDoubleRatchetSession[2m > [22mshould reject replay of already-received index[32m 1[2mms[22m[39m
 [32m✓[39m src/lib/encryption/__tests__/DoubleRatchetSession.test.ts[2m > [22mDoubleRatchetSession[2m > [22mshould serialize and restore state correctly[32m 1[2mms[22m[39m
 [32m✓[39m src/lib/encryption/__tests__/DoubleRatchetSession.test.ts[2m > [22mDoubleRatchetSession[2m > [22mshould maintain merkle commitment after serialization[32m 1[2mms[22m[39m
 [32m✓[39m src/lib/encryption/__tests__/DoubleRatchetSession.test.ts[2m > [22mDoubleRatchetSession[2m > [22mshould produce deterministic merkle commitments[32m 1[2mms[22m[39m
 [32m✓[39m src/lib/encryption/__tests__/DoubleRatchetSession.test.ts[2m > [22mDoubleRatchetSession[2m > [22mshould advance merkle root with each message[32m 1[2mms[22m[39m
 [32m✓[39m src/lib/encryption/__tests__/DoubleRatchetSession.test.ts[2m > [22mDoubleRatchetSession[2m > [22mshould track last activity timestamp[32m 1[2mms[22m[39m
 [32m✓[39m src/lib/encryption/__tests__/DoubleRatchetSession.test.ts[2m > [22mDoubleRatchetSession[2m > [22mshould track creation timestamp[32m 0[2mms[22m[39m
 [32m✓[39m src/lib/encryption/__tests__/DoubleRatchetSession.test.ts[2m > [22mDoubleRatchetSession[2m > [22mshould throw on wrong/tampered index during inbound recording[32m 1[2mms[22m[39m
 [32m✓[39m src/lib/encryption/__tests__/DoubleRatchetSession.test.ts[2m > [22mDoubleRatchetSession[2m > [22mshould reject index 0 (invalid)[32m 0[2mms[22m[39m
 [32m✓[39m src/lib/encryption/__tests__/DoubleRatchetSession.test.ts[2m > [22mDoubleRatchetSession[2m > [22mshould track peek next index correctly[32m 1[2mms[22m[39m
 [32m✓[39m src/lib/encryption/__tests__/DoubleRatchetSession.test.ts[2m > [22mDoubleRatchetSession[2m > [22mshould produce different keys for different threads[32m 1[2mms[22m[39m
 [32m✓[39m src/lib/encryption/__tests__/DoubleRatchetSession.test.ts[2m > [22mDoubleRatchetSession[2m > [22mshould destroy sensitive material[32m 0[2mms[22m[39m
 [2m[90m↓[39m[22m src/lib/web3/__tests__/bridge.integration.test.ts[2m > [22mWeb3Bridge Integration Tests[2m > [22mToken Operations[2m > [22mshould read token balance from chain
 [2m[90m↓[39m[22m src/lib/web3/__tests__/bridge.integration.test.ts[2m > [22mWeb3Bridge Integration Tests[2m > [22mToken Operations[2m > [22mshould check token supply cap
 [2m[90m↓[39m[22m src/lib/web3/__tests__/bridge.integration.test.ts[2m > [22mWeb3Bridge Integration Tests[2m > [22mClaim Workflow[2m > [22mshould integrate RewardEngine with Web3Bridge for claiming
 [2m[90m↓[39m[22m src/lib/web3/__tests__/bridge.integration.test.ts[2m > [22mWeb3Bridge Integration Tests[2m > [22mReconciliation[2m > [22mshould reconcile local state with on-chain balance
 [2m[90m↓[39m[22m src/lib/web3/__tests__/bridge.integration.test.ts[2m > [22mWeb3Bridge Integration Tests[2m > [22mTransaction Queue Persistence[2m > [22mshould persist and restore transaction queue across instances
 [2m[90m↓[39m[22m src/lib/web3/__tests__/bridge.integration.test.ts[2m > [22mWeb3Bridge Integration Tests[2m > [22mMulti-chain Support[2m > [22mshould support switching chains
 [2m[90m↓[39m[22m src/lib/web3/__tests__/bridge.integration.test.ts[2m > [22mWeb3Bridge Integration Tests[2m > [22mError Handling[2m > [22mshould handle insufficient balance gracefully
 [2m[90m↓[39m[22m src/lib/web3/__tests__/bridge.integration.test.ts[2m > [22mWeb3Bridge Integration Tests[2m > [22mError Handling[2m > [22mshould handle disconnected wallet
 [2m[90m↓[39m[22m src/lib/web3/__tests__/bridge.integration.test.ts[2m > [22mWeb3Bridge Integration Tests[2m > [22mEvent Listening[2m > [22mshould emit transaction events
 [32m✓[39m src/components/settings/__tests__/FingerprintControls.test.tsx[2m > [22mFingerprintControls[2m > [22mrenders the component with title and description[32m 53[2mms[22m[39m
 [32m✓[39m src/components/settings/__tests__/FingerprintControls.test.tsx[2m > [22mFingerprintControls[2m > [22mdisplays risk level and score when fingerprint is collected[32m 50[2mms[22m[39m
 [32m✓[39m src/components/settings/__tests__/FingerprintControls.test.tsx[2m > [22mFingerprintControls[2m > [22mshows matched trackers alert when high-risk signals detected[32m 17[2mms[22m[39m
 [32m✓[39m src/components/settings/__tests__/FingerprintControls.test.tsx[2m > [22mFingerprintControls[2m > [22mtoggles detection when switch is clicked[32m 171[2mms[22m[39m
 [32m✓[39m src/components/settings/__tests__/FingerprintControls.test.tsx[2m > [22mFingerprintControls[2m > [22mtoggles mitigation when switch is clicked[32m 61[2mms[22m[39m
 [32m✓[39m src/components/settings/__tests__/FingerprintControls.test.tsx[2m > [22mFingerprintControls[2m > [22mrotates salt when button is clicked[32m 15[2mms[22m[39m
 [32m✓[39m src/components/settings/__tests__/FingerprintControls.test.tsx[2m > [22mFingerprintControls[2m > [22mrefreshes detection when button is clicked[32m 26[2mms[22m[39m
 [32m✓[39m src/components/settings/__tests__/FingerprintControls.test.tsx[2m > [22mFingerprintControls[2m > [22mcalls collectFingerprint on mount if detection is enabled and status is idle[32m 11[2mms[22m[39m
 [32m✓[39m src/components/settings/__tests__/FingerprintControls.test.tsx[2m > [22mFingerprintControls[2m > [22mdoes not call collectFingerprint on mount if detection is disabled[32m 9[2mms[22m[39m
 [32m✓[39m src/components/settings/__tests__/FingerprintControls.test.tsx[2m > [22mFingerprintControls[2m > [22mdisplays mitigation active indicator when mitigation is enabled and high risk[32m 18[2mms[22m[39m
 [32m✓[39m src/components/settings/__tests__/FingerprintControls.test.tsx[2m > [22mFingerprintControls[2m > [22mrenders with proper ARIA labels[32m 12[2mms[22m[39m
 [32m✓[39m src/components/settings/__tests__/FingerprintControls.test.tsx[2m > [22mFingerprintControls[2m > [22mformats timestamp correctly for last rotation[32m 12[2mms[22m[39m
 [32m✓[39m src/components/settings/__tests__/FingerprintControls.test.tsx[2m > [22mFingerprintControls[2m > [22mdisplays "Never" when last rotation is null[32m 9[2mms[22m[39m
 [32m✓[39m src/components/settings/__tests__/FingerprintControls.test.tsx[2m > [22mFingerprintControls[2m > [22mrenders risk level badge with correct styling for high risk[32m 31[2mms[22m[39m
 [32m✓[39m src/components/settings/__tests__/FingerprintControls.test.tsx[2m > [22mFingerprintControls[2m > [22mrenders risk level badge with correct styling for medium risk[32m 9[2mms[22m[39m
 [32m✓[39m src/components/settings/__tests__/FingerprintControls.test.tsx[2m > [22mFingerprintControls[2m > [22mrenders risk level badge with correct styling for low risk[32m 12[2mms[22m[39m
 [32m✓[39m src/lib/__tests__/indiaHelplines.test.ts[2m > [22mIndia-Specific Helplines[2m > [22mIndia Helpline Availability[2m > [22mshould have multiple India-specific helplines[32m 2[2mms[22m[39m
 [32m✓[39m src/lib/__tests__/indiaHelplines.test.ts[2m > [22mIndia-Specific Helplines[2m > [22mIndia Helpline Availability[2m > [22mshould include AASRA helpline[32m 1[2mms[22m[39m
 [32m✓[39m src/lib/__tests__/indiaHelplines.test.ts[2m > [22mIndia-Specific Helplines[2m > [22mIndia Helpline Availability[2m > [22mshould include Vandrevala Foundation helpline[32m 0[2mms[22m[39m
 [32m✓[39m src/lib/__tests__/indiaHelplines.test.ts[2m > [22mIndia-Specific Helplines[2m > [22mIndia Helpline Availability[2m > [22mshould include KIRAN government helpline[32m 0[2mms[22m[39m
 [32m✓[39m src/lib/__tests__/indiaHelplines.test.ts[2m > [22mIndia-Specific Helplines[2m > [22mIndia Helpline Availability[2m > [22mshould include iCALL helpline[32m 0[2mms[22m[39m
 [32m✓[39m src/lib/__tests__/indiaHelplines.test.ts[2m > [22mIndia-Specific Helplines[2m > [22mIndia Helpline Language Support[2m > [22mshould have multilingual support across helplines[32m 1[2mms[22m[39m
 [32m✓[39m src/lib/__tests__/indiaHelplines.test.ts[2m > [22mIndia-Specific Helplines[2m > [22mIndia Helpline Language Support[2m > [22mshould have at least one helpline supporting Tamil[32m 0[2mms[22m[39m
 [32m✓[39m src/lib/__tests__/indiaHelplines.test.ts[2m > [22mIndia-Specific Helplines[2m > [22mIndia Helpline Language Support[2m > [22mshould have at least one helpline supporting Telugu[32m 0[2mms[22m[39m
 [32m✓[39m src/lib/__tests__/indiaHelplines.test.ts[2m > [22mIndia-Specific Helplines[2m > [22mIndia Helpline Language Support[2m > [22mshould have at least one helpline supporting Kannada[32m 0[2mms[22m[39m
 [32m✓[39m src/lib/__tests__/indiaHelplines.test.ts[2m > [22mIndia-Specific Helplines[2m > [22mIndia Helpline Language Support[2m > [22mshould have at least one helpline supporting Marathi[32m 0[2mms[22m[39m
 [32m✓[39m src/lib/__tests__/indiaHelplines.test.ts[2m > [22mIndia-Specific Helplines[2m > [22mIndia Helpline 24/7 Availability[2m > [22mshould have multiple 24/7 helplines[32m 0[2mms[22m[39m
 [32m✓[39m src/lib/__tests__/indiaHelplines.test.ts[2m > [22mIndia-Specific Helplines[2m > [22mIndia Helpline 24/7 Availability[2m > [22mshould have all trusted helplines[32m 0[2mms[22m[39m
 [32m✓[39m src/lib/__tests__/indiaHelplines.test.ts[2m > [22mIndia-Specific Helplines[2m > [22mIndia Helpline Categories[2m > [22mshould have helplines for anxiety support[32m 0[2mms[22m[39m
 [32m✓[39m src/lib/__tests__/indiaHelplines.test.ts[2m > [22mIndia-Specific Helplines[2m > [22mIndia Helpline Categories[2m > [22mshould have helplines for depression support[32m 1[2mms[22m[39m
 [32m✓[39m src/lib/__tests__/indiaHelplines.test.ts[2m > [22mIndia-Specific Helplines[2m > [22mIndia Helpline Categories[2m > [22mshould have helplines for stress support[32m 0[2mms[22m[39m
 [32m✓[39m src/lib/__tests__/indiaHelplines.test.ts[2m > [22mIndia-Specific Helplines[2m > [22mIndia Helpline Categories[2m > [22mshould have helplines for grief support[32m 0[2mms[22m[39m
 [32m✓[39m src/lib/__tests__/indiaHelplines.test.ts[2m > [22mIndia-Specific Helplines[2m > [22mIndia Helpline Contact Information[2m > [22mshould have valid phone numbers[32m 1[2mms[22m[39m
 [32m✓[39m src/lib/__tests__/indiaHelplines.test.ts[2m > [22mIndia-Specific Helplines[2m > [22mIndia Helpline Contact Information[2m > [22mshould have descriptions[32m 0[2mms[22m[39m
 [32m✓[39m src/lib/__tests__/indiaHelplines.test.ts[2m > [22mIndia-Specific Helplines[2m > [22mIndia Helpline Contact Information[2m > [22mshould have operating hours information[32m 1[2mms[22m[39m
 [32m✓[39m src/lib/__tests__/indiaHelplines.test.ts[2m > [22mIndia-Specific Helplines[2m > [22mDynamic Placeholder for India[2m > [22mshould have a dynamic placeholder for future helplines[32m 0[2mms[22m[39m
 [32m✓[39m src/lib/__tests__/indiaHelplines.test.ts[2m > [22mIndia-Specific Helplines[2m > [22mDynamic Placeholder for India[2m > [22mdynamic placeholder should be clearly marked[32m 1[2mms[22m[39m
 [32m✓[39m src/lib/__tests__/indiaHelplines.test.ts[2m > [22mIndia-Specific Helplines[2m > [22mIndia Helpline Website Links[2m > [22mshould have websites for major helplines[32m 0[2mms[22m[39m
 [32m✓[39m src/lib/__tests__/recorderPrivacyStore.test.ts[2m > [22mRecorderPrivacyStore[2m > [22mcreatePrivacyDecision[2m > [22mcreates a new privacy decision with default values[32m 2[2mms[22m[39m
 [32m✓[39m src/lib/__tests__/recorderPrivacyStore.test.ts[2m > [22mRecorderPrivacyStore[2m > [22mcreatePrivacyDecision[2m > [22mcreates decision with risk level[32m 0[2mms[22m[39m
 [32m✓[39m src/lib/__tests__/recorderPrivacyStore.test.ts[2m > [22mRecorderPrivacyStore[2m > [22mcreatePrivacyDecision[2m > [22madds decision to history[32m 0[2mms[22m[39m
 [32m✓[39m src/lib/__tests__/recorderPrivacyStore.test.ts[2m > [22mRecorderPrivacyStore[2m > [22mcreatePrivacyDecision[2m > [22mlimits history to 10 decisions[32m 1[2mms[22m[39m
 [32m✓[39m src/lib/__tests__/recorderPrivacyStore.test.ts[2m > [22mRecorderPrivacyStore[2m > [22macknowledgeDataHandling[2m > [22mmarks data handling as acknowledged[32m 0[2mms[22m[39m
 [32m✓[39m src/lib/__tests__/recorderPrivacyStore.test.ts[2m > [22mRecorderPrivacyStore[2m > [22macknowledgeDataHandling[2m > [22mdoes nothing if no current decision[32m 1[2mms[22m[39m
 [32m✓[39m src/lib/__tests__/recorderPrivacyStore.test.ts[2m > [22mRecorderPrivacyStore[2m > [22macknowledgeAnonymization[2m > [22mmarks anonymization as acknowledged[32m 0[2mms[22m[39m
 [32m✓[39m src/lib/__tests__/recorderPrivacyStore.test.ts[2m > [22mRecorderPrivacyStore[2m > [22mcanProceedWithRecording[2m > [22mreturns false when no decision exists[32m 0[2mms[22m[39m
 [32m✓[39m src/lib/__tests__/recorderPrivacyStore.test.ts[2m > [22mRecorderPrivacyStore[2m > [22mcanProceedWithRecording[2m > [22mreturns false when checks are incomplete[32m 0[2mms[22m[39m
 [32m✓[39m src/lib/__tests__/recorderPrivacyStore.test.ts[2m > [22mRecorderPrivacyStore[2m > [22mcanProceedWithRecording[2m > [22mreturns true when all checks are acknowledged with auto-allow low risk[32m 0[2mms[22m[39m
 [32m✓[39m src/lib/__tests__/recorderPrivacyStore.test.ts[2m > [22mRecorderPrivacyStore[2m > [22mcanProceedWithRecording[2m > [22mreturns false when blocked reasons exist[32m 0[2mms[22m[39m
 [32m✓[39m src/lib/__tests__/recorderPrivacyStore.test.ts[2m > [22mRecorderPrivacyStore[2m > [22mcanProceedWithRecording[2m > [22mreturns true with fingerprint protection enabled[32m 0[2mms[22m[39m
 [32m✓[39m src/lib/__tests__/recorderPrivacyStore.test.ts[2m > [22mRecorderPrivacyStore[2m > [22mgetChecklistStatus[2m > [22mreturns all false for empty decision[32m 0[2mms[22m[39m
 [32m✓[39m src/lib/__tests__/recorderPrivacyStore.test.ts[2m > [22mRecorderPrivacyStore[2m > [22mgetChecklistStatus[2m > [22mreturns individual check statuses[32m 0[2mms[22m[39m
 [32m✓[39m src/lib/__tests__/recorderPrivacyStore.test.ts[2m > [22mRecorderPrivacyStore[2m > [22mgetChecklistStatus[2m > [22mreports allComplete as true when requirements met[32m 0[2mms[22m[39m
 [32m✓[39m src/lib/__tests__/recorderPrivacyStore.test.ts[2m > [22mRecorderPrivacyStore[2m > [22mrecordRiskLevel[2m > [22mrecords risk level[32m 0[2mms[22m[39m
 [32m✓[39m src/lib/__tests__/recorderPrivacyStore.test.ts[2m > [22mRecorderPrivacyStore[2m > [22mrecordBlockedReason[2m > [22madds a blocked reason[32m 1[2mms[22m[39m
 [32m✓[39m src/lib/__tests__/recorderPrivacyStore.test.ts[2m > [22mRecorderPrivacyStore[2m > [22mrecordBlockedReason[2m > [22maccumulates multiple blocked reasons[32m 0[2mms[22m[39m
 [32m✓[39m src/lib/__tests__/recorderPrivacyStore.test.ts[2m > [22mRecorderPrivacyStore[2m > [22mresetDecision[2m > [22mresets current decision[32m 0[2mms[22m[39m
 [32m✓[39m src/lib/__tests__/recorderPrivacyStore.test.ts[2m > [22mRecorderPrivacyStore[2m > [22msetRememberChoices[2m > [22mupdates rememberChoices flag[32m 0[2mms[22m[39m
 [32m✓[39m src/lib/__tests__/recorderPrivacyStore.test.ts[2m > [22mRecorderPrivacyStore[2m > [22msetAutoAllowLowRisk[2m > [22mupdates autoAllowLowRisk flag[32m 0[2mms[22m[39m
 [32m✓[39m src/lib/__tests__/recorderPrivacyStore.test.ts[2m > [22mRecorderPrivacyStore[2m > [22mprivacy decision flow[2m > [22mcompletes a full privacy decision flow[32m 0[2mms[22m[39m
 [32m✓[39m src/components/mentorship/__tests__/MentorReviewModal.test.tsx[2m > [22mMentorReviewModal[2m > [22mshould not render when isOpen is false[32m 15[2mms[22m[39m
 [32m✓[39m src/components/mentorship/__tests__/MentorReviewModal.test.tsx[2m > [22mMentorReviewModal[2m > [22mshould render when isOpen is true[32m 52[2mms[22m[39m
 [32m✓[39m src/components/mentorship/__tests__/MentorReviewModal.test.tsx[2m > [22mMentorReviewModal[2m > [22mshould have accessible star rating controls[32m 266[2mms[22m[39m
 [32m✓[39m src/components/mentorship/__tests__/MentorReviewModal.test.tsx[2m > [22mMentorReviewModal[2m > [22mshould select star rating when clicked[32m 191[2mms[22m[39m
 [32m✓[39m src/components/mentorship/__tests__/MentorReviewModal.test.tsx[2m > [22mMentorReviewModal[2m > [22mshould show all rating descriptions[33m 417[2mms[22m[39m
 [32m✓[39m src/components/mentorship/__tests__/MentorReviewModal.test.tsx[2m > [22mMentorReviewModal[2m > [22mshould handle feedback input[32m 123[2mms[22m[39m
[90mstdout[2m | src/components/crisis/__tests__/CrisisAlertModal.modal.test.tsx
[22m[39mMigrating wallet data from v1...
Migration complete: { balance: [33m0[39m, pending: [33m0[39m, totalEarned: [33m0[39m, transactionCount: [33m0[39m }

 [32m✓[39m src/components/mentorship/__tests__/MentorReviewModal.test.tsx[2m > [22mMentorReviewModal[2m > [22mshould enforce maximum feedback length[33m 2814[2mms[22m[39m
 [32m✓[39m src/components/mentorship/__tests__/MentorReviewModal.test.tsx[2m > [22mMentorReviewModal[2m > [22mshould disable submit button when no rating is selected[32m 64[2mms[22m[39m
 [32m✓[39m src/components/mentorship/__tests__/MentorReviewModal.test.tsx[2m > [22mMentorReviewModal[2m > [22mshould enable submit button when rating is selected[32m 134[2mms[22m[39m
 [32m✓[39m src/components/mentorship/__tests__/MentorReviewModal.test.tsx[2m > [22mMentorReviewModal[2m > [22mshould submit review with rating and feedback[32m 207[2mms[22m[39m
 [32m✓[39m src/components/mentorship/__tests__/MentorReviewModal.test.tsx[2m > [22mMentorReviewModal[2m > [22mshould submit review with rating only when feedback is empty[32m 123[2mms[22m[39m
 [32m✓[39m src/components/mentorship/__tests__/MentorReviewModal.test.tsx[2m > [22mMentorReviewModal[2m > [22mshould show success message after submission[32m 114[2mms[22m[39m
 [32m✓[39m src/components/mentorship/__tests__/MentorReviewModal.test.tsx[2m > [22mMentorReviewModal[2m > [22mshould close modal when cancel is clicked[32m 47[2mms[22m[39m
 [32m✓[39m src/components/mentorship/__tests__/MentorReviewModal.test.tsx[2m > [22mMentorReviewModal[2m > [22mshould close modal when X button is clicked[32m 24[2mms[22m[39m
 [32m✓[39m src/components/mentorship/__tests__/MentorReviewModal.test.tsx[2m > [22mMentorReviewModal[2m > [22mshould be keyboard accessible[32m 52[2mms[22m[39m
 [32m✓[39m src/components/mentorship/__tests__/MentorReviewModal.test.tsx[2m > [22mMentorReviewModal[2m > [22mshould have proper ARIA labels[32m 16[2mms[22m[39m
 [31m×[39m src/components/crisis/__tests__/ZKProofUI.test.tsx[2m > [22mZKProofPrompt[2m > [22mrenders with initial state[32m 50[2mms[22m[39m
[31m   → Unable to find an element with the text: Privacy Protection. This could be because the text is broken up by multiple elements. In this case, you can provide a function for your text matcher to make your matcher more flexible.

Ignored nodes: comments, script, style
[36m<body>[31m
  [36m<div>[31m
    [36m<div[31m
      [33manimate[31m=[32m"[object Object]"[31m
      [33mclass[31m=[32m"glass rounded-lg p-4 border border-white/10 "[31m
      [33minitial[31m=[32m"[object Object]"[31m
    [36m>[31m
      [36m<div[31m
        [33mclass[31m=[32m"flex items-center justify-between mb-3"[31m
      [36m>[31m
        [36m<div[31m
          [33mclass[31m=[32m"flex items-center space-x-3"[31m
        [36m>[31m
          [36m<svg[31m
            [33maria-hidden[31m=[32m"true"[31m
            [33mclass[31m=[32m"lucide lucide-lock w-5 h-5 text-gray-500"[31m
            [33mfill[31m=[32m"none"[31m
            [33mheight[31m=[32m"24"[31m
            [33mstroke[31m=[32m"currentColor"[31m
            [33mstroke-linecap[31m=[32m"round"[31m
            [33mstroke-linejoin[31m=[32m"round"[31m
            [33mstroke-width[31m=[32m"2"[31m
            [33mviewBox[31m=[32m"0 0 24 24"[31m
            [33mwidth[31m=[32m"24"[31m
            [33mxmlns[31m=[32m"http://www.w3.org/2000/svg"[31m
          [36m>[31m
            [36m<rect[31m
              [33mheight[31m=[32m"11"[31m
              [33mrx[31m=[32m"2"[31m
              [33mry[31m=[32m"2"[31m
              [33mwidth[31m=[32m"18"[31m
              [33mx[31m=[32m"3"[31m
              [33my[31m=[32m"11"[31m
            [36m/>[31m
            [36m<path[31m
              [33md[31m=[32m"M7 11V7a5 5 0 0 1 10 0v4"[31m
            [36m/>[31m
          [36m</svg>[31m
          [36m<div>[31m
            [36m<h3[31m
              [33mclass[31m=[32m"text-sm font-medium text-white"[31m
            [36m>[31m
              [0mzkProof.title[0m
            [36m</h3>[31m
            [36m<p[31m
              [33mclass[31m=[32m"text-xs text-gray-400"[31m
            [36m>[31m
              [0mzkProof.description[0m
            [36m</p>[31m
          [36m</div>[31m
        [36m</div>[31m
      [36m</div>[31m
      [36m<div[31m
        [33mclass[31m=[32m"flex items-center justify-between px-3 py-2 rounded-md border bg-gray-500/10 border-gray-500/30 text-gray-300"[31m
      [36m>[31m
        [36m<div[31m
          [33mclass[31m=[32m"flex items-center space-x-2"[31m
        [36m>[31m
          [36m<svg[31m
            [33maria-hidden[31m=[32m"true"[31m
            [33mclass[31m=[32m"lucide lucide-lock w-5 h-5 text-gray-500"[31m
            [33mfill[31m=[32m"none"[31m
            [33mheight[31m=[32m"24"[31m
            [33mstroke[31m=[32m"currentColor"[31m
            [33mstroke-linecap[31m=[32m"round"[31m
            [33mstroke-linejoin[31m=[32m"round"[31m
            [33mstroke-width[31m=[32m"2"[31m
            [33mviewBox[31m=[32m"0 0 24 24"[31m
            [33mwidth[31m=[32m"24"[31m
            [33mxmlns[31m=[32m"http://www.w3.org/2000/svg"[31m
          [36m>[31m
            [36m<rect[31m
              [33mheight[31m=[32m"11"[31m
              [33mrx[31m=[32m"2"[31m
              [33mry[31m=[32m"2"[31m
              [33mwidth[31m=[32m"18"[31m
              [33mx[31m=[32m"3"[31m
              [33my[31m=[32m"11"[31m
            [36m/>[31m
            [36m<path[31m
              [33md[31m=[32m"M7 11V7a5 5 0 0 1 10 0v4"[31m
            [36m/>[31m
          [36m</svg>[31m
          [36m<span[31m
            [33mclass[31m=[32m"text-xs font-medium"[31m
          [36m>[31m
            [0mzkProof.status.notStarted[0m
          [36m</span>[31m
        [36m</div>[31m
      [36m</div>[31m
    [36m</div>[31m
  [36m</div>[31m
[36m</body>[31m[39m
